 argument  1 = input-wf.nw



============================== echo of input deck ==============================
echo
start wfn1_dat
geometry units au noautoz
  H 0 0 -4.44434600000000000000
  H 0 0  4.44434600000000000000
  symmetry cs
end
basis
  H library 6-31g
end
set wfn1:input_vectors "atomic"
set wfn1:solver "monte-carlo"
set wfn1:print_error F
set wfn1:t_initial 0.1
set wfn1:nopen 2
#set wfn1:corr_expr "wfn1_mx"
set wfn1:corr_expr "wfn1c"
set wfn1:t_bath 0.0
set wfn1:maxit  20000
task wfn1 energy
================================================================================


                                         
                                         


              Northwest Computational Chemistry Package (NWChem) 6.8
              ------------------------------------------------------


                    Environmental Molecular Sciences Laboratory
                       Pacific Northwest National Laboratory
                                Richland, WA 99352

                              Copyright (c) 1994-2015
                       Pacific Northwest National Laboratory
                            Battelle Memorial Institute

             NWChem is an open-source computational chemistry package
                        distributed under the terms of the
                      Educational Community License (ECL) 2.0
             A copy of the license is included with this distribution
                              in the LICENSE.TXT file

                                  ACKNOWLEDGMENT
                                  --------------

            This software and its documentation were developed at the
            EMSL at Pacific Northwest National Laboratory, a multiprogram
            national laboratory, operated for the U.S. Department of Energy
            by Battelle under Contract Number DE-AC05-76RL01830. Support
            for this work was provided by the Department of Energy Office
            of Biological and Environmental Research, Office of Basic
            Energy Sciences, and the Office of Advanced Scientific Computing.


           Job information
           ---------------

    hostname        = erato
    program         = ../../../bin/LINUX64/nwchem
    date            = Sat Mar  6 01:44:26 2021

    compiled        = Sat_Mar_06_01:07:04_2021
    source          = /home/hvandam/nwchem-1-wfn1
    nwchem branch   = Development
    nwchem revision = nwchem_on_git-124-gad72d19fff205e319ffbbf2bca37a04ded6ad57b
    ga revision     = nwchem_on_git-124-gad72d19
    use scalapack   = F
    input           = input-wf.nw
    prefix          = wfn1_dat.
    data base       = ./wfn1_dat.db
    status          = startup
    nproc           =        1
    time left       =     -1s



           Memory information
           ------------------

    heap     =   13107200 doubles =    100.0 Mbytes
    stack    =   13107197 doubles =    100.0 Mbytes
    global   =   26214400 doubles =    200.0 Mbytes (distinct from heap & stack)
    total    =   52428797 doubles =    400.0 Mbytes
    verify   = yes
    hardfail = no 


           Directory information
           ---------------------

  0 permanent = .
  0 scratch   = .




                                NWChem Input Module
                                -------------------


 Turning off AUTOSYM since
 SYMMETRY directive was detected!



                             Geometry "geometry" -> ""
                             -------------------------

 Output coordinates in a.u. (scale by  1.000000000 to convert to a.u.)

  No.       Tag          Charge          X              Y              Z
 ---- ---------------- ---------- -------------- -------------- --------------
    1 H                    1.0000     0.00000000     0.00000000    -4.44434600
    2 H                    1.0000     0.00000000     0.00000000     4.44434600

      Atomic Mass 
      ----------- 

      H                  1.007825


 Effective nuclear repulsion energy (a.u.)       0.1125024919

            Nuclear Dipole moment (a.u.) 
            ----------------------------
        X                 Y               Z
 ---------------- ---------------- ----------------
     0.0000000000     0.0000000000     0.0000000000

      Symmetry information
      --------------------

 Group name             Cs        
 Group number              2
 Group order               2
 No. of unique centers     1

      Symmetry unique atoms

     1


            XYZ format geometry
            -------------------
     2
 geometry
 H                     0.00000000     0.00000000    -2.35184679
 H                     0.00000000     0.00000000     2.35184679

                      Basis "ao basis" -> "" (cartesian)
                      -----
  H (Hydrogen)
  ------------
            Exponent  Coefficients 
       -------------- ---------------------------------------------------------
  1 S  1.87311370E+01  0.033495
  1 S  2.82539370E+00  0.234727
  1 S  6.40121700E-01  0.813757

  2 S  1.61277800E-01  1.000000



 Summary of "ao basis" -> "" (cartesian)
 ------------------------------------------------------------------------------
       Tag                 Description            Shells   Functions and Types
 ---------------- ------------------------------  ------  ---------------------
 H                           6-31g                   2        2   2s



                                NWChem WFN1 Module
                                ------------------



          No. of electrons :     2
           Alpha electrons :     2
            Beta electrons :     0
          Charge           :     0
          Spin multiplicity:     3

 HvD: wfn1_inpdft
 HvD: nquad_task =                     1
 HvD: iangquad   =                     0
 HvD: gridtype   = user      
 HvD: leb        =  T
 HvD: radgrid    = murakn    
 HvD: trunc_neigh=  T
 HvD: lssw       =  T
 HvD: whichssw   = erf1    
 HvD: mxnrad     =                     0
 HvD: mxnang     =                     0
 HVD: wfn1: movecs_in  = atomic                                                                                                                                                                                                                                                          
 HVD: wfn1: movecs_out = ./wfn1_dat.movecs                                                                                                                                                                                                                                               

      Superposition of Atomic Density Guess
      -------------------------------------

 Sum of atomic energies:          -0.99646508

      Non-variational initial energy
      ------------------------------

 Total energy =      -0.682110
 1-e energy   =      -1.221471
 2-e energy   =       0.426858
 HOMO         =      -0.191985
 LUMO         =      -0.190387

 iteration              energy           error
 ---------              ------           -----
         0         -0.98469747        0.080000
         1         -0.98586969        0.080000
         2         -0.98629392        0.080000
         3         -0.98681896        0.080000
         4         -0.98762252        0.080000
         5         -0.98805398        0.080000
         6         -0.98895785        0.080000
         7         -0.99018736        0.080000
         8         -0.99025346        0.080000
         9         -0.99084336        0.080000
        10         -0.99142091        0.080000
        11         -0.99146872        0.080000
        12         -0.99162169        0.080000
        13         -0.99180178        0.080000
        14         -0.99256695        0.080000
        15         -0.99259832        0.080000
        16         -0.99388039        0.080000
        17         -0.99397744        0.080000
        18         -0.99445985        0.080000
        19         -0.99512079        0.080000
        20         -0.99515499        0.080000
        21         -0.99575288        0.080000
        22         -0.99583284        0.080000
        23         -0.99588500        0.080000
        24         -0.99589799        0.080000
        25         -0.99607404        0.080000
        26         -0.99610321        0.080000
        27         -0.99614252        0.078446
        28         -0.99615789        0.067247
        29         -0.99619075        0.057646
        30         -0.99622947        0.057646
        31         -0.99625882        0.049416
        32         -0.99631914        0.049416
        33         -0.99633798        0.043184
        34         -0.99638034        0.043184
        35         -0.99641285        0.037738
        36         -0.99641652        0.032978
        37         -0.99642217        0.032978
        38         -0.99643347        0.032978
        39         -0.99643933        0.032978
        40         -0.99644244        0.028270
        41         -0.99645123        0.028270
        42         -0.99645320        0.028270
        43         -0.99645816        0.015266
        44         -0.99645957        0.015266
        45         -0.99646021        0.015266
        46         -0.99646087        0.009617
        47         -0.99646185        0.009617
        48         -0.99646204        0.008567
        49         -0.99646212        0.008567
        50         -0.99646265        0.008567
        51         -0.99646352        0.006295
        52         -0.99646412        0.006295
        53         -0.99646424        0.006295
        54         -0.99646454        0.006295
        55         -0.99646458        0.005608
        56         -0.99646482        0.005608
        57         -0.99646505        0.005608
        58         -0.99646512        0.005608
        59         -0.99646532        0.003602
        60         -0.99646563        0.003602
        61         -0.99646564        0.002750
        62         -0.99646566        0.002750
        63         -0.99646571        0.002750
        64         -0.99646577        0.002021
        65         -0.99646581        0.001801
        66         -0.99646584        0.001543
        67         -0.99646587        0.001543
        68         -0.99646588        0.001113
        69         -0.99646589        0.000818
        70         -0.99646589        0.000818
        71         -0.99646590        0.000701
        72         -0.99646590        0.000701
        73         -0.99646590        0.000612
        74         -0.99646591        0.000535
        75         -0.99646591        0.000459
        76         -0.99646592        0.000459
        77         -0.99646592        0.000459
        78         -0.99646592        0.000331
        79         -0.99646592        0.000331
        80         -0.99646592        0.000208
        81         -0.99646592        0.000208
        82         -0.99646592        0.000153
        83         -0.99646592        0.000153
        84         -0.99646592        0.000153
        85         -0.99646592        0.000153
        86         -0.99646592        0.000134
        87         -0.99646592        0.000134
        88         -0.99646592        0.000134
        89         -0.99646592        0.000102
        90         -0.99646592        0.000102
        91         -0.99646592        0.000091
        92         -0.99646592        0.000056
        93         -0.99646592        0.000056
        94         -0.99646592        0.000041
        95         -0.99646592        0.000035
        96         -0.99646592        0.000035
        97         -0.99646592        0.000035
        98         -0.99646592        0.000030
        99         -0.99646592        0.000030
       100         -0.99646592        0.000030
       101         -0.99646592        0.000023
       102         -0.99646592        0.000020
       103         -0.99646592        0.000015
       104         -0.99646592        0.000013
       105         -0.99646592        0.000011
       106         -0.99646592        0.000011
       107         -0.99646592        0.000007
       108         -0.99646592        0.000007
       109         -0.99646592        0.000006
       110         -0.99646592        0.000006
       111         -0.99646592        0.000004
       112         -0.99646592        0.000004
       113         -0.99646592        0.000004
       114         -0.99646592        0.000004
       115         -0.99646592        0.000002
       116         -0.99646592        0.000002
       117         -0.99646592        0.000002
       118         -0.99646592        0.000002
       119         -0.99646592        0.000002
       120         -0.99646592        0.000002
       121         -0.99646592        0.000002
       122         -0.99646592        0.000001
       123         -0.99646592        0.000001
       124         -0.99646592        0.000001

 Reached Convergence

 WFN1                     :
 --------------------------
 Total WFN1 energy  =          -0.9964659223
 1-Electron energy  =          -1.2214711559
 2-Electron energy  =           0.1125027416
 Correlation energy =           0.0000000000
 DFT XC energy      =           0.0000000000
 Entropy energy     =           0.0000000000
 Nuclear energy     =           0.1125024919

 conventional Hartree-Fock:
 --------------------------
 Total SCF energy  =          -0.9964659223
 2-Electron energy =           0.1125027416

                WFN1 Final Natural orbital energies and occupations
                ---------------------------------------------------

              Alpha       Beta            Alpha       Beta  
            --------    --------        --------    --------
       1      0.0000      0.0000          1.0000      0.0000
       2      0.0000      0.0000          1.0000      0.0000
       3      0.0000      0.0000          0.0000      0.0000
       4      0.0000      0.0000          0.0000      0.0000

             WFN1 Final Correlation function energies and occupations
             --------------------------------------------------------

              Alpha       Beta            Alpha       Beta  
            --------    --------        --------    --------
       1      0.0000      0.0000          1.0000      0.0000
       2      0.0000      0.0000          1.0000      0.0000
       3      0.0000      0.0000          0.0000      0.0000
       4      0.0000      0.0000          0.0000      0.0000

                WFN1 Final alpha-alpha 2-matrix occupation numbers
                --------------------------------------------------


 global array: g_momo1[1:4,1:4],  handle: -990 

            1           2           3           4  
       ----------- ----------- ----------- -----------
   1       0.00000     1.00000     0.00000     0.00000
   2       1.00000    -0.00000     0.00000     0.00000
   3       0.00000     0.00000     0.00000     0.00000
   4       0.00000     0.00000     0.00000    -0.00000

                 WFN1 Final beta-beta 2-matrix occupation numbers
                 ------------------------------------------------


 global array: g_momo2[1:4,1:4],  handle: -989 

            1           2           3           4  
       ----------- ----------- ----------- -----------
   1       0.00000     0.00000     0.00000     0.00000
   2       0.00000     0.00000     0.00000     0.00000
   3       0.00000     0.00000     0.00000     0.00000
   4       0.00000     0.00000     0.00000     0.00000

                  WFN1 Final alpha Correlation Function Analysis
                  ----------------------------------------------


 global array: Ca[1:4,1:4],  handle: -981 

                     1                       2                       3                       4  
       ----------------------- ----------------------- ----------------------- -----------------------
   1      -0.40111,    0.55216    -0.43395,    0.58815     0.00000,   -0.00000    -0.00000,    0.00000
   2      -0.64329,   -0.34699     0.59825,    0.32844    -0.00000,   -0.00000     0.00000,    0.00000
   3      -0.00000,    0.00000    -0.00000,   -0.00000    -0.70402,    0.18934    -0.65964,    0.18273
   4      -0.00000,   -0.00000    -0.00000,   -0.00000    -0.53479,   -0.42721     0.57301,    0.45072

                   WFN1 Final beta Correlation Function Analysis
                   ---------------------------------------------


 global array: Cb[1:4,1:4],  handle: -980 

                     1                       2                       3                       4  
       ----------------------- ----------------------- ----------------------- -----------------------
   1      -0.45473,    0.58019    -0.41230,    0.52802     0.01294,   -0.04263    -0.02690,    0.07143
   2      -0.59906,   -0.30492     0.66144,    0.32787    -0.02335,   -0.03067    -0.00945,    0.03970
   3       0.03174,    0.00690    -0.00004,   -0.00947    -0.67777,    0.17614    -0.68884,    0.18429
   4      -0.00146,   -0.06087    -0.06798,   -0.03859    -0.55928,   -0.43971     0.55127,    0.42444

                     WFN1 Final Alpha Natural Orbital Analysis
                     -----------------------------------------

 Vector    1  Occ=1.000000D+00  E= 0.000000D+00
              MO Center=  0.0D+00,  0.0D+00, -3.7D-01, r^2= 6.2D+00
   Bfn.  Coefficient  Atom+Function         Bfn.  Coefficient  Atom+Function  
  ----- ------------  ---------------      ----- ------------  ---------------
     2     -0.506690  1 H  s                  4     -0.431873  2 H  s          
     1     -0.324802  1 H  s                  3     -0.276632  2 H  s          

 Vector    2  Occ=1.000000D+00  E= 0.000000D+00
              MO Center=  0.0D+00,  0.0D+00,  3.7D-01, r^2= 6.2D+00
   Bfn.  Coefficient  Atom+Function         Bfn.  Coefficient  Atom+Function  
  ----- ------------  ---------------      ----- ------------  ---------------
     4      0.506268  2 H  s                  2     -0.431378  1 H  s          
     3      0.325841  2 H  s                  1     -0.277851  1 H  s          

 Vector    3  Occ=1.427275D-14  E= 0.000000D+00
              MO Center=  0.0D+00,  0.0D+00, -1.5D-01, r^2= 6.7D+00
   Bfn.  Coefficient  Atom+Function         Bfn.  Coefficient  Atom+Function  
  ----- ------------  ---------------      ----- ------------  ---------------
     1      0.916948  1 H  s                  3      0.860082  2 H  s          
     2     -0.836877  1 H  s                  4     -0.784811  2 H  s          

 Vector    4  Occ=2.440262D-14  E= 0.000000D+00
              MO Center=  0.0D+00,  0.0D+00,  1.5D-01, r^2= 6.7D+00
   Bfn.  Coefficient  Atom+Function         Bfn.  Coefficient  Atom+Function  
  ----- ------------  ---------------      ----- ------------  ---------------
     3      0.917780  2 H  s                  1     -0.860970  1 H  s          
     4     -0.840249  2 H  s                  2      0.788405  1 H  s          


                     WFN1 Final Beta Natural Orbital Analysis
                     ----------------------------------------

 Vector    1  Occ=0.000000D+00  E= 0.000000D+00
              MO Center=  0.0D+00,  0.0D+00,  2.1D-01, r^2= 6.3D+00
   Bfn.  Coefficient  Atom+Function         Bfn.  Coefficient  Atom+Function  
  ----- ------------  ---------------      ----- ------------  ---------------
     4     -0.550965  2 H  s                  2     -0.442665  1 H  s          
     1     -0.294607  1 H  s                  3     -0.247791  2 H  s          

 Vector    2  Occ=0.000000D+00  E= 0.000000D+00
              MO Center=  0.0D+00,  0.0D+00, -2.2D-01, r^2= 6.4D+00
   Bfn.  Coefficient  Atom+Function         Bfn.  Coefficient  Atom+Function  
  ----- ------------  ---------------      ----- ------------  ---------------
     2     -0.559855  1 H  s                  4      0.513529  2 H  s          
     1     -0.239626  1 H  s                  3      0.213378  2 H  s          

 Vector    3  Occ=0.000000D+00  E= 0.000000D+00
              MO Center=  0.0D+00,  0.0D+00, -2.2D-01, r^2= 6.6D+00
   Bfn.  Coefficient  Atom+Function         Bfn.  Coefficient  Atom+Function  
  ----- ------------  ---------------      ----- ------------  ---------------
     1      0.939137  1 H  s                  3      0.855178  2 H  s          
     2     -0.830774  1 H  s                  4     -0.759292  2 H  s          

 Vector    4  Occ=0.000000D+00  E= 0.000000D+00
              MO Center=  0.0D+00,  0.0D+00,  2.3D-01, r^2= 6.6D+00
   Bfn.  Coefficient  Atom+Function         Bfn.  Coefficient  Atom+Function  
  ----- ------------  ---------------      ----- ------------  ---------------
     3      0.962549  2 H  s                  1     -0.859400  1 H  s          
     4     -0.788016  2 H  s                  2      0.751793  1 H  s          


 Task  times  cpu:       11.7s     wall:       15.8s
 Summary of allocated global arrays
-----------------------------------
  No active global arrays



                         GA Statistics for process    0
                         ------------------------------

       create   destroy   get      put      acc     scatter   gather  read&inc
calls:   44       44     7.34e+06 2.54e+04 2.01e+04    0        0       11     
number of processes/call 1.00e+00 1.00e+00 1.00e+00 0.00e+00 0.00e+00
bytes total:             9.43e+08 4.49e+06 3.21e+06 0.00e+00 0.00e+00 8.80e+01
bytes remote:            0.00e+00 0.00e+00 0.00e+00 0.00e+00 0.00e+00 0.00e+00
Max memory consumed for GA by this process: 10624 bytes
MA_summarize_allocated_blocks: starting scan ...
MA_summarize_allocated_blocks: scan completed: 0 heap blocks, 0 stack blocks
MA usage statistics:

	allocation statistics:
					      heap	     stack
					      ----	     -----
	current number of blocks	         0	         0
	maximum number of blocks	        19	        17
	current total bytes		         0	         0
	maximum total bytes		   3204328	  22508616
	maximum total K-bytes		      3205	     22509
	maximum total M-bytes		         4	        23


                                NWChem Input Module
                                -------------------





                                     CITATION
                                     --------
                Please cite the following reference when publishing
                           results obtained with NWChem:

                 M. Valiev, E.J. Bylaska, N. Govind, K. Kowalski,
              T.P. Straatsma, H.J.J. van Dam, D. Wang, J. Nieplocha,
                        E. Apra, T.L. Windus, W.A. de Jong
                 "NWChem: a comprehensive and scalable open-source
                  solution for large scale molecular simulations"
                      Comput. Phys. Commun. 181, 1477 (2010)
                           doi:10.1016/j.cpc.2010.04.018

                                      AUTHORS
                                      -------
          E. Apra, E. J. Bylaska, W. A. de Jong, N. Govind, K. Kowalski,
       T. P. Straatsma, M. Valiev, H. J. J. van Dam, D. Wang, T. L. Windus,
        J. Hammond, J. Autschbach, K. Bhaskaran-Nair, J. Brabec, K. Lopata,
    S. A. Fischer, S. Krishnamoorthy, M. Jacquelin, W. Ma, M. Klemm, O. Villa,
      Y. Chen, V. Anisimov, F. Aquino, S. Hirata, M. T. Hackler, V. Konjkov,
      T. Risthaus, M. Malagoli, A. Marenich, A. Otero-de-la-Roza, J. Mullin,
        P. Nichols, R. Peverati, J. Pittner, Y. Zhao, P.-D. Fan, A. Fonari,
       M. Williamson, R. J. Harrison, J. R. Rehr, M. Dupuis, D. Silverstein,
    D. M. A. Smith, J. Nieplocha, V. Tipparaju, M. Krishnan, B. E. Van Kuiken,
        A. Vazquez-Mayagoitia, L. Jensen, M. Swart, Q. Wu, T. Van Voorhis,
     A. A. Auer, M. Nooijen, L. D. Crosby, E. Brown, G. Cisneros, G. I. Fann,
   H. Fruchtl, J. Garza, K. Hirao, R. A. Kendall, J. A. Nichols, K. Tsemekhman,
    K. Wolinski, J. Anchell, D. E. Bernholdt, P. Borowski, T. Clark, D. Clerc,
   H. Dachsel, M. J. O. Deegan, K. Dyall, D. Elwood, E. Glendening, M. Gutowski,
   A. C. Hess, J. Jaffe, B. G. Johnson, J. Ju, R. Kobayashi, R. Kutteh, Z. Lin,
   R. Littlefield, X. Long, B. Meng, T. Nakajima, S. Niu, L. Pollack, M. Rosing,
   K. Glaesemann, G. Sandrone, M. Stave, H. Taylor, G. Thomas, J. H. van Lenthe,
                               A. T. Wong, Z. Zhang.

 Total times  cpu:       11.7s     wall:       15.9s
