 argument  1 = input-wf.nw



============================== echo of input deck ==============================
echo
start wfn1_dat
geometry units au noautoz
  H 0 0 -.69434600000000000000
  H 0 0  .69434600000000000000
  symmetry cs
end
basis
  H library 6-31g
end
set wfn1:input_vectors "atomic"
set wfn1:solver "monte-carlo"
set wfn1:print_error F
set wfn1:t_initial 0.1
set wfn1:nopen 2
#set wfn1:corr_expr "wfn1_mx"
set wfn1:corr_expr "wfn1c"
set wfn1:t_bath 0.0
set wfn1:maxit  20000
task wfn1 energy
================================================================================


                                         
                                         


              Northwest Computational Chemistry Package (NWChem) 6.8
              ------------------------------------------------------


                    Environmental Molecular Sciences Laboratory
                       Pacific Northwest National Laboratory
                                Richland, WA 99352

                              Copyright (c) 1994-2015
                       Pacific Northwest National Laboratory
                            Battelle Memorial Institute

             NWChem is an open-source computational chemistry package
                        distributed under the terms of the
                      Educational Community License (ECL) 2.0
             A copy of the license is included with this distribution
                              in the LICENSE.TXT file

                                  ACKNOWLEDGMENT
                                  --------------

            This software and its documentation were developed at the
            EMSL at Pacific Northwest National Laboratory, a multiprogram
            national laboratory, operated for the U.S. Department of Energy
            by Battelle under Contract Number DE-AC05-76RL01830. Support
            for this work was provided by the Department of Energy Office
            of Biological and Environmental Research, Office of Basic
            Energy Sciences, and the Office of Advanced Scientific Computing.


           Job information
           ---------------

    hostname        = erato
    program         = ../../../bin/LINUX64/nwchem
    date            = Sat Mar  6 01:17:26 2021

    compiled        = Sat_Mar_06_01:07:04_2021
    source          = /home/hvandam/nwchem-1-wfn1
    nwchem branch   = Development
    nwchem revision = nwchem_on_git-124-gad72d19fff205e319ffbbf2bca37a04ded6ad57b
    ga revision     = nwchem_on_git-124-gad72d19
    use scalapack   = F
    input           = input-wf.nw
    prefix          = wfn1_dat.
    data base       = ./wfn1_dat.db
    status          = startup
    nproc           =        1
    time left       =     -1s



           Memory information
           ------------------

    heap     =   13107200 doubles =    100.0 Mbytes
    stack    =   13107197 doubles =    100.0 Mbytes
    global   =   26214400 doubles =    200.0 Mbytes (distinct from heap & stack)
    total    =   52428797 doubles =    400.0 Mbytes
    verify   = yes
    hardfail = no 


           Directory information
           ---------------------

  0 permanent = .
  0 scratch   = .




                                NWChem Input Module
                                -------------------


 Turning off AUTOSYM since
 SYMMETRY directive was detected!



                             Geometry "geometry" -> ""
                             -------------------------

 Output coordinates in a.u. (scale by  1.000000000 to convert to a.u.)

  No.       Tag          Charge          X              Y              Z
 ---- ---------------- ---------- -------------- -------------- --------------
    1 H                    1.0000     0.00000000     0.00000000    -0.69434600
    2 H                    1.0000     0.00000000     0.00000000     0.69434600

      Atomic Mass 
      ----------- 

      H                  1.007825


 Effective nuclear repulsion energy (a.u.)       0.7201020817

            Nuclear Dipole moment (a.u.) 
            ----------------------------
        X                 Y               Z
 ---------------- ---------------- ----------------
     0.0000000000     0.0000000000     0.0000000000

      Symmetry information
      --------------------

 Group name             Cs        
 Group number              2
 Group order               2
 No. of unique centers     1

      Symmetry unique atoms

     1


            XYZ format geometry
            -------------------
     2
 geometry
 H                     0.00000000     0.00000000    -0.36743211
 H                     0.00000000     0.00000000     0.36743211

                      Basis "ao basis" -> "" (cartesian)
                      -----
  H (Hydrogen)
  ------------
            Exponent  Coefficients 
       -------------- ---------------------------------------------------------
  1 S  1.87311370E+01  0.033495
  1 S  2.82539370E+00  0.234727
  1 S  6.40121700E-01  0.813757

  2 S  1.61277800E-01  1.000000



 Summary of "ao basis" -> "" (cartesian)
 ------------------------------------------------------------------------------
       Tag                 Description            Shells   Functions and Types
 ---------------- ------------------------------  ------  ---------------------
 H                           6-31g                   2        2   2s



                                NWChem WFN1 Module
                                ------------------



          No. of electrons :     2
           Alpha electrons :     2
            Beta electrons :     0
          Charge           :     0
          Spin multiplicity:     3

 HvD: wfn1_inpdft
 HvD: nquad_task =                     1
 HvD: iangquad   =                     0
 HvD: gridtype   = user      
 HvD: leb        =  T
 HvD: radgrid    = murakn    
 HvD: trunc_neigh=  T
 HvD: lssw       =  T
 HvD: whichssw   = erf1    
 HvD: mxnrad     =                     0
 HvD: mxnang     =                     0
 HVD: wfn1: movecs_in  = atomic                                                                                                                                                                                                                                                          
 HVD: wfn1: movecs_out = ./wfn1_dat.movecs                                                                                                                                                                                                                                               

      Superposition of Atomic Density Guess
      -------------------------------------

 Sum of atomic energies:          -0.99646508

      Non-variational initial energy
      ------------------------------

 Total energy =      -0.847150
 1-e energy   =      -2.225539
 2-e energy   =       0.658288
 HOMO         =      -0.583956
 LUMO         =       0.176885

 iteration              energy           error
 ---------              ------           -----
         0         -0.72730135        0.080000
         1         -0.72856000        0.080000
         2         -0.72958047        0.080000
         3         -0.73115699        0.080000
         4         -0.73409281        0.080000
         5         -0.73513169        0.080000
         6         -0.73681340        0.080000
         7         -0.73756850        0.080000
         8         -0.73988331        0.080000
         9         -0.74065349        0.080000
        10         -0.74102785        0.080000
        11         -0.74133358        0.080000
        12         -0.74143374        0.080000
        13         -0.74258338        0.080000
        14         -0.74344101        0.080000
        15         -0.74562928        0.080000
        16         -0.74615023        0.080000
        17         -0.74686755        0.080000
        18         -0.74713492        0.080000
        19         -0.74859142        0.080000
        20         -0.74878929        0.080000
        21         -0.74946871        0.080000
        22         -0.74994974        0.080000
        23         -0.75051676        0.080000
        24         -0.75088057        0.080000
        25         -0.75110333        0.080000
        26         -0.75196439        0.080000
        27         -0.75200138        0.080000
        28         -0.75205695        0.080000
        29         -0.75214536        0.080000
        30         -0.75216718        0.079970
        31         -0.75218210        0.059907
        32         -0.75221584        0.059907
        33         -0.75223635        0.059907
        34         -0.75224116        0.051355
        35         -0.75225471        0.051355
        36         -0.75228514        0.045750
        37         -0.75230042        0.045750
        38         -0.75232231        0.045750
        39         -0.75235214        0.039980
        40         -0.75238835        0.039980
        41         -0.75239840        0.035617
        42         -0.75240111        0.035617
        43         -0.75240297        0.022009
        44         -0.75241015        0.019233
        45         -0.75241523        0.019233
        46         -0.75242155        0.013864
        47         -0.75242269        0.012116
        48         -0.75242471        0.010386
        49         -0.75242608        0.010386
        50         -0.75242721        0.008903
        51         -0.75242765        0.007780
        52         -0.75242776        0.007780
        53         -0.75242822        0.007780
        54         -0.75242829        0.005608
        55         -0.75242852        0.005608
        56         -0.75242874        0.005608
        57         -0.75242899        0.005608
        58         -0.75242902        0.004996
        59         -0.75242921        0.004996
        60         -0.75242922        0.004996
        61         -0.75242924        0.004537
        62         -0.75242963        0.004537
        63         -0.75242969        0.003399
        64         -0.75242970        0.003399
        65         -0.75242972        0.002970
        66         -0.75242979        0.002970
        67         -0.75242980        0.002596
        68         -0.75242993        0.002596
        69         -0.75242995        0.002268
        70         -0.75243001        0.001982
        71         -0.75243002        0.001699
        72         -0.75243004        0.001457
        73         -0.75243006        0.001457
        74         -0.75243010        0.001457
        75         -0.75243012        0.001249
        76         -0.75243013        0.001249
        77         -0.75243014        0.001249
        78         -0.75243016        0.000935
        79         -0.75243016        0.000833
        80         -0.75243017        0.000714
        81         -0.75243017        0.000714
        82         -0.75243017        0.000714
        83         -0.75243018        0.000433
        84         -0.75243018        0.000433
        85         -0.75243018        0.000386
        86         -0.75243018        0.000386
        87         -0.75243018        0.000386
        88         -0.75243018        0.000169
        89         -0.75243018        0.000150
        90         -0.75243018        0.000150
        91         -0.75243018        0.000129
        92         -0.75243018        0.000129
        93         -0.75243018        0.000112
        94         -0.75243018        0.000098
        95         -0.75243018        0.000098
        96         -0.75243018        0.000098
        97         -0.75243018        0.000071
        98         -0.75243018        0.000071
        99         -0.75243018        0.000071
       100         -0.75243018        0.000063
       101         -0.75243018        0.000056
       102         -0.75243018        0.000056
       103         -0.75243018        0.000056
       104         -0.75243018        0.000056
       105         -0.75243018        0.000056
       106         -0.75243018        0.000056
       107         -0.75243018        0.000056
       108         -0.75243018        0.000056
       109         -0.75243018        0.000056
       110         -0.75243018        0.000024
       111         -0.75243018        0.000024
       112         -0.75243018        0.000017
       113         -0.75243018        0.000017
       114         -0.75243018        0.000017
       115         -0.75243018        0.000013
       116         -0.75243018        0.000013
       117         -0.75243018        0.000013
       118         -0.75243018        0.000013
       119         -0.75243018        0.000009
       120         -0.75243018        0.000009
       121         -0.75243018        0.000009
       122         -0.75243018        0.000009
       123         -0.75243018        0.000009
       124         -0.75243018        0.000009
       125         -0.75243018        0.000005
       126         -0.75243018        0.000005
       127         -0.75243018        0.000003
       128         -0.75243018        0.000003
       129         -0.75243018        0.000003
       130         -0.75243018        0.000003
       131         -0.75243018        0.000003
       132         -0.75243018        0.000002
       133         -0.75243018        0.000002
       134         -0.75243018        0.000002
       135         -0.75243018        0.000001
       136         -0.75243018        0.000001
       137         -0.75243018        0.000001
       138         -0.75243018        0.000001

 Reached Convergence

 WFN1                     :
 --------------------------
 Total WFN1 energy  =          -0.7524301817
 1-Electron energy  =          -1.8613585368
 2-Electron energy  =           0.3888262735
 Correlation energy =           0.0000000000
 DFT XC energy      =           0.0000000000
 Entropy energy     =           0.0000000000
 Nuclear energy     =           0.7201020817

 conventional Hartree-Fock:
 --------------------------
 Total SCF energy  =          -0.7524301817
 2-Electron energy =           0.3888262735

                WFN1 Final Natural orbital energies and occupations
                ---------------------------------------------------

              Alpha       Beta            Alpha       Beta  
            --------    --------        --------    --------
       1      0.0000      0.0000          1.0000      0.0000
       2      0.0000      0.0000          1.0000      0.0000
       3      0.0000      0.0000          0.0000      0.0000
       4      0.0000      0.0000          0.0000      0.0000

             WFN1 Final Correlation function energies and occupations
             --------------------------------------------------------

              Alpha       Beta            Alpha       Beta  
            --------    --------        --------    --------
       1      0.0000      0.0000          1.0000      0.0000
       2      0.0000      0.0000          1.0000      0.0000
       3      0.0000      0.0000          0.0000      0.0000
       4      0.0000      0.0000          0.0000      0.0000

                WFN1 Final alpha-alpha 2-matrix occupation numbers
                --------------------------------------------------


 global array: g_momo1[1:4,1:4],  handle: -990 

            1           2           3           4  
       ----------- ----------- ----------- -----------
   1       0.00000     1.00000     0.00000     0.00000
   2       1.00000    -0.00000     0.00000     0.00000
   3       0.00000     0.00000     0.00000     0.00000
   4       0.00000     0.00000     0.00000     0.00000

                 WFN1 Final beta-beta 2-matrix occupation numbers
                 ------------------------------------------------


 global array: g_momo2[1:4,1:4],  handle: -989 

            1           2           3           4  
       ----------- ----------- ----------- -----------
   1       0.00000     0.00000     0.00000     0.00000
   2       0.00000     0.00000     0.00000     0.00000
   3       0.00000     0.00000     0.00000     0.00000
   4       0.00000     0.00000     0.00000     0.00000

                  WFN1 Final alpha Correlation Function Analysis
                  ----------------------------------------------


 global array: Ca[1:4,1:4],  handle: -981 

                     1                       2                       3                       4  
       ----------------------- ----------------------- ----------------------- -----------------------
   1      -0.92773,   -0.36858    -0.02681,    0.05240     0.00000,   -0.00000    -0.00000,    0.00000
   2       0.03457,    0.04764    -0.85972,    0.50736    -0.00000,   -0.00000    -0.00000,   -0.00000
   3       0.00000,   -0.00000     0.00000,    0.00000     0.23149,   -0.96886     0.05189,    0.07084
   4      -0.00000,    0.00000     0.00000,   -0.00000    -0.01208,   -0.08698    -0.84074,   -0.53427

                   WFN1 Final beta Correlation Function Analysis
                   ---------------------------------------------


 global array: Cb[1:4,1:4],  handle: -980 

                     1                       2                       3                       4  
       ----------------------- ----------------------- ----------------------- -----------------------
   1      -0.91659,   -0.36491     0.07478,    0.09137     0.02948,    0.09495    -0.02891,    0.04514
   2      -0.06113,    0.09448    -0.85307,    0.50066     0.06461,   -0.06249    -0.02883,   -0.00681
   3      -0.05594,   -0.08835     0.04207,   -0.06979     0.23845,   -0.95942    -0.02890,    0.06519
   4      -0.02302,    0.05069     0.02909,   -0.01390    -0.06310,   -0.02673    -0.84725,   -0.52282

                     WFN1 Final Alpha Natural Orbital Analysis
                     -----------------------------------------

 Vector    1  Occ=1.000000D+00  E= 0.000000D+00
              MO Center=  0.0D+00,  0.0D+00,  7.5D-02, r^2= 6.1D-01
   Bfn.  Coefficient  Atom+Function         Bfn.  Coefficient  Atom+Function  
  ----- ------------  ---------------      ----- ------------  ---------------
     3      0.411919  2 H  s                  1      0.370040  1 H  s          
     4      0.322552  2 H  s                  2      0.097732  1 H  s          

 Vector    2  Occ=1.000000D+00  E= 0.000000D+00
              MO Center=  0.0D+00,  0.0D+00, -7.5D-02, r^2= 1.7D+00
   Bfn.  Coefficient  Atom+Function         Bfn.  Coefficient  Atom+Function  
  ----- ------------  ---------------      ----- ------------  ---------------
     2     -1.527016  1 H  s                  4      1.495757  2 H  s          
     1     -0.310615  1 H  s                  3      0.252457  2 H  s          

 Vector    3  Occ=1.314564D-14  E= 0.000000D+00
              MO Center=  0.0D+00,  0.0D+00,  3.8D-02, r^2= 1.7D+00
   Bfn.  Coefficient  Atom+Function         Bfn.  Coefficient  Atom+Function  
  ----- ------------  ---------------      ----- ------------  ---------------
     3     -0.769142  2 H  s                  4      0.758890  2 H  s          
     1     -0.696291  1 H  s                  2      0.653522  1 H  s          

 Vector    4  Occ=2.532764D-15  E= 0.000000D+00
              MO Center=  0.0D+00,  0.0D+00, -3.8D-02, r^2= 1.3D+00
   Bfn.  Coefficient  Atom+Function         Bfn.  Coefficient  Atom+Function  
  ----- ------------  ---------------      ----- ------------  ---------------
     2     -1.610285  1 H  s                  4      1.563392  2 H  s          
     1      1.121457  1 H  s                  3     -1.072803  2 H  s          


                     WFN1 Final Beta Natural Orbital Analysis
                     ----------------------------------------

 Vector    1  Occ=0.000000D+00  E= 0.000000D+00
              MO Center=  0.0D+00,  0.0D+00,  2.8D-02, r^2= 7.1D-01
   Bfn.  Coefficient  Atom+Function         Bfn.  Coefficient  Atom+Function  
  ----- ------------  ---------------      ----- ------------  ---------------
     3      0.355425  2 H  s                  1      0.320570  1 H  s          
     4      0.285047  2 H  s                  2      0.237105  1 H  s          

 Vector    2  Occ=0.000000D+00  E= 0.000000D+00
              MO Center=  0.0D+00,  0.0D+00, -4.1D-02, r^2= 2.1D+00
   Bfn.  Coefficient  Atom+Function         Bfn.  Coefficient  Atom+Function  
  ----- ------------  ---------------      ----- ------------  ---------------
     2     -1.803917  1 H  s                  4      1.771105  2 H  s          
     3      0.073301  2 H  s                  1     -0.066377  1 H  s          

 Vector    3  Occ=0.000000D+00  E= 0.000000D+00
              MO Center=  0.0D+00,  0.0D+00,  6.6D-03, r^2= 1.6D+00
   Bfn.  Coefficient  Atom+Function         Bfn.  Coefficient  Atom+Function  
  ----- ------------  ---------------      ----- ------------  ---------------
     1     -0.772846  1 H  s                  3     -0.746245  2 H  s          
     4      0.702224  2 H  s                  2      0.676366  1 H  s          

 Vector    4  Occ=0.000000D+00  E= 0.000000D+00
              MO Center=  0.0D+00,  0.0D+00,  6.3D-03, r^2= 9.4D-01
   Bfn.  Coefficient  Atom+Function         Bfn.  Coefficient  Atom+Function  
  ----- ------------  ---------------      ----- ------------  ---------------
     4      1.284622  2 H  s                  2     -1.262392  1 H  s          
     3     -1.134600  2 H  s                  1      1.127580  1 H  s          


 Task  times  cpu:       14.7s     wall:       22.0s
 Summary of allocated global arrays
-----------------------------------
  No active global arrays



                         GA Statistics for process    0
                         ------------------------------

       create   destroy   get      put      acc     scatter   gather  read&inc
calls:   44       44     7.94e+06 2.75e+04 2.18e+04    0        0       11     
number of processes/call 1.00e+00 1.00e+00 1.00e+00 0.00e+00 0.00e+00
bytes total:             1.02e+09 4.86e+06 3.47e+06 0.00e+00 0.00e+00 8.80e+01
bytes remote:            0.00e+00 0.00e+00 0.00e+00 0.00e+00 0.00e+00 0.00e+00
Max memory consumed for GA by this process: 10624 bytes
MA_summarize_allocated_blocks: starting scan ...
MA_summarize_allocated_blocks: scan completed: 0 heap blocks, 0 stack blocks
MA usage statistics:

	allocation statistics:
					      heap	     stack
					      ----	     -----
	current number of blocks	         0	         0
	maximum number of blocks	        19	        17
	current total bytes		         0	         0
	maximum total bytes		   3204328	  22508616
	maximum total K-bytes		      3205	     22509
	maximum total M-bytes		         4	        23


                                NWChem Input Module
                                -------------------





                                     CITATION
                                     --------
                Please cite the following reference when publishing
                           results obtained with NWChem:

                 M. Valiev, E.J. Bylaska, N. Govind, K. Kowalski,
              T.P. Straatsma, H.J.J. van Dam, D. Wang, J. Nieplocha,
                        E. Apra, T.L. Windus, W.A. de Jong
                 "NWChem: a comprehensive and scalable open-source
                  solution for large scale molecular simulations"
                      Comput. Phys. Commun. 181, 1477 (2010)
                           doi:10.1016/j.cpc.2010.04.018

                                      AUTHORS
                                      -------
          E. Apra, E. J. Bylaska, W. A. de Jong, N. Govind, K. Kowalski,
       T. P. Straatsma, M. Valiev, H. J. J. van Dam, D. Wang, T. L. Windus,
        J. Hammond, J. Autschbach, K. Bhaskaran-Nair, J. Brabec, K. Lopata,
    S. A. Fischer, S. Krishnamoorthy, M. Jacquelin, W. Ma, M. Klemm, O. Villa,
      Y. Chen, V. Anisimov, F. Aquino, S. Hirata, M. T. Hackler, V. Konjkov,
      T. Risthaus, M. Malagoli, A. Marenich, A. Otero-de-la-Roza, J. Mullin,
        P. Nichols, R. Peverati, J. Pittner, Y. Zhao, P.-D. Fan, A. Fonari,
       M. Williamson, R. J. Harrison, J. R. Rehr, M. Dupuis, D. Silverstein,
    D. M. A. Smith, J. Nieplocha, V. Tipparaju, M. Krishnan, B. E. Van Kuiken,
        A. Vazquez-Mayagoitia, L. Jensen, M. Swart, Q. Wu, T. Van Voorhis,
     A. A. Auer, M. Nooijen, L. D. Crosby, E. Brown, G. Cisneros, G. I. Fann,
   H. Fruchtl, J. Garza, K. Hirao, R. A. Kendall, J. A. Nichols, K. Tsemekhman,
    K. Wolinski, J. Anchell, D. E. Bernholdt, P. Borowski, T. Clark, D. Clerc,
   H. Dachsel, M. J. O. Deegan, K. Dyall, D. Elwood, E. Glendening, M. Gutowski,
   A. C. Hess, J. Jaffe, B. G. Johnson, J. Ju, R. Kobayashi, R. Kutteh, Z. Lin,
   R. Littlefield, X. Long, B. Meng, T. Nakajima, S. Niu, L. Pollack, M. Rosing,
   K. Glaesemann, G. Sandrone, M. Stave, H. Taylor, G. Thomas, J. H. van Lenthe,
                               A. T. Wong, Z. Zhang.

 Total times  cpu:       14.7s     wall:       22.0s
