 argument  1 = input-wf.nw



============================== echo of input deck ==============================
echo
start wfn1_dat
geometry units au noautoz
  H 0 0 -1.84434600000000000000
  H 0 0  1.84434600000000000000
  symmetry cs
end
basis
  H library 6-31g
end
set wfn1:input_vectors "atomic"
set wfn1:solver "monte-carlo"
set wfn1:print_error F
set wfn1:t_initial 0.1
set wfn1:nopen 2
#set wfn1:corr_expr "wfn1_mx"
set wfn1:corr_expr "wfn1c"
set wfn1:t_bath 0.0
set wfn1:maxit  20000
task wfn1 energy
================================================================================


                                         
                                         


              Northwest Computational Chemistry Package (NWChem) 6.8
              ------------------------------------------------------


                    Environmental Molecular Sciences Laboratory
                       Pacific Northwest National Laboratory
                                Richland, WA 99352

                              Copyright (c) 1994-2015
                       Pacific Northwest National Laboratory
                            Battelle Memorial Institute

             NWChem is an open-source computational chemistry package
                        distributed under the terms of the
                      Educational Community License (ECL) 2.0
             A copy of the license is included with this distribution
                              in the LICENSE.TXT file

                                  ACKNOWLEDGMENT
                                  --------------

            This software and its documentation were developed at the
            EMSL at Pacific Northwest National Laboratory, a multiprogram
            national laboratory, operated for the U.S. Department of Energy
            by Battelle under Contract Number DE-AC05-76RL01830. Support
            for this work was provided by the Department of Energy Office
            of Biological and Environmental Research, Office of Basic
            Energy Sciences, and the Office of Advanced Scientific Computing.


           Job information
           ---------------

    hostname        = erato
    program         = ../../../bin/LINUX64/nwchem
    date            = Sat Mar  6 01:25:55 2021

    compiled        = Sat_Mar_06_01:07:04_2021
    source          = /home/hvandam/nwchem-1-wfn1
    nwchem branch   = Development
    nwchem revision = nwchem_on_git-124-gad72d19fff205e319ffbbf2bca37a04ded6ad57b
    ga revision     = nwchem_on_git-124-gad72d19
    use scalapack   = F
    input           = input-wf.nw
    prefix          = wfn1_dat.
    data base       = ./wfn1_dat.db
    status          = startup
    nproc           =        1
    time left       =     -1s



           Memory information
           ------------------

    heap     =   13107198 doubles =    100.0 Mbytes
    stack    =   13107195 doubles =    100.0 Mbytes
    global   =   26214400 doubles =    200.0 Mbytes (distinct from heap & stack)
    total    =   52428793 doubles =    400.0 Mbytes
    verify   = yes
    hardfail = no 


           Directory information
           ---------------------

  0 permanent = .
  0 scratch   = .




                                NWChem Input Module
                                -------------------


 Turning off AUTOSYM since
 SYMMETRY directive was detected!



                             Geometry "geometry" -> ""
                             -------------------------

 Output coordinates in a.u. (scale by  1.000000000 to convert to a.u.)

  No.       Tag          Charge          X              Y              Z
 ---- ---------------- ---------- -------------- -------------- --------------
    1 H                    1.0000     0.00000000     0.00000000    -1.84434600
    2 H                    1.0000     0.00000000     0.00000000     1.84434600

      Atomic Mass 
      ----------- 

      H                  1.007825


 Effective nuclear repulsion energy (a.u.)       0.2710988068

            Nuclear Dipole moment (a.u.) 
            ----------------------------
        X                 Y               Z
 ---------------- ---------------- ----------------
     0.0000000000     0.0000000000     0.0000000000

      Symmetry information
      --------------------

 Group name             Cs        
 Group number              2
 Group order               2
 No. of unique centers     1

      Symmetry unique atoms

     1


            XYZ format geometry
            -------------------
     2
 geometry
 H                     0.00000000     0.00000000    -0.97598594
 H                     0.00000000     0.00000000     0.97598594

                      Basis "ao basis" -> "" (cartesian)
                      -----
  H (Hydrogen)
  ------------
            Exponent  Coefficients 
       -------------- ---------------------------------------------------------
  1 S  1.87311370E+01  0.033495
  1 S  2.82539370E+00  0.234727
  1 S  6.40121700E-01  0.813757

  2 S  1.61277800E-01  1.000000



 Summary of "ao basis" -> "" (cartesian)
 ------------------------------------------------------------------------------
       Tag                 Description            Shells   Functions and Types
 ---------------- ------------------------------  ------  ---------------------
 H                           6-31g                   2        2   2s



                                NWChem WFN1 Module
                                ------------------



          No. of electrons :     2
           Alpha electrons :     2
            Beta electrons :     0
          Charge           :     0
          Spin multiplicity:     3

 HvD: wfn1_inpdft
 HvD: nquad_task =                     1
 HvD: iangquad   =                     0
 HvD: gridtype   = user      
 HvD: leb        =  T
 HvD: radgrid    = murakn    
 HvD: trunc_neigh=  T
 HvD: lssw       =  T
 HvD: whichssw   = erf1    
 HvD: mxnrad     =                     0
 HvD: mxnang     =                     0
 HVD: wfn1: movecs_in  = atomic                                                                                                                                                                                                                                                          
 HVD: wfn1: movecs_out = ./wfn1_dat.movecs                                                                                                                                                                                                                                               

      Superposition of Atomic Density Guess
      -------------------------------------

 Sum of atomic energies:          -0.99646508

      Non-variational initial energy
      ------------------------------

 Total energy =      -0.695553
 1-e energy   =      -1.537931
 2-e energy   =       0.571278
 HOMO         =      -0.272517
 LUMO         =      -0.100408

 iteration              energy           error
 ---------              ------           -----
         0         -0.97286331        0.080000
         1         -0.97452318        0.080000
         2         -0.97582512        0.080000
         3         -0.97732125        0.080000
         4         -0.97750085        0.080000
         5         -0.97758542        0.080000
         6         -0.97807278        0.080000
         7         -0.97827149        0.080000
         8         -0.97831504        0.080000
         9         -0.97849744        0.080000
        10         -0.97931535        0.080000
        11         -0.97998544        0.080000
        12         -0.98056016        0.080000
        13         -0.98057550        0.080000
        14         -0.98086794        0.080000
        15         -0.98143111        0.080000
        16         -0.98180036        0.080000
        17         -0.98198269        0.080000
        18         -0.98247237        0.080000
        19         -0.98254112        0.080000
        20         -0.98264703        0.080000
        21         -0.98374552        0.080000
        22         -0.98400052        0.080000
        23         -0.98407892        0.080000
        24         -0.98409342        0.080000
        25         -0.98421099        0.080000
        26         -0.98429013        0.080000
        27         -0.98447512        0.080000
        28         -0.98458880        0.080000
        29         -0.98458994        0.065965
        30         -0.98465414        0.065965
        31         -0.98465597        0.058766
        32         -0.98466213        0.058766
        33         -0.98468713        0.058766
        34         -0.98475330        0.058766
        35         -0.98476054        0.058766
        36         -0.98476379        0.043184
        37         -0.98477830        0.039980
        38         -0.98482194        0.039980
        39         -0.98485102        0.034272
        40         -0.98485455        0.025185
        41         -0.98485684        0.025185
        42         -0.98485719        0.025185
        43         -0.98485782        0.021589
        44         -0.98486711        0.021589
        45         -0.98487136        0.021589
        46         -0.98487203        0.019233
        47         -0.98487310        0.019233
        48         -0.98487505        0.019233
        49         -0.98487820        0.012116
        50         -0.98487828        0.009076
        51         -0.98487855        0.009076
        52         -0.98487904        0.006542
        53         -0.98487931        0.006542
        54         -0.98488070        0.006542
        55         -0.98488146        0.006542
        56         -0.98488166        0.005717
        57         -0.98488186        0.005717
        58         -0.98488217        0.004366
        59         -0.98488242        0.004366
        60         -0.98488254        0.004366
        61         -0.98488289        0.004366
        62         -0.98488311        0.003816
        63         -0.98488315        0.002450
        64         -0.98488319        0.002450
        65         -0.98488321        0.002450
        66         -0.98488321        0.001485
        67         -0.98488321        0.001485
        68         -0.98488323        0.001323
        69         -0.98488326        0.001323
        70         -0.98488329        0.001323
        71         -0.98488330        0.001156
        72         -0.98488330        0.001030
        73         -0.98488331        0.001030
        74         -0.98488331        0.001030
        75         -0.98488331        0.001030
        76         -0.98488331        0.000883
        77         -0.98488332        0.000883
        78         -0.98488334        0.000883
        79         -0.98488335        0.000674
        80         -0.98488335        0.000425
        81         -0.98488335        0.000425
        82         -0.98488335        0.000306
        83         -0.98488335        0.000306
        84         -0.98488335        0.000225
        85         -0.98488335        0.000197
        86         -0.98488335        0.000142
        87         -0.98488335        0.000142
        88         -0.98488335        0.000142
        89         -0.98488335        0.000122
        90         -0.98488335        0.000108
        91         -0.98488335        0.000108
        92         -0.98488335        0.000108
        93         -0.98488335        0.000093
        94         -0.98488335        0.000083
        95         -0.98488335        0.000071
        96         -0.98488335        0.000061
        97         -0.98488335        0.000052
        98         -0.98488335        0.000045
        99         -0.98488335        0.000045
       100         -0.98488335        0.000032
       101         -0.98488335        0.000032
       102         -0.98488335        0.000032
       103         -0.98488335        0.000028
       104         -0.98488335        0.000021
       105         -0.98488335        0.000018
       106         -0.98488335        0.000015
       107         -0.98488335        0.000015
       108         -0.98488335        0.000013
       109         -0.98488335        0.000008
       110         -0.98488335        0.000008
       111         -0.98488335        0.000008
       112         -0.98488335        0.000008
       113         -0.98488335        0.000008
       114         -0.98488335        0.000007
       115         -0.98488335        0.000005
       116         -0.98488335        0.000005
       117         -0.98488335        0.000005
       118         -0.98488335        0.000005
       119         -0.98488335        0.000004
       120         -0.98488335        0.000004
       121         -0.98488335        0.000004
       122         -0.98488335        0.000003
       123         -0.98488335        0.000003
       124         -0.98488335        0.000003
       125         -0.98488335        0.000003
       126         -0.98488335        0.000003
       127         -0.98488335        0.000003
       128         -0.98488335        0.000002
       129         -0.98488335        0.000002
       130         -0.98488335        0.000001
       131         -0.98488335        0.000001
       132         -0.98488335        0.000001

 Reached Convergence

 WFN1                     :
 --------------------------
 Total WFN1 energy  =          -0.9848833515
 1-Electron energy  =          -1.5121088152
 2-Electron energy  =           0.2561266569
 Correlation energy =           0.0000000000
 DFT XC energy      =           0.0000000000
 Entropy energy     =           0.0000000000
 Nuclear energy     =           0.2710988068

 conventional Hartree-Fock:
 --------------------------
 Total SCF energy  =          -0.9848833515
 2-Electron energy =           0.2561266569

                WFN1 Final Natural orbital energies and occupations
                ---------------------------------------------------

              Alpha       Beta            Alpha       Beta  
            --------    --------        --------    --------
       1      0.0000      0.0000          1.0000      0.0000
       2      0.0000      0.0000          1.0000      0.0000
       3      0.0000      0.0000          0.0000      0.0000
       4      0.0000      0.0000          0.0000      0.0000

             WFN1 Final Correlation function energies and occupations
             --------------------------------------------------------

              Alpha       Beta            Alpha       Beta  
            --------    --------        --------    --------
       1      0.0000      0.0000          1.0000      0.0000
       2      0.0000      0.0000          1.0000      0.0000
       3      0.0000      0.0000          0.0000      0.0000
       4      0.0000      0.0000          0.0000      0.0000

                WFN1 Final alpha-alpha 2-matrix occupation numbers
                --------------------------------------------------


 global array: g_momo1[1:4,1:4],  handle: -990 

            1           2           3           4  
       ----------- ----------- ----------- -----------
   1       0.00000     1.00000     0.00000     0.00000
   2       1.00000     0.00000     0.00000     0.00000
   3       0.00000     0.00000    -0.00000     0.00000
   4       0.00000     0.00000     0.00000     0.00000

                 WFN1 Final beta-beta 2-matrix occupation numbers
                 ------------------------------------------------


 global array: g_momo2[1:4,1:4],  handle: -989 

            1           2           3           4  
       ----------- ----------- ----------- -----------
   1       0.00000     0.00000     0.00000     0.00000
   2       0.00000     0.00000     0.00000     0.00000
   3       0.00000     0.00000     0.00000     0.00000
   4       0.00000     0.00000     0.00000     0.00000

                  WFN1 Final alpha Correlation Function Analysis
                  ----------------------------------------------


 global array: Ca[1:4,1:4],  handle: -981 

                     1                       2                       3                       4  
       ----------------------- ----------------------- ----------------------- -----------------------
   1      -0.10349,   -0.87752    -0.01153,    0.46809     0.00000,   -0.00000     0.00000,   -0.00000
   2      -0.23749,    0.40354    -0.55144,    0.69042    -0.00000,    0.00000    -0.00000,   -0.00000
   3      -0.00000,    0.00000    -0.00000,    0.00000     0.74349,   -0.15580     0.63587,   -0.13649
   4       0.00000,   -0.00000     0.00000,    0.00000     0.44114,    0.47786    -0.51799,   -0.55564

                   WFN1 Final beta Correlation Function Analysis
                   ---------------------------------------------


 global array: Cb[1:4,1:4],  handle: -980 

                     1                       2                       3                       4  
       ----------------------- ----------------------- ----------------------- -----------------------
   1      -0.15602,   -0.91529     0.09029,    0.35857     0.02007,    0.00064    -0.00217,    0.02778
   2      -0.26650,    0.25620    -0.61810,    0.69301     0.02811,   -0.00021     0.01099,   -0.01106
   3       0.02978,   -0.00187     0.01089,   -0.01965     0.70417,   -0.13419     0.68432,   -0.12827
   4      -0.01867,   -0.00177     0.01969,   -0.00884     0.48648,    0.49827    -0.49915,   -0.51486

                     WFN1 Final Alpha Natural Orbital Analysis
                     -----------------------------------------

 Vector    1  Occ=1.000000D+00  E= 0.000000D+00
              MO Center=  0.0D+00,  0.0D+00,  9.9D-02, r^2= 1.6D+00
   Bfn.  Coefficient  Atom+Function         Bfn.  Coefficient  Atom+Function  
  ----- ------------  ---------------      ----- ------------  ---------------
     4     -0.440376  2 H  s                  2     -0.385658  1 H  s          
     3     -0.307814  2 H  s                  1     -0.275864  1 H  s          

 Vector    2  Occ=1.000000D+00  E= 0.000000D+00
              MO Center=  0.0D+00,  0.0D+00, -9.9D-02, r^2= 1.9D+00
   Bfn.  Coefficient  Atom+Function         Bfn.  Coefficient  Atom+Function  
  ----- ------------  ---------------      ----- ------------  ---------------
     2     -0.571341  1 H  s                  4      0.530312  2 H  s          
     1     -0.336125  1 H  s                  3      0.307134  2 H  s          

 Vector    3  Occ=1.179294D-14  E= 0.000000D+00
              MO Center=  0.0D+00,  0.0D+00,  5.9D-02, r^2= 2.0D+00
   Bfn.  Coefficient  Atom+Function         Bfn.  Coefficient  Atom+Function  
  ----- ------------  ---------------      ----- ------------  ---------------
     3     -0.919183  2 H  s                  1     -0.867427  1 H  s          
     4      0.734661  2 H  s                  2      0.675527  1 H  s          

 Vector    4  Occ=6.062341D-15  E= 0.000000D+00
              MO Center=  0.0D+00,  0.0D+00, -5.9D-02, r^2= 2.7D+00
   Bfn.  Coefficient  Atom+Function         Bfn.  Coefficient  Atom+Function  
  ----- ------------  ---------------      ----- ------------  ---------------
     2      1.054818  1 H  s                  4     -1.014521  2 H  s          
     1     -0.931120  1 H  s                  3      0.880066  2 H  s          


                     WFN1 Final Beta Natural Orbital Analysis
                     ----------------------------------------

 Vector    1  Occ=0.000000D+00  E= 0.000000D+00
              MO Center=  0.0D+00,  0.0D+00, -1.9D-02, r^2= 1.8D+00
   Bfn.  Coefficient  Atom+Function         Bfn.  Coefficient  Atom+Function  
  ----- ------------  ---------------      ----- ------------  ---------------
     4     -0.538911  2 H  s                  2     -0.450172  1 H  s          
     1     -0.240555  1 H  s                  3     -0.123671  2 H  s          

 Vector    2  Occ=0.000000D+00  E= 0.000000D+00
              MO Center=  0.0D+00,  0.0D+00,  3.9D-02, r^2= 2.2D+00
   Bfn.  Coefficient  Atom+Function         Bfn.  Coefficient  Atom+Function  
  ----- ------------  ---------------      ----- ------------  ---------------
     2     -0.676561  1 H  s                  4      0.654982  2 H  s          
     3      0.247345  2 H  s                  1     -0.185157  1 H  s          

 Vector    3  Occ=0.000000D+00  E= 0.000000D+00
              MO Center=  0.0D+00,  0.0D+00,  4.6D-02, r^2= 1.8D+00
   Bfn.  Coefficient  Atom+Function         Bfn.  Coefficient  Atom+Function  
  ----- ------------  ---------------      ----- ------------  ---------------
     3     -0.937949  2 H  s                  1     -0.905695  1 H  s          
     4      0.692993  2 H  s                  2      0.606068  1 H  s          

 Vector    4  Occ=0.000000D+00  E= 0.000000D+00
              MO Center=  0.0D+00,  0.0D+00, -6.6D-02, r^2= 2.4D+00
   Bfn.  Coefficient  Atom+Function         Bfn.  Coefficient  Atom+Function  
  ----- ------------  ---------------      ----- ------------  ---------------
     2      1.008183  1 H  s                  1     -0.946605  1 H  s          
     3      0.923186  2 H  s                  4     -0.918953  2 H  s          


 Task  times  cpu:       14.8s     wall:       25.8s
 Summary of allocated global arrays
-----------------------------------
  No active global arrays



                         GA Statistics for process    0
                         ------------------------------

       create   destroy   get      put      acc     scatter   gather  read&inc
calls:   44       44     7.79e+06 2.70e+04 2.14e+04    0        0       11     
number of processes/call 1.00e+00 1.00e+00 1.00e+00 0.00e+00 0.00e+00
bytes total:             1.00e+09 4.77e+06 3.40e+06 0.00e+00 0.00e+00 8.80e+01
bytes remote:            0.00e+00 0.00e+00 0.00e+00 0.00e+00 0.00e+00 0.00e+00
Max memory consumed for GA by this process: 10624 bytes
MA_summarize_allocated_blocks: starting scan ...
MA_summarize_allocated_blocks: scan completed: 0 heap blocks, 0 stack blocks
MA usage statistics:

	allocation statistics:
					      heap	     stack
					      ----	     -----
	current number of blocks	         0	         0
	maximum number of blocks	        19	        17
	current total bytes		         0	         0
	maximum total bytes		   3204344	  22508664
	maximum total K-bytes		      3205	     22509
	maximum total M-bytes		         4	        23


                                NWChem Input Module
                                -------------------





                                     CITATION
                                     --------
                Please cite the following reference when publishing
                           results obtained with NWChem:

                 M. Valiev, E.J. Bylaska, N. Govind, K. Kowalski,
              T.P. Straatsma, H.J.J. van Dam, D. Wang, J. Nieplocha,
                        E. Apra, T.L. Windus, W.A. de Jong
                 "NWChem: a comprehensive and scalable open-source
                  solution for large scale molecular simulations"
                      Comput. Phys. Commun. 181, 1477 (2010)
                           doi:10.1016/j.cpc.2010.04.018

                                      AUTHORS
                                      -------
          E. Apra, E. J. Bylaska, W. A. de Jong, N. Govind, K. Kowalski,
       T. P. Straatsma, M. Valiev, H. J. J. van Dam, D. Wang, T. L. Windus,
        J. Hammond, J. Autschbach, K. Bhaskaran-Nair, J. Brabec, K. Lopata,
    S. A. Fischer, S. Krishnamoorthy, M. Jacquelin, W. Ma, M. Klemm, O. Villa,
      Y. Chen, V. Anisimov, F. Aquino, S. Hirata, M. T. Hackler, V. Konjkov,
      T. Risthaus, M. Malagoli, A. Marenich, A. Otero-de-la-Roza, J. Mullin,
        P. Nichols, R. Peverati, J. Pittner, Y. Zhao, P.-D. Fan, A. Fonari,
       M. Williamson, R. J. Harrison, J. R. Rehr, M. Dupuis, D. Silverstein,
    D. M. A. Smith, J. Nieplocha, V. Tipparaju, M. Krishnan, B. E. Van Kuiken,
        A. Vazquez-Mayagoitia, L. Jensen, M. Swart, Q. Wu, T. Van Voorhis,
     A. A. Auer, M. Nooijen, L. D. Crosby, E. Brown, G. Cisneros, G. I. Fann,
   H. Fruchtl, J. Garza, K. Hirao, R. A. Kendall, J. A. Nichols, K. Tsemekhman,
    K. Wolinski, J. Anchell, D. E. Bernholdt, P. Borowski, T. Clark, D. Clerc,
   H. Dachsel, M. J. O. Deegan, K. Dyall, D. Elwood, E. Glendening, M. Gutowski,
   A. C. Hess, J. Jaffe, B. G. Johnson, J. Ju, R. Kobayashi, R. Kutteh, Z. Lin,
   R. Littlefield, X. Long, B. Meng, T. Nakajima, S. Niu, L. Pollack, M. Rosing,
   K. Glaesemann, G. Sandrone, M. Stave, H. Taylor, G. Thomas, J. H. van Lenthe,
                               A. T. Wong, Z. Zhang.

 Total times  cpu:       14.8s     wall:       25.8s
