 argument  1 = input-wf.nw



============================== echo of input deck ==============================
echo
start wfn1_dat
geometry units au noautoz
  H 0 0 -1.94434600000000000000
  H 0 0  1.94434600000000000000
  symmetry cs
end
basis
  H library 6-31g
end
set wfn1:input_vectors "atomic"
set wfn1:solver "monte-carlo"
set wfn1:print_error F
set wfn1:t_initial 0.1
set wfn1:nopen 2
#set wfn1:corr_expr "wfn1_mx"
set wfn1:corr_expr "wfn1c"
set wfn1:t_bath 0.0
set wfn1:maxit  20000
task wfn1 energy
================================================================================


                                         
                                         


              Northwest Computational Chemistry Package (NWChem) 6.8
              ------------------------------------------------------


                    Environmental Molecular Sciences Laboratory
                       Pacific Northwest National Laboratory
                                Richland, WA 99352

                              Copyright (c) 1994-2015
                       Pacific Northwest National Laboratory
                            Battelle Memorial Institute

             NWChem is an open-source computational chemistry package
                        distributed under the terms of the
                      Educational Community License (ECL) 2.0
             A copy of the license is included with this distribution
                              in the LICENSE.TXT file

                                  ACKNOWLEDGMENT
                                  --------------

            This software and its documentation were developed at the
            EMSL at Pacific Northwest National Laboratory, a multiprogram
            national laboratory, operated for the U.S. Department of Energy
            by Battelle under Contract Number DE-AC05-76RL01830. Support
            for this work was provided by the Department of Energy Office
            of Biological and Environmental Research, Office of Basic
            Energy Sciences, and the Office of Advanced Scientific Computing.


           Job information
           ---------------

    hostname        = erato
    program         = ../../../bin/LINUX64/nwchem
    date            = Sat Mar  6 01:26:40 2021

    compiled        = Sat_Mar_06_01:07:04_2021
    source          = /home/hvandam/nwchem-1-wfn1
    nwchem branch   = Development
    nwchem revision = nwchem_on_git-124-gad72d19fff205e319ffbbf2bca37a04ded6ad57b
    ga revision     = nwchem_on_git-124-gad72d19
    use scalapack   = F
    input           = input-wf.nw
    prefix          = wfn1_dat.
    data base       = ./wfn1_dat.db
    status          = startup
    nproc           =        1
    time left       =     -1s



           Memory information
           ------------------

    heap     =   13107196 doubles =    100.0 Mbytes
    stack    =   13107201 doubles =    100.0 Mbytes
    global   =   26214400 doubles =    200.0 Mbytes (distinct from heap & stack)
    total    =   52428797 doubles =    400.0 Mbytes
    verify   = yes
    hardfail = no 


           Directory information
           ---------------------

  0 permanent = .
  0 scratch   = .




                                NWChem Input Module
                                -------------------


 Turning off AUTOSYM since
 SYMMETRY directive was detected!



                             Geometry "geometry" -> ""
                             -------------------------

 Output coordinates in a.u. (scale by  1.000000000 to convert to a.u.)

  No.       Tag          Charge          X              Y              Z
 ---- ---------------- ---------- -------------- -------------- --------------
    1 H                    1.0000     0.00000000     0.00000000    -1.94434600
    2 H                    1.0000     0.00000000     0.00000000     1.94434600

      Atomic Mass 
      ----------- 

      H                  1.007825


 Effective nuclear repulsion energy (a.u.)       0.2571558766

            Nuclear Dipole moment (a.u.) 
            ----------------------------
        X                 Y               Z
 ---------------- ---------------- ----------------
     0.0000000000     0.0000000000     0.0000000000

      Symmetry information
      --------------------

 Group name             Cs        
 Group number              2
 Group order               2
 No. of unique centers     1

      Symmetry unique atoms

     1


            XYZ format geometry
            -------------------
     2
 geometry
 H                     0.00000000     0.00000000    -1.02890367
 H                     0.00000000     0.00000000     1.02890367

                      Basis "ao basis" -> "" (cartesian)
                      -----
  H (Hydrogen)
  ------------
            Exponent  Coefficients 
       -------------- ---------------------------------------------------------
  1 S  1.87311370E+01  0.033495
  1 S  2.82539370E+00  0.234727
  1 S  6.40121700E-01  0.813757

  2 S  1.61277800E-01  1.000000



 Summary of "ao basis" -> "" (cartesian)
 ------------------------------------------------------------------------------
       Tag                 Description            Shells   Functions and Types
 ---------------- ------------------------------  ------  ---------------------
 H                           6-31g                   2        2   2s



                                NWChem WFN1 Module
                                ------------------



          No. of electrons :     2
           Alpha electrons :     2
            Beta electrons :     0
          Charge           :     0
          Spin multiplicity:     3

 HvD: wfn1_inpdft
 HvD: nquad_task =                     1
 HvD: iangquad   =                     0
 HvD: gridtype   = user      
 HvD: leb        =  T
 HvD: radgrid    = murakn    
 HvD: trunc_neigh=  T
 HvD: lssw       =  T
 HvD: whichssw   = erf1    
 HvD: mxnrad     =                     0
 HvD: mxnang     =                     0
 HVD: wfn1: movecs_in  = atomic                                                                                                                                                                                                                                                          
 HVD: wfn1: movecs_out = ./wfn1_dat.movecs                                                                                                                                                                                                                                               

      Superposition of Atomic Density Guess
      -------------------------------------

 Sum of atomic energies:          -0.99646508

      Non-variational initial energy
      ------------------------------

 Total energy =      -0.691968
 1-e energy   =      -1.510370
 2-e energy   =       0.561246
 HOMO         =      -0.261743
 LUMO         =      -0.112782

 iteration              energy           error
 ---------              ------           -----
         0         -0.97600435        0.080000
         1         -0.97796568        0.080000
         2         -0.97826394        0.080000
         3         -0.97933662        0.080000
         4         -0.97964769        0.080000
         5         -0.98042389        0.080000
         6         -0.98086187        0.080000
         7         -0.98092773        0.080000
         8         -0.98214256        0.080000
         9         -0.98305432        0.080000
        10         -0.98312447        0.080000
        11         -0.98332431        0.080000
        12         -0.98385313        0.080000
        13         -0.98405927        0.080000
        14         -0.98450051        0.080000
        15         -0.98452192        0.080000
        16         -0.98468389        0.080000
        17         -0.98491836        0.080000
        18         -0.98566920        0.080000
        19         -0.98587386        0.080000
        20         -0.98592297        0.080000
        21         -0.98628133        0.080000
        22         -0.98722096        0.080000
        23         -0.98730680        0.080000
        24         -0.98731252        0.080000
        25         -0.98743743        0.080000
        26         -0.98745992        0.080000
        27         -0.98752363        0.080000
        28         -0.98764222        0.080000
        29         -0.98766754        0.057646
        30         -0.98767434        0.049416
        31         -0.98768301        0.049416
        32         -0.98773141        0.049416
        33         -0.98773211        0.049416
        34         -0.98776689        0.049416
        35         -0.98779951        0.035621
        36         -0.98780120        0.032978
        37         -0.98780531        0.023772
        38         -0.98781461        0.020378
        39         -0.98782308        0.020378
        40         -0.98782491        0.017469
        41         -0.98783117        0.017469
        42         -0.98783150        0.015266
        43         -0.98783558        0.015266
        44         -0.98783566        0.013341
        45         -0.98783928        0.011658
        46         -0.98784008        0.009994
        47         -0.98784010        0.009994
        48         -0.98784098        0.007204
        49         -0.98784192        0.006295
        50         -0.98784193        0.005397
        51         -0.98784216        0.005397
        52         -0.98784248        0.005397
        53         -0.98784248        0.005397
        54         -0.98784300        0.005397
        55         -0.98784301        0.004626
        56         -0.98784309        0.004626
        57         -0.98784319        0.003602
        58         -0.98784321        0.003602
        59         -0.98784327        0.002647
        60         -0.98784336        0.002313
        61         -0.98784337        0.001983
        62         -0.98784337        0.001983
        63         -0.98784338        0.001983
        64         -0.98784342        0.001700
        65         -0.98784342        0.001514
        66         -0.98784347        0.001298
        67         -0.98784348        0.001298
        68         -0.98784354        0.001298
        69         -0.98784355        0.001113
        70         -0.98784355        0.001113
        71         -0.98784356        0.000701
        72         -0.98784357        0.000701
        73         -0.98784358        0.000701
        74         -0.98784359        0.000701
        75         -0.98784360        0.000701
        76         -0.98784360        0.000612
        77         -0.98784360        0.000477
        78         -0.98784360        0.000344
        79         -0.98784361        0.000344
        80         -0.98784361        0.000344
        81         -0.98784361        0.000344
        82         -0.98784361        0.000295
        83         -0.98784361        0.000225
        84         -0.98784361        0.000193
        85         -0.98784361        0.000193
        86         -0.98784361        0.000193
        87         -0.98784361        0.000193
        88         -0.98784361        0.000193
        89         -0.98784361        0.000139
        90         -0.98784361        0.000129
        91         -0.98784361        0.000129
        92         -0.98784361        0.000093
        93         -0.98784361        0.000081
        94         -0.98784361        0.000081
        95         -0.98784361        0.000070
        96         -0.98784361        0.000061
        97         -0.98784361        0.000052
        98         -0.98784361        0.000038
        99         -0.98784361        0.000032
       100         -0.98784361        0.000032
       101         -0.98784361        0.000023
       102         -0.98784361        0.000020
       103         -0.98784361        0.000020
       104         -0.98784361        0.000017
       105         -0.98784361        0.000013
       106         -0.98784361        0.000011
       107         -0.98784361        0.000011
       108         -0.98784361        0.000011
       109         -0.98784361        0.000008
       110         -0.98784361        0.000007
       111         -0.98784361        0.000006
       112         -0.98784361        0.000006
       113         -0.98784361        0.000006
       114         -0.98784361        0.000006
       115         -0.98784361        0.000006
       116         -0.98784361        0.000006
       117         -0.98784361        0.000006
       118         -0.98784361        0.000003
       119         -0.98784361        0.000003
       120         -0.98784361        0.000002
       121         -0.98784361        0.000002
       122         -0.98784361        0.000002
       123         -0.98784361        0.000002
       124         -0.98784361        0.000001
       125         -0.98784361        0.000001

 Reached Convergence

 WFN1                     :
 --------------------------
 Total WFN1 energy  =          -0.9878436105
 1-Electron energy  =          -1.4910493383
 2-Electron energy  =           0.2460498512
 Correlation energy =           0.0000000000
 DFT XC energy      =           0.0000000000
 Entropy energy     =           0.0000000000
 Nuclear energy     =           0.2571558766

 conventional Hartree-Fock:
 --------------------------
 Total SCF energy  =          -0.9878436105
 2-Electron energy =           0.2460498512

                WFN1 Final Natural orbital energies and occupations
                ---------------------------------------------------

              Alpha       Beta            Alpha       Beta  
            --------    --------        --------    --------
       1      0.0000      0.0000          1.0000      0.0000
       2      0.0000      0.0000          1.0000      0.0000
       3      0.0000      0.0000          0.0000      0.0000
       4      0.0000      0.0000          0.0000      0.0000

             WFN1 Final Correlation function energies and occupations
             --------------------------------------------------------

              Alpha       Beta            Alpha       Beta  
            --------    --------        --------    --------
       1      0.0000      0.0000          1.0000      0.0000
       2      0.0000      0.0000          1.0000      0.0000
       3      0.0000      0.0000          0.0000      0.0000
       4      0.0000      0.0000          0.0000      0.0000

                WFN1 Final alpha-alpha 2-matrix occupation numbers
                --------------------------------------------------


 global array: g_momo1[1:4,1:4],  handle: -990 

            1           2           3           4  
       ----------- ----------- ----------- -----------
   1       0.00000     1.00000     0.00000     0.00000
   2       1.00000     0.00000     0.00000     0.00000
   3       0.00000     0.00000    -0.00000     0.00000
   4       0.00000     0.00000     0.00000    -0.00000

                 WFN1 Final beta-beta 2-matrix occupation numbers
                 ------------------------------------------------


 global array: g_momo2[1:4,1:4],  handle: -989 

            1           2           3           4  
       ----------- ----------- ----------- -----------
   1       0.00000     0.00000     0.00000     0.00000
   2       0.00000     0.00000     0.00000     0.00000
   3       0.00000     0.00000     0.00000     0.00000
   4       0.00000     0.00000     0.00000     0.00000

                  WFN1 Final alpha Correlation Function Analysis
                  ----------------------------------------------


 global array: Ca[1:4,1:4],  handle: -977 

                     1                       2                       3                       4  
       ----------------------- ----------------------- ----------------------- -----------------------
   1       0.82735,    0.26229    -0.47343,   -0.15021    -0.00000,    0.00000    -0.00000,   -0.00000
   2      -0.43618,    0.23758    -0.76229,    0.41499    -0.00000,    0.00000    -0.00000,   -0.00000
   3       0.00000,    0.00000    -0.00000,    0.00000     0.24812,   -0.75565     0.18466,   -0.57735
   4       0.00000,   -0.00000    -0.00000,    0.00000    -0.27992,   -0.53766     0.37271,    0.70260

                   WFN1 Final beta Correlation Function Analysis
                   ---------------------------------------------


 global array: Cb[1:4,1:4],  handle: -976 

                     1                       2                       3                       4  
       ----------------------- ----------------------- ----------------------- -----------------------
   1       0.84929,    0.25550    -0.44624,   -0.10243    -0.03789,   -0.03316     0.01551,   -0.03195
   2      -0.41967,    0.18501    -0.78778,    0.40989    -0.01927,    0.00998    -0.00317,    0.02356
   3      -0.03022,   -0.03205    -0.00608,    0.03712     0.28986,   -0.74405     0.23281,   -0.55209
   4       0.00349,   -0.03338     0.01588,    0.00996    -0.32697,   -0.50244     0.41559,    0.68297

                     WFN1 Final Alpha Natural Orbital Analysis
                     -----------------------------------------

 Vector    1  Occ=1.000000D+00  E= 0.000000D+00
              MO Center=  0.0D+00,  0.0D+00,  2.1D-01, r^2= 1.7D+00
   Bfn.  Coefficient  Atom+Function         Bfn.  Coefficient  Atom+Function  
  ----- ------------  ---------------      ----- ------------  ---------------
     4     -0.472781  2 H  s                  2     -0.365545  1 H  s          
     3     -0.322638  2 H  s                  1     -0.258660  1 H  s          

 Vector    2  Occ=1.000000D+00  E= 0.000000D+00
              MO Center=  0.0D+00,  0.0D+00, -2.1D-01, r^2= 2.0D+00
   Bfn.  Coefficient  Atom+Function         Bfn.  Coefficient  Atom+Function  
  ----- ------------  ---------------      ----- ------------  ---------------
     2     -0.576081  1 H  s                  4      0.491905  2 H  s          
     1     -0.347766  1 H  s                  3      0.289398  2 H  s          

 Vector    3  Occ=8.105818D-15  E= 0.000000D+00
              MO Center=  0.0D+00,  0.0D+00, -8.0D-02, r^2= 2.1D+00
   Bfn.  Coefficient  Atom+Function         Bfn.  Coefficient  Atom+Function  
  ----- ------------  ---------------      ----- ------------  ---------------
     1      0.920995  1 H  s                  3      0.853464  2 H  s          
     2     -0.744557  1 H  s                  4     -0.669398  2 H  s          

 Vector    4  Occ=4.893617D-15  E= 0.000000D+00
              MO Center=  0.0D+00,  0.0D+00,  8.0D-02, r^2= 2.8D+00
   Bfn.  Coefficient  Atom+Function         Bfn.  Coefficient  Atom+Function  
  ----- ------------  ---------------      ----- ------------  ---------------
     4     -1.038264  2 H  s                  2      0.985759  1 H  s          
     3      0.942268  2 H  s                  1     -0.876377  1 H  s          


                     WFN1 Final Beta Natural Orbital Analysis
                     ----------------------------------------

 Vector    1  Occ=0.000000D+00  E= 0.000000D+00
              MO Center=  0.0D+00,  0.0D+00, -8.4D-02, r^2= 1.8D+00
   Bfn.  Coefficient  Atom+Function         Bfn.  Coefficient  Atom+Function  
  ----- ------------  ---------------      ----- ------------  ---------------
     2     -0.452003  1 H  s                  4     -0.445670  2 H  s          
     1     -0.287803  1 H  s                  3     -0.224047  2 H  s          

 Vector    2  Occ=0.000000D+00  E= 0.000000D+00
              MO Center=  0.0D+00,  0.0D+00,  8.8D-02, r^2= 2.2D+00
   Bfn.  Coefficient  Atom+Function         Bfn.  Coefficient  Atom+Function  
  ----- ------------  ---------------      ----- ------------  ---------------
     4      0.621106  2 H  s                  2     -0.611927  1 H  s          
     3      0.273907  2 H  s                  1     -0.215970  1 H  s          

 Vector    3  Occ=0.000000D+00  E= 0.000000D+00
              MO Center=  0.0D+00,  0.0D+00,  5.4D-02, r^2= 2.0D+00
   Bfn.  Coefficient  Atom+Function         Bfn.  Coefficient  Atom+Function  
  ----- ------------  ---------------      ----- ------------  ---------------
     3      0.916976  2 H  s                  1      0.879654  1 H  s          
     4     -0.726802  2 H  s                  2     -0.652645  1 H  s          

 Vector    4  Occ=0.000000D+00  E= 0.000000D+00
              MO Center=  0.0D+00,  0.0D+00, -5.9D-02, r^2= 2.6D+00
   Bfn.  Coefficient  Atom+Function         Bfn.  Coefficient  Atom+Function  
  ----- ------------  ---------------      ----- ------------  ---------------
     2      0.993414  1 H  s                  1     -0.949132  1 H  s          
     4     -0.937519  2 H  s                  3      0.915450  2 H  s          


 Task  times  cpu:       13.3s     wall:       22.8s
 Summary of allocated global arrays
-----------------------------------
  No active global arrays



                         GA Statistics for process    0
                         ------------------------------

       create   destroy   get      put      acc     scatter   gather  read&inc
calls:   44       44     7.18e+06 2.49e+04 1.97e+04    0        0       11     
number of processes/call 1.00e+00 1.00e+00 1.00e+00 0.00e+00 0.00e+00
bytes total:             9.23e+08 4.39e+06 3.14e+06 0.00e+00 0.00e+00 8.80e+01
bytes remote:            0.00e+00 0.00e+00 0.00e+00 0.00e+00 0.00e+00 0.00e+00
Max memory consumed for GA by this process: 10624 bytes
MA_summarize_allocated_blocks: starting scan ...
MA_summarize_allocated_blocks: scan completed: 0 heap blocks, 0 stack blocks
MA usage statistics:

	allocation statistics:
					      heap	     stack
					      ----	     -----
	current number of blocks	         0	         0
	maximum number of blocks	        19	        17
	current total bytes		         0	         0
	maximum total bytes		   3204360	  22508648
	maximum total K-bytes		      3205	     22509
	maximum total M-bytes		         4	        23


                                NWChem Input Module
                                -------------------





                                     CITATION
                                     --------
                Please cite the following reference when publishing
                           results obtained with NWChem:

                 M. Valiev, E.J. Bylaska, N. Govind, K. Kowalski,
              T.P. Straatsma, H.J.J. van Dam, D. Wang, J. Nieplocha,
                        E. Apra, T.L. Windus, W.A. de Jong
                 "NWChem: a comprehensive and scalable open-source
                  solution for large scale molecular simulations"
                      Comput. Phys. Commun. 181, 1477 (2010)
                           doi:10.1016/j.cpc.2010.04.018

                                      AUTHORS
                                      -------
          E. Apra, E. J. Bylaska, W. A. de Jong, N. Govind, K. Kowalski,
       T. P. Straatsma, M. Valiev, H. J. J. van Dam, D. Wang, T. L. Windus,
        J. Hammond, J. Autschbach, K. Bhaskaran-Nair, J. Brabec, K. Lopata,
    S. A. Fischer, S. Krishnamoorthy, M. Jacquelin, W. Ma, M. Klemm, O. Villa,
      Y. Chen, V. Anisimov, F. Aquino, S. Hirata, M. T. Hackler, V. Konjkov,
      T. Risthaus, M. Malagoli, A. Marenich, A. Otero-de-la-Roza, J. Mullin,
        P. Nichols, R. Peverati, J. Pittner, Y. Zhao, P.-D. Fan, A. Fonari,
       M. Williamson, R. J. Harrison, J. R. Rehr, M. Dupuis, D. Silverstein,
    D. M. A. Smith, J. Nieplocha, V. Tipparaju, M. Krishnan, B. E. Van Kuiken,
        A. Vazquez-Mayagoitia, L. Jensen, M. Swart, Q. Wu, T. Van Voorhis,
     A. A. Auer, M. Nooijen, L. D. Crosby, E. Brown, G. Cisneros, G. I. Fann,
   H. Fruchtl, J. Garza, K. Hirao, R. A. Kendall, J. A. Nichols, K. Tsemekhman,
    K. Wolinski, J. Anchell, D. E. Bernholdt, P. Borowski, T. Clark, D. Clerc,
   H. Dachsel, M. J. O. Deegan, K. Dyall, D. Elwood, E. Glendening, M. Gutowski,
   A. C. Hess, J. Jaffe, B. G. Johnson, J. Ju, R. Kobayashi, R. Kutteh, Z. Lin,
   R. Littlefield, X. Long, B. Meng, T. Nakajima, S. Niu, L. Pollack, M. Rosing,
   K. Glaesemann, G. Sandrone, M. Stave, H. Taylor, G. Thomas, J. H. van Lenthe,
                               A. T. Wong, Z. Zhang.

 Total times  cpu:       13.3s     wall:       22.9s
