 argument  1 = input-wf.nw



============================== echo of input deck ==============================
echo
start wfn1_dat
geometry units au noautoz
  H 0 0 -4.84434600000000000000
  H 0 0  4.84434600000000000000
  symmetry cs
end
basis
  H library 6-31g
end
set wfn1:input_vectors "atomic"
set wfn1:solver "monte-carlo"
set wfn1:print_error F
set wfn1:t_initial 0.1
set wfn1:nopen 2
#set wfn1:corr_expr "wfn1_mx"
set wfn1:corr_expr "wfn1c"
set wfn1:t_bath 0.0
set wfn1:maxit  20000
task wfn1 energy
================================================================================


                                         
                                         


              Northwest Computational Chemistry Package (NWChem) 6.8
              ------------------------------------------------------


                    Environmental Molecular Sciences Laboratory
                       Pacific Northwest National Laboratory
                                Richland, WA 99352

                              Copyright (c) 1994-2015
                       Pacific Northwest National Laboratory
                            Battelle Memorial Institute

             NWChem is an open-source computational chemistry package
                        distributed under the terms of the
                      Educational Community License (ECL) 2.0
             A copy of the license is included with this distribution
                              in the LICENSE.TXT file

                                  ACKNOWLEDGMENT
                                  --------------

            This software and its documentation were developed at the
            EMSL at Pacific Northwest National Laboratory, a multiprogram
            national laboratory, operated for the U.S. Department of Energy
            by Battelle under Contract Number DE-AC05-76RL01830. Support
            for this work was provided by the Department of Energy Office
            of Biological and Environmental Research, Office of Basic
            Energy Sciences, and the Office of Advanced Scientific Computing.


           Job information
           ---------------

    hostname        = erato
    program         = ../../../bin/LINUX64/nwchem
    date            = Sat Mar  6 01:47:16 2021

    compiled        = Sat_Mar_06_01:07:04_2021
    source          = /home/hvandam/nwchem-1-wfn1
    nwchem branch   = Development
    nwchem revision = nwchem_on_git-124-gad72d19fff205e319ffbbf2bca37a04ded6ad57b
    ga revision     = nwchem_on_git-124-gad72d19
    use scalapack   = F
    input           = input-wf.nw
    prefix          = wfn1_dat.
    data base       = ./wfn1_dat.db
    status          = startup
    nproc           =        1
    time left       =     -1s



           Memory information
           ------------------

    heap     =   13107198 doubles =    100.0 Mbytes
    stack    =   13107195 doubles =    100.0 Mbytes
    global   =   26214400 doubles =    200.0 Mbytes (distinct from heap & stack)
    total    =   52428793 doubles =    400.0 Mbytes
    verify   = yes
    hardfail = no 


           Directory information
           ---------------------

  0 permanent = .
  0 scratch   = .




                                NWChem Input Module
                                -------------------


 Turning off AUTOSYM since
 SYMMETRY directive was detected!



                             Geometry "geometry" -> ""
                             -------------------------

 Output coordinates in a.u. (scale by  1.000000000 to convert to a.u.)

  No.       Tag          Charge          X              Y              Z
 ---- ---------------- ---------- -------------- -------------- --------------
    1 H                    1.0000     0.00000000     0.00000000    -4.84434600
    2 H                    1.0000     0.00000000     0.00000000     4.84434600

      Atomic Mass 
      ----------- 

      H                  1.007825


 Effective nuclear repulsion energy (a.u.)       0.1032131066

            Nuclear Dipole moment (a.u.) 
            ----------------------------
        X                 Y               Z
 ---------------- ---------------- ----------------
     0.0000000000     0.0000000000     0.0000000000

      Symmetry information
      --------------------

 Group name             Cs        
 Group number              2
 Group order               2
 No. of unique centers     1

      Symmetry unique atoms

     1


            XYZ format geometry
            -------------------
     2
 geometry
 H                     0.00000000     0.00000000    -2.56351769
 H                     0.00000000     0.00000000     2.56351769

                      Basis "ao basis" -> "" (cartesian)
                      -----
  H (Hydrogen)
  ------------
            Exponent  Coefficients 
       -------------- ---------------------------------------------------------
  1 S  1.87311370E+01  0.033495
  1 S  2.82539370E+00  0.234727
  1 S  6.40121700E-01  0.813757

  2 S  1.61277800E-01  1.000000



 Summary of "ao basis" -> "" (cartesian)
 ------------------------------------------------------------------------------
       Tag                 Description            Shells   Functions and Types
 ---------------- ------------------------------  ------  ---------------------
 H                           6-31g                   2        2   2s



                                NWChem WFN1 Module
                                ------------------



          No. of electrons :     2
           Alpha electrons :     2
            Beta electrons :     0
          Charge           :     0
          Spin multiplicity:     3

 HvD: wfn1_inpdft
 HvD: nquad_task =                     1
 HvD: iangquad   =                     0
 HvD: gridtype   = user      
 HvD: leb        =  T
 HvD: radgrid    = murakn    
 HvD: trunc_neigh=  T
 HvD: lssw       =  T
 HvD: whichssw   = erf1    
 HvD: mxnrad     =                     0
 HvD: mxnang     =                     0
 HVD: wfn1: movecs_in  = atomic                                                                                                                                                                                                                                                          
 HVD: wfn1: movecs_out = ./wfn1_dat.movecs                                                                                                                                                                                                                                               

      Superposition of Atomic Density Guess
      -------------------------------------

 Sum of atomic energies:          -0.99646508

      Non-variational initial energy
      ------------------------------

 Total energy =      -0.682110
 1-e energy   =      -1.202892
 2-e energy   =       0.417569
 HOMO         =      -0.191475
 LUMO         =      -0.190897

 iteration              energy           error
 ---------              ------           -----
         0         -0.98469743        0.080000
         1         -0.98475436        0.080000
         2         -0.98476360        0.080000
         3         -0.98512142        0.080000
         4         -0.98716341        0.080000
         5         -0.98770158        0.080000
         6         -0.98923436        0.080000
         7         -0.98939525        0.080000
         8         -0.98980868        0.080000
         9         -0.99141452        0.080000
        10         -0.99171823        0.080000
        11         -0.99186781        0.080000
        12         -0.99271379        0.080000
        13         -0.99274686        0.080000
        14         -0.99370938        0.080000
        15         -0.99402481        0.080000
        16         -0.99462161        0.080000
        17         -0.99489354        0.080000
        18         -0.99518939        0.080000
        19         -0.99523973        0.080000
        20         -0.99527453        0.080000
        21         -0.99531038        0.080000
        22         -0.99536343        0.080000
        23         -0.99552710        0.080000
        24         -0.99572652        0.080000
        25         -0.99589991        0.080000
        26         -0.99590411        0.080000
        27         -0.99608845        0.080000
        28         -0.99619547        0.079970
        29         -0.99634273        0.079970
        30         -0.99634454        0.068553
        31         -0.99640489        0.068553
        32         -0.99640571        0.035621
        33         -0.99642648        0.035621
        34         -0.99644070        0.031129
        35         -0.99644258        0.027203
        36         -0.99644511        0.027203
        37         -0.99645060        0.019609
        38         -0.99645222        0.017136
        39         -0.99645659        0.017136
        40         -0.99645911        0.017136
        41         -0.99645926        0.014690
        42         -0.99646075        0.014690
        43         -0.99646099        0.009253
        44         -0.99646104        0.009253
        45         -0.99646215        0.008086
        46         -0.99646405        0.008086
        47         -0.99646427        0.007067
        48         -0.99646466        0.007067
        49         -0.99646475        0.005193
        50         -0.99646482        0.003816
        51         -0.99646509        0.003816
        52         -0.99646512        0.003816
        53         -0.99646518        0.003271
        54         -0.99646532        0.002914
        55         -0.99646532        0.002914
        56         -0.99646539        0.002914
        57         -0.99646541        0.002914
        58         -0.99646542        0.002498
        59         -0.99646556        0.002498
        60         -0.99646560        0.002269
        61         -0.99646564        0.002269
        62         -0.99646565        0.002269
        63         -0.99646566        0.001983
        64         -0.99646576        0.001485
        65         -0.99646579        0.001485
        66         -0.99646581        0.001273
        67         -0.99646581        0.001113
        68         -0.99646582        0.000954
        69         -0.99646582        0.000954
        70         -0.99646582        0.000818
        71         -0.99646583        0.000818
        72         -0.99646583        0.000714
        73         -0.99646584        0.000714
        74         -0.99646584        0.000714
        75         -0.99646584        0.000714
        76         -0.99646585        0.000624
        77         -0.99646586        0.000477
        78         -0.99646586        0.000477
        79         -0.99646586        0.000477
        80         -0.99646586        0.000477
        81         -0.99646586        0.000344
        82         -0.99646586        0.000312
        83         -0.99646586        0.000312
        84         -0.99646586        0.000225
        85         -0.99646586        0.000225
        86         -0.99646586        0.000197
        87         -0.99646586        0.000197
        88         -0.99646586        0.000172
        89         -0.99646586        0.000172
        90         -0.99646586        0.000150
        91         -0.99646586        0.000131
        92         -0.99646586        0.000131
        93         -0.99646586        0.000080
        94         -0.99646586        0.000080
        95         -0.99646586        0.000080
        96         -0.99646586        0.000070
        97         -0.99646587        0.000062
        98         -0.99646587        0.000062
        99         -0.99646587        0.000062
       100         -0.99646587        0.000062
       101         -0.99646587        0.000045
       102         -0.99646587        0.000041
       103         -0.99646587        0.000041
       104         -0.99646587        0.000041
       105         -0.99646587        0.000035
       106         -0.99646587        0.000035
       107         -0.99646587        0.000035
       108         -0.99646587        0.000035
       109         -0.99646587        0.000035
       110         -0.99646587        0.000026
       111         -0.99646587        0.000024
       112         -0.99646587        0.000024
       113         -0.99646587        0.000024
       114         -0.99646587        0.000024
       115         -0.99646587        0.000015
       116         -0.99646587        0.000015
       117         -0.99646587        0.000009
       118         -0.99646587        0.000009
       119         -0.99646587        0.000009
       120         -0.99646587        0.000008
       121         -0.99646587        0.000008
       122         -0.99646587        0.000007
       123         -0.99646587        0.000007
       124         -0.99646587        0.000007
       125         -0.99646587        0.000007
       126         -0.99646587        0.000005
       127         -0.99646587        0.000003
       128         -0.99646587        0.000002
       129         -0.99646587        0.000002
       130         -0.99646587        0.000002
       131         -0.99646587        0.000002
       132         -0.99646587        0.000002
       133         -0.99646587        0.000002
       134         -0.99646587        0.000002
       135         -0.99646587        0.000002
       136         -0.99646587        0.000001
       137         -0.99646587        0.000001
       138         -0.99646587        0.000001
       139         -0.99646587        0.000001
       140         -0.99646587        0.000001
       141         -0.99646587        0.000001
       142         -0.99646587        0.000001
       143         -0.99646587        0.000001
       144         -0.99646587        0.000001
       145         -0.99646587        0.000001

 Reached Convergence

 WFN1                     :
 --------------------------
 Total WFN1 energy  =          -0.9964658654
 1-Electron energy  =          -1.2028921216
 2-Electron energy  =           0.1032131496
 Correlation energy =           0.0000000000
 DFT XC energy      =           0.0000000000
 Entropy energy     =           0.0000000000
 Nuclear energy     =           0.1032131066

 conventional Hartree-Fock:
 --------------------------
 Total SCF energy  =          -0.9964658654
 2-Electron energy =           0.1032131496

                WFN1 Final Natural orbital energies and occupations
                ---------------------------------------------------

              Alpha       Beta            Alpha       Beta  
            --------    --------        --------    --------
       1      0.0000      0.0000          1.0000      0.0000
       2      0.0000      0.0000          1.0000      0.0000
       3      0.0000      0.0000          0.0000      0.0000
       4      0.0000      0.0000          0.0000      0.0000

             WFN1 Final Correlation function energies and occupations
             --------------------------------------------------------

              Alpha       Beta            Alpha       Beta  
            --------    --------        --------    --------
       1      0.0000      0.0000          1.0000      0.0000
       2      0.0000      0.0000          1.0000      0.0000
       3      0.0000      0.0000          0.0000      0.0000
       4      0.0000      0.0000          0.0000      0.0000

                WFN1 Final alpha-alpha 2-matrix occupation numbers
                --------------------------------------------------


 global array: g_momo1[1:4,1:4],  handle: -990 

            1           2           3           4  
       ----------- ----------- ----------- -----------
   1       0.00000     1.00000     0.00000     0.00000
   2       1.00000    -0.00000     0.00000     0.00000
   3       0.00000     0.00000    -0.00000     0.00000
   4       0.00000     0.00000     0.00000    -0.00000

                 WFN1 Final beta-beta 2-matrix occupation numbers
                 ------------------------------------------------


 global array: g_momo2[1:4,1:4],  handle: -989 

            1           2           3           4  
       ----------- ----------- ----------- -----------
   1       0.00000     0.00000     0.00000     0.00000
   2       0.00000     0.00000     0.00000     0.00000
   3       0.00000     0.00000     0.00000     0.00000
   4       0.00000     0.00000     0.00000     0.00000

                  WFN1 Final alpha Correlation Function Analysis
                  ----------------------------------------------


 global array: Ca[1:4,1:4],  handle: -977 

                     1                       2                       3                       4  
       ----------------------- ----------------------- ----------------------- -----------------------
   1       0.52467,    0.47948     0.51946,    0.47433     0.00000,   -0.00000     0.00000,    0.00000
   2      -0.16549,   -0.68369     0.16749,    0.69074    -0.00000,    0.00000    -0.00000,    0.00000
   3       0.00000,    0.00000     0.00000,   -0.00000    -0.64636,    0.32597    -0.61591,    0.31083
   4      -0.00000,    0.00000     0.00000,   -0.00000    -0.58565,    0.36467     0.61440,   -0.38281

                   WFN1 Final beta Correlation Function Analysis
                   ---------------------------------------------


 global array: Cb[1:4,1:4],  handle: -976 

                     1                       2                       3                       4  
       ----------------------- ----------------------- ----------------------- -----------------------
   1       0.55816,    0.48728     0.50202,    0.44241     0.02010,   -0.01966     0.04112,    0.02793
   2      -0.14578,   -0.65395     0.15867,    0.72051    -0.01046,   -0.03795    -0.02095,    0.06931
   3       0.02996,    0.02500     0.03133,   -0.01910    -0.63771,    0.31270    -0.62957,    0.31037
   4       0.01762,   -0.01660    -0.04949,    0.06442    -0.59336,    0.37567     0.59628,   -0.37955

                     WFN1 Final Alpha Natural Orbital Analysis
                     -----------------------------------------

 Vector    1  Occ=1.000000D+00  E= 0.000000D+00
              MO Center=  0.0D+00,  0.0D+00, -8.8D-02, r^2= 7.4D+00
   Bfn.  Coefficient  Atom+Function         Bfn.  Coefficient  Atom+Function  
  ----- ------------  ---------------      ----- ------------  ---------------
     2     -0.478668  1 H  s                  4     -0.462506  2 H  s          
     1     -0.307173  1 H  s                  3     -0.296782  2 H  s          

 Vector    2  Occ=1.000000D+00  E= 0.000000D+00
              MO Center=  0.0D+00,  0.0D+00,  8.8D-02, r^2= 7.4D+00
   Bfn.  Coefficient  Atom+Function         Bfn.  Coefficient  Atom+Function  
  ----- ------------  ---------------      ----- ------------  ---------------
     4     -0.478447  2 H  s                  2      0.462277  1 H  s          
     3     -0.307600  2 H  s                  1      0.297223  1 H  s          

 Vector    3  Occ=1.088768D-14  E= 0.000000D+00
              MO Center=  0.0D+00,  0.0D+00,  8.7D-02, r^2= 7.8D+00
   Bfn.  Coefficient  Atom+Function         Bfn.  Coefficient  Atom+Function  
  ----- ------------  ---------------      ----- ------------  ---------------
     3     -0.904230  2 H  s                  1     -0.874074  1 H  s          
     4      0.826116  2 H  s                  2      0.798536  1 H  s          

 Vector    4  Occ=7.791399D-15  E= 0.000000D+00
              MO Center=  0.0D+00,  0.0D+00, -8.7D-02, r^2= 7.8D+00
   Bfn.  Coefficient  Atom+Function         Bfn.  Coefficient  Atom+Function  
  ----- ------------  ---------------      ----- ------------  ---------------
     1     -0.904462  1 H  s                  3      0.874314  2 H  s          
     2      0.827207  1 H  s                  4     -0.799665  2 H  s          


                     WFN1 Final Beta Natural Orbital Analysis
                     ----------------------------------------

 Vector    1  Occ=0.000000D+00  E= 0.000000D+00
              MO Center=  0.0D+00,  0.0D+00, -6.6D-02, r^2= 7.5D+00
   Bfn.  Coefficient  Atom+Function         Bfn.  Coefficient  Atom+Function  
  ----- ------------  ---------------      ----- ------------  ---------------
     2     -0.579951  1 H  s                  4     -0.516511  2 H  s          
     3     -0.239394  2 H  s                  1     -0.185859  1 H  s          

 Vector    2  Occ=0.000000D+00  E= 0.000000D+00
              MO Center=  0.0D+00,  0.0D+00,  6.4D-02, r^2= 7.5D+00
   Bfn.  Coefficient  Atom+Function         Bfn.  Coefficient  Atom+Function  
  ----- ------------  ---------------      ----- ------------  ---------------
     2      0.532664  1 H  s                  4     -0.532749  2 H  s          
     3     -0.242410  2 H  s                  1      0.221108  1 H  s          

 Vector    3  Occ=0.000000D+00  E= 0.000000D+00
              MO Center=  0.0D+00,  0.0D+00,  1.2D-01, r^2= 7.6D+00
   Bfn.  Coefficient  Atom+Function         Bfn.  Coefficient  Atom+Function  
  ----- ------------  ---------------      ----- ------------  ---------------
     3     -0.934132  2 H  s                  1     -0.894392  1 H  s          
     4      0.785547  2 H  s                  2      0.738950  1 H  s          

 Vector    4  Occ=0.000000D+00  E= 0.000000D+00
              MO Center=  0.0D+00,  0.0D+00, -1.2D-01, r^2= 7.6D+00
   Bfn.  Coefficient  Atom+Function         Bfn.  Coefficient  Atom+Function  
  ----- ------------  ---------------      ----- ------------  ---------------
     1     -0.938821  1 H  s                  3      0.880954  2 H  s          
     2      0.773713  1 H  s                  4     -0.772700  2 H  s          


 Task  times  cpu:       13.0s     wall:       17.8s
 Summary of allocated global arrays
-----------------------------------
  No active global arrays



                         GA Statistics for process    0
                         ------------------------------

       create   destroy   get      put      acc     scatter   gather  read&inc
calls:   44       44     8.09e+06 2.80e+04 2.22e+04    0        0       11     
number of processes/call 1.00e+00 1.00e+00 1.00e+00 0.00e+00 0.00e+00
bytes total:             1.04e+09 4.95e+06 3.53e+06 0.00e+00 0.00e+00 8.80e+01
bytes remote:            0.00e+00 0.00e+00 0.00e+00 0.00e+00 0.00e+00 0.00e+00
Max memory consumed for GA by this process: 10624 bytes
MA_summarize_allocated_blocks: starting scan ...
MA_summarize_allocated_blocks: scan completed: 0 heap blocks, 0 stack blocks
MA usage statistics:

	allocation statistics:
					      heap	     stack
					      ----	     -----
	current number of blocks	         0	         0
	maximum number of blocks	        19	        17
	current total bytes		         0	         0
	maximum total bytes		   3204344	  22508664
	maximum total K-bytes		      3205	     22509
	maximum total M-bytes		         4	        23


                                NWChem Input Module
                                -------------------





                                     CITATION
                                     --------
                Please cite the following reference when publishing
                           results obtained with NWChem:

                 M. Valiev, E.J. Bylaska, N. Govind, K. Kowalski,
              T.P. Straatsma, H.J.J. van Dam, D. Wang, J. Nieplocha,
                        E. Apra, T.L. Windus, W.A. de Jong
                 "NWChem: a comprehensive and scalable open-source
                  solution for large scale molecular simulations"
                      Comput. Phys. Commun. 181, 1477 (2010)
                           doi:10.1016/j.cpc.2010.04.018

                                      AUTHORS
                                      -------
          E. Apra, E. J. Bylaska, W. A. de Jong, N. Govind, K. Kowalski,
       T. P. Straatsma, M. Valiev, H. J. J. van Dam, D. Wang, T. L. Windus,
        J. Hammond, J. Autschbach, K. Bhaskaran-Nair, J. Brabec, K. Lopata,
    S. A. Fischer, S. Krishnamoorthy, M. Jacquelin, W. Ma, M. Klemm, O. Villa,
      Y. Chen, V. Anisimov, F. Aquino, S. Hirata, M. T. Hackler, V. Konjkov,
      T. Risthaus, M. Malagoli, A. Marenich, A. Otero-de-la-Roza, J. Mullin,
        P. Nichols, R. Peverati, J. Pittner, Y. Zhao, P.-D. Fan, A. Fonari,
       M. Williamson, R. J. Harrison, J. R. Rehr, M. Dupuis, D. Silverstein,
    D. M. A. Smith, J. Nieplocha, V. Tipparaju, M. Krishnan, B. E. Van Kuiken,
        A. Vazquez-Mayagoitia, L. Jensen, M. Swart, Q. Wu, T. Van Voorhis,
     A. A. Auer, M. Nooijen, L. D. Crosby, E. Brown, G. Cisneros, G. I. Fann,
   H. Fruchtl, J. Garza, K. Hirao, R. A. Kendall, J. A. Nichols, K. Tsemekhman,
    K. Wolinski, J. Anchell, D. E. Bernholdt, P. Borowski, T. Clark, D. Clerc,
   H. Dachsel, M. J. O. Deegan, K. Dyall, D. Elwood, E. Glendening, M. Gutowski,
   A. C. Hess, J. Jaffe, B. G. Johnson, J. Ju, R. Kobayashi, R. Kutteh, Z. Lin,
   R. Littlefield, X. Long, B. Meng, T. Nakajima, S. Niu, L. Pollack, M. Rosing,
   K. Glaesemann, G. Sandrone, M. Stave, H. Taylor, G. Thomas, J. H. van Lenthe,
                               A. T. Wong, Z. Zhang.

 Total times  cpu:       13.0s     wall:       17.8s
