 argument  1 = input-wf.nw



============================== echo of input deck ==============================
echo
start wfn1_dat
geometry units au noautoz
  H 0 0 -2.54434600000000000000
  H 0 0  2.54434600000000000000
  symmetry cs
end
basis
  H library 6-31g
end
set wfn1:input_vectors "atomic"
set wfn1:solver "monte-carlo"
set wfn1:print_error F
set wfn1:t_initial 0.1
set wfn1:nopen 2
#set wfn1:corr_expr "wfn1_mx"
set wfn1:corr_expr "wfn1c"
set wfn1:t_bath 0.0
set wfn1:maxit  20000
task wfn1 energy
================================================================================


                                         
                                         


              Northwest Computational Chemistry Package (NWChem) 6.8
              ------------------------------------------------------


                    Environmental Molecular Sciences Laboratory
                       Pacific Northwest National Laboratory
                                Richland, WA 99352

                              Copyright (c) 1994-2015
                       Pacific Northwest National Laboratory
                            Battelle Memorial Institute

             NWChem is an open-source computational chemistry package
                        distributed under the terms of the
                      Educational Community License (ECL) 2.0
             A copy of the license is included with this distribution
                              in the LICENSE.TXT file

                                  ACKNOWLEDGMENT
                                  --------------

            This software and its documentation were developed at the
            EMSL at Pacific Northwest National Laboratory, a multiprogram
            national laboratory, operated for the U.S. Department of Energy
            by Battelle under Contract Number DE-AC05-76RL01830. Support
            for this work was provided by the Department of Energy Office
            of Biological and Environmental Research, Office of Basic
            Energy Sciences, and the Office of Advanced Scientific Computing.


           Job information
           ---------------

    hostname        = erato
    program         = ../../../bin/LINUX64/nwchem
    date            = Sat Mar  6 01:31:16 2021

    compiled        = Sat_Mar_06_01:07:04_2021
    source          = /home/hvandam/nwchem-1-wfn1
    nwchem branch   = Development
    nwchem revision = nwchem_on_git-124-gad72d19fff205e319ffbbf2bca37a04ded6ad57b
    ga revision     = nwchem_on_git-124-gad72d19
    use scalapack   = F
    input           = input-wf.nw
    prefix          = wfn1_dat.
    data base       = ./wfn1_dat.db
    status          = startup
    nproc           =        1
    time left       =     -1s



           Memory information
           ------------------

    heap     =   13107200 doubles =    100.0 Mbytes
    stack    =   13107197 doubles =    100.0 Mbytes
    global   =   26214400 doubles =    200.0 Mbytes (distinct from heap & stack)
    total    =   52428797 doubles =    400.0 Mbytes
    verify   = yes
    hardfail = no 


           Directory information
           ---------------------

  0 permanent = .
  0 scratch   = .




                                NWChem Input Module
                                -------------------


 Turning off AUTOSYM since
 SYMMETRY directive was detected!



                             Geometry "geometry" -> ""
                             -------------------------

 Output coordinates in a.u. (scale by  1.000000000 to convert to a.u.)

  No.       Tag          Charge          X              Y              Z
 ---- ---------------- ---------- -------------- -------------- --------------
    1 H                    1.0000     0.00000000     0.00000000    -2.54434600
    2 H                    1.0000     0.00000000     0.00000000     2.54434600

      Atomic Mass 
      ----------- 

      H                  1.007825


 Effective nuclear repulsion energy (a.u.)       0.1965141533

            Nuclear Dipole moment (a.u.) 
            ----------------------------
        X                 Y               Z
 ---------------- ---------------- ----------------
     0.0000000000     0.0000000000     0.0000000000

      Symmetry information
      --------------------

 Group name             Cs        
 Group number              2
 Group order               2
 No. of unique centers     1

      Symmetry unique atoms

     1


            XYZ format geometry
            -------------------
     2
 geometry
 H                     0.00000000     0.00000000    -1.34641002
 H                     0.00000000     0.00000000     1.34641002

                      Basis "ao basis" -> "" (cartesian)
                      -----
  H (Hydrogen)
  ------------
            Exponent  Coefficients 
       -------------- ---------------------------------------------------------
  1 S  1.87311370E+01  0.033495
  1 S  2.82539370E+00  0.234727
  1 S  6.40121700E-01  0.813757

  2 S  1.61277800E-01  1.000000



 Summary of "ao basis" -> "" (cartesian)
 ------------------------------------------------------------------------------
       Tag                 Description            Shells   Functions and Types
 ---------------- ------------------------------  ------  ---------------------
 H                           6-31g                   2        2   2s



                                NWChem WFN1 Module
                                ------------------



          No. of electrons :     2
           Alpha electrons :     2
            Beta electrons :     0
          Charge           :     0
          Spin multiplicity:     3

 HvD: wfn1_inpdft
 HvD: nquad_task =                     1
 HvD: iangquad   =                     0
 HvD: gridtype   = user      
 HvD: leb        =  T
 HvD: radgrid    = murakn    
 HvD: trunc_neigh=  T
 HvD: lssw       =  T
 HvD: whichssw   = erf1    
 HvD: mxnrad     =                     0
 HvD: mxnang     =                     0
 HVD: wfn1: movecs_in  = atomic                                                                                                                                                                                                                                                          
 HVD: wfn1: movecs_out = ./wfn1_dat.movecs                                                                                                                                                                                                                                               

      Superposition of Atomic Density Guess
      -------------------------------------

 Sum of atomic energies:          -0.99646508

      Non-variational initial energy
      ------------------------------

 Total energy =      -0.683331
 1-e energy   =      -1.389487
 2-e energy   =       0.509641
 HOMO         =      -0.220342
 LUMO         =      -0.160098

 iteration              energy           error
 ---------              ------           -----
         0         -0.98349440        0.080000
         1         -0.98464250        0.080000
         2         -0.98522701        0.080000
         3         -0.98659272        0.080000
         4         -0.98860964        0.080000
         5         -0.98946222        0.080000
         6         -0.98964704        0.080000
         7         -0.99041961        0.080000
         8         -0.99046795        0.080000
         9         -0.99070313        0.080000
        10         -0.99144458        0.080000
        11         -0.99198126        0.080000
        12         -0.99279689        0.080000
        13         -0.99329523        0.080000
        14         -0.99354528        0.080000
        15         -0.99371371        0.080000
        16         -0.99371844        0.080000
        17         -0.99383006        0.080000
        18         -0.99402854        0.080000
        19         -0.99464083        0.080000
        20         -0.99464328        0.080000
        21         -0.99465270        0.069893
        22         -0.99471189        0.069893
        23         -0.99500190        0.069893
        24         -0.99502737        0.059915
        25         -0.99507090        0.059915
        26         -0.99510210        0.044884
        27         -0.99510650        0.039223
        28         -0.99510830        0.039223
        29         -0.99510984        0.033623
        30         -0.99511152        0.024708
        31         -0.99511322        0.024708
        32         -0.99512734        0.024708
        33         -0.99512778        0.021180
        34         -0.99513079        0.015867
        35         -0.99513668        0.015867
        36         -0.99513967        0.013602
        37         -0.99514110        0.011886
        38         -0.99514171        0.010189
        39         -0.99514252        0.010189
        40         -0.99514426        0.010189
        41         -0.99514427        0.007345
        42         -0.99514444        0.004627
        43         -0.99514453        0.004627
        44         -0.99514473        0.004627
        45         -0.99514484        0.003966
        46         -0.99514485        0.003533
        47         -0.99514520        0.003533
        48         -0.99514529        0.003533
        49         -0.99514536        0.003029
        50         -0.99514543        0.002698
        51         -0.99514548        0.002313
        52         -0.99514553        0.002313
        53         -0.99514557        0.002313
        54         -0.99514558        0.002313
        55         -0.99514561        0.002313
        56         -0.99514562        0.001983
        57         -0.99514565        0.001544
        58         -0.99514567        0.001544
        59         -0.99514567        0.001544
        60         -0.99514570        0.001544
        61         -0.99514571        0.000936
        62         -0.99514571        0.000936
        63         -0.99514572        0.000715
        64         -0.99514572        0.000624
        65         -0.99514572        0.000624
        66         -0.99514572        0.000624
        67         -0.99514572        0.000535
        68         -0.99514573        0.000477
        69         -0.99514573        0.000344
        70         -0.99514573        0.000344
        71         -0.99514573        0.000344
        72         -0.99514573        0.000295
        73         -0.99514573        0.000263
        74         -0.99514573        0.000225
        75         -0.99514573        0.000193
        76         -0.99514574        0.000193
        77         -0.99514574        0.000165
        78         -0.99514574        0.000165
        79         -0.99514574        0.000145
        80         -0.99514574        0.000126
        81         -0.99514574        0.000126
        82         -0.99514574        0.000126
        83         -0.99514574        0.000126
        84         -0.99514574        0.000108
        85         -0.99514574        0.000083
        86         -0.99514574        0.000060
        87         -0.99514574        0.000051
        88         -0.99514574        0.000051
        89         -0.99514574        0.000051
        90         -0.99514574        0.000051
        91         -0.99514574        0.000044
        92         -0.99514574        0.000044
        93         -0.99514574        0.000028
        94         -0.99514574        0.000025
        95         -0.99514574        0.000025
        96         -0.99514574        0.000025
        97         -0.99514574        0.000021
        98         -0.99514574        0.000021
        99         -0.99514574        0.000016
       100         -0.99514574        0.000016
       101         -0.99514574        0.000016
       102         -0.99514574        0.000016
       103         -0.99514574        0.000014
       104         -0.99514574        0.000013
       105         -0.99514574        0.000013
       106         -0.99514574        0.000011
       107         -0.99514574        0.000011
       108         -0.99514574        0.000011
       109         -0.99514574        0.000011
       110         -0.99514574        0.000008
       111         -0.99514574        0.000006
       112         -0.99514574        0.000006
       113         -0.99514574        0.000006
       114         -0.99514574        0.000006
       115         -0.99514574        0.000004
       116         -0.99514574        0.000003
       117         -0.99514574        0.000003
       118         -0.99514574        0.000002
       119         -0.99514574        0.000002
       120         -0.99514574        0.000001
       121         -0.99514574        0.000001
       122         -0.99514574        0.000001
       123         -0.99514574        0.000001
       124         -0.99514574        0.000001
       125         -0.99514574        0.000001
       126         -0.99514574        0.000001
       127         -0.99514574        0.000001

 Reached Convergence

 WFN1                     :
 --------------------------
 Total WFN1 energy  =          -0.9951457369
 1-Electron energy  =          -1.3867196153
 2-Electron energy  =           0.1950597251
 Correlation energy =           0.0000000000
 DFT XC energy      =           0.0000000000
 Entropy energy     =           0.0000000000
 Nuclear energy     =           0.1965141533

 conventional Hartree-Fock:
 --------------------------
 Total SCF energy  =          -0.9951457369
 2-Electron energy =           0.1950597251

                WFN1 Final Natural orbital energies and occupations
                ---------------------------------------------------

              Alpha       Beta            Alpha       Beta  
            --------    --------        --------    --------
       1      0.0000      0.0000          1.0000      0.0000
       2      0.0000      0.0000          1.0000      0.0000
       3      0.0000      0.0000          0.0000      0.0000
       4      0.0000      0.0000          0.0000      0.0000

             WFN1 Final Correlation function energies and occupations
             --------------------------------------------------------

              Alpha       Beta            Alpha       Beta  
            --------    --------        --------    --------
       1      0.0000      0.0000          1.0000      0.0000
       2      0.0000      0.0000          1.0000      0.0000
       3      0.0000      0.0000          0.0000      0.0000
       4      0.0000      0.0000          0.0000      0.0000

                WFN1 Final alpha-alpha 2-matrix occupation numbers
                --------------------------------------------------


 global array: g_momo1[1:4,1:4],  handle: -990 

            1           2           3           4  
       ----------- ----------- ----------- -----------
   1      -0.00000     1.00000     0.00000     0.00000
   2       1.00000    -0.00000     0.00000     0.00000
   3       0.00000     0.00000     0.00000     0.00000
   4       0.00000     0.00000     0.00000     0.00000

                 WFN1 Final beta-beta 2-matrix occupation numbers
                 ------------------------------------------------


 global array: g_momo2[1:4,1:4],  handle: -989 

            1           2           3           4  
       ----------- ----------- ----------- -----------
   1       0.00000     0.00000     0.00000     0.00000
   2       0.00000     0.00000     0.00000     0.00000
   3       0.00000     0.00000     0.00000     0.00000
   4       0.00000     0.00000     0.00000     0.00000

                  WFN1 Final alpha Correlation Function Analysis
                  ----------------------------------------------


 global array: Ca[1:4,1:4],  handle: -977 

                     1                       2                       3                       4  
       ----------------------- ----------------------- ----------------------- -----------------------
   1       0.75654,   -0.25771     0.56454,   -0.20623    -0.00000,   -0.00000    -0.00000,   -0.00000
   2       0.27820,   -0.53277    -0.35432,    0.71639     0.00000,   -0.00000     0.00000,    0.00000
   3       0.00000,   -0.00000    -0.00000,   -0.00000    -0.82802,   -0.29562     0.44428,    0.17205
   4      -0.00000,   -0.00000    -0.00000,   -0.00000     0.33870,   -0.33507     0.64124,   -0.60151

                   WFN1 Final beta Correlation Function Analysis
                   ---------------------------------------------


 global array: Cb[1:4,1:4],  handle: -976 

                     1                       2                       3                       4  
       ----------------------- ----------------------- ----------------------- -----------------------
   1       0.81300,   -0.21709     0.51804,   -0.10845    -0.02814,   -0.04860     0.07868,    0.04944
   2       0.18106,   -0.50206    -0.32001,    0.77848    -0.02428,   -0.00913    -0.07184,   -0.02963
   3      -0.05553,    0.04384    -0.04202,    0.04372    -0.81996,   -0.28359     0.45995,    0.16434
   4      -0.04183,    0.01740     0.03718,    0.07990     0.36131,   -0.33597     0.63535,   -0.58574

                     WFN1 Final Alpha Natural Orbital Analysis
                     -----------------------------------------

 Vector    1  Occ=1.000000D+00  E= 0.000000D+00
              MO Center=  0.0D+00,  0.0D+00,  1.1D-01, r^2= 2.5D+00
   Bfn.  Coefficient  Atom+Function         Bfn.  Coefficient  Atom+Function  
  ----- ------------  ---------------      ----- ------------  ---------------
     4     -0.472596  2 H  s                  2     -0.433736  1 H  s          
     3     -0.306911  2 H  s                  1     -0.282125  1 H  s          

 Vector    2  Occ=1.000000D+00  E= 0.000000D+00
              MO Center=  0.0D+00,  0.0D+00, -1.1D-01, r^2= 2.7D+00
   Bfn.  Coefficient  Atom+Function         Bfn.  Coefficient  Atom+Function  
  ----- ------------  ---------------      ----- ------------  ---------------
     2     -0.506268  1 H  s                  4      0.470199  2 H  s          
     1     -0.323126  1 H  s                  3      0.299685  2 H  s          

 Vector    3  Occ=2.225654D-15  E= 0.000000D+00
              MO Center=  0.0D+00,  0.0D+00,  4.5D-02, r^2= 2.8D+00
   Bfn.  Coefficient  Atom+Function         Bfn.  Coefficient  Atom+Function  
  ----- ------------  ---------------      ----- ------------  ---------------
     3     -0.888692  2 H  s                  1     -0.858354  1 H  s          
     4      0.757159  2 H  s                  2      0.727009  1 H  s          

 Vector    4  Occ=1.595006D-14  E= 0.000000D+00
              MO Center=  0.0D+00,  0.0D+00, -4.5D-02, r^2= 3.4D+00
   Bfn.  Coefficient  Atom+Function         Bfn.  Coefficient  Atom+Function  
  ----- ------------  ---------------      ----- ------------  ---------------
     1     -0.926673  1 H  s                  2      0.918801  1 H  s          
     3      0.897619  2 H  s                  4     -0.894119  2 H  s          


                     WFN1 Final Beta Natural Orbital Analysis
                     ----------------------------------------

 Vector    1  Occ=0.000000D+00  E= 0.000000D+00
              MO Center=  0.0D+00,  0.0D+00, -6.6D-02, r^2= 2.6D+00
   Bfn.  Coefficient  Atom+Function         Bfn.  Coefficient  Atom+Function  
  ----- ------------  ---------------      ----- ------------  ---------------
     4     -0.555388  2 H  s                  2     -0.496561  1 H  s          
     1     -0.260397  1 H  s                  3     -0.146809  2 H  s          

 Vector    2  Occ=0.000000D+00  E= 0.000000D+00
              MO Center=  0.0D+00,  0.0D+00,  8.7D-02, r^2= 2.8D+00
   Bfn.  Coefficient  Atom+Function         Bfn.  Coefficient  Atom+Function  
  ----- ------------  ---------------      ----- ------------  ---------------
     4      0.551130  2 H  s                  2     -0.544198  1 H  s          
     3      0.272489  2 H  s                  1     -0.227401  1 H  s          

 Vector    3  Occ=0.000000D+00  E= 0.000000D+00
              MO Center=  0.0D+00,  0.0D+00,  8.7D-02, r^2= 2.6D+00
   Bfn.  Coefficient  Atom+Function         Bfn.  Coefficient  Atom+Function  
  ----- ------------  ---------------      ----- ------------  ---------------
     3     -0.925705  2 H  s                  1     -0.871829  1 H  s          
     4      0.730292  2 H  s                  2      0.651355  1 H  s          

 Vector    4  Occ=0.000000D+00  E= 0.000000D+00
              MO Center=  0.0D+00,  0.0D+00, -1.1D-01, r^2= 3.2D+00
   Bfn.  Coefficient  Atom+Function         Bfn.  Coefficient  Atom+Function  
  ----- ------------  ---------------      ----- ------------  ---------------
     1     -0.948628  1 H  s                  2      0.922055  1 H  s          
     3      0.909267  2 H  s                  4     -0.819540  2 H  s          


 Task  times  cpu:       12.7s     wall:       17.4s
 Summary of allocated global arrays
-----------------------------------
  No active global arrays



                         GA Statistics for process    0
                         ------------------------------

       create   destroy   get      put      acc     scatter   gather  read&inc
calls:   44       44     7.58e+06 2.62e+04 2.08e+04    0        0       11     
number of processes/call 1.00e+00 1.00e+00 1.00e+00 0.00e+00 0.00e+00
bytes total:             9.75e+08 4.64e+06 3.31e+06 0.00e+00 0.00e+00 8.80e+01
bytes remote:            0.00e+00 0.00e+00 0.00e+00 0.00e+00 0.00e+00 0.00e+00
Max memory consumed for GA by this process: 10624 bytes
MA_summarize_allocated_blocks: starting scan ...
MA_summarize_allocated_blocks: scan completed: 0 heap blocks, 0 stack blocks
MA usage statistics:

	allocation statistics:
					      heap	     stack
					      ----	     -----
	current number of blocks	         0	         0
	maximum number of blocks	        19	        17
	current total bytes		         0	         0
	maximum total bytes		   3204328	  22508616
	maximum total K-bytes		      3205	     22509
	maximum total M-bytes		         4	        23


                                NWChem Input Module
                                -------------------





                                     CITATION
                                     --------
                Please cite the following reference when publishing
                           results obtained with NWChem:

                 M. Valiev, E.J. Bylaska, N. Govind, K. Kowalski,
              T.P. Straatsma, H.J.J. van Dam, D. Wang, J. Nieplocha,
                        E. Apra, T.L. Windus, W.A. de Jong
                 "NWChem: a comprehensive and scalable open-source
                  solution for large scale molecular simulations"
                      Comput. Phys. Commun. 181, 1477 (2010)
                           doi:10.1016/j.cpc.2010.04.018

                                      AUTHORS
                                      -------
          E. Apra, E. J. Bylaska, W. A. de Jong, N. Govind, K. Kowalski,
       T. P. Straatsma, M. Valiev, H. J. J. van Dam, D. Wang, T. L. Windus,
        J. Hammond, J. Autschbach, K. Bhaskaran-Nair, J. Brabec, K. Lopata,
    S. A. Fischer, S. Krishnamoorthy, M. Jacquelin, W. Ma, M. Klemm, O. Villa,
      Y. Chen, V. Anisimov, F. Aquino, S. Hirata, M. T. Hackler, V. Konjkov,
      T. Risthaus, M. Malagoli, A. Marenich, A. Otero-de-la-Roza, J. Mullin,
        P. Nichols, R. Peverati, J. Pittner, Y. Zhao, P.-D. Fan, A. Fonari,
       M. Williamson, R. J. Harrison, J. R. Rehr, M. Dupuis, D. Silverstein,
    D. M. A. Smith, J. Nieplocha, V. Tipparaju, M. Krishnan, B. E. Van Kuiken,
        A. Vazquez-Mayagoitia, L. Jensen, M. Swart, Q. Wu, T. Van Voorhis,
     A. A. Auer, M. Nooijen, L. D. Crosby, E. Brown, G. Cisneros, G. I. Fann,
   H. Fruchtl, J. Garza, K. Hirao, R. A. Kendall, J. A. Nichols, K. Tsemekhman,
    K. Wolinski, J. Anchell, D. E. Bernholdt, P. Borowski, T. Clark, D. Clerc,
   H. Dachsel, M. J. O. Deegan, K. Dyall, D. Elwood, E. Glendening, M. Gutowski,
   A. C. Hess, J. Jaffe, B. G. Johnson, J. Ju, R. Kobayashi, R. Kutteh, Z. Lin,
   R. Littlefield, X. Long, B. Meng, T. Nakajima, S. Niu, L. Pollack, M. Rosing,
   K. Glaesemann, G. Sandrone, M. Stave, H. Taylor, G. Thomas, J. H. van Lenthe,
                               A. T. Wong, Z. Zhang.

 Total times  cpu:       12.7s     wall:       17.4s
