 argument  1 = input-wf.nw



============================== echo of input deck ==============================
echo
start wfn1_dat
geometry units au noautoz
  H 0 0 -.99434600000000000000
  H 0 0  .99434600000000000000
  symmetry cs
end
basis
  H library 6-31g
end
set wfn1:input_vectors "atomic"
set wfn1:solver "monte-carlo"
set wfn1:print_error F
set wfn1:t_initial 0.1
set wfn1:nopen 2
#set wfn1:corr_expr "wfn1_mx"
set wfn1:corr_expr "wfn1c"
set wfn1:t_bath 0.0
set wfn1:maxit  20000
task wfn1 energy
================================================================================


                                         
                                         


              Northwest Computational Chemistry Package (NWChem) 6.8
              ------------------------------------------------------


                    Environmental Molecular Sciences Laboratory
                       Pacific Northwest National Laboratory
                                Richland, WA 99352

                              Copyright (c) 1994-2015
                       Pacific Northwest National Laboratory
                            Battelle Memorial Institute

             NWChem is an open-source computational chemistry package
                        distributed under the terms of the
                      Educational Community License (ECL) 2.0
             A copy of the license is included with this distribution
                              in the LICENSE.TXT file

                                  ACKNOWLEDGMENT
                                  --------------

            This software and its documentation were developed at the
            EMSL at Pacific Northwest National Laboratory, a multiprogram
            national laboratory, operated for the U.S. Department of Energy
            by Battelle under Contract Number DE-AC05-76RL01830. Support
            for this work was provided by the Department of Energy Office
            of Biological and Environmental Research, Office of Basic
            Energy Sciences, and the Office of Advanced Scientific Computing.


           Job information
           ---------------

    hostname        = erato
    program         = ../../../bin/LINUX64/nwchem
    date            = Sat Mar  6 01:19:42 2021

    compiled        = Sat_Mar_06_01:07:04_2021
    source          = /home/hvandam/nwchem-1-wfn1
    nwchem branch   = Development
    nwchem revision = nwchem_on_git-124-gad72d19fff205e319ffbbf2bca37a04ded6ad57b
    ga revision     = nwchem_on_git-124-gad72d19
    use scalapack   = F
    input           = input-wf.nw
    prefix          = wfn1_dat.
    data base       = ./wfn1_dat.db
    status          = startup
    nproc           =        1
    time left       =     -1s



           Memory information
           ------------------

    heap     =   13107200 doubles =    100.0 Mbytes
    stack    =   13107197 doubles =    100.0 Mbytes
    global   =   26214400 doubles =    200.0 Mbytes (distinct from heap & stack)
    total    =   52428797 doubles =    400.0 Mbytes
    verify   = yes
    hardfail = no 


           Directory information
           ---------------------

  0 permanent = .
  0 scratch   = .




                                NWChem Input Module
                                -------------------


 Turning off AUTOSYM since
 SYMMETRY directive was detected!



                             Geometry "geometry" -> ""
                             -------------------------

 Output coordinates in a.u. (scale by  1.000000000 to convert to a.u.)

  No.       Tag          Charge          X              Y              Z
 ---- ---------------- ---------- -------------- -------------- --------------
    1 H                    1.0000     0.00000000     0.00000000    -0.99434600
    2 H                    1.0000     0.00000000     0.00000000     0.99434600

      Atomic Mass 
      ----------- 

      H                  1.007825


 Effective nuclear repulsion energy (a.u.)       0.5028430747

            Nuclear Dipole moment (a.u.) 
            ----------------------------
        X                 Y               Z
 ---------------- ---------------- ----------------
     0.0000000000     0.0000000000     0.0000000000

      Symmetry information
      --------------------

 Group name             Cs        
 Group number              2
 Group order               2
 No. of unique centers     1

      Symmetry unique atoms

     1


            XYZ format geometry
            -------------------
     2
 geometry
 H                     0.00000000     0.00000000    -0.52618528
 H                     0.00000000     0.00000000     0.52618528

                      Basis "ao basis" -> "" (cartesian)
                      -----
  H (Hydrogen)
  ------------
            Exponent  Coefficients 
       -------------- ---------------------------------------------------------
  1 S  1.87311370E+01  0.033495
  1 S  2.82539370E+00  0.234727
  1 S  6.40121700E-01  0.813757

  2 S  1.61277800E-01  1.000000



 Summary of "ao basis" -> "" (cartesian)
 ------------------------------------------------------------------------------
       Tag                 Description            Shells   Functions and Types
 ---------------- ------------------------------  ------  ---------------------
 H                           6-31g                   2        2   2s



                                NWChem WFN1 Module
                                ------------------



          No. of electrons :     2
           Alpha electrons :     2
            Beta electrons :     0
          Charge           :     0
          Spin multiplicity:     3

 HvD: wfn1_inpdft
 HvD: nquad_task =                     1
 HvD: iangquad   =                     0
 HvD: gridtype   = user      
 HvD: leb        =  T
 HvD: radgrid    = murakn    
 HvD: trunc_neigh=  T
 HvD: lssw       =  T
 HvD: whichssw   = erf1    
 HvD: mxnrad     =                     0
 HvD: mxnang     =                     0
 HVD: wfn1: movecs_in  = atomic                                                                                                                                                                                                                                                          
 HVD: wfn1: movecs_out = ./wfn1_dat.movecs                                                                                                                                                                                                                                               

      Superposition of Atomic Density Guess
      -------------------------------------

 Sum of atomic energies:          -0.99646508

      Non-variational initial energy
      ------------------------------

 Total energy =      -0.795462
 1-e energy   =      -1.948949
 2-e energy   =       0.650644
 HOMO         =      -0.452324
 LUMO         =       0.084833

 iteration              energy           error
 ---------              ------           -----
         0         -0.86234288        0.080000
         1         -0.86364565        0.080000
         2         -0.86575611        0.080000
         3         -0.86715312        0.080000
         4         -0.86978485        0.080000
         5         -0.86989417        0.080000
         6         -0.87013957        0.080000
         7         -0.87033605        0.080000
         8         -0.87133745        0.080000
         9         -0.87159510        0.080000
        10         -0.87303197        0.080000
        11         -0.87367563        0.080000
        12         -0.87481777        0.080000
        13         -0.87565665        0.080000
        14         -0.87647670        0.080000
        15         -0.87714298        0.080000
        16         -0.87720498        0.080000
        17         -0.87935781        0.080000
        18         -0.87939816        0.080000
        19         -0.87999123        0.080000
        20         -0.88009296        0.080000
        21         -0.88029562        0.080000
        22         -0.88049079        0.080000
        23         -0.88064907        0.080000
        24         -0.88066152        0.080000
        25         -0.88067174        0.080000
        26         -0.88067288        0.080000
        27         -0.88077926        0.080000
        28         -0.88087190        0.075485
        29         -0.88099341        0.075485
        30         -0.88099646        0.075485
        31         -0.88104848        0.068553
        32         -0.88105899        0.061071
        33         -0.88108320        0.061071
        34         -0.88111882        0.052352
        35         -0.88115776        0.038471
        36         -0.88116975        0.032978
        37         -0.88117858        0.032978
        38         -0.88117872        0.019990
        39         -0.88117958        0.019990
        40         -0.88118004        0.007345
        41         -0.88118027        0.007345
        42         -0.88118065        0.007345
        43         -0.88118087        0.006419
        44         -0.88118108        0.005718
        45         -0.88118148        0.004902
        46         -0.88118156        0.004902
        47         -0.88118173        0.004902
        48         -0.88118207        0.004202
        49         -0.88118212        0.003743
        50         -0.88118224        0.002269
        51         -0.88118227        0.002269
        52         -0.88118241        0.001945
        53         -0.88118244        0.001700
        54         -0.88118244        0.001225
        55         -0.88118245        0.001225
        56         -0.88118245        0.001050
        57         -0.88118245        0.001050
        58         -0.88118245        0.001050
        59         -0.88118246        0.001050
        60         -0.88118246        0.000649
        61         -0.88118246        0.000589
        62         -0.88118247        0.000589
        63         -0.88118247        0.000589
        64         -0.88118247        0.000505
        65         -0.88118247        0.000505
        66         -0.88118247        0.000505
        67         -0.88118248        0.000450
        68         -0.88118248        0.000450
        69         -0.88118248        0.000450
        70         -0.88118248        0.000401
        71         -0.88118248        0.000401
        72         -0.88118249        0.000401
        73         -0.88118249        0.000357
        74         -0.88118249        0.000357
        75         -0.88118249        0.000357
        76         -0.88118249        0.000357
        77         -0.88118249        0.000357
        78         -0.88118249        0.000318
        79         -0.88118250        0.000318
        80         -0.88118250        0.000318
        81         -0.88118250        0.000248
        82         -0.88118250        0.000248
        83         -0.88118250        0.000186
        84         -0.88118250        0.000186
        85         -0.88118250        0.000162
        86         -0.88118250        0.000142
        87         -0.88118250        0.000102
        88         -0.88118250        0.000102
        89         -0.88118250        0.000102
        90         -0.88118250        0.000074
        91         -0.88118250        0.000066
        92         -0.88118250        0.000056
        93         -0.88118250        0.000056
        94         -0.88118250        0.000056
        95         -0.88118250        0.000056
        96         -0.88118250        0.000056
        97         -0.88118250        0.000041
        98         -0.88118250        0.000041
        99         -0.88118250        0.000038
       100         -0.88118250        0.000033
       101         -0.88118250        0.000033
       102         -0.88118250        0.000033
       103         -0.88118250        0.000028
       104         -0.88118250        0.000021
       105         -0.88118250        0.000021
       106         -0.88118250        0.000015
       107         -0.88118250        0.000011
       108         -0.88118250        0.000007
       109         -0.88118250        0.000007
       110         -0.88118250        0.000007
       111         -0.88118250        0.000004
       112         -0.88118250        0.000004
       113         -0.88118250        0.000004
       114         -0.88118250        0.000004
       115         -0.88118250        0.000004
       116         -0.88118250        0.000004
       117         -0.88118250        0.000004
       118         -0.88118250        0.000004
       119         -0.88118250        0.000004
       120         -0.88118250        0.000003
       121         -0.88118250        0.000003
       122         -0.88118250        0.000003
       123         -0.88118250        0.000003
       124         -0.88118250        0.000002
       125         -0.88118250        0.000002
       126         -0.88118250        0.000002
       127         -0.88118250        0.000002
       128         -0.88118250        0.000002
       129         -0.88118250        0.000002
       130         -0.88118250        0.000002
       131         -0.88118250        0.000001
       132         -0.88118250        0.000001

 Reached Convergence

 WFN1                     :
 --------------------------
 Total WFN1 energy  =          -0.8811824986
 1-Electron energy  =          -1.7395735110
 2-Electron energy  =           0.3555479377
 Correlation energy =           0.0000000000
 DFT XC energy      =           0.0000000000
 Entropy energy     =           0.0000000000
 Nuclear energy     =           0.5028430747

 conventional Hartree-Fock:
 --------------------------
 Total SCF energy  =          -0.8811824986
 2-Electron energy =           0.3555479377

                WFN1 Final Natural orbital energies and occupations
                ---------------------------------------------------

              Alpha       Beta            Alpha       Beta  
            --------    --------        --------    --------
       1      0.0000      0.0000          1.0000      0.0000
       2      0.0000      0.0000          1.0000      0.0000
       3      0.0000      0.0000          0.0000      0.0000
       4      0.0000      0.0000          0.0000      0.0000

             WFN1 Final Correlation function energies and occupations
             --------------------------------------------------------

              Alpha       Beta            Alpha       Beta  
            --------    --------        --------    --------
       1      0.0000      0.0000          1.0000      0.0000
       2      0.0000      0.0000          1.0000      0.0000
       3      0.0000      0.0000          0.0000      0.0000
       4      0.0000      0.0000          0.0000      0.0000

                WFN1 Final alpha-alpha 2-matrix occupation numbers
                --------------------------------------------------


 global array: g_momo1[1:4,1:4],  handle: -990 

            1           2           3           4  
       ----------- ----------- ----------- -----------
   1       0.00000     1.00000     0.00000     0.00000
   2       1.00000     0.00000     0.00000     0.00000
   3       0.00000     0.00000    -0.00000     0.00000
   4       0.00000     0.00000     0.00000     0.00000

                 WFN1 Final beta-beta 2-matrix occupation numbers
                 ------------------------------------------------


 global array: g_momo2[1:4,1:4],  handle: -989 

            1           2           3           4  
       ----------- ----------- ----------- -----------
   1       0.00000     0.00000     0.00000     0.00000
   2       0.00000     0.00000     0.00000     0.00000
   3       0.00000     0.00000     0.00000     0.00000
   4       0.00000     0.00000     0.00000     0.00000

                  WFN1 Final alpha Correlation Function Analysis
                  ----------------------------------------------


 global array: Ca[1:4,1:4],  handle: -981 

                     1                       2                       3                       4  
       ----------------------- ----------------------- ----------------------- -----------------------
   1       0.66022,   -0.74077    -0.07897,    0.09556     0.00000,   -0.00000     0.00000,   -0.00000
   2      -0.01652,    0.12286    -0.09541,    0.98769     0.00000,    0.00000    -0.00000,   -0.00000
   3      -0.00000,   -0.00000     0.00000,    0.00000    -0.65597,    0.66356     0.25000,   -0.25862
   4       0.00000,    0.00000     0.00000,   -0.00000    -0.21446,   -0.28878    -0.56466,   -0.74281

                   WFN1 Final beta Correlation Function Analysis
                   ---------------------------------------------


 global array: Cb[1:4,1:4],  handle: -980 

                     1                       2                       3                       4  
       ----------------------- ----------------------- ----------------------- -----------------------
   1       0.66498,   -0.74362    -0.03349,    0.01350    -0.05244,    0.01376     0.00119,   -0.02405
   2       0.01020,    0.03057    -0.09199,    0.99239     0.00068,   -0.05526     0.05019,   -0.00891
   3      -0.02029,    0.05134    -0.04700,    0.01530    -0.65456,    0.65381     0.26672,   -0.25971
   4      -0.02140,    0.01671    -0.05426,    0.00043    -0.22695,   -0.29424    -0.56500,   -0.73417

                     WFN1 Final Alpha Natural Orbital Analysis
                     -----------------------------------------

 Vector    1  Occ=1.000000D+00  E= 0.000000D+00
              MO Center=  0.0D+00,  0.0D+00, -2.4D-02, r^2= 8.7D-01
   Bfn.  Coefficient  Atom+Function         Bfn.  Coefficient  Atom+Function  
  ----- ------------  ---------------      ----- ------------  ---------------
     1     -0.344625  1 H  s                  3     -0.332480  2 H  s          
     2     -0.313236  1 H  s                  4     -0.276629  2 H  s          

 Vector    2  Occ=1.000000D+00  E= 0.000000D+00
              MO Center=  0.0D+00,  0.0D+00,  2.4D-02, r^2= 1.6D+00
   Bfn.  Coefficient  Atom+Function         Bfn.  Coefficient  Atom+Function  
  ----- ------------  ---------------      ----- ------------  ---------------
     4     -0.971399  2 H  s                  2      0.960220  1 H  s          
     3     -0.326842  2 H  s                  1      0.314010  1 H  s          

 Vector    3  Occ=1.179455D-14  E= 0.000000D+00
              MO Center=  0.0D+00,  0.0D+00,  2.5D-02, r^2= 1.7D+00
   Bfn.  Coefficient  Atom+Function         Bfn.  Coefficient  Atom+Function  
  ----- ------------  ---------------      ----- ------------  ---------------
     3     -0.877939  2 H  s                  1     -0.845753  1 H  s          
     4      0.743989  2 H  s                  2      0.697236  1 H  s          

 Vector    4  Occ=6.652418D-15  E= 0.000000D+00
              MO Center=  0.0D+00,  0.0D+00, -2.5D-02, r^2= 1.8D+00
   Bfn.  Coefficient  Atom+Function         Bfn.  Coefficient  Atom+Function  
  ----- ------------  ---------------      ----- ------------  ---------------
     2     -1.361046  1 H  s                  4      1.336063  2 H  s          
     1      0.943349  1 H  s                  3     -0.913470  2 H  s          


                     WFN1 Final Beta Natural Orbital Analysis
                     ----------------------------------------

 Vector    1  Occ=0.000000D+00  E= 0.000000D+00
              MO Center=  0.0D+00,  0.0D+00, -5.6D-02, r^2= 9.9D-01
   Bfn.  Coefficient  Atom+Function         Bfn.  Coefficient  Atom+Function  
  ----- ------------  ---------------      ----- ------------  ---------------
     2     -0.430133  1 H  s                  3     -0.284554  2 H  s          
     4     -0.272690  2 H  s                  1     -0.251578  1 H  s          

 Vector    2  Occ=0.000000D+00  E= 0.000000D+00
              MO Center=  0.0D+00,  0.0D+00,  9.7D-02, r^2= 1.8D+00
   Bfn.  Coefficient  Atom+Function         Bfn.  Coefficient  Atom+Function  
  ----- ------------  ---------------      ----- ------------  ---------------
     4     -1.117807  2 H  s                  2      0.988702  1 H  s          
     1      0.308164  1 H  s                  3     -0.201149  2 H  s          

 Vector    3  Occ=0.000000D+00  E= 0.000000D+00
              MO Center=  0.0D+00,  0.0D+00, -1.7D-01, r^2= 1.6D+00
   Bfn.  Coefficient  Atom+Function         Bfn.  Coefficient  Atom+Function  
  ----- ------------  ---------------      ----- ------------  ---------------
     1     -0.950708  1 H  s                  2      0.882016  1 H  s          
     3     -0.812766  2 H  s                  4      0.494026  2 H  s          

 Vector    4  Occ=0.000000D+00  E= 0.000000D+00
              MO Center=  0.0D+00,  0.0D+00,  1.3D-01, r^2= 1.6D+00
   Bfn.  Coefficient  Atom+Function         Bfn.  Coefficient  Atom+Function  
  ----- ------------  ---------------      ----- ------------  ---------------
     4      1.338212  2 H  s                  2     -1.190893  1 H  s          
     3     -1.020075  2 H  s                  1      0.872049  1 H  s          


 Task  times  cpu:       14.1s     wall:       20.9s
 Summary of allocated global arrays
-----------------------------------
  No active global arrays



                         GA Statistics for process    0
                         ------------------------------

       create   destroy   get      put      acc     scatter   gather  read&inc
calls:   44       44     7.77e+06 2.69e+04 2.13e+04    0        0       11     
number of processes/call 1.00e+00 1.00e+00 1.00e+00 0.00e+00 0.00e+00
bytes total:             9.99e+08 4.76e+06 3.40e+06 0.00e+00 0.00e+00 8.80e+01
bytes remote:            0.00e+00 0.00e+00 0.00e+00 0.00e+00 0.00e+00 0.00e+00
Max memory consumed for GA by this process: 10624 bytes
MA_summarize_allocated_blocks: starting scan ...
MA_summarize_allocated_blocks: scan completed: 0 heap blocks, 0 stack blocks
MA usage statistics:

	allocation statistics:
					      heap	     stack
					      ----	     -----
	current number of blocks	         0	         0
	maximum number of blocks	        19	        17
	current total bytes		         0	         0
	maximum total bytes		   3204328	  22508616
	maximum total K-bytes		      3205	     22509
	maximum total M-bytes		         4	        23


                                NWChem Input Module
                                -------------------





                                     CITATION
                                     --------
                Please cite the following reference when publishing
                           results obtained with NWChem:

                 M. Valiev, E.J. Bylaska, N. Govind, K. Kowalski,
              T.P. Straatsma, H.J.J. van Dam, D. Wang, J. Nieplocha,
                        E. Apra, T.L. Windus, W.A. de Jong
                 "NWChem: a comprehensive and scalable open-source
                  solution for large scale molecular simulations"
                      Comput. Phys. Commun. 181, 1477 (2010)
                           doi:10.1016/j.cpc.2010.04.018

                                      AUTHORS
                                      -------
          E. Apra, E. J. Bylaska, W. A. de Jong, N. Govind, K. Kowalski,
       T. P. Straatsma, M. Valiev, H. J. J. van Dam, D. Wang, T. L. Windus,
        J. Hammond, J. Autschbach, K. Bhaskaran-Nair, J. Brabec, K. Lopata,
    S. A. Fischer, S. Krishnamoorthy, M. Jacquelin, W. Ma, M. Klemm, O. Villa,
      Y. Chen, V. Anisimov, F. Aquino, S. Hirata, M. T. Hackler, V. Konjkov,
      T. Risthaus, M. Malagoli, A. Marenich, A. Otero-de-la-Roza, J. Mullin,
        P. Nichols, R. Peverati, J. Pittner, Y. Zhao, P.-D. Fan, A. Fonari,
       M. Williamson, R. J. Harrison, J. R. Rehr, M. Dupuis, D. Silverstein,
    D. M. A. Smith, J. Nieplocha, V. Tipparaju, M. Krishnan, B. E. Van Kuiken,
        A. Vazquez-Mayagoitia, L. Jensen, M. Swart, Q. Wu, T. Van Voorhis,
     A. A. Auer, M. Nooijen, L. D. Crosby, E. Brown, G. Cisneros, G. I. Fann,
   H. Fruchtl, J. Garza, K. Hirao, R. A. Kendall, J. A. Nichols, K. Tsemekhman,
    K. Wolinski, J. Anchell, D. E. Bernholdt, P. Borowski, T. Clark, D. Clerc,
   H. Dachsel, M. J. O. Deegan, K. Dyall, D. Elwood, E. Glendening, M. Gutowski,
   A. C. Hess, J. Jaffe, B. G. Johnson, J. Ju, R. Kobayashi, R. Kutteh, Z. Lin,
   R. Littlefield, X. Long, B. Meng, T. Nakajima, S. Niu, L. Pollack, M. Rosing,
   K. Glaesemann, G. Sandrone, M. Stave, H. Taylor, G. Thomas, J. H. van Lenthe,
                               A. T. Wong, Z. Zhang.

 Total times  cpu:       14.1s     wall:       21.0s
