 argument  1 = input-hf.nw



============================== echo of input deck ==============================
echo
start hf_dat
geometry units au noautoz
  H 0 0 -1.74434600000000000000
  H 0 0  1.74434600000000000000
  symmetry cs
end
basis
  H library 6-31g
end
scf
  nopen 2
  rohf
end
task scf energy
================================================================================


                                         
                                         


              Northwest Computational Chemistry Package (NWChem) 6.8
              ------------------------------------------------------


                    Environmental Molecular Sciences Laboratory
                       Pacific Northwest National Laboratory
                                Richland, WA 99352

                              Copyright (c) 1994-2015
                       Pacific Northwest National Laboratory
                            Battelle Memorial Institute

             NWChem is an open-source computational chemistry package
                        distributed under the terms of the
                      Educational Community License (ECL) 2.0
             A copy of the license is included with this distribution
                              in the LICENSE.TXT file

                                  ACKNOWLEDGMENT
                                  --------------

            This software and its documentation were developed at the
            EMSL at Pacific Northwest National Laboratory, a multiprogram
            national laboratory, operated for the U.S. Department of Energy
            by Battelle under Contract Number DE-AC05-76RL01830. Support
            for this work was provided by the Department of Energy Office
            of Biological and Environmental Research, Office of Basic
            Energy Sciences, and the Office of Advanced Scientific Computing.


           Job information
           ---------------

    hostname        = erato
    program         = ../../../bin/LINUX64/nwchem
    date            = Sat Mar  6 01:25:06 2021

    compiled        = Sat_Mar_06_01:07:04_2021
    source          = /home/hvandam/nwchem-1-wfn1
    nwchem branch   = Development
    nwchem revision = nwchem_on_git-124-gad72d19fff205e319ffbbf2bca37a04ded6ad57b
    ga revision     = nwchem_on_git-124-gad72d19
    use scalapack   = F
    input           = input-hf.nw
    prefix          = hf_dat.
    data base       = ./hf_dat.db
    status          = startup
    nproc           =        1
    time left       =     -1s



           Memory information
           ------------------

    heap     =   13107194 doubles =    100.0 Mbytes
    stack    =   13107199 doubles =    100.0 Mbytes
    global   =   26214400 doubles =    200.0 Mbytes (distinct from heap & stack)
    total    =   52428793 doubles =    400.0 Mbytes
    verify   = yes
    hardfail = no 


           Directory information
           ---------------------

  0 permanent = .
  0 scratch   = .




                                NWChem Input Module
                                -------------------


 Turning off AUTOSYM since
 SYMMETRY directive was detected!



                             Geometry "geometry" -> ""
                             -------------------------

 Output coordinates in a.u. (scale by  1.000000000 to convert to a.u.)

  No.       Tag          Charge          X              Y              Z
 ---- ---------------- ---------- -------------- -------------- --------------
    1 H                    1.0000     0.00000000     0.00000000    -1.74434600
    2 H                    1.0000     0.00000000     0.00000000     1.74434600

      Atomic Mass 
      ----------- 

      H                  1.007825


 Effective nuclear repulsion energy (a.u.)       0.2866403798

            Nuclear Dipole moment (a.u.) 
            ----------------------------
        X                 Y               Z
 ---------------- ---------------- ----------------
     0.0000000000     0.0000000000     0.0000000000

      Symmetry information
      --------------------

 Group name             Cs        
 Group number              2
 Group order               2
 No. of unique centers     1

      Symmetry unique atoms

     1


            XYZ format geometry
            -------------------
     2
 geometry
 H                     0.00000000     0.00000000    -0.92306822
 H                     0.00000000     0.00000000     0.92306822

                      Basis "ao basis" -> "" (cartesian)
                      -----
  H (Hydrogen)
  ------------
            Exponent  Coefficients 
       -------------- ---------------------------------------------------------
  1 S  1.87311370E+01  0.033495
  1 S  2.82539370E+00  0.234727
  1 S  6.40121700E-01  0.813757

  2 S  1.61277800E-01  1.000000



 Summary of "ao basis" -> "" (cartesian)
 ------------------------------------------------------------------------------
       Tag                 Description            Shells   Functions and Types
 ---------------- ------------------------------  ------  ---------------------
 H                           6-31g                   2        2   2s


                                 NWChem SCF Module
                                 -----------------



  ao basis        = "ao basis"
  functions       =     4
  atoms           =     2
  closed shells   =     0
  open shells     =     2
  charge          =   0.00
  wavefunction    = ROHF
  input vectors   = atomic
  output vectors  = ./hf_dat.movecs
  use symmetry    = T
  symmetry adapt  = T


 Summary of "ao basis" -> "ao basis" (cartesian)
 ------------------------------------------------------------------------------
       Tag                 Description            Shells   Functions and Types
 ---------------- ------------------------------  ------  ---------------------
 H                           6-31g                   2        2   2s


      Symmetry analysis of basis
      --------------------------

        a'          2
        a"          2


 Forming initial guess at       0.0s


      Superposition of Atomic Density Guess
      -------------------------------------

 Sum of atomic energies:          -0.99646508

      Non-variational initial energy
      ------------------------------

 Total energy =      -0.700235
 1-e energy   =      -1.568456
 2-e energy   =       0.581581
 HOMO         =      -0.284813
 LUMO         =      -0.086341


      Symmetry analysis of molecular orbitals - initial
      -------------------------------------------------

  Numbering of irreducible representations: 

     1 a'          2 a"      

  Orbital symmetries:

     1 a'          2 a"          3 a"          4 a'      


 Starting SCF solution at       0.0s



 ----------------------------------------------
         Quadratically convergent ROHF

 Convergence threshold     :          1.000E-04
 Maximum no. of iterations :           30
 Final Fock-matrix accuracy:          1.000E-07
 ----------------------------------------------


 #quartets = 3.700D+01 #integrals = 3.700D+01 #direct =  0.0% #cached =100.0%


 Integral file          = ./hf_dat.aoints.0
 Record size in doubles =    65536    No. of integs per rec  =    43688
 Max. records in memory =        2    Max. records in file   =  4850072
 No. of bits per label  =        8    No. of bits per value  =       64


              iter       energy          gnorm     gmax       time
             ----- ------------------- --------- --------- --------
                 1       -0.9687253382  2.19D-01  1.58D-01      0.0
                 2       -0.9809814319  2.47D-03  1.87D-03      0.0
                 3       -0.9809827255  8.05D-08  6.33D-08      0.0


       Final ROHF results 
       ------------------ 

         Total SCF energy =     -0.980982725484
      One-electron energy =     -1.534255216324
      Two-electron energy =      0.266632111007
 Nuclear repulsion energy =      0.286640379833

        Time for solution =      0.0s



       Symmetry analysis of molecular orbitals - final
       -----------------------------------------------

  Numbering of irreducible representations: 

     1 a'          2 a"      

  Orbital symmetries:

     1 a'          2 a"          3 a"          4 a'      

             Final eigenvalues
             -----------------

              1      
    1   -0.2465
    2   -0.1099
    3    1.0215
    4    1.0292

                       ROHF Final Molecular Orbital Analysis
                       -------------------------------------

 Vector    1  Occ=1.000000D+00  E=-2.465094D-01  Symmetry=a'
              MO Center=  0.0D+00,  0.0D+00, -2.8D-17, r^2= 1.5D+00
   Bfn.  Coefficient  Atom+Function         Bfn.  Coefficient  Atom+Function  
  ----- ------------  ---------------      ----- ------------  ---------------
     2      0.404932  1 H  s                  4      0.404932  2 H  s          
     1      0.292748  1 H  s                  3      0.292748  2 H  s          

 Vector    2  Occ=1.000000D+00  E=-1.099275D-01  Symmetry=a"
              MO Center=  0.0D+00,  0.0D+00,  5.6D-17, r^2= 1.9D+00
   Bfn.  Coefficient  Atom+Function         Bfn.  Coefficient  Atom+Function  
  ----- ------------  ---------------      ----- ------------  ---------------
     2      0.569636  1 H  s                  4     -0.569636  2 H  s          
     1      0.323865  1 H  s                  3     -0.323865  2 H  s          

 Vector    3  Occ=0.000000D+00  E= 1.021474D+00  Symmetry=a"
              MO Center=  0.0D+00,  0.0D+00,  0.0D+00, r^2= 2.6D+00
   Bfn.  Coefficient  Atom+Function         Bfn.  Coefficient  Atom+Function  
  ----- ------------  ---------------      ----- ------------  ---------------
     2      1.059048  1 H  s                  4     -1.059048  2 H  s          
     1     -0.901117  1 H  s                  3      0.901117  2 H  s          

 Vector    4  Occ=0.000000D+00  E= 1.029197D+00  Symmetry=a'
              MO Center=  0.0D+00,  0.0D+00, -1.1D-16, r^2= 1.9D+00
   Bfn.  Coefficient  Atom+Function         Bfn.  Coefficient  Atom+Function  
  ----- ------------  ---------------      ----- ------------  ---------------
     1      0.900123  1 H  s                  3      0.900123  2 H  s          
     2     -0.704839  1 H  s                  4     -0.704839  2 H  s          


 center of mass
 --------------
 x =   0.00000000 y =   0.00000000 z =   0.00000000

 moments of inertia (a.u.)
 ------------------
           6.133104862877           0.000000000000           0.000000000000
           0.000000000000           6.133104862877           0.000000000000
           0.000000000000           0.000000000000           0.000000000000

  Mulliken analysis of the total density
  --------------------------------------

    Atom       Charge   Shell Charges
 -----------   ------   -------------------------------------------------------
    1 H    1     1.00   0.38  0.62
    2 H    1     1.00   0.38  0.62

 Mulliken analysis of the open-shell density
 -------------------------------------------

    Atom       Charge   Shell Charges
 -----------   ------   -------------------------------------------------------
    1 H    1     1.00   0.38  0.62
    2 H    1     1.00   0.38  0.62

       Multipole analysis of the density wrt the origin
       ------------------------------------------------

     L   x y z        total         open         nuclear
     -   - - -        -----         ----         -------
     0   0 0 0     -0.000000     -2.000000      2.000000

     1   1 0 0      0.000000      0.000000      0.000000
     1   0 1 0      0.000000      0.000000      0.000000
     1   0 0 1      0.000000      0.000000      0.000000

     2   2 0 0     -1.878535     -1.878535      0.000000
     2   1 1 0      0.000000      0.000000      0.000000
     2   1 0 1      0.000000      0.000000      0.000000
     2   0 2 0     -1.878535     -1.878535      0.000000
     2   0 1 1      0.000000      0.000000      0.000000
     2   0 0 2     -2.310918     -8.396404      6.085486


 Parallel integral file used       1 records with       0 large values


 Task  times  cpu:        0.0s     wall:        0.1s
 Summary of allocated global arrays
-----------------------------------
  No active global arrays



                         GA Statistics for process    0
                         ------------------------------

       create   destroy   get      put      acc     scatter   gather  read&inc
calls:  243      243      877      426      350        5        0      158     
number of processes/call 1.00e+00 1.00e+00 1.00e+00 0.00e+00 0.00e+00
bytes total:             4.99e+04 2.87e+04 1.36e+04 3.20e+01 0.00e+00 1.26e+03
bytes remote:            0.00e+00 0.00e+00 0.00e+00 0.00e+00 0.00e+00 0.00e+00
Max memory consumed for GA by this process: 2816 bytes
MA_summarize_allocated_blocks: starting scan ...
MA_summarize_allocated_blocks: scan completed: 0 heap blocks, 0 stack blocks
MA usage statistics:

	allocation statistics:
					      heap	     stack
					      ----	     -----
	current number of blocks	         0	         0
	maximum number of blocks	        18	        14
	current total bytes		         0	         0
	maximum total bytes		   1052824	  22509016
	maximum total K-bytes		      1053	     22510
	maximum total M-bytes		         2	        23


                                NWChem Input Module
                                -------------------





                                     CITATION
                                     --------
                Please cite the following reference when publishing
                           results obtained with NWChem:

                 M. Valiev, E.J. Bylaska, N. Govind, K. Kowalski,
              T.P. Straatsma, H.J.J. van Dam, D. Wang, J. Nieplocha,
                        E. Apra, T.L. Windus, W.A. de Jong
                 "NWChem: a comprehensive and scalable open-source
                  solution for large scale molecular simulations"
                      Comput. Phys. Commun. 181, 1477 (2010)
                           doi:10.1016/j.cpc.2010.04.018

                                      AUTHORS
                                      -------
          E. Apra, E. J. Bylaska, W. A. de Jong, N. Govind, K. Kowalski,
       T. P. Straatsma, M. Valiev, H. J. J. van Dam, D. Wang, T. L. Windus,
        J. Hammond, J. Autschbach, K. Bhaskaran-Nair, J. Brabec, K. Lopata,
    S. A. Fischer, S. Krishnamoorthy, M. Jacquelin, W. Ma, M. Klemm, O. Villa,
      Y. Chen, V. Anisimov, F. Aquino, S. Hirata, M. T. Hackler, V. Konjkov,
      T. Risthaus, M. Malagoli, A. Marenich, A. Otero-de-la-Roza, J. Mullin,
        P. Nichols, R. Peverati, J. Pittner, Y. Zhao, P.-D. Fan, A. Fonari,
       M. Williamson, R. J. Harrison, J. R. Rehr, M. Dupuis, D. Silverstein,
    D. M. A. Smith, J. Nieplocha, V. Tipparaju, M. Krishnan, B. E. Van Kuiken,
        A. Vazquez-Mayagoitia, L. Jensen, M. Swart, Q. Wu, T. Van Voorhis,
     A. A. Auer, M. Nooijen, L. D. Crosby, E. Brown, G. Cisneros, G. I. Fann,
   H. Fruchtl, J. Garza, K. Hirao, R. A. Kendall, J. A. Nichols, K. Tsemekhman,
    K. Wolinski, J. Anchell, D. E. Bernholdt, P. Borowski, T. Clark, D. Clerc,
   H. Dachsel, M. J. O. Deegan, K. Dyall, D. Elwood, E. Glendening, M. Gutowski,
   A. C. Hess, J. Jaffe, B. G. Johnson, J. Ju, R. Kobayashi, R. Kutteh, Z. Lin,
   R. Littlefield, X. Long, B. Meng, T. Nakajima, S. Niu, L. Pollack, M. Rosing,
   K. Glaesemann, G. Sandrone, M. Stave, H. Taylor, G. Thomas, J. H. van Lenthe,
                               A. T. Wong, Z. Zhang.

 Total times  cpu:        0.0s     wall:        0.1s
