 argument  1 = input-wf.nw



============================== echo of input deck ==============================
echo
start wfn1_dat
geometry units au noautoz
  H 0 0 -5.19434600000000000000
  H 0 0  5.19434600000000000000
  symmetry cs
end
basis
  H library 6-31g
end
set wfn1:input_vectors "atomic"
set wfn1:solver "monte-carlo"
set wfn1:print_error F
set wfn1:t_initial 0.1
set wfn1:nopen 2
#set wfn1:corr_expr "wfn1_mx"
set wfn1:corr_expr "wfn1c"
set wfn1:t_bath 0.0
set wfn1:maxit  20000
task wfn1 energy
================================================================================


                                         
                                         


              Northwest Computational Chemistry Package (NWChem) 6.8
              ------------------------------------------------------


                    Environmental Molecular Sciences Laboratory
                       Pacific Northwest National Laboratory
                                Richland, WA 99352

                              Copyright (c) 1994-2015
                       Pacific Northwest National Laboratory
                            Battelle Memorial Institute

             NWChem is an open-source computational chemistry package
                        distributed under the terms of the
                      Educational Community License (ECL) 2.0
             A copy of the license is included with this distribution
                              in the LICENSE.TXT file

                                  ACKNOWLEDGMENT
                                  --------------

            This software and its documentation were developed at the
            EMSL at Pacific Northwest National Laboratory, a multiprogram
            national laboratory, operated for the U.S. Department of Energy
            by Battelle under Contract Number DE-AC05-76RL01830. Support
            for this work was provided by the Department of Energy Office
            of Biological and Environmental Research, Office of Basic
            Energy Sciences, and the Office of Advanced Scientific Computing.


           Job information
           ---------------

    hostname        = erato
    program         = ../../../bin/LINUX64/nwchem
    date            = Sat Mar  6 01:49:39 2021

    compiled        = Sat_Mar_06_01:07:04_2021
    source          = /home/hvandam/nwchem-1-wfn1
    nwchem branch   = Development
    nwchem revision = nwchem_on_git-124-gad72d19fff205e319ffbbf2bca37a04ded6ad57b
    ga revision     = nwchem_on_git-124-gad72d19
    use scalapack   = F
    input           = input-wf.nw
    prefix          = wfn1_dat.
    data base       = ./wfn1_dat.db
    status          = startup
    nproc           =        1
    time left       =     -1s



           Memory information
           ------------------

    heap     =   13107200 doubles =    100.0 Mbytes
    stack    =   13107197 doubles =    100.0 Mbytes
    global   =   26214400 doubles =    200.0 Mbytes (distinct from heap & stack)
    total    =   52428797 doubles =    400.0 Mbytes
    verify   = yes
    hardfail = no 


           Directory information
           ---------------------

  0 permanent = .
  0 scratch   = .




                                NWChem Input Module
                                -------------------


 Turning off AUTOSYM since
 SYMMETRY directive was detected!



                             Geometry "geometry" -> ""
                             -------------------------

 Output coordinates in a.u. (scale by  1.000000000 to convert to a.u.)

  No.       Tag          Charge          X              Y              Z
 ---- ---------------- ---------- -------------- -------------- --------------
    1 H                    1.0000     0.00000000     0.00000000    -5.19434600
    2 H                    1.0000     0.00000000     0.00000000     5.19434600

      Atomic Mass 
      ----------- 

      H                  1.007825


 Effective nuclear repulsion energy (a.u.)       0.0962585088

            Nuclear Dipole moment (a.u.) 
            ----------------------------
        X                 Y               Z
 ---------------- ---------------- ----------------
     0.0000000000     0.0000000000     0.0000000000

      Symmetry information
      --------------------

 Group name             Cs        
 Group number              2
 Group order               2
 No. of unique centers     1

      Symmetry unique atoms

     1


            XYZ format geometry
            -------------------
     2
 geometry
 H                     0.00000000     0.00000000    -2.74872973
 H                     0.00000000     0.00000000     2.74872973

                      Basis "ao basis" -> "" (cartesian)
                      -----
  H (Hydrogen)
  ------------
            Exponent  Coefficients 
       -------------- ---------------------------------------------------------
  1 S  1.87311370E+01  0.033495
  1 S  2.82539370E+00  0.234727
  1 S  6.40121700E-01  0.813757

  2 S  1.61277800E-01  1.000000



 Summary of "ao basis" -> "" (cartesian)
 ------------------------------------------------------------------------------
       Tag                 Description            Shells   Functions and Types
 ---------------- ------------------------------  ------  ---------------------
 H                           6-31g                   2        2   2s



                                NWChem WFN1 Module
                                ------------------



          No. of electrons :     2
           Alpha electrons :     2
            Beta electrons :     0
          Charge           :     0
          Spin multiplicity:     3

 HvD: wfn1_inpdft
 HvD: nquad_task =                     1
 HvD: iangquad   =                     0
 HvD: gridtype   = user      
 HvD: leb        =  T
 HvD: radgrid    = murakn    
 HvD: trunc_neigh=  T
 HvD: lssw       =  T
 HvD: whichssw   = erf1    
 HvD: mxnrad     =                     0
 HvD: mxnang     =                     0
 HVD: wfn1: movecs_in  = atomic                                                                                                                                                                                                                                                          
 HVD: wfn1: movecs_out = ./wfn1_dat.movecs                                                                                                                                                                                                                                               

      Superposition of Atomic Density Guess
      -------------------------------------

 Sum of atomic energies:          -0.99646508

      Non-variational initial energy
      ------------------------------

 Total energy =      -0.682110
 1-e energy   =      -1.188983
 2-e energy   =       0.410615
 HOMO         =      -0.191294
 LUMO         =      -0.191077

 iteration              energy           error
 ---------              ------           -----
         0         -0.98469738        0.080000
         1         -0.98583273        0.080000
         2         -0.98693120        0.080000
         3         -0.98845443        0.080000
         4         -0.98865357        0.080000
         5         -0.98900849        0.080000
         6         -0.99010203        0.080000
         7         -0.99052197        0.080000
         8         -0.99146157        0.080000
         9         -0.99178585        0.080000
        10         -0.99210829        0.080000
        11         -0.99301992        0.080000
        12         -0.99322651        0.080000
        13         -0.99434359        0.080000
        14         -0.99442678        0.080000
        15         -0.99474726        0.080000
        16         -0.99480858        0.080000
        17         -0.99509171        0.080000
        18         -0.99567514        0.080000
        19         -0.99575722        0.080000
        20         -0.99590959        0.080000
        21         -0.99594600        0.080000
        22         -0.99614816        0.080000
        23         -0.99633393        0.080000
        24         -0.99634594        0.062265
        25         -0.99636630        0.062265
        26         -0.99640123        0.044884
        27         -0.99640659        0.044884
        28         -0.99641442        0.044884
        29         -0.99641988        0.039223
        30         -0.99642341        0.034942
        31         -0.99643133        0.034942
        32         -0.99644124        0.025188
        33         -0.99644648        0.022011
        34         -0.99645083        0.022011
        35         -0.99645384        0.018869
        36         -0.99645499        0.016489
        37         -0.99645508        0.016489
        38         -0.99645858        0.014135
        39         -0.99645894        0.012352
        40         -0.99645980        0.012352
        41         -0.99645991        0.008904
        42         -0.99646050        0.008904
        43         -0.99646186        0.008904
        44         -0.99646299        0.008904
        45         -0.99646315        0.008904
        46         -0.99646315        0.006543
        47         -0.99646316        0.006543
        48         -0.99646396        0.006543
        49         -0.99646421        0.006058
        50         -0.99646469        0.006058
        51         -0.99646488        0.006058
        52         -0.99646500        0.004538
        53         -0.99646510        0.004043
        54         -0.99646537        0.004043
        55         -0.99646538        0.004043
        56         -0.99646543        0.002914
        57         -0.99646545        0.002914
        58         -0.99646549        0.002914
        59         -0.99646550        0.002596
        60         -0.99646554        0.002596
        61         -0.99646557        0.002596
        62         -0.99646567        0.002596
        63         -0.99646568        0.002313
        64         -0.99646570        0.001766
        65         -0.99646571        0.001766
        66         -0.99646573        0.001514
        67         -0.99646578        0.001323
        68         -0.99646578        0.001323
        69         -0.99646579        0.001134
        70         -0.99646580        0.000991
        71         -0.99646580        0.000850
        72         -0.99646580        0.000728
        73         -0.99646581        0.000728
        74         -0.99646581        0.000728
        75         -0.99646582        0.000525
        76         -0.99646582        0.000468
        77         -0.99646582        0.000468
        78         -0.99646583        0.000468
        79         -0.99646583        0.000337
        80         -0.99646583        0.000337
        81         -0.99646583        0.000300
        82         -0.99646583        0.000300
        83         -0.99646583        0.000262
        84         -0.99646583        0.000262
        85         -0.99646583        0.000262
        86         -0.99646583        0.000262
        87         -0.99646583        0.000262
        88         -0.99646583        0.000193
        89         -0.99646583        0.000193
        90         -0.99646583        0.000179
        91         -0.99646583        0.000179
        92         -0.99646583        0.000156
        93         -0.99646583        0.000096
        94         -0.99646583        0.000096
        95         -0.99646583        0.000096
        96         -0.99646583        0.000096
        97         -0.99646583        0.000096
        98         -0.99646583        0.000096
        99         -0.99646583        0.000096
       100         -0.99646583        0.000096
       101         -0.99646583        0.000096
       102         -0.99646583        0.000083
       103         -0.99646583        0.000083
       104         -0.99646583        0.000083
       105         -0.99646583        0.000070
       106         -0.99646583        0.000062
       107         -0.99646583        0.000062
       108         -0.99646583        0.000053
       109         -0.99646583        0.000053
       110         -0.99646583        0.000053
       111         -0.99646583        0.000046
       112         -0.99646583        0.000046
       113         -0.99646583        0.000029
       114         -0.99646583        0.000026
       115         -0.99646583        0.000026
       116         -0.99646583        0.000026
       117         -0.99646583        0.000022
       118         -0.99646583        0.000019
       119         -0.99646583        0.000014
       120         -0.99646583        0.000014
       121         -0.99646583        0.000014
       122         -0.99646583        0.000014
       123         -0.99646583        0.000014
       124         -0.99646583        0.000012
       125         -0.99646583        0.000009
       126         -0.99646583        0.000009
       127         -0.99646583        0.000009
       128         -0.99646583        0.000009
       129         -0.99646583        0.000008
       130         -0.99646583        0.000008
       131         -0.99646583        0.000008
       132         -0.99646583        0.000006
       133         -0.99646583        0.000005
       134         -0.99646583        0.000005
       135         -0.99646583        0.000005
       136         -0.99646583        0.000005
       137         -0.99646583        0.000005
       138         -0.99646583        0.000004
       139         -0.99646583        0.000003
       140         -0.99646583        0.000003
       141         -0.99646583        0.000003
       142         -0.99646583        0.000002
       143         -0.99646583        0.000002
       144         -0.99646583        0.000002
       145         -0.99646583        0.000002
       146         -0.99646583        0.000002
       147         -0.99646583        0.000002
       148         -0.99646583        0.000001
       149         -0.99646583        0.000001
       150         -0.99646583        0.000001
       151         -0.99646583        0.000001

 Reached Convergence

 WFN1                     :
 --------------------------
 Total WFN1 energy  =          -0.9964658308
 1-Electron energy  =          -1.1889828551
 2-Electron energy  =           0.0962585156
 Correlation energy =           0.0000000000
 DFT XC energy      =           0.0000000000
 Entropy energy     =           0.0000000000
 Nuclear energy     =           0.0962585088

 conventional Hartree-Fock:
 --------------------------
 Total SCF energy  =          -0.9964658308
 2-Electron energy =           0.0962585156

                WFN1 Final Natural orbital energies and occupations
                ---------------------------------------------------

              Alpha       Beta            Alpha       Beta  
            --------    --------        --------    --------
       1      0.0000      0.0000          1.0000      0.0000
       2      0.0000      0.0000          1.0000      0.0000
       3      0.0000      0.0000          0.0000      0.0000
       4      0.0000      0.0000          0.0000      0.0000

             WFN1 Final Correlation function energies and occupations
             --------------------------------------------------------

              Alpha       Beta            Alpha       Beta  
            --------    --------        --------    --------
       1      0.0000      0.0000          1.0000      0.0000
       2      0.0000      0.0000          1.0000      0.0000
       3      0.0000      0.0000          0.0000      0.0000
       4      0.0000      0.0000          0.0000      0.0000

                WFN1 Final alpha-alpha 2-matrix occupation numbers
                --------------------------------------------------


 global array: g_momo1[1:4,1:4],  handle: -990 

            1           2           3           4  
       ----------- ----------- ----------- -----------
   1      -0.00000     1.00000     0.00000     0.00000
   2       1.00000     0.00000     0.00000     0.00000
   3       0.00000     0.00000    -0.00000     0.00000
   4       0.00000     0.00000     0.00000     0.00000

                 WFN1 Final beta-beta 2-matrix occupation numbers
                 ------------------------------------------------


 global array: g_momo2[1:4,1:4],  handle: -989 

            1           2           3           4  
       ----------- ----------- ----------- -----------
   1       0.00000     0.00000     0.00000     0.00000
   2       0.00000     0.00000     0.00000     0.00000
   3       0.00000     0.00000     0.00000     0.00000
   4       0.00000     0.00000     0.00000     0.00000

                  WFN1 Final alpha Correlation Function Analysis
                  ----------------------------------------------


 global array: Ca[1:4,1:4],  handle: -977 

                     1                       2                       3                       4  
       ----------------------- ----------------------- ----------------------- -----------------------
   1       0.44249,   -0.53093     0.46644,   -0.55204    -0.00000,    0.00000    -0.00000,   -0.00000
   2       0.16063,   -0.70464    -0.15816,    0.67280    -0.00000,   -0.00000     0.00000,    0.00000
   3      -0.00000,   -0.00000    -0.00000,   -0.00000     0.23687,   -0.66767     0.23508,   -0.66547
   4      -0.00000,   -0.00000     0.00000,    0.00000     0.70307,   -0.06168    -0.70564,    0.06286

                   WFN1 Final beta Correlation Function Analysis
                   ---------------------------------------------


 global array: Cb[1:4,1:4],  handle: -976 

                     1                       2                       3                       4  
       ----------------------- ----------------------- ----------------------- -----------------------
   1       0.40863,   -0.53885     0.44353,   -0.58130     0.00315,   -0.07371     0.05079,    0.00439
   2       0.19505,   -0.70331    -0.19045,    0.65108     0.01186,   -0.03134     0.03155,    0.07072
   3       0.01302,    0.03810    -0.04362,    0.04462     0.24955,   -0.69099     0.22759,   -0.63478
   4      -0.06905,   -0.05981     0.02774,   -0.02307     0.67023,   -0.06690    -0.72958,    0.06621

                     WFN1 Final Alpha Natural Orbital Analysis
                     -----------------------------------------

 Vector    1  Occ=1.000000D+00  E= 0.000000D+00
              MO Center=  0.0D+00,  0.0D+00,  3.8D-02, r^2= 8.4D+00
   Bfn.  Coefficient  Atom+Function         Bfn.  Coefficient  Atom+Function  
  ----- ------------  ---------------      ----- ------------  ---------------
     4     -0.473855  2 H  s                  2     -0.467309  1 H  s          
     3     -0.304250  2 H  s                  1     -0.300044  1 H  s          

 Vector    2  Occ=1.000000D+00  E= 0.000000D+00
              MO Center=  0.0D+00,  0.0D+00, -3.8D-02, r^2= 8.4D+00
   Bfn.  Coefficient  Atom+Function         Bfn.  Coefficient  Atom+Function  
  ----- ------------  ---------------      ----- ------------  ---------------
     2      0.473757  1 H  s                  4     -0.467210  2 H  s          
     1      0.304418  1 H  s                  3     -0.300214  2 H  s          

 Vector    3  Occ=3.697096D-15  E= 0.000000D+00
              MO Center=  0.0D+00,  0.0D+00, -1.1D-01, r^2= 8.7D+00
   Bfn.  Coefficient  Atom+Function         Bfn.  Coefficient  Atom+Function  
  ----- ------------  ---------------      ----- ------------  ---------------
     1     -0.907688  1 H  s                  3     -0.870654  2 H  s          
     2      0.829564  1 H  s                  4      0.795704  2 H  s          

 Vector    4  Occ=1.063535D-14  E= 0.000000D+00
              MO Center=  0.0D+00,  0.0D+00,  1.1D-01, r^2= 8.8D+00
   Bfn.  Coefficient  Atom+Function         Bfn.  Coefficient  Atom+Function  
  ----- ------------  ---------------      ----- ------------  ---------------
     3      0.907755  2 H  s                  1     -0.870723  1 H  s          
     4     -0.829930  2 H  s                  2      0.796086  1 H  s          


                     WFN1 Final Beta Natural Orbital Analysis
                     ----------------------------------------

 Vector    1  Occ=0.000000D+00  E= 0.000000D+00
              MO Center=  0.0D+00,  0.0D+00,  2.1D-03, r^2= 8.5D+00
   Bfn.  Coefficient  Atom+Function         Bfn.  Coefficient  Atom+Function  
  ----- ------------  ---------------      ----- ------------  ---------------
     4     -0.529523  2 H  s                  2     -0.514012  1 H  s          
     1     -0.253122  1 H  s                  3     -0.235754  2 H  s          

 Vector    2  Occ=0.000000D+00  E= 0.000000D+00
              MO Center=  0.0D+00,  0.0D+00, -1.0D-02, r^2= 8.5D+00
   Bfn.  Coefficient  Atom+Function         Bfn.  Coefficient  Atom+Function  
  ----- ------------  ---------------      ----- ------------  ---------------
     2      0.577428  1 H  s                  4     -0.510804  2 H  s          
     3     -0.255605  2 H  s                  1      0.179357  1 H  s          

 Vector    3  Occ=0.000000D+00  E= 0.000000D+00
              MO Center=  0.0D+00,  0.0D+00, -9.8D-02, r^2= 8.7D+00
   Bfn.  Coefficient  Atom+Function         Bfn.  Coefficient  Atom+Function  
  ----- ------------  ---------------      ----- ------------  ---------------
     1     -0.932515  1 H  s                  3     -0.879309  2 H  s          
     4      0.788571  2 H  s                  2      0.771777  1 H  s          

 Vector    4  Occ=0.000000D+00  E= 0.000000D+00
              MO Center=  0.0D+00,  0.0D+00,  1.1D-01, r^2= 8.6D+00
   Bfn.  Coefficient  Atom+Function         Bfn.  Coefficient  Atom+Function  
  ----- ------------  ---------------      ----- ------------  ---------------
     3      0.933089  2 H  s                  1     -0.893828  1 H  s          
     4     -0.775624  2 H  s                  2      0.755964  1 H  s          


 Task  times  cpu:       14.2s     wall:       21.5s
 Summary of allocated global arrays
-----------------------------------
  No active global arrays



                         GA Statistics for process    0
                         ------------------------------

       create   destroy   get      put      acc     scatter   gather  read&inc
calls:   44       44     8.61e+06 2.98e+04 2.36e+04    0        0       10     
number of processes/call 1.00e+00 1.00e+00 1.00e+00 0.00e+00 0.00e+00
bytes total:             1.11e+09 5.27e+06 3.76e+06 0.00e+00 0.00e+00 8.00e+01
bytes remote:            0.00e+00 0.00e+00 0.00e+00 0.00e+00 0.00e+00 0.00e+00
Max memory consumed for GA by this process: 10624 bytes
MA_summarize_allocated_blocks: starting scan ...
MA_summarize_allocated_blocks: scan completed: 0 heap blocks, 0 stack blocks
MA usage statistics:

	allocation statistics:
					      heap	     stack
					      ----	     -----
	current number of blocks	         0	         0
	maximum number of blocks	        19	        17
	current total bytes		         0	         0
	maximum total bytes		   3204328	  22508616
	maximum total K-bytes		      3205	     22509
	maximum total M-bytes		         4	        23


                                NWChem Input Module
                                -------------------





                                     CITATION
                                     --------
                Please cite the following reference when publishing
                           results obtained with NWChem:

                 M. Valiev, E.J. Bylaska, N. Govind, K. Kowalski,
              T.P. Straatsma, H.J.J. van Dam, D. Wang, J. Nieplocha,
                        E. Apra, T.L. Windus, W.A. de Jong
                 "NWChem: a comprehensive and scalable open-source
                  solution for large scale molecular simulations"
                      Comput. Phys. Commun. 181, 1477 (2010)
                           doi:10.1016/j.cpc.2010.04.018

                                      AUTHORS
                                      -------
          E. Apra, E. J. Bylaska, W. A. de Jong, N. Govind, K. Kowalski,
       T. P. Straatsma, M. Valiev, H. J. J. van Dam, D. Wang, T. L. Windus,
        J. Hammond, J. Autschbach, K. Bhaskaran-Nair, J. Brabec, K. Lopata,
    S. A. Fischer, S. Krishnamoorthy, M. Jacquelin, W. Ma, M. Klemm, O. Villa,
      Y. Chen, V. Anisimov, F. Aquino, S. Hirata, M. T. Hackler, V. Konjkov,
      T. Risthaus, M. Malagoli, A. Marenich, A. Otero-de-la-Roza, J. Mullin,
        P. Nichols, R. Peverati, J. Pittner, Y. Zhao, P.-D. Fan, A. Fonari,
       M. Williamson, R. J. Harrison, J. R. Rehr, M. Dupuis, D. Silverstein,
    D. M. A. Smith, J. Nieplocha, V. Tipparaju, M. Krishnan, B. E. Van Kuiken,
        A. Vazquez-Mayagoitia, L. Jensen, M. Swart, Q. Wu, T. Van Voorhis,
     A. A. Auer, M. Nooijen, L. D. Crosby, E. Brown, G. Cisneros, G. I. Fann,
   H. Fruchtl, J. Garza, K. Hirao, R. A. Kendall, J. A. Nichols, K. Tsemekhman,
    K. Wolinski, J. Anchell, D. E. Bernholdt, P. Borowski, T. Clark, D. Clerc,
   H. Dachsel, M. J. O. Deegan, K. Dyall, D. Elwood, E. Glendening, M. Gutowski,
   A. C. Hess, J. Jaffe, B. G. Johnson, J. Ju, R. Kobayashi, R. Kutteh, Z. Lin,
   R. Littlefield, X. Long, B. Meng, T. Nakajima, S. Niu, L. Pollack, M. Rosing,
   K. Glaesemann, G. Sandrone, M. Stave, H. Taylor, G. Thomas, J. H. van Lenthe,
                               A. T. Wong, Z. Zhang.

 Total times  cpu:       14.2s     wall:       21.5s
