 argument  1 = input-wf.nw



============================== echo of input deck ==============================
echo
start wfn1_dat
geometry units au noautoz
  H 0 0 -1.29434600000000000000
  H 0 0  1.29434600000000000000
  symmetry cs
end
basis
  H library 6-31g
end
set wfn1:input_vectors "atomic"
set wfn1:solver "monte-carlo"
set wfn1:print_error F
set wfn1:t_initial 0.1
set wfn1:nopen 2
#set wfn1:corr_expr "wfn1_mx"
set wfn1:corr_expr "wfn1c"
set wfn1:t_bath 0.0
set wfn1:maxit  20000
task wfn1 energy
================================================================================


                                         
                                         


              Northwest Computational Chemistry Package (NWChem) 6.8
              ------------------------------------------------------


                    Environmental Molecular Sciences Laboratory
                       Pacific Northwest National Laboratory
                                Richland, WA 99352

                              Copyright (c) 1994-2015
                       Pacific Northwest National Laboratory
                            Battelle Memorial Institute

             NWChem is an open-source computational chemistry package
                        distributed under the terms of the
                      Educational Community License (ECL) 2.0
             A copy of the license is included with this distribution
                              in the LICENSE.TXT file

                                  ACKNOWLEDGMENT
                                  --------------

            This software and its documentation were developed at the
            EMSL at Pacific Northwest National Laboratory, a multiprogram
            national laboratory, operated for the U.S. Department of Energy
            by Battelle under Contract Number DE-AC05-76RL01830. Support
            for this work was provided by the Department of Energy Office
            of Biological and Environmental Research, Office of Basic
            Energy Sciences, and the Office of Advanced Scientific Computing.


           Job information
           ---------------

    hostname        = erato
    program         = ../../../bin/LINUX64/nwchem
    date            = Sat Mar  6 01:21:52 2021

    compiled        = Sat_Mar_06_01:07:04_2021
    source          = /home/hvandam/nwchem-1-wfn1
    nwchem branch   = Development
    nwchem revision = nwchem_on_git-124-gad72d19fff205e319ffbbf2bca37a04ded6ad57b
    ga revision     = nwchem_on_git-124-gad72d19
    use scalapack   = F
    input           = input-wf.nw
    prefix          = wfn1_dat.
    data base       = ./wfn1_dat.db
    status          = startup
    nproc           =        1
    time left       =     -1s



           Memory information
           ------------------

    heap     =   13107200 doubles =    100.0 Mbytes
    stack    =   13107197 doubles =    100.0 Mbytes
    global   =   26214400 doubles =    200.0 Mbytes (distinct from heap & stack)
    total    =   52428797 doubles =    400.0 Mbytes
    verify   = yes
    hardfail = no 


           Directory information
           ---------------------

  0 permanent = .
  0 scratch   = .




                                NWChem Input Module
                                -------------------


 Turning off AUTOSYM since
 SYMMETRY directive was detected!



                             Geometry "geometry" -> ""
                             -------------------------

 Output coordinates in a.u. (scale by  1.000000000 to convert to a.u.)

  No.       Tag          Charge          X              Y              Z
 ---- ---------------- ---------- -------------- -------------- --------------
    1 H                    1.0000     0.00000000     0.00000000    -1.29434600
    2 H                    1.0000     0.00000000     0.00000000     1.29434600

      Atomic Mass 
      ----------- 

      H                  1.007825


 Effective nuclear repulsion energy (a.u.)       0.3862954728

            Nuclear Dipole moment (a.u.) 
            ----------------------------
        X                 Y               Z
 ---------------- ---------------- ----------------
     0.0000000000     0.0000000000     0.0000000000

      Symmetry information
      --------------------

 Group name             Cs        
 Group number              2
 Group order               2
 No. of unique centers     1

      Symmetry unique atoms

     1


            XYZ format geometry
            -------------------
     2
 geometry
 H                     0.00000000     0.00000000    -0.68493846
 H                     0.00000000     0.00000000     0.68493846

                      Basis "ao basis" -> "" (cartesian)
                      -----
  H (Hydrogen)
  ------------
            Exponent  Coefficients 
       -------------- ---------------------------------------------------------
  1 S  1.87311370E+01  0.033495
  1 S  2.82539370E+00  0.234727
  1 S  6.40121700E-01  0.813757

  2 S  1.61277800E-01  1.000000



 Summary of "ao basis" -> "" (cartesian)
 ------------------------------------------------------------------------------
       Tag                 Description            Shells   Functions and Types
 ---------------- ------------------------------  ------  ---------------------
 H                           6-31g                   2        2   2s



                                NWChem WFN1 Module
                                ------------------



          No. of electrons :     2
           Alpha electrons :     2
            Beta electrons :     0
          Charge           :     0
          Spin multiplicity:     3

 HvD: wfn1_inpdft
 HvD: nquad_task =                     1
 HvD: iangquad   =                     0
 HvD: gridtype   = user      
 HvD: leb        =  T
 HvD: radgrid    = murakn    
 HvD: trunc_neigh=  T
 HvD: lssw       =  T
 HvD: whichssw   = erf1    
 HvD: mxnrad     =                     0
 HvD: mxnang     =                     0
 HVD: wfn1: movecs_in  = atomic                                                                                                                                                                                                                                                          
 HVD: wfn1: movecs_out = ./wfn1_dat.movecs                                                                                                                                                                                                                                               

      Superposition of Atomic Density Guess
      -------------------------------------

 Sum of atomic energies:          -0.99646508

      Non-variational initial energy
      ------------------------------

 Total energy =      -0.742054
 1-e energy   =      -1.755921
 2-e energy   =       0.627572
 HOMO         =      -0.365133
 LUMO         =       0.001916

 iteration              energy           error
 ---------              ------           -----
         0         -0.92786177        0.080000
         1         -0.92821991        0.080000
         2         -0.92990782        0.080000
         3         -0.93079946        0.080000
         4         -0.93199582        0.080000
         5         -0.93311435        0.080000
         6         -0.93447247        0.080000
         7         -0.93563113        0.080000
         8         -0.93635131        0.080000
         9         -0.93713652        0.080000
        10         -0.93790748        0.080000
        11         -0.93906641        0.080000
        12         -0.93922611        0.080000
        13         -0.93942005        0.080000
        14         -0.93977421        0.080000
        15         -0.94037960        0.080000
        16         -0.94053353        0.080000
        17         -0.94102945        0.080000
        18         -0.94107149        0.080000
        19         -0.94140392        0.080000
        20         -0.94163447        0.080000
        21         -0.94165829        0.080000
        22         -0.94178461        0.080000
        23         -0.94185970        0.080000
        24         -0.94185987        0.080000
        25         -0.94200209        0.080000
        26         -0.94208422        0.080000
        27         -0.94241022        0.080000
        28         -0.94241711        0.080000
        29         -0.94245712        0.080000
        30         -0.94254005        0.080000
        31         -0.94261589        0.080000
        32         -0.94268648        0.072626
        33         -0.94276293        0.072626
        34         -0.94281590        0.062258
        35         -0.94285500        0.062258
        36         -0.94285666        0.054406
        37         -0.94286663        0.054406
        38         -0.94287471        0.039980
        39         -0.94289018        0.029379
        40         -0.94289805        0.025185
        41         -0.94290278        0.025185
        42         -0.94290544        0.025185
        43         -0.94291155        0.025185
        44         -0.94291858        0.018154
        45         -0.94292057        0.018154
        46         -0.94292101        0.013864
        47         -0.94292476        0.010188
        48         -0.94292558        0.008733
        49         -0.94292597        0.008733
        50         -0.94292661        0.007487
        51         -0.94292673        0.005501
        52         -0.94292683        0.004716
        53         -0.94292693        0.004716
        54         -0.94292700        0.004043
        55         -0.94292704        0.004043
        56         -0.94292723        0.004043
        57         -0.94292731        0.003533
        58         -0.94292744        0.002647
        59         -0.94292745        0.002269
        60         -0.94292750        0.001945
        61         -0.94292754        0.001945
        62         -0.94292755        0.001667
        63         -0.94292759        0.001667
        64         -0.94292766        0.001667
        65         -0.94292767        0.001457
        66         -0.94292768        0.001298
        67         -0.94292769        0.001298
        68         -0.94292769        0.000936
        69         -0.94292769        0.000936
        70         -0.94292770        0.000936
        71         -0.94292771        0.000688
        72         -0.94292771        0.000688
        73         -0.94292771        0.000688
        74         -0.94292771        0.000433
        75         -0.94292771        0.000433
        76         -0.94292772        0.000386
        77         -0.94292772        0.000337
        78         -0.94292772        0.000337
        79         -0.94292772        0.000289
        80         -0.94292773        0.000289
        81         -0.94292773        0.000212
        82         -0.94292773        0.000212
        83         -0.94292773        0.000186
        84         -0.94292773        0.000186
        85         -0.94292773        0.000186
        86         -0.94292773        0.000115
        87         -0.94292773        0.000115
        88         -0.94292773        0.000102
        89         -0.94292773        0.000102
        90         -0.94292773        0.000102
        91         -0.94292773        0.000102
        92         -0.94292773        0.000063
        93         -0.94292773        0.000063
        94         -0.94292773        0.000063
        95         -0.94292773        0.000057
        96         -0.94292773        0.000057
        97         -0.94292773        0.000051
        98         -0.94292773        0.000045
        99         -0.94292773        0.000045
       100         -0.94292773        0.000045
       101         -0.94292773        0.000045
       102         -0.94292773        0.000045
       103         -0.94292773        0.000038
       104         -0.94292773        0.000038
       105         -0.94292773        0.000030
       106         -0.94292773        0.000015
       107         -0.94292773        0.000015
       108         -0.94292773        0.000013
       109         -0.94292773        0.000012
       110         -0.94292773        0.000012
       111         -0.94292773        0.000010
       112         -0.94292773        0.000009
       113         -0.94292773        0.000009
       114         -0.94292773        0.000009
       115         -0.94292773        0.000009
       116         -0.94292773        0.000009
       117         -0.94292773        0.000009
       118         -0.94292773        0.000007
       119         -0.94292773        0.000007
       120         -0.94292773        0.000007
       121         -0.94292773        0.000004
       122         -0.94292773        0.000004
       123         -0.94292773        0.000004
       124         -0.94292773        0.000004
       125         -0.94292773        0.000003
       126         -0.94292773        0.000003
       127         -0.94292773        0.000003
       128         -0.94292773        0.000003
       129         -0.94292773        0.000003
       130         -0.94292773        0.000003
       131         -0.94292773        0.000002
       132         -0.94292773        0.000002
       133         -0.94292773        0.000002
       134         -0.94292773        0.000002
       135         -0.94292773        0.000001
       136         -0.94292773        0.000001
       137         -0.94292773        0.000001
       138         -0.94292773        0.000001
       139         -0.94292773        0.000001
       140         -0.94292773        0.000001
       141         -0.94292773        0.000001

 Reached Convergence

 WFN1                     :
 --------------------------
 Total WFN1 energy  =          -0.9429277294
 1-Electron energy  =          -1.6476748433
 2-Electron energy  =           0.3184516412
 Correlation energy =           0.0000000000
 DFT XC energy      =           0.0000000000
 Entropy energy     =           0.0000000000
 Nuclear energy     =           0.3862954728

 conventional Hartree-Fock:
 --------------------------
 Total SCF energy  =          -0.9429277294
 2-Electron energy =           0.3184516412

                WFN1 Final Natural orbital energies and occupations
                ---------------------------------------------------

              Alpha       Beta            Alpha       Beta  
            --------    --------        --------    --------
       1      0.0000      0.0000          1.0000      0.0000
       2      0.0000      0.0000          1.0000      0.0000
       3      0.0000      0.0000          0.0000      0.0000
       4      0.0000      0.0000          0.0000      0.0000

             WFN1 Final Correlation function energies and occupations
             --------------------------------------------------------

              Alpha       Beta            Alpha       Beta  
            --------    --------        --------    --------
       1      0.0000      0.0000          1.0000      0.0000
       2      0.0000      0.0000          1.0000      0.0000
       3      0.0000      0.0000          0.0000      0.0000
       4      0.0000      0.0000          0.0000      0.0000

                WFN1 Final alpha-alpha 2-matrix occupation numbers
                --------------------------------------------------


 global array: g_momo1[1:4,1:4],  handle: -990 

            1           2           3           4  
       ----------- ----------- ----------- -----------
   1      -0.00000     1.00000     0.00000     0.00000
   2       1.00000    -0.00000     0.00000     0.00000
   3       0.00000     0.00000    -0.00000     0.00000
   4       0.00000     0.00000     0.00000     0.00000

                 WFN1 Final beta-beta 2-matrix occupation numbers
                 ------------------------------------------------


 global array: g_momo2[1:4,1:4],  handle: -989 

            1           2           3           4  
       ----------- ----------- ----------- -----------
   1       0.00000     0.00000     0.00000     0.00000
   2       0.00000     0.00000     0.00000     0.00000
   3       0.00000     0.00000     0.00000     0.00000
   4       0.00000     0.00000     0.00000     0.00000

                  WFN1 Final alpha Correlation Function Analysis
                  ----------------------------------------------


 global array: Ca[1:4,1:4],  handle: -977 

                     1                       2                       3                       4  
       ----------------------- ----------------------- ----------------------- -----------------------
   1      -0.43676,    0.88813     0.03599,   -0.13848     0.00000,    0.00000     0.00000,   -0.00000
   2      -0.02266,    0.14127     0.04324,    0.98877    -0.00000,   -0.00000     0.00000,    0.00000
   3       0.00000,    0.00000    -0.00000,   -0.00000     0.36155,    0.61506     0.35182,    0.60598
   4       0.00000,    0.00000     0.00000,   -0.00000     0.05011,   -0.69891    -0.05486,    0.71134

                   WFN1 Final beta Correlation Function Analysis
                   ---------------------------------------------


 global array: Cb[1:4,1:4],  handle: -976 

                     1                       2                       3                       4  
       ----------------------- ----------------------- ----------------------- -----------------------
   1      -0.44086,    0.88821     0.05160,   -0.08527     0.00278,    0.04972    -0.05565,   -0.03488
   2       0.01632,    0.10393     0.04939,    0.99024    -0.05188,   -0.03740     0.03629,   -0.02264
   3      -0.03569,   -0.00206     0.01943,    0.04160     0.38513,    0.59595     0.38957,    0.58427
   4      -0.06107,    0.02552     0.06995,   -0.00735     0.09030,   -0.69412    -0.08854,    0.70206

                     WFN1 Final Alpha Natural Orbital Analysis
                     -----------------------------------------

 Vector    1  Occ=1.000000D+00  E= 0.000000D+00
              MO Center=  0.0D+00,  0.0D+00,  3.4D-02, r^2= 1.1D+00
   Bfn.  Coefficient  Atom+Function         Bfn.  Coefficient  Atom+Function  
  ----- ------------  ---------------      ----- ------------  ---------------
     4     -0.367847  2 H  s                  2     -0.335369  1 H  s          
     3     -0.314931  2 H  s                  1     -0.300167  1 H  s          

 Vector    2  Occ=1.000000D+00  E= 0.000000D+00
              MO Center=  0.0D+00,  0.0D+00, -3.4D-02, r^2= 1.6D+00
   Bfn.  Coefficient  Atom+Function         Bfn.  Coefficient  Atom+Function  
  ----- ------------  ---------------      ----- ------------  ---------------
     2     -0.730647  1 H  s                  4      0.714847  2 H  s          
     1     -0.335458  1 H  s                  3      0.321638  2 H  s          

 Vector    3  Occ=5.677181D-15  E= 0.000000D+00
              MO Center=  0.0D+00,  0.0D+00, -3.5D-02, r^2= 2.1D+00
   Bfn.  Coefficient  Atom+Function         Bfn.  Coefficient  Atom+Function  
  ----- ------------  ---------------      ----- ------------  ---------------
     2      1.213544  1 H  s                  4     -1.183501  2 H  s          
     1     -0.905944  1 H  s                  3      0.867655  2 H  s          

 Vector    4  Occ=2.399308D-14  E= 0.000000D+00
              MO Center=  0.0D+00,  0.0D+00,  3.5D-02, r^2= 1.7D+00
   Bfn.  Coefficient  Atom+Function         Bfn.  Coefficient  Atom+Function  
  ----- ------------  ---------------      ----- ------------  ---------------
     3     -0.932431  2 H  s                  1     -0.895275  1 H  s          
     4      0.742161  2 H  s                  2      0.691944  1 H  s          


                     WFN1 Final Beta Natural Orbital Analysis
                     ----------------------------------------

 Vector    1  Occ=0.000000D+00  E= 0.000000D+00
              MO Center=  0.0D+00,  0.0D+00,  6.4D-02, r^2= 1.2D+00
   Bfn.  Coefficient  Atom+Function         Bfn.  Coefficient  Atom+Function  
  ----- ------------  ---------------      ----- ------------  ---------------
     4     -0.418875  2 H  s                  2     -0.392445  1 H  s          
     3     -0.264263  2 H  s                  1     -0.207246  1 H  s          

 Vector    2  Occ=0.000000D+00  E= 0.000000D+00
              MO Center=  0.0D+00,  0.0D+00, -8.2D-02, r^2= 1.9D+00
   Bfn.  Coefficient  Atom+Function         Bfn.  Coefficient  Atom+Function  
  ----- ------------  ---------------      ----- ------------  ---------------
     2     -0.898522  1 H  s                  4      0.794729  2 H  s          
     3      0.267357  2 H  s                  1     -0.192978  1 H  s          

 Vector    3  Occ=0.000000D+00  E= 0.000000D+00
              MO Center=  0.0D+00,  0.0D+00, -1.2D-01, r^2= 1.9D+00
   Bfn.  Coefficient  Atom+Function         Bfn.  Coefficient  Atom+Function  
  ----- ------------  ---------------      ----- ------------  ---------------
     2      1.152426  1 H  s                  4     -1.062094  2 H  s          
     1     -0.992652  1 H  s                  3      0.837528  2 H  s          

 Vector    4  Occ=0.000000D+00  E= 0.000000D+00
              MO Center=  0.0D+00,  0.0D+00,  1.4D-01, r^2= 1.6D+00
   Bfn.  Coefficient  Atom+Function         Bfn.  Coefficient  Atom+Function  
  ----- ------------  ---------------      ----- ------------  ---------------
     3     -0.991018  2 H  s                  1     -0.871398  1 H  s          
     4      0.814064  2 H  s                  2      0.555298  1 H  s          


 Task  times  cpu:       13.6s     wall:       18.4s
 Summary of allocated global arrays
-----------------------------------
  No active global arrays



                         GA Statistics for process    0
                         ------------------------------

       create   destroy   get      put      acc     scatter   gather  read&inc
calls:   44       44     7.86e+06 2.72e+04 2.15e+04    0        0       11     
number of processes/call 1.00e+00 1.00e+00 1.00e+00 0.00e+00 0.00e+00
bytes total:             1.01e+09 4.81e+06 3.43e+06 0.00e+00 0.00e+00 8.80e+01
bytes remote:            0.00e+00 0.00e+00 0.00e+00 0.00e+00 0.00e+00 0.00e+00
Max memory consumed for GA by this process: 10624 bytes
MA_summarize_allocated_blocks: starting scan ...
MA_summarize_allocated_blocks: scan completed: 0 heap blocks, 0 stack blocks
MA usage statistics:

	allocation statistics:
					      heap	     stack
					      ----	     -----
	current number of blocks	         0	         0
	maximum number of blocks	        19	        17
	current total bytes		         0	         0
	maximum total bytes		   3204328	  22508616
	maximum total K-bytes		      3205	     22509
	maximum total M-bytes		         4	        23


                                NWChem Input Module
                                -------------------





                                     CITATION
                                     --------
                Please cite the following reference when publishing
                           results obtained with NWChem:

                 M. Valiev, E.J. Bylaska, N. Govind, K. Kowalski,
              T.P. Straatsma, H.J.J. van Dam, D. Wang, J. Nieplocha,
                        E. Apra, T.L. Windus, W.A. de Jong
                 "NWChem: a comprehensive and scalable open-source
                  solution for large scale molecular simulations"
                      Comput. Phys. Commun. 181, 1477 (2010)
                           doi:10.1016/j.cpc.2010.04.018

                                      AUTHORS
                                      -------
          E. Apra, E. J. Bylaska, W. A. de Jong, N. Govind, K. Kowalski,
       T. P. Straatsma, M. Valiev, H. J. J. van Dam, D. Wang, T. L. Windus,
        J. Hammond, J. Autschbach, K. Bhaskaran-Nair, J. Brabec, K. Lopata,
    S. A. Fischer, S. Krishnamoorthy, M. Jacquelin, W. Ma, M. Klemm, O. Villa,
      Y. Chen, V. Anisimov, F. Aquino, S. Hirata, M. T. Hackler, V. Konjkov,
      T. Risthaus, M. Malagoli, A. Marenich, A. Otero-de-la-Roza, J. Mullin,
        P. Nichols, R. Peverati, J. Pittner, Y. Zhao, P.-D. Fan, A. Fonari,
       M. Williamson, R. J. Harrison, J. R. Rehr, M. Dupuis, D. Silverstein,
    D. M. A. Smith, J. Nieplocha, V. Tipparaju, M. Krishnan, B. E. Van Kuiken,
        A. Vazquez-Mayagoitia, L. Jensen, M. Swart, Q. Wu, T. Van Voorhis,
     A. A. Auer, M. Nooijen, L. D. Crosby, E. Brown, G. Cisneros, G. I. Fann,
   H. Fruchtl, J. Garza, K. Hirao, R. A. Kendall, J. A. Nichols, K. Tsemekhman,
    K. Wolinski, J. Anchell, D. E. Bernholdt, P. Borowski, T. Clark, D. Clerc,
   H. Dachsel, M. J. O. Deegan, K. Dyall, D. Elwood, E. Glendening, M. Gutowski,
   A. C. Hess, J. Jaffe, B. G. Johnson, J. Ju, R. Kobayashi, R. Kutteh, Z. Lin,
   R. Littlefield, X. Long, B. Meng, T. Nakajima, S. Niu, L. Pollack, M. Rosing,
   K. Glaesemann, G. Sandrone, M. Stave, H. Taylor, G. Thomas, J. H. van Lenthe,
                               A. T. Wong, Z. Zhang.

 Total times  cpu:       13.6s     wall:       18.4s
