 argument  1 = input-wf.nw



============================== echo of input deck ==============================
echo
start wfn1_dat
geometry units au noautoz
  H 0 0 -5.04434600000000000000
  H 0 0  5.04434600000000000000
  symmetry cs
end
basis
  H library 6-31g
end
set wfn1:input_vectors "atomic"
set wfn1:solver "monte-carlo"
set wfn1:print_error F
set wfn1:t_initial 0.1
set wfn1:nopen 2
#set wfn1:corr_expr "wfn1_mx"
set wfn1:corr_expr "wfn1c"
set wfn1:t_bath 0.0
set wfn1:maxit  20000
task wfn1 energy
================================================================================


                                         
                                         


              Northwest Computational Chemistry Package (NWChem) 6.8
              ------------------------------------------------------


                    Environmental Molecular Sciences Laboratory
                       Pacific Northwest National Laboratory
                                Richland, WA 99352

                              Copyright (c) 1994-2015
                       Pacific Northwest National Laboratory
                            Battelle Memorial Institute

             NWChem is an open-source computational chemistry package
                        distributed under the terms of the
                      Educational Community License (ECL) 2.0
             A copy of the license is included with this distribution
                              in the LICENSE.TXT file

                                  ACKNOWLEDGMENT
                                  --------------

            This software and its documentation were developed at the
            EMSL at Pacific Northwest National Laboratory, a multiprogram
            national laboratory, operated for the U.S. Department of Energy
            by Battelle under Contract Number DE-AC05-76RL01830. Support
            for this work was provided by the Department of Energy Office
            of Biological and Environmental Research, Office of Basic
            Energy Sciences, and the Office of Advanced Scientific Computing.


           Job information
           ---------------

    hostname        = erato
    program         = ../../../bin/LINUX64/nwchem
    date            = Sat Mar  6 01:48:38 2021

    compiled        = Sat_Mar_06_01:07:04_2021
    source          = /home/hvandam/nwchem-1-wfn1
    nwchem branch   = Development
    nwchem revision = nwchem_on_git-124-gad72d19fff205e319ffbbf2bca37a04ded6ad57b
    ga revision     = nwchem_on_git-124-gad72d19
    use scalapack   = F
    input           = input-wf.nw
    prefix          = wfn1_dat.
    data base       = ./wfn1_dat.db
    status          = startup
    nproc           =        1
    time left       =     -1s



           Memory information
           ------------------

    heap     =   13107196 doubles =    100.0 Mbytes
    stack    =   13107201 doubles =    100.0 Mbytes
    global   =   26214400 doubles =    200.0 Mbytes (distinct from heap & stack)
    total    =   52428797 doubles =    400.0 Mbytes
    verify   = yes
    hardfail = no 


           Directory information
           ---------------------

  0 permanent = .
  0 scratch   = .




                                NWChem Input Module
                                -------------------


 Turning off AUTOSYM since
 SYMMETRY directive was detected!



                             Geometry "geometry" -> ""
                             -------------------------

 Output coordinates in a.u. (scale by  1.000000000 to convert to a.u.)

  No.       Tag          Charge          X              Y              Z
 ---- ---------------- ---------- -------------- -------------- --------------
    1 H                    1.0000     0.00000000     0.00000000    -5.04434600
    2 H                    1.0000     0.00000000     0.00000000     5.04434600

      Atomic Mass 
      ----------- 

      H                  1.007825


 Effective nuclear repulsion energy (a.u.)       0.0991208771

            Nuclear Dipole moment (a.u.) 
            ----------------------------
        X                 Y               Z
 ---------------- ---------------- ----------------
     0.0000000000     0.0000000000     0.0000000000

      Symmetry information
      --------------------

 Group name             Cs        
 Group number              2
 Group order               2
 No. of unique centers     1

      Symmetry unique atoms

     1


            XYZ format geometry
            -------------------
     2
 geometry
 H                     0.00000000     0.00000000    -2.66935314
 H                     0.00000000     0.00000000     2.66935314

                      Basis "ao basis" -> "" (cartesian)
                      -----
  H (Hydrogen)
  ------------
            Exponent  Coefficients 
       -------------- ---------------------------------------------------------
  1 S  1.87311370E+01  0.033495
  1 S  2.82539370E+00  0.234727
  1 S  6.40121700E-01  0.813757

  2 S  1.61277800E-01  1.000000



 Summary of "ao basis" -> "" (cartesian)
 ------------------------------------------------------------------------------
       Tag                 Description            Shells   Functions and Types
 ---------------- ------------------------------  ------  ---------------------
 H                           6-31g                   2        2   2s



                                NWChem WFN1 Module
                                ------------------



          No. of electrons :     2
           Alpha electrons :     2
            Beta electrons :     0
          Charge           :     0
          Spin multiplicity:     3

 HvD: wfn1_inpdft
 HvD: nquad_task =                     1
 HvD: iangquad   =                     0
 HvD: gridtype   = user      
 HvD: leb        =  T
 HvD: radgrid    = murakn    
 HvD: trunc_neigh=  T
 HvD: lssw       =  T
 HvD: whichssw   = erf1    
 HvD: mxnrad     =                     0
 HvD: mxnang     =                     0
 HVD: wfn1: movecs_in  = atomic                                                                                                                                                                                                                                                          
 HVD: wfn1: movecs_out = ./wfn1_dat.movecs                                                                                                                                                                                                                                               

      Superposition of Atomic Density Guess
      -------------------------------------

 Sum of atomic energies:          -0.99646508

      Non-variational initial energy
      ------------------------------

 Total energy =      -0.682110
 1-e energy   =      -1.194708
 2-e energy   =       0.413477
 HOMO         =      -0.191353
 LUMO         =      -0.191019

 iteration              energy           error
 ---------              ------           -----
         0         -0.98469740        0.080000
         1         -0.98546152        0.080000
         2         -0.98590883        0.080000
         3         -0.98625446        0.080000
         4         -0.98722856        0.080000
         5         -0.98799564        0.080000
         6         -0.98885007        0.080000
         7         -0.98913739        0.080000
         8         -0.98944167        0.080000
         9         -0.98964595        0.080000
        10         -0.99009384        0.080000
        11         -0.99015728        0.080000
        12         -0.99065079        0.080000
        13         -0.99187044        0.080000
        14         -0.99235413        0.080000
        15         -0.99277041        0.080000
        16         -0.99316553        0.080000
        17         -0.99358413        0.080000
        18         -0.99416447        0.080000
        19         -0.99485942        0.080000
        20         -0.99486805        0.080000
        21         -0.99495588        0.080000
        22         -0.99558117        0.080000
        23         -0.99583907        0.080000
        24         -0.99596134        0.080000
        25         -0.99617873        0.080000
        26         -0.99630410        0.076951
        27         -0.99631352        0.065965
        28         -0.99633822        0.065965
        29         -0.99635788        0.056547
        30         -0.99635859        0.049416
        31         -0.99638487        0.035621
        32         -0.99638960        0.035621
        33         -0.99642150        0.035621
        34         -0.99642346        0.025677
        35         -0.99643255        0.025677
        36         -0.99643379        0.025677
        37         -0.99644213        0.025677
        38         -0.99644673        0.016175
        39         -0.99644686        0.016175
        40         -0.99644937        0.014690
        41         -0.99645461        0.012837
        42         -0.99645855        0.012837
        43         -0.99646089        0.012837
        44         -0.99646142        0.011004
        45         -0.99646190        0.011004
        46         -0.99646259        0.011004
        47         -0.99646276        0.011004
        48         -0.99646417        0.006932
        49         -0.99646434        0.006932
        50         -0.99646443        0.006295
        51         -0.99646477        0.004626
        52         -0.99646477        0.003966
        53         -0.99646503        0.003966
        54         -0.99646523        0.003966
        55         -0.99646524        0.003966
        56         -0.99646526        0.003966
        57         -0.99646538        0.003400
        58         -0.99646544        0.003400
        59         -0.99646554        0.002647
        60         -0.99646555        0.002647
        61         -0.99646555        0.002647
        62         -0.99646556        0.002313
        63         -0.99646566        0.001733
        64         -0.99646569        0.001733
        65         -0.99646570        0.001733
        66         -0.99646572        0.001485
        67         -0.99646574        0.001485
        68         -0.99646575        0.001485
        69         -0.99646576        0.001485
        70         -0.99646576        0.001323
        71         -0.99646579        0.001323
        72         -0.99646580        0.001010
        73         -0.99646580        0.001010
        74         -0.99646581        0.001010
        75         -0.99646582        0.001010
        76         -0.99646583        0.001010
        77         -0.99646583        0.000743
        78         -0.99646584        0.000486
        79         -0.99646584        0.000486
        80         -0.99646584        0.000417
        81         -0.99646584        0.000364
        82         -0.99646584        0.000364
        83         -0.99646584        0.000262
        84         -0.99646584        0.000229
        85         -0.99646584        0.000197
        86         -0.99646584        0.000169
        87         -0.99646584        0.000144
        88         -0.99646584        0.000104
        89         -0.99646584        0.000089
        90         -0.99646584        0.000089
        91         -0.99646584        0.000077
        92         -0.99646584        0.000067
        93         -0.99646584        0.000057
        94         -0.99646584        0.000049
        95         -0.99646584        0.000035
        96         -0.99646584        0.000035
        97         -0.99646584        0.000035
        98         -0.99646584        0.000035
        99         -0.99646584        0.000035
       100         -0.99646584        0.000030
       101         -0.99646584        0.000024
       102         -0.99646584        0.000024
       103         -0.99646584        0.000024
       104         -0.99646584        0.000020
       105         -0.99646584        0.000020
       106         -0.99646584        0.000020
       107         -0.99646584        0.000020
       108         -0.99646584        0.000011
       109         -0.99646584        0.000011
       110         -0.99646584        0.000011
       111         -0.99646584        0.000007
       112         -0.99646584        0.000007
       113         -0.99646584        0.000007
       114         -0.99646584        0.000007
       115         -0.99646584        0.000007
       116         -0.99646584        0.000007
       117         -0.99646584        0.000007
       118         -0.99646584        0.000003
       119         -0.99646584        0.000003
       120         -0.99646584        0.000003
       121         -0.99646584        0.000003
       122         -0.99646584        0.000001
       123         -0.99646584        0.000001
       124         -0.99646584        0.000001
       125         -0.99646584        0.000001
       126         -0.99646584        0.000001
       127         -0.99646584        0.000001

 Reached Convergence

 WFN1                     :
 --------------------------
 Total WFN1 energy  =          -0.9964658405
 1-Electron energy  =          -1.1947076102
 2-Electron energy  =           0.0991208926
 Correlation energy =           0.0000000000
 DFT XC energy      =           0.0000000000
 Entropy energy     =           0.0000000000
 Nuclear energy     =           0.0991208771

 conventional Hartree-Fock:
 --------------------------
 Total SCF energy  =          -0.9964658405
 2-Electron energy =           0.0991208926

                WFN1 Final Natural orbital energies and occupations
                ---------------------------------------------------

              Alpha       Beta            Alpha       Beta  
            --------    --------        --------    --------
       1      0.0000      0.0000          1.0000      0.0000
       2      0.0000      0.0000          1.0000      0.0000
       3      0.0000      0.0000          0.0000      0.0000
       4      0.0000      0.0000          0.0000      0.0000

             WFN1 Final Correlation function energies and occupations
             --------------------------------------------------------

              Alpha       Beta            Alpha       Beta  
            --------    --------        --------    --------
       1      0.0000      0.0000          1.0000      0.0000
       2      0.0000      0.0000          1.0000      0.0000
       3      0.0000      0.0000          0.0000      0.0000
       4      0.0000      0.0000          0.0000      0.0000

                WFN1 Final alpha-alpha 2-matrix occupation numbers
                --------------------------------------------------


 global array: g_momo1[1:4,1:4],  handle: -990 

            1           2           3           4  
       ----------- ----------- ----------- -----------
   1      -0.00000     1.00000     0.00000     0.00000
   2       1.00000     0.00000     0.00000     0.00000
   3       0.00000     0.00000     0.00000     0.00000
   4       0.00000     0.00000     0.00000    -0.00000

                 WFN1 Final beta-beta 2-matrix occupation numbers
                 ------------------------------------------------


 global array: g_momo2[1:4,1:4],  handle: -989 

            1           2           3           4  
       ----------- ----------- ----------- -----------
   1       0.00000     0.00000     0.00000     0.00000
   2       0.00000     0.00000     0.00000     0.00000
   3       0.00000     0.00000     0.00000     0.00000
   4       0.00000     0.00000     0.00000     0.00000

                  WFN1 Final alpha Correlation Function Analysis
                  ----------------------------------------------


 global array: Ca[1:4,1:4],  handle: -977 

                     1                       2                       3                       4  
       ----------------------- ----------------------- ----------------------- -----------------------
   1      -0.52807,    0.53239    -0.46226,    0.47330     0.00000,    0.00000     0.00000,   -0.00000
   2       0.09194,   -0.65517    -0.09847,    0.74337     0.00000,    0.00000    -0.00000,   -0.00000
   3      -0.00000,   -0.00000     0.00000,   -0.00000     0.48755,   -0.51396     0.48727,   -0.51060
   4      -0.00000,   -0.00000     0.00000,   -0.00000    -0.37012,    0.60096     0.37330,   -0.60208

                   WFN1 Final beta Correlation Function Analysis
                   ---------------------------------------------


 global array: Cb[1:4,1:4],  handle: -976 

                     1                       2                       3                       4  
       ----------------------- ----------------------- ----------------------- -----------------------
   1      -0.49166,    0.44613    -0.55080,    0.50313    -0.01753,    0.04292    -0.00046,   -0.02375
   2       0.06403,   -0.74372    -0.05210,    0.65906    -0.03139,    0.03449    -0.04440,   -0.03948
   3      -0.03884,   -0.01681     0.02132,    0.03093     0.42663,   -0.49886     0.48318,   -0.57660
   4       0.00242,    0.01482     0.05915,   -0.03863    -0.43110,    0.61559     0.37424,   -0.53845

                     WFN1 Final Alpha Natural Orbital Analysis
                     -----------------------------------------

 Vector    1  Occ=1.000000D+00  E= 0.000000D+00
              MO Center=  0.0D+00,  0.0D+00,  2.7D-01, r^2= 7.9D+00
   Bfn.  Coefficient  Atom+Function         Bfn.  Coefficient  Atom+Function  
  ----- ------------  ---------------      ----- ------------  ---------------
     4     -0.493482  2 H  s                  2     -0.446579  1 H  s          
     3     -0.316807  2 H  s                  1     -0.286663  1 H  s          

 Vector    2  Occ=1.000000D+00  E= 0.000000D+00
              MO Center=  0.0D+00,  0.0D+00, -2.7D-01, r^2= 7.9D+00
   Bfn.  Coefficient  Atom+Function         Bfn.  Coefficient  Atom+Function  
  ----- ------------  ---------------      ----- ------------  ---------------
     2      0.493346  1 H  s                  4     -0.446429  2 H  s          
     1      0.317050  1 H  s                  3     -0.286932  2 H  s          

 Vector    3  Occ=6.892586D-15  E= 0.000000D+00
              MO Center=  0.0D+00,  0.0D+00, -1.7D-01, r^2= 8.3D+00
   Bfn.  Coefficient  Atom+Function         Bfn.  Coefficient  Atom+Function  
  ----- ------------  ---------------      ----- ------------  ---------------
     1     -0.916980  1 H  s                  3     -0.860811  2 H  s          
     2      0.837971  1 H  s                  4      0.786611  2 H  s          

 Vector    4  Occ=1.522937D-14  E= 0.000000D+00
              MO Center=  0.0D+00,  0.0D+00,  1.7D-01, r^2= 8.3D+00
   Bfn.  Coefficient  Atom+Function         Bfn.  Coefficient  Atom+Function  
  ----- ------------  ---------------      ----- ------------  ---------------
     3      0.917094  2 H  s                  1     -0.860932  1 H  s          
     4     -0.838554  2 H  s                  2      0.787232  1 H  s          


                     WFN1 Final Beta Natural Orbital Analysis
                     ----------------------------------------

 Vector    1  Occ=0.000000D+00  E= 0.000000D+00
              MO Center=  0.0D+00,  0.0D+00,  6.0D-02, r^2= 7.9D+00
   Bfn.  Coefficient  Atom+Function         Bfn.  Coefficient  Atom+Function  
  ----- ------------  ---------------      ----- ------------  ---------------
     2     -0.484623  1 H  s                  4     -0.481899  2 H  s          
     3     -0.298942  2 H  s                  1     -0.277239  1 H  s          

 Vector    2  Occ=0.000000D+00  E= 0.000000D+00
              MO Center=  0.0D+00,  0.0D+00, -5.4D-02, r^2= 8.0D+00
   Bfn.  Coefficient  Atom+Function         Bfn.  Coefficient  Atom+Function  
  ----- ------------  ---------------      ----- ------------  ---------------
     4     -0.532401  2 H  s                  2      0.526257  1 H  s          
     1      0.247995  1 H  s                  3     -0.223337  2 H  s          

 Vector    3  Occ=0.000000D+00  E= 0.000000D+00
              MO Center=  0.0D+00,  0.0D+00, -2.2D-01, r^2= 8.3D+00
   Bfn.  Coefficient  Atom+Function         Bfn.  Coefficient  Atom+Function  
  ----- ------------  ---------------      ----- ------------  ---------------
     1     -0.928325  1 H  s                  3     -0.858150  2 H  s          
     2      0.841831  1 H  s                  4      0.766880  2 H  s          

 Vector    4  Occ=0.000000D+00  E= 0.000000D+00
              MO Center=  0.0D+00,  0.0D+00,  2.2D-01, r^2= 8.2D+00
   Bfn.  Coefficient  Atom+Function         Bfn.  Coefficient  Atom+Function  
  ----- ------------  ---------------      ----- ------------  ---------------
     3      0.942913  2 H  s                  1     -0.874415  1 H  s          
     4     -0.813001  2 H  s                  2      0.737745  1 H  s          


 Task  times  cpu:       13.7s     wall:       21.5s
 Summary of allocated global arrays
-----------------------------------
  No active global arrays



                         GA Statistics for process    0
                         ------------------------------

       create   destroy   get      put      acc     scatter   gather  read&inc
calls:   44       44     7.83e+06 2.71e+04 2.15e+04    0        0       10     
number of processes/call 1.00e+00 1.00e+00 1.00e+00 0.00e+00 0.00e+00
bytes total:             1.01e+09 4.79e+06 3.42e+06 0.00e+00 0.00e+00 8.00e+01
bytes remote:            0.00e+00 0.00e+00 0.00e+00 0.00e+00 0.00e+00 0.00e+00
Max memory consumed for GA by this process: 10624 bytes
MA_summarize_allocated_blocks: starting scan ...
MA_summarize_allocated_blocks: scan completed: 0 heap blocks, 0 stack blocks
MA usage statistics:

	allocation statistics:
					      heap	     stack
					      ----	     -----
	current number of blocks	         0	         0
	maximum number of blocks	        19	        17
	current total bytes		         0	         0
	maximum total bytes		   3204360	  22508648
	maximum total K-bytes		      3205	     22509
	maximum total M-bytes		         4	        23


                                NWChem Input Module
                                -------------------





                                     CITATION
                                     --------
                Please cite the following reference when publishing
                           results obtained with NWChem:

                 M. Valiev, E.J. Bylaska, N. Govind, K. Kowalski,
              T.P. Straatsma, H.J.J. van Dam, D. Wang, J. Nieplocha,
                        E. Apra, T.L. Windus, W.A. de Jong
                 "NWChem: a comprehensive and scalable open-source
                  solution for large scale molecular simulations"
                      Comput. Phys. Commun. 181, 1477 (2010)
                           doi:10.1016/j.cpc.2010.04.018

                                      AUTHORS
                                      -------
          E. Apra, E. J. Bylaska, W. A. de Jong, N. Govind, K. Kowalski,
       T. P. Straatsma, M. Valiev, H. J. J. van Dam, D. Wang, T. L. Windus,
        J. Hammond, J. Autschbach, K. Bhaskaran-Nair, J. Brabec, K. Lopata,
    S. A. Fischer, S. Krishnamoorthy, M. Jacquelin, W. Ma, M. Klemm, O. Villa,
      Y. Chen, V. Anisimov, F. Aquino, S. Hirata, M. T. Hackler, V. Konjkov,
      T. Risthaus, M. Malagoli, A. Marenich, A. Otero-de-la-Roza, J. Mullin,
        P. Nichols, R. Peverati, J. Pittner, Y. Zhao, P.-D. Fan, A. Fonari,
       M. Williamson, R. J. Harrison, J. R. Rehr, M. Dupuis, D. Silverstein,
    D. M. A. Smith, J. Nieplocha, V. Tipparaju, M. Krishnan, B. E. Van Kuiken,
        A. Vazquez-Mayagoitia, L. Jensen, M. Swart, Q. Wu, T. Van Voorhis,
     A. A. Auer, M. Nooijen, L. D. Crosby, E. Brown, G. Cisneros, G. I. Fann,
   H. Fruchtl, J. Garza, K. Hirao, R. A. Kendall, J. A. Nichols, K. Tsemekhman,
    K. Wolinski, J. Anchell, D. E. Bernholdt, P. Borowski, T. Clark, D. Clerc,
   H. Dachsel, M. J. O. Deegan, K. Dyall, D. Elwood, E. Glendening, M. Gutowski,
   A. C. Hess, J. Jaffe, B. G. Johnson, J. Ju, R. Kobayashi, R. Kutteh, Z. Lin,
   R. Littlefield, X. Long, B. Meng, T. Nakajima, S. Niu, L. Pollack, M. Rosing,
   K. Glaesemann, G. Sandrone, M. Stave, H. Taylor, G. Thomas, J. H. van Lenthe,
                               A. T. Wong, Z. Zhang.

 Total times  cpu:       13.7s     wall:       21.5s
