 argument  1 = input-wf.nw



============================== echo of input deck ==============================
echo
start wfn1_dat
geometry units au noautoz
  H 0 0 -2.59434600000000000000
  H 0 0  2.59434600000000000000
  symmetry cs
end
basis
  H library 6-31g
end
set wfn1:input_vectors "atomic"
set wfn1:solver "monte-carlo"
set wfn1:print_error F
set wfn1:t_initial 0.1
set wfn1:nopen 2
#set wfn1:corr_expr "wfn1_mx"
set wfn1:corr_expr "wfn1c"
set wfn1:t_bath 0.0
set wfn1:maxit  20000
task wfn1 energy
================================================================================


                                         
                                         


              Northwest Computational Chemistry Package (NWChem) 6.8
              ------------------------------------------------------


                    Environmental Molecular Sciences Laboratory
                       Pacific Northwest National Laboratory
                                Richland, WA 99352

                              Copyright (c) 1994-2015
                       Pacific Northwest National Laboratory
                            Battelle Memorial Institute

             NWChem is an open-source computational chemistry package
                        distributed under the terms of the
                      Educational Community License (ECL) 2.0
             A copy of the license is included with this distribution
                              in the LICENSE.TXT file

                                  ACKNOWLEDGMENT
                                  --------------

            This software and its documentation were developed at the
            EMSL at Pacific Northwest National Laboratory, a multiprogram
            national laboratory, operated for the U.S. Department of Energy
            by Battelle under Contract Number DE-AC05-76RL01830. Support
            for this work was provided by the Department of Energy Office
            of Biological and Environmental Research, Office of Basic
            Energy Sciences, and the Office of Advanced Scientific Computing.


           Job information
           ---------------

    hostname        = erato
    program         = ../../../bin/LINUX64/nwchem
    date            = Sat Mar  6 01:31:34 2021

    compiled        = Sat_Mar_06_01:07:04_2021
    source          = /home/hvandam/nwchem-1-wfn1
    nwchem branch   = Development
    nwchem revision = nwchem_on_git-124-gad72d19fff205e319ffbbf2bca37a04ded6ad57b
    ga revision     = nwchem_on_git-124-gad72d19
    use scalapack   = F
    input           = input-wf.nw
    prefix          = wfn1_dat.
    data base       = ./wfn1_dat.db
    status          = startup
    nproc           =        1
    time left       =     -1s



           Memory information
           ------------------

    heap     =   13107196 doubles =    100.0 Mbytes
    stack    =   13107201 doubles =    100.0 Mbytes
    global   =   26214400 doubles =    200.0 Mbytes (distinct from heap & stack)
    total    =   52428797 doubles =    400.0 Mbytes
    verify   = yes
    hardfail = no 


           Directory information
           ---------------------

  0 permanent = .
  0 scratch   = .




                                NWChem Input Module
                                -------------------


 Turning off AUTOSYM since
 SYMMETRY directive was detected!



                             Geometry "geometry" -> ""
                             -------------------------

 Output coordinates in a.u. (scale by  1.000000000 to convert to a.u.)

  No.       Tag          Charge          X              Y              Z
 ---- ---------------- ---------- -------------- -------------- --------------
    1 H                    1.0000     0.00000000     0.00000000    -2.59434600
    2 H                    1.0000     0.00000000     0.00000000     2.59434600

      Atomic Mass 
      ----------- 

      H                  1.007825


 Effective nuclear repulsion energy (a.u.)       0.1927267990

            Nuclear Dipole moment (a.u.) 
            ----------------------------
        X                 Y               Z
 ---------------- ---------------- ----------------
     0.0000000000     0.0000000000     0.0000000000

      Symmetry information
      --------------------

 Group name             Cs        
 Group number              2
 Group order               2
 No. of unique centers     1

      Symmetry unique atoms

     1


            XYZ format geometry
            -------------------
     2
 geometry
 H                     0.00000000     0.00000000    -1.37286888
 H                     0.00000000     0.00000000     1.37286888

                      Basis "ao basis" -> "" (cartesian)
                      -----
  H (Hydrogen)
  ------------
            Exponent  Coefficients 
       -------------- ---------------------------------------------------------
  1 S  1.87311370E+01  0.033495
  1 S  2.82539370E+00  0.234727
  1 S  6.40121700E-01  0.813757

  2 S  1.61277800E-01  1.000000



 Summary of "ao basis" -> "" (cartesian)
 ------------------------------------------------------------------------------
       Tag                 Description            Shells   Functions and Types
 ---------------- ------------------------------  ------  ---------------------
 H                           6-31g                   2        2   2s



                                NWChem WFN1 Module
                                ------------------



          No. of electrons :     2
           Alpha electrons :     2
            Beta electrons :     0
          Charge           :     0
          Spin multiplicity:     3

 HvD: wfn1_inpdft
 HvD: nquad_task =                     1
 HvD: iangquad   =                     0
 HvD: gridtype   = user      
 HvD: leb        =  T
 HvD: radgrid    = murakn    
 HvD: trunc_neigh=  T
 HvD: lssw       =  T
 HvD: whichssw   = erf1    
 HvD: mxnrad     =                     0
 HvD: mxnang     =                     0
 HVD: wfn1: movecs_in  = atomic                                                                                                                                                                                                                                                          
 HVD: wfn1: movecs_out = ./wfn1_dat.movecs                                                                                                                                                                                                                                               

      Superposition of Atomic Density Guess
      -------------------------------------

 Sum of atomic energies:          -0.99646508

      Non-variational initial energy
      ------------------------------

 Total energy =      -0.683119
 1-e energy   =      -1.381914
 2-e energy   =       0.506069
 HOMO         =      -0.218193
 LUMO         =      -0.162502

 iteration              energy           error
 ---------              ------           -----
         0         -0.98368666        0.080000
         1         -0.98376075        0.080000
         2         -0.98386930        0.080000
         3         -0.98440255        0.080000
         4         -0.98546780        0.080000
         5         -0.98579727        0.080000
         6         -0.98661127        0.080000
         7         -0.98690977        0.080000
         8         -0.98822613        0.080000
         9         -0.98984463        0.080000
        10         -0.99024307        0.080000
        11         -0.99045377        0.080000
        12         -0.99183879        0.080000
        13         -0.99286137        0.080000
        14         -0.99331617        0.080000
        15         -0.99377189        0.080000
        16         -0.99379113        0.080000
        17         -0.99415111        0.080000
        18         -0.99416496        0.080000
        19         -0.99465432        0.080000
        20         -0.99500207        0.080000
        21         -0.99502981        0.080000
        22         -0.99508578        0.080000
        23         -0.99509342        0.072635
        24         -0.99510570        0.062265
        25         -0.99511420        0.062265
        26         -0.99512671        0.062265
        27         -0.99521130        0.053376
        28         -0.99522397        0.053376
        29         -0.99523948        0.047551
        30         -0.99525455        0.047551
        31         -0.99527981        0.047551
        32         -0.99528563        0.041554
        33         -0.99528677        0.041554
        34         -0.99530085        0.041554
        35         -0.99531252        0.031129
        36         -0.99531628        0.031129
        37         -0.99531957        0.027731
        38         -0.99533380        0.027731
        39         -0.99533742        0.024234
        40         -0.99533810        0.012592
        41         -0.99534079        0.012592
        42         -0.99534488        0.012592
        43         -0.99534515        0.012592
        44         -0.99534537        0.012592
        45         -0.99534580        0.009077
        46         -0.99534701        0.007067
        47         -0.99534703        0.007067
        48         -0.99534718        0.006058
        49         -0.99534773        0.004452
        50         -0.99534782        0.003816
        51         -0.99534785        0.003816
        52         -0.99534791        0.003816
        53         -0.99534802        0.003816
        54         -0.99534804        0.001636
        55         -0.99534804        0.001636
        56         -0.99534805        0.001249
        57         -0.99534805        0.001249
        58         -0.99534807        0.001249
        59         -0.99534808        0.001249
        60         -0.99534808        0.001092
        61         -0.99534809        0.000991
        62         -0.99534809        0.000850
        63         -0.99534809        0.000850
        64         -0.99534811        0.000850
        65         -0.99534812        0.000850
        66         -0.99534812        0.000850
        67         -0.99534813        0.000613
        68         -0.99534814        0.000613
        69         -0.99534814        0.000567
        70         -0.99534814        0.000567
        71         -0.99534814        0.000567
        72         -0.99534815        0.000350
        73         -0.99534815        0.000350
        74         -0.99534815        0.000350
        75         -0.99534815        0.000350
        76         -0.99534815        0.000350
        77         -0.99534815        0.000186
        78         -0.99534815        0.000122
        79         -0.99534815        0.000104
        80         -0.99534815        0.000089
        81         -0.99534815        0.000089
        82         -0.99534815        0.000089
        83         -0.99534815        0.000089
        84         -0.99534815        0.000089
        85         -0.99534815        0.000077
        86         -0.99534815        0.000071
        87         -0.99534815        0.000051
        88         -0.99534815        0.000051
        89         -0.99534815        0.000044
        90         -0.99534815        0.000038
        91         -0.99534815        0.000028
        92         -0.99534815        0.000024
        93         -0.99534815        0.000024
        94         -0.99534815        0.000024
        95         -0.99534815        0.000024
        96         -0.99534815        0.000024
        97         -0.99534815        0.000017
        98         -0.99534815        0.000017
        99         -0.99534815        0.000013
       100         -0.99534815        0.000013
       101         -0.99534815        0.000012
       102         -0.99534815        0.000012
       103         -0.99534815        0.000007
       104         -0.99534815        0.000006
       105         -0.99534815        0.000006
       106         -0.99534815        0.000006
       107         -0.99534815        0.000006
       108         -0.99534815        0.000006
       109         -0.99534815        0.000005
       110         -0.99534815        0.000005
       111         -0.99534815        0.000004
       112         -0.99534815        0.000004
       113         -0.99534815        0.000004
       114         -0.99534815        0.000004
       115         -0.99534815        0.000004
       116         -0.99534815        0.000004
       117         -0.99534815        0.000003
       118         -0.99534815        0.000002
       119         -0.99534815        0.000001
       120         -0.99534815        0.000001
       121         -0.99534815        0.000001
       122         -0.99534815        0.000001
       123         -0.99534815        0.000001
       124         -0.99534815        0.000001
       125         -0.99534815        0.000001
       126         -0.99534815        0.000001
       127         -0.99534815        0.000001
       128         -0.99534815        0.000000

 Reached Convergence

 WFN1                     :
 --------------------------
 Total WFN1 energy  =          -0.9953481495
 1-Electron energy  =          -1.3796023353
 2-Electron energy  =           0.1915273868
 Correlation energy =           0.0000000000
 DFT XC energy      =           0.0000000000
 Entropy energy     =           0.0000000000
 Nuclear energy     =           0.1927267990

 conventional Hartree-Fock:
 --------------------------
 Total SCF energy  =          -0.9953481495
 2-Electron energy =           0.1915273868

                WFN1 Final Natural orbital energies and occupations
                ---------------------------------------------------

              Alpha       Beta            Alpha       Beta  
            --------    --------        --------    --------
       1      0.0000      0.0000          1.0000      0.0000
       2      0.0000      0.0000          1.0000      0.0000
       3      0.0000      0.0000          0.0000      0.0000
       4      0.0000      0.0000          0.0000      0.0000

             WFN1 Final Correlation function energies and occupations
             --------------------------------------------------------

              Alpha       Beta            Alpha       Beta  
            --------    --------        --------    --------
       1      0.0000      0.0000          1.0000      0.0000
       2      0.0000      0.0000          1.0000      0.0000
       3      0.0000      0.0000          0.0000      0.0000
       4      0.0000      0.0000          0.0000      0.0000

                WFN1 Final alpha-alpha 2-matrix occupation numbers
                --------------------------------------------------


 global array: g_momo1[1:4,1:4],  handle: -990 

            1           2           3           4  
       ----------- ----------- ----------- -----------
   1       0.00000     1.00000     0.00000     0.00000
   2       1.00000     0.00000     0.00000     0.00000
   3       0.00000     0.00000     0.00000     0.00000
   4       0.00000     0.00000     0.00000     0.00000

                 WFN1 Final beta-beta 2-matrix occupation numbers
                 ------------------------------------------------


 global array: g_momo2[1:4,1:4],  handle: -989 

            1           2           3           4  
       ----------- ----------- ----------- -----------
   1       0.00000     0.00000     0.00000     0.00000
   2       0.00000     0.00000     0.00000     0.00000
   3       0.00000     0.00000     0.00000     0.00000
   4       0.00000     0.00000     0.00000     0.00000

                  WFN1 Final alpha Correlation Function Analysis
                  ----------------------------------------------


 global array: Ca[1:4,1:4],  handle: -981 

                     1                       2                       3                       4  
       ----------------------- ----------------------- ----------------------- -----------------------
   1      -0.74349,    0.25230    -0.58686,    0.19787     0.00000,   -0.00000    -0.00000,   -0.00000
   2      -0.61903,    0.01898     0.78481,   -0.02253     0.00000,   -0.00000    -0.00000,    0.00000
   3      -0.00000,    0.00000     0.00000,    0.00000    -0.85447,   -0.10599     0.50854,    0.00613
   4      -0.00000,   -0.00000    -0.00000,    0.00000     0.12256,    0.49359     0.29908,    0.80741

                   WFN1 Final beta Correlation Function Analysis
                   ---------------------------------------------


 global array: Cb[1:4,1:4],  handle: -980 

                     1                       2                       3                       4  
       ----------------------- ----------------------- ----------------------- -----------------------
   1      -0.74909,    0.19751    -0.61942,    0.12242     0.01651,   -0.02389    -0.01553,   -0.01039
   2      -0.61989,    0.10276     0.76863,   -0.07530     0.01967,    0.03813    -0.02905,   -0.07758
   3      -0.03500,    0.03734     0.01023,   -0.06437    -0.85185,   -0.11796     0.50262,    0.03082
   4      -0.04698,    0.01420     0.02467,   -0.00332     0.14775,    0.48573     0.30997,    0.80195

                     WFN1 Final Alpha Natural Orbital Analysis
                     -----------------------------------------

 Vector    1  Occ=1.000000D+00  E= 0.000000D+00
              MO Center=  0.0D+00,  0.0D+00, -1.2D-02, r^2= 2.6D+00
   Bfn.  Coefficient  Atom+Function         Bfn.  Coefficient  Atom+Function  
  ----- ------------  ---------------      ----- ------------  ---------------
     2     -0.457391  1 H  s                  4     -0.453151  2 H  s          
     1     -0.296356  1 H  s                  3     -0.293644  2 H  s          

 Vector    2  Occ=1.000000D+00  E= 0.000000D+00
              MO Center=  0.0D+00,  0.0D+00,  1.2D-02, r^2= 2.8D+00
   Bfn.  Coefficient  Atom+Function         Bfn.  Coefficient  Atom+Function  
  ----- ------------  ---------------      ----- ------------  ---------------
     4     -0.488537  2 H  s                  2      0.484569  1 H  s          
     3     -0.312450  2 H  s                  1      0.309879  1 H  s          

 Vector    3  Occ=6.491181D-15  E= 0.000000D+00
              MO Center=  0.0D+00,  0.0D+00, -6.9D-02, r^2= 2.9D+00
   Bfn.  Coefficient  Atom+Function         Bfn.  Coefficient  Atom+Function  
  ----- ------------  ---------------      ----- ------------  ---------------
     1      0.896181  1 H  s                  3      0.850890  2 H  s          
     2     -0.767982  1 H  s                  4     -0.723259  2 H  s          

 Vector    4  Occ=1.524630D-15  E= 0.000000D+00
              MO Center=  0.0D+00,  0.0D+00,  6.9D-02, r^2= 3.4D+00
   Bfn.  Coefficient  Atom+Function         Bfn.  Coefficient  Atom+Function  
  ----- ------------  ---------------      ----- ------------  ---------------
     3      0.932756  2 H  s                  4     -0.918181  2 H  s          
     1     -0.889330  1 H  s                  2      0.881114  1 H  s          


                     WFN1 Final Beta Natural Orbital Analysis
                     ----------------------------------------

 Vector    1  Occ=0.000000D+00  E= 0.000000D+00
              MO Center=  0.0D+00,  0.0D+00, -3.5D-02, r^2= 2.7D+00
   Bfn.  Coefficient  Atom+Function         Bfn.  Coefficient  Atom+Function  
  ----- ------------  ---------------      ----- ------------  ---------------
     2     -0.547716  1 H  s                  4     -0.512979  2 H  s          
     3     -0.211741  2 H  s                  1     -0.193124  1 H  s          

 Vector    2  Occ=0.000000D+00  E= 0.000000D+00
              MO Center=  0.0D+00,  0.0D+00,  2.8D-02, r^2= 3.0D+00
   Bfn.  Coefficient  Atom+Function         Bfn.  Coefficient  Atom+Function  
  ----- ------------  ---------------      ----- ------------  ---------------
     4     -0.594139  2 H  s                  2      0.547589  1 H  s          
     1      0.241610  1 H  s                  3     -0.201889  2 H  s          

 Vector    3  Occ=0.000000D+00  E= 0.000000D+00
              MO Center=  0.0D+00,  0.0D+00,  1.7D-02, r^2= 2.7D+00
   Bfn.  Coefficient  Atom+Function         Bfn.  Coefficient  Atom+Function  
  ----- ------------  ---------------      ----- ------------  ---------------
     3      0.909257  2 H  s                  1      0.889792  1 H  s          
     2     -0.704315  1 H  s                  4     -0.683845  2 H  s          

 Vector    4  Occ=0.000000D+00  E= 0.000000D+00
              MO Center=  0.0D+00,  0.0D+00, -9.9D-03, r^2= 3.3D+00
   Bfn.  Coefficient  Atom+Function         Bfn.  Coefficient  Atom+Function  
  ----- ------------  ---------------      ----- ------------  ---------------
     1     -0.943661  1 H  s                  3      0.930354  2 H  s          
     4     -0.852280  2 H  s                  2      0.845145  1 H  s          


 Task  times  cpu:       15.1s     wall:       26.1s
 Summary of allocated global arrays
-----------------------------------
  No active global arrays



                         GA Statistics for process    0
                         ------------------------------

       create   destroy   get      put      acc     scatter   gather  read&inc
calls:   44       44     8.10e+06 2.80e+04 2.22e+04    0        0       11     
number of processes/call 1.00e+00 1.00e+00 1.00e+00 0.00e+00 0.00e+00
bytes total:             1.04e+09 4.96e+06 3.54e+06 0.00e+00 0.00e+00 8.80e+01
bytes remote:            0.00e+00 0.00e+00 0.00e+00 0.00e+00 0.00e+00 0.00e+00
Max memory consumed for GA by this process: 10624 bytes
MA_summarize_allocated_blocks: starting scan ...
MA_summarize_allocated_blocks: scan completed: 0 heap blocks, 0 stack blocks
MA usage statistics:

	allocation statistics:
					      heap	     stack
					      ----	     -----
	current number of blocks	         0	         0
	maximum number of blocks	        19	        17
	current total bytes		         0	         0
	maximum total bytes		   3204360	  22508648
	maximum total K-bytes		      3205	     22509
	maximum total M-bytes		         4	        23


                                NWChem Input Module
                                -------------------





                                     CITATION
                                     --------
                Please cite the following reference when publishing
                           results obtained with NWChem:

                 M. Valiev, E.J. Bylaska, N. Govind, K. Kowalski,
              T.P. Straatsma, H.J.J. van Dam, D. Wang, J. Nieplocha,
                        E. Apra, T.L. Windus, W.A. de Jong
                 "NWChem: a comprehensive and scalable open-source
                  solution for large scale molecular simulations"
                      Comput. Phys. Commun. 181, 1477 (2010)
                           doi:10.1016/j.cpc.2010.04.018

                                      AUTHORS
                                      -------
          E. Apra, E. J. Bylaska, W. A. de Jong, N. Govind, K. Kowalski,
       T. P. Straatsma, M. Valiev, H. J. J. van Dam, D. Wang, T. L. Windus,
        J. Hammond, J. Autschbach, K. Bhaskaran-Nair, J. Brabec, K. Lopata,
    S. A. Fischer, S. Krishnamoorthy, M. Jacquelin, W. Ma, M. Klemm, O. Villa,
      Y. Chen, V. Anisimov, F. Aquino, S. Hirata, M. T. Hackler, V. Konjkov,
      T. Risthaus, M. Malagoli, A. Marenich, A. Otero-de-la-Roza, J. Mullin,
        P. Nichols, R. Peverati, J. Pittner, Y. Zhao, P.-D. Fan, A. Fonari,
       M. Williamson, R. J. Harrison, J. R. Rehr, M. Dupuis, D. Silverstein,
    D. M. A. Smith, J. Nieplocha, V. Tipparaju, M. Krishnan, B. E. Van Kuiken,
        A. Vazquez-Mayagoitia, L. Jensen, M. Swart, Q. Wu, T. Van Voorhis,
     A. A. Auer, M. Nooijen, L. D. Crosby, E. Brown, G. Cisneros, G. I. Fann,
   H. Fruchtl, J. Garza, K. Hirao, R. A. Kendall, J. A. Nichols, K. Tsemekhman,
    K. Wolinski, J. Anchell, D. E. Bernholdt, P. Borowski, T. Clark, D. Clerc,
   H. Dachsel, M. J. O. Deegan, K. Dyall, D. Elwood, E. Glendening, M. Gutowski,
   A. C. Hess, J. Jaffe, B. G. Johnson, J. Ju, R. Kobayashi, R. Kutteh, Z. Lin,
   R. Littlefield, X. Long, B. Meng, T. Nakajima, S. Niu, L. Pollack, M. Rosing,
   K. Glaesemann, G. Sandrone, M. Stave, H. Taylor, G. Thomas, J. H. van Lenthe,
                               A. T. Wong, Z. Zhang.

 Total times  cpu:       15.1s     wall:       26.1s
