 argument  1 = input-wf.nw



============================== echo of input deck ==============================
echo
start wfn1_dat
geometry units au noautoz
  H 0 0 -2.49434600000000000000
  H 0 0  2.49434600000000000000
  symmetry cs
end
basis
  H library 6-31g
end
set wfn1:input_vectors "atomic"
set wfn1:solver "monte-carlo"
set wfn1:print_error F
set wfn1:t_initial 0.1
set wfn1:nopen 2
#set wfn1:corr_expr "wfn1_mx"
set wfn1:corr_expr "wfn1c"
set wfn1:t_bath 0.0
set wfn1:maxit  20000
task wfn1 energy
================================================================================


                                         
                                         


              Northwest Computational Chemistry Package (NWChem) 6.8
              ------------------------------------------------------


                    Environmental Molecular Sciences Laboratory
                       Pacific Northwest National Laboratory
                                Richland, WA 99352

                              Copyright (c) 1994-2015
                       Pacific Northwest National Laboratory
                            Battelle Memorial Institute

             NWChem is an open-source computational chemistry package
                        distributed under the terms of the
                      Educational Community License (ECL) 2.0
             A copy of the license is included with this distribution
                              in the LICENSE.TXT file

                                  ACKNOWLEDGMENT
                                  --------------

            This software and its documentation were developed at the
            EMSL at Pacific Northwest National Laboratory, a multiprogram
            national laboratory, operated for the U.S. Department of Energy
            by Battelle under Contract Number DE-AC05-76RL01830. Support
            for this work was provided by the Department of Energy Office
            of Biological and Environmental Research, Office of Basic
            Energy Sciences, and the Office of Advanced Scientific Computing.


           Job information
           ---------------

    hostname        = erato
    program         = ../../../bin/LINUX64/nwchem
    date            = Sat Mar  6 01:30:55 2021

    compiled        = Sat_Mar_06_01:07:04_2021
    source          = /home/hvandam/nwchem-1-wfn1
    nwchem branch   = Development
    nwchem revision = nwchem_on_git-124-gad72d19fff205e319ffbbf2bca37a04ded6ad57b
    ga revision     = nwchem_on_git-124-gad72d19
    use scalapack   = F
    input           = input-wf.nw
    prefix          = wfn1_dat.
    data base       = ./wfn1_dat.db
    status          = startup
    nproc           =        1
    time left       =     -1s



           Memory information
           ------------------

    heap     =   13107196 doubles =    100.0 Mbytes
    stack    =   13107201 doubles =    100.0 Mbytes
    global   =   26214400 doubles =    200.0 Mbytes (distinct from heap & stack)
    total    =   52428797 doubles =    400.0 Mbytes
    verify   = yes
    hardfail = no 


           Directory information
           ---------------------

  0 permanent = .
  0 scratch   = .




                                NWChem Input Module
                                -------------------


 Turning off AUTOSYM since
 SYMMETRY directive was detected!



                             Geometry "geometry" -> ""
                             -------------------------

 Output coordinates in a.u. (scale by  1.000000000 to convert to a.u.)

  No.       Tag          Charge          X              Y              Z
 ---- ---------------- ---------- -------------- -------------- --------------
    1 H                    1.0000     0.00000000     0.00000000    -2.49434600
    2 H                    1.0000     0.00000000     0.00000000     2.49434600

      Atomic Mass 
      ----------- 

      H                  1.007825


 Effective nuclear repulsion energy (a.u.)       0.2004533453

            Nuclear Dipole moment (a.u.) 
            ----------------------------
        X                 Y               Z
 ---------------- ---------------- ----------------
     0.0000000000     0.0000000000     0.0000000000

      Symmetry information
      --------------------

 Group name             Cs        
 Group number              2
 Group order               2
 No. of unique centers     1

      Symmetry unique atoms

     1


            XYZ format geometry
            -------------------
     2
 geometry
 H                     0.00000000     0.00000000    -1.31995115
 H                     0.00000000     0.00000000     1.31995115

                      Basis "ao basis" -> "" (cartesian)
                      -----
  H (Hydrogen)
  ------------
            Exponent  Coefficients 
       -------------- ---------------------------------------------------------
  1 S  1.87311370E+01  0.033495
  1 S  2.82539370E+00  0.234727
  1 S  6.40121700E-01  0.813757

  2 S  1.61277800E-01  1.000000



 Summary of "ao basis" -> "" (cartesian)
 ------------------------------------------------------------------------------
       Tag                 Description            Shells   Functions and Types
 ---------------- ------------------------------  ------  ---------------------
 H                           6-31g                   2        2   2s



                                NWChem WFN1 Module
                                ------------------



          No. of electrons :     2
           Alpha electrons :     2
            Beta electrons :     0
          Charge           :     0
          Spin multiplicity:     3

 HvD: wfn1_inpdft
 HvD: nquad_task =                     1
 HvD: iangquad   =                     0
 HvD: gridtype   = user      
 HvD: leb        =  T
 HvD: radgrid    = murakn    
 HvD: trunc_neigh=  T
 HvD: lssw       =  T
 HvD: whichssw   = erf1    
 HvD: mxnrad     =                     0
 HvD: mxnang     =                     0
 HVD: wfn1: movecs_in  = atomic                                                                                                                                                                                                                                                          
 HVD: wfn1: movecs_out = ./wfn1_dat.movecs                                                                                                                                                                                                                                               

      Superposition of Atomic Density Guess
      -------------------------------------

 Sum of atomic energies:          -0.99646508

      Non-variational initial energy
      ------------------------------

 Total energy =      -0.683584
 1-e energy   =      -1.397362
 2-e energy   =       0.513324
 HOMO         =      -0.222645
 LUMO         =      -0.157510

 iteration              energy           error
 ---------              ------           -----
         0         -0.98326775        0.080000
         1         -0.98440951        0.080000
         2         -0.98507517        0.080000
         3         -0.98519995        0.080000
         4         -0.98552924        0.080000
         5         -0.98585201        0.080000
         6         -0.98645497        0.080000
         7         -0.98662155        0.080000
         8         -0.98833635        0.080000
         9         -0.98866607        0.080000
        10         -0.98934739        0.080000
        11         -0.98996896        0.080000
        12         -0.99040175        0.080000
        13         -0.99096884        0.080000
        14         -0.99193838        0.080000
        15         -0.99251790        0.080000
        16         -0.99263969        0.080000
        17         -0.99293148        0.080000
        18         -0.99311552        0.080000
        19         -0.99312424        0.080000
        20         -0.99326890        0.080000
        21         -0.99335425        0.080000
        22         -0.99391056        0.080000
        23         -0.99392693        0.080000
        24         -0.99415427        0.080000
        25         -0.99443026        0.080000
        26         -0.99454810        0.080000
        27         -0.99454935        0.080000
        28         -0.99459534        0.079970
        29         -0.99463009        0.079970
        30         -0.99472030        0.079970
        31         -0.99473352        0.068553
        32         -0.99474588        0.068553
        33         -0.99474638        0.051355
        34         -0.99475796        0.051355
        35         -0.99477073        0.051355
        36         -0.99481499        0.044878
        37         -0.99484047        0.039980
        38         -0.99485388        0.028819
        39         -0.99485551        0.028819
        40         -0.99488485        0.028819
        41         -0.99488589        0.024705
        42         -0.99489268        0.022009
        43         -0.99489848        0.018867
        44         -0.99489878        0.016173
        45         -0.99489883        0.016173
        46         -0.99490025        0.016173
        47         -0.99490160        0.016173
        48         -0.99490276        0.009803
        49         -0.99490287        0.009803
        50         -0.99490453        0.009803
        51         -0.99490472        0.008903
        52         -0.99490614        0.007931
        53         -0.99490718        0.007931
        54         -0.99490743        0.006799
        55         -0.99490812        0.006799
        56         -0.99490818        0.006799
        57         -0.99490837        0.005942
        58         -0.99490837        0.005942
        59         -0.99490857        0.005942
        60         -0.99490868        0.004451
        61         -0.99490916        0.004451
        62         -0.99490929        0.004451
        63         -0.99490938        0.004451
        64         -0.99490952        0.004451
        65         -0.99490953        0.002358
        66         -0.99490954        0.001836
        67         -0.99490957        0.001573
        68         -0.99490961        0.001349
        69         -0.99490963        0.001349
        70         -0.99490964        0.001156
        71         -0.99490964        0.001156
        72         -0.99490966        0.001156
        73         -0.99490966        0.000850
        74         -0.99490967        0.000757
        75         -0.99490968        0.000649
        76         -0.99490968        0.000556
        77         -0.99490968        0.000477
        78         -0.99490968        0.000409
        79         -0.99490968        0.000409
        80         -0.99490969        0.000409
        81         -0.99490969        0.000350
        82         -0.99490969        0.000350
        83         -0.99490969        0.000186
        84         -0.99490969        0.000186
        85         -0.99490969        0.000186
        86         -0.99490969        0.000186
        87         -0.99490969        0.000162
        88         -0.99490969        0.000147
        89         -0.99490969        0.000147
        90         -0.99490969        0.000147
        91         -0.99490969        0.000126
        92         -0.99490969        0.000126
        93         -0.99490969        0.000112
        94         -0.99490969        0.000112
        95         -0.99490969        0.000098
        96         -0.99490969        0.000086
        97         -0.99490969        0.000074
        98         -0.99490969        0.000063
        99         -0.99490969        0.000046
       100         -0.99490969        0.000039
       101         -0.99490969        0.000039
       102         -0.99490969        0.000039
       103         -0.99490969        0.000024
       104         -0.99490969        0.000024
       105         -0.99490969        0.000024
       106         -0.99490969        0.000018
       107         -0.99490969        0.000011
       108         -0.99490969        0.000011
       109         -0.99490969        0.000011
       110         -0.99490969        0.000011
       111         -0.99490969        0.000008
       112         -0.99490969        0.000007
       113         -0.99490969        0.000007
       114         -0.99490969        0.000005
       115         -0.99490969        0.000005
       116         -0.99490969        0.000004
       117         -0.99490969        0.000003
       118         -0.99490969        0.000002
       119         -0.99490969        0.000002
       120         -0.99490969        0.000002
       121         -0.99490969        0.000002
       122         -0.99490969        0.000002
       123         -0.99490969        0.000002
       124         -0.99490969        0.000001
       125         -0.99490969        0.000001
       126         -0.99490969        0.000001
       127         -0.99490969        0.000001
       128         -0.99490969        0.000001

 Reached Convergence

 WFN1                     :
 --------------------------
 Total WFN1 energy  =          -0.9949096935
 1-Electron energy  =          -1.3940601096
 2-Electron energy  =           0.1986970709
 Correlation energy =           0.0000000000
 DFT XC energy      =           0.0000000000
 Entropy energy     =           0.0000000000
 Nuclear energy     =           0.2004533453

 conventional Hartree-Fock:
 --------------------------
 Total SCF energy  =          -0.9949096935
 2-Electron energy =           0.1986970709

                WFN1 Final Natural orbital energies and occupations
                ---------------------------------------------------

              Alpha       Beta            Alpha       Beta  
            --------    --------        --------    --------
       1      0.0000      0.0000          1.0000      0.0000
       2      0.0000      0.0000          1.0000      0.0000
       3      0.0000      0.0000          0.0000      0.0000
       4      0.0000      0.0000          0.0000      0.0000

             WFN1 Final Correlation function energies and occupations
             --------------------------------------------------------

              Alpha       Beta            Alpha       Beta  
            --------    --------        --------    --------
       1      0.0000      0.0000          1.0000      0.0000
       2      0.0000      0.0000          1.0000      0.0000
       3      0.0000      0.0000          0.0000      0.0000
       4      0.0000      0.0000          0.0000      0.0000

                WFN1 Final alpha-alpha 2-matrix occupation numbers
                --------------------------------------------------


 global array: g_momo1[1:4,1:4],  handle: -990 

            1           2           3           4  
       ----------- ----------- ----------- -----------
   1      -0.00000     1.00000     0.00000     0.00000
   2       1.00000     0.00000     0.00000     0.00000
   3       0.00000     0.00000    -0.00000     0.00000
   4       0.00000     0.00000     0.00000     0.00000

                 WFN1 Final beta-beta 2-matrix occupation numbers
                 ------------------------------------------------


 global array: g_momo2[1:4,1:4],  handle: -989 

            1           2           3           4  
       ----------- ----------- ----------- -----------
   1       0.00000     0.00000     0.00000     0.00000
   2       0.00000     0.00000     0.00000     0.00000
   3       0.00000     0.00000     0.00000     0.00000
   4       0.00000     0.00000     0.00000     0.00000

                  WFN1 Final alpha Correlation Function Analysis
                  ----------------------------------------------


 global array: Ca[1:4,1:4],  handle: -981 

                     1                       2                       3                       4  
       ----------------------- ----------------------- ----------------------- -----------------------
   1       0.69269,   -0.46488     0.46898,   -0.29004     0.00000,   -0.00000     0.00000,   -0.00000
   2      -0.52335,   -0.17370     0.78144,    0.29205     0.00000,    0.00000     0.00000,   -0.00000
   3      -0.00000,   -0.00000    -0.00000,    0.00000     0.84191,   -0.30440    -0.42115,    0.14546
   4       0.00000,    0.00000    -0.00000,   -0.00000     0.29481,    0.33408     0.58265,    0.67970

                   WFN1 Final beta Correlation Function Analysis
                   ---------------------------------------------


 global array: Cb[1:4,1:4],  handle: -980 

                     1                       2                       3                       4  
       ----------------------- ----------------------- ----------------------- -----------------------
   1       0.66687,   -0.49507     0.43721,   -0.32987    -0.05971,   -0.04151    -0.06746,   -0.01933
   2      -0.50381,   -0.22020     0.76768,    0.32777     0.02248,    0.00032    -0.01566,    0.01304
   3       0.00410,   -0.01620    -0.02956,   -0.02089     0.79214,   -0.28032    -0.51006,    0.17939
   4       0.08526,   -0.01778     0.04370,   -0.00693     0.35270,    0.40465     0.54751,    0.63447

                     WFN1 Final Alpha Natural Orbital Analysis
                     -----------------------------------------

 Vector    1  Occ=1.000000D+00  E= 0.000000D+00
              MO Center=  0.0D+00,  0.0D+00,  5.4D-02, r^2= 2.5D+00
   Bfn.  Coefficient  Atom+Function         Bfn.  Coefficient  Atom+Function  
  ----- ------------  ---------------      ----- ------------  ---------------
     4     -0.461487  2 H  s                  2     -0.441616  1 H  s          
     3     -0.300754  2 H  s                  1     -0.288118  1 H  s          

 Vector    2  Occ=1.000000D+00  E= 0.000000D+00
              MO Center=  0.0D+00,  0.0D+00, -5.4D-02, r^2= 2.6D+00
   Bfn.  Coefficient  Atom+Function         Bfn.  Coefficient  Atom+Function  
  ----- ------------  ---------------      ----- ------------  ---------------
     2     -0.499931  1 H  s                  4      0.481648  2 H  s          
     1     -0.318063  1 H  s                  3      0.306142  2 H  s          

 Vector    3  Occ=6.695677D-15  E= 0.000000D+00
              MO Center=  0.0D+00,  0.0D+00,  1.0D-01, r^2= 2.7D+00
   Bfn.  Coefficient  Atom+Function         Bfn.  Coefficient  Atom+Function  
  ----- ------------  ---------------      ----- ------------  ---------------
     3     -0.907219  2 H  s                  1     -0.838808  1 H  s          
     4      0.772241  2 H  s                  2      0.703796  1 H  s          

 Vector    4  Occ=3.906111D-14  E= 0.000000D+00
              MO Center=  0.0D+00,  0.0D+00, -1.0D-01, r^2= 3.3D+00
   Bfn.  Coefficient  Atom+Function         Bfn.  Coefficient  Atom+Function  
  ----- ------------  ---------------      ----- ------------  ---------------
     1     -0.945215  1 H  s                  2      0.940610  1 H  s          
     4     -0.885279  2 H  s                  3      0.879763  2 H  s          


                     WFN1 Final Beta Natural Orbital Analysis
                     ----------------------------------------

 Vector    1  Occ=0.000000D+00  E= 0.000000D+00
              MO Center=  0.0D+00,  0.0D+00, -6.6D-02, r^2= 2.5D+00
   Bfn.  Coefficient  Atom+Function         Bfn.  Coefficient  Atom+Function  
  ----- ------------  ---------------      ----- ------------  ---------------
     2     -0.510025  1 H  s                  4     -0.429081  2 H  s          
     3     -0.295469  2 H  s                  1     -0.249366  1 H  s          

 Vector    2  Occ=0.000000D+00  E= 0.000000D+00
              MO Center=  0.0D+00,  0.0D+00,  4.8D-02, r^2= 2.7D+00
   Bfn.  Coefficient  Atom+Function         Bfn.  Coefficient  Atom+Function  
  ----- ------------  ---------------      ----- ------------  ---------------
     4      0.598648  2 H  s                  2     -0.442514  1 H  s          
     1     -0.353752  1 H  s                  3      0.202895  2 H  s          

 Vector    3  Occ=0.000000D+00  E= 0.000000D+00
              MO Center=  0.0D+00,  0.0D+00, -7.2D-02, r^2= 2.7D+00
   Bfn.  Coefficient  Atom+Function         Bfn.  Coefficient  Atom+Function  
  ----- ------------  ---------------      ----- ------------  ---------------
     1     -0.881121  1 H  s                  3     -0.873495  2 H  s          
     2      0.799289  1 H  s                  4      0.644849  2 H  s          

 Vector    4  Occ=0.000000D+00  E= 0.000000D+00
              MO Center=  0.0D+00,  0.0D+00,  9.1D-02, r^2= 3.2D+00
   Bfn.  Coefficient  Atom+Function         Bfn.  Coefficient  Atom+Function  
  ----- ------------  ---------------      ----- ------------  ---------------
     3      0.943263  2 H  s                  4     -0.930973  2 H  s          
     1     -0.904161  1 H  s                  2      0.854531  1 H  s          


 Task  times  cpu:       14.0s     wall:       20.7s
 Summary of allocated global arrays
-----------------------------------
  No active global arrays



                         GA Statistics for process    0
                         ------------------------------

       create   destroy   get      put      acc     scatter   gather  read&inc
calls:   44       44     8.04e+06 2.78e+04 2.20e+04    0        0       11     
number of processes/call 1.00e+00 1.00e+00 1.00e+00 0.00e+00 0.00e+00
bytes total:             1.03e+09 4.92e+06 3.51e+06 0.00e+00 0.00e+00 8.80e+01
bytes remote:            0.00e+00 0.00e+00 0.00e+00 0.00e+00 0.00e+00 0.00e+00
Max memory consumed for GA by this process: 10624 bytes
MA_summarize_allocated_blocks: starting scan ...
MA_summarize_allocated_blocks: scan completed: 0 heap blocks, 0 stack blocks
MA usage statistics:

	allocation statistics:
					      heap	     stack
					      ----	     -----
	current number of blocks	         0	         0
	maximum number of blocks	        19	        17
	current total bytes		         0	         0
	maximum total bytes		   3204360	  22508648
	maximum total K-bytes		      3205	     22509
	maximum total M-bytes		         4	        23


                                NWChem Input Module
                                -------------------





                                     CITATION
                                     --------
                Please cite the following reference when publishing
                           results obtained with NWChem:

                 M. Valiev, E.J. Bylaska, N. Govind, K. Kowalski,
              T.P. Straatsma, H.J.J. van Dam, D. Wang, J. Nieplocha,
                        E. Apra, T.L. Windus, W.A. de Jong
                 "NWChem: a comprehensive and scalable open-source
                  solution for large scale molecular simulations"
                      Comput. Phys. Commun. 181, 1477 (2010)
                           doi:10.1016/j.cpc.2010.04.018

                                      AUTHORS
                                      -------
          E. Apra, E. J. Bylaska, W. A. de Jong, N. Govind, K. Kowalski,
       T. P. Straatsma, M. Valiev, H. J. J. van Dam, D. Wang, T. L. Windus,
        J. Hammond, J. Autschbach, K. Bhaskaran-Nair, J. Brabec, K. Lopata,
    S. A. Fischer, S. Krishnamoorthy, M. Jacquelin, W. Ma, M. Klemm, O. Villa,
      Y. Chen, V. Anisimov, F. Aquino, S. Hirata, M. T. Hackler, V. Konjkov,
      T. Risthaus, M. Malagoli, A. Marenich, A. Otero-de-la-Roza, J. Mullin,
        P. Nichols, R. Peverati, J. Pittner, Y. Zhao, P.-D. Fan, A. Fonari,
       M. Williamson, R. J. Harrison, J. R. Rehr, M. Dupuis, D. Silverstein,
    D. M. A. Smith, J. Nieplocha, V. Tipparaju, M. Krishnan, B. E. Van Kuiken,
        A. Vazquez-Mayagoitia, L. Jensen, M. Swart, Q. Wu, T. Van Voorhis,
     A. A. Auer, M. Nooijen, L. D. Crosby, E. Brown, G. Cisneros, G. I. Fann,
   H. Fruchtl, J. Garza, K. Hirao, R. A. Kendall, J. A. Nichols, K. Tsemekhman,
    K. Wolinski, J. Anchell, D. E. Bernholdt, P. Borowski, T. Clark, D. Clerc,
   H. Dachsel, M. J. O. Deegan, K. Dyall, D. Elwood, E. Glendening, M. Gutowski,
   A. C. Hess, J. Jaffe, B. G. Johnson, J. Ju, R. Kobayashi, R. Kutteh, Z. Lin,
   R. Littlefield, X. Long, B. Meng, T. Nakajima, S. Niu, L. Pollack, M. Rosing,
   K. Glaesemann, G. Sandrone, M. Stave, H. Taylor, G. Thomas, J. H. van Lenthe,
                               A. T. Wong, Z. Zhang.

 Total times  cpu:       14.0s     wall:       20.8s
