 argument  1 = input-wf.nw



============================== echo of input deck ==============================
echo
start wfn1_dat
geometry units au noautoz
  H 0 0 -1.09434600000000000000
  H 0 0  1.09434600000000000000
  symmetry cs
end
basis
  H library 6-31g**
end
set wfn1:input_vectors "atomic"
set wfn1:solver "monte-carlo"
set wfn1:print_error F
set wfn1:t_initial 0.1
#set wfn1:corr_expr "wfn1_mx"
set wfn1:corr_expr "wfn1c"
set wfn1:t_bath 0.0
set wfn1:maxit  20000
task wfn1 energy
================================================================================


                                         
                                         


              Northwest Computational Chemistry Package (NWChem) 6.8
              ------------------------------------------------------


                    Environmental Molecular Sciences Laboratory
                       Pacific Northwest National Laboratory
                                Richland, WA 99352

                              Copyright (c) 1994-2015
                       Pacific Northwest National Laboratory
                            Battelle Memorial Institute

             NWChem is an open-source computational chemistry package
                        distributed under the terms of the
                      Educational Community License (ECL) 2.0
             A copy of the license is included with this distribution
                              in the LICENSE.TXT file

                                  ACKNOWLEDGMENT
                                  --------------

            This software and its documentation were developed at the
            EMSL at Pacific Northwest National Laboratory, a multiprogram
            national laboratory, operated for the U.S. Department of Energy
            by Battelle under Contract Number DE-AC05-76RL01830. Support
            for this work was provided by the Department of Energy Office
            of Biological and Environmental Research, Office of Basic
            Energy Sciences, and the Office of Advanced Scientific Computing.


           Job information
           ---------------

    hostname        = erato
    program         = ../../../bin/LINUX64/nwchem
    date            = Mon Mar  1 11:48:47 2021

    compiled        = Sun_Feb_28_18:02:42_2021
    source          = /home/hvandam/nwchem-1-wfn1
    nwchem branch   = Development
    nwchem revision = nwchem_on_git-124-gad72d19fff205e319ffbbf2bca37a04ded6ad57b
    ga revision     = nwchem_on_git-124-gad72d19
    use scalapack   = F
    input           = input-wf.nw
    prefix          = wfn1_dat.
    data base       = ./wfn1_dat.db
    status          = startup
    nproc           =        1
    time left       =     -1s



           Memory information
           ------------------

    heap     =   13107198 doubles =    100.0 Mbytes
    stack    =   13107195 doubles =    100.0 Mbytes
    global   =   26214400 doubles =    200.0 Mbytes (distinct from heap & stack)
    total    =   52428793 doubles =    400.0 Mbytes
    verify   = yes
    hardfail = no 


           Directory information
           ---------------------

  0 permanent = .
  0 scratch   = .




                                NWChem Input Module
                                -------------------


 Turning off AUTOSYM since
 SYMMETRY directive was detected!



                             Geometry "geometry" -> ""
                             -------------------------

 Output coordinates in a.u. (scale by  1.000000000 to convert to a.u.)

  No.       Tag          Charge          X              Y              Z
 ---- ---------------- ---------- -------------- -------------- --------------
    1 H                    1.0000     0.00000000     0.00000000    -1.09434600
    2 H                    1.0000     0.00000000     0.00000000     1.09434600

      Atomic Mass 
      ----------- 

      H                  1.007825


 Effective nuclear repulsion energy (a.u.)       0.4568938891

            Nuclear Dipole moment (a.u.) 
            ----------------------------
        X                 Y               Z
 ---------------- ---------------- ----------------
     0.0000000000     0.0000000000     0.0000000000

      Symmetry information
      --------------------

 Group name             Cs        
 Group number              2
 Group order               2
 No. of unique centers     1

      Symmetry unique atoms

     1


            XYZ format geometry
            -------------------
     2
 geometry
 H                     0.00000000     0.00000000    -0.57910301
 H                     0.00000000     0.00000000     0.57910301

                      Basis "ao basis" -> "" (cartesian)
                      -----
  H (Hydrogen)
  ------------
            Exponent  Coefficients 
       -------------- ---------------------------------------------------------
  1 S  1.87311370E+01  0.033495
  1 S  2.82539370E+00  0.234727
  1 S  6.40121700E-01  0.813757

  2 S  1.61277800E-01  1.000000

  3 P  1.10000000E+00  1.000000



 Summary of "ao basis" -> "" (cartesian)
 ------------------------------------------------------------------------------
       Tag                 Description            Shells   Functions and Types
 ---------------- ------------------------------  ------  ---------------------
 H                          6-31g**                  3        5   2s1p



                                NWChem WFN1 Module
                                ------------------



          No. of electrons :     2
           Alpha electrons :     1
            Beta electrons :     1
          Charge           :     0
          Spin multiplicity:     1

 HvD: wfn1_inpdft
 HvD: nquad_task =                     1
 HvD: iangquad   =                     0
 HvD: gridtype   = user      
 HvD: leb        =  T
 HvD: radgrid    = murakn    
 HvD: trunc_neigh=  T
 HvD: lssw       =  T
 HvD: whichssw   = erf1    
 HvD: mxnrad     =                     0
 HvD: mxnang     =                     0
 HVD: wfn1: movecs_in  = atomic                                                                                                                                                                                                                                                          
 HVD: wfn1: movecs_out = ./wfn1_dat.movecs                                                                                                                                                                                                                                               

      Superposition of Atomic Density Guess
      -------------------------------------

 Sum of atomic energies:          -0.99646508

      Non-variational initial energy
      ------------------------------

 Total energy =      -0.775475
 1-e energy   =      -1.876635
 2-e energy   =       0.644266
 HOMO         =      -0.420510
 LUMO         =       0.055164

 iteration              energy           error
 ---------              ------           -----
         0         -1.06677710        0.200000
         1         -1.06702657        0.200000
         2         -1.06712842        0.200000
         3         -1.06739239        0.136079
         4         -1.06746144        0.136079
         5         -1.06805387        0.136079
         6         -1.06813546        0.136079
         7         -1.06834519        0.108006
         8         -1.06848048        0.100000
         9         -1.06849797        0.100000
        10         -1.06850161        0.085724
        11         -1.06851127        0.068040
        12         -1.06851748        0.062996
        13         -1.06858372        0.062996
        14         -1.06861718        0.058326
        15         -1.06867282        0.058326
        16         -1.06874652        0.058326
        17         -1.06876874        0.058326
        18         -1.06879469        0.058326
        19         -1.06881538        0.058326
        20         -1.06882786        0.054003
        21         -1.06896825        0.054003
        22         -1.06912039        0.054003
        23         -1.06931436        0.050000
        24         -1.06933324        0.042862
        25         -1.06934679        0.039685
        26         -1.06936396        0.039685
        27         -1.06937240        0.036743
        28         -1.06944055        0.036743
        29         -1.06949442        0.031498
        30         -1.06949827        0.031498
        31         -1.06951188        0.029163
        32         -1.06951824        0.029163
        33         -1.06954157        0.023147
        34         -1.06956652        0.021431
        35         -1.06956774        0.017010
        36         -1.06962801        0.017010
        37         -1.06965105        0.015749
        38         -1.06965462        0.011573
        39         -1.06965845        0.010716
        40         -1.06967641        0.007291
        41         -1.06970737        0.006750
        42         -1.06975375        0.005358
        43         -1.06976711        0.004961
        44         -1.06976745        0.003937
        45         -1.06977266        0.003937
        46         -1.06977945        0.003645
        47         -1.06979842        0.003645
        48         -1.06980792        0.003645
        49         -1.06981829        0.001563
        50         -1.06982760        0.001339
        51         -1.06983207        0.001063
        52         -1.06983387        0.000781
        53         -1.06983524        0.000723
        54         -1.06983637        0.000723
        55         -1.06985966        0.000574
        56         -1.06986388        0.000492
        57         -1.06986879        0.000335
        58         -1.06987563        0.000266
        59         -1.06987980        0.000246
        60         -1.06988162        0.000123
        61         -1.06988506        0.000105
        62         -1.06988767        0.000098
        63         -1.06989264        0.000072
        64         -1.06989785        0.000066
        65         -1.06989799        0.000026
        66         -1.06989799        0.000007
        67         -1.06989823        0.000007
        68         -1.06989902        0.000004
        69         -1.06989940        0.000004
        70         -1.06990033        0.000003
        71         -1.06990087        0.000002
        72         -1.06990135        0.000001
        73         -1.06990140        0.000001
        74         -1.06990176        0.000001

 Reached Convergence

 WFN1                     :
 --------------------------
 Total WFN1 energy  =          -1.0699017619
 1-Electron energy  =          -2.0613896202
 2-Electron energy  =           0.5413939000
 Correlation energy =          -0.0067999308
 DFT XC energy      =           0.0000000000
 Entropy energy     =           0.0000000000
 Nuclear energy     =           0.4568938891

 conventional Hartree-Fock:
 --------------------------
 Total SCF energy  =          -1.0663528803
 2-Electron energy =           0.5449427815

                WFN1 Final Natural orbital energies and occupations
                ---------------------------------------------------

              Alpha       Beta            Alpha       Beta  
            --------    --------        --------    --------
       1      0.0000      0.0000          0.9948      0.9948
       2      0.0000      0.0000          0.0046      0.0046
       3      0.0000      0.0000          0.0001      0.0001
       4      0.0000      0.0000          0.0002      0.0002
       5      0.0000      0.0000          0.0001      0.0001
       6      0.0000      0.0000          0.0001      0.0001
       7      0.0000      0.0000          0.0000      0.0000
       8      0.0000      0.0000          0.0000      0.0000
       9      0.0000      0.0000          0.0000      0.0000
      10      0.0000      0.0000          0.0001      0.0001

             WFN1 Final Correlation function energies and occupations
             --------------------------------------------------------

              Alpha       Beta            Alpha       Beta  
            --------    --------        --------    --------
       1      0.0000      0.0000          1.0000      1.0000
       2      0.0000      0.0000          0.0000      0.0000
       3      0.0000      0.0000          0.0000      0.0000
       4      0.0000      0.0000          0.0000      0.0000
       5      0.0000      0.0000          0.0000      0.0000
       6      0.0000      0.0000          0.0000      0.0000
       7      0.0000      0.0000          0.0000      0.0000
       8      0.0000      0.0000          0.0000      0.0000
       9      0.0000      0.0000          0.0000      0.0000
      10      0.0000      0.0000          0.0000      0.0000

                WFN1 Final alpha-alpha 2-matrix occupation numbers
                --------------------------------------------------


 global array: g_momo1[1:10,1:10],  handle: -990 

            1           2           3           4           5           6  
       ----------- ----------- ----------- ----------- ----------- -----------
   1       0.00000    -0.00000     0.00000     0.00000     0.00000     0.00000
   2       0.00000     0.00000    -0.00000     0.00000     0.00000     0.00000
   3       0.00000    -0.00000     0.00000     0.00000     0.00000     0.00000
   4      -0.00000     0.00000    -0.00000     0.00000     0.00000     0.00000
   5       0.00000     0.00000    -0.00000     0.00000     0.00000     0.00000
   6       0.00000    -0.00000     0.00000     0.00000     0.00000    -0.00000
   7       0.00000    -0.00000     0.00000     0.00000     0.00000     0.00000
   8       0.00000     0.00000    -0.00000     0.00000     0.00000     0.00000
   9       0.00000     0.00000    -0.00000     0.00000     0.00000     0.00000
  10       0.00000     0.00000    -0.00000     0.00000     0.00000    -0.00000

            7           8           9          10  
       ----------- ----------- ----------- -----------
   1       0.00000    -0.00000     0.00000     0.00000
   2       0.00000    -0.00000     0.00000     0.00000
   3       0.00000    -0.00000     0.00000     0.00000
   4       0.00000     0.00000     0.00000     0.00000
   5       0.00000    -0.00000     0.00000     0.00000
   6       0.00000     0.00000     0.00000     0.00000
   7       0.00000     0.00000     0.00000     0.00000
   8       0.00000    -0.00000     0.00000     0.00000
   9       0.00000    -0.00000     0.00000     0.00000
  10       0.00000     0.00000     0.00000     0.00000

                 WFN1 Final beta-beta 2-matrix occupation numbers
                 ------------------------------------------------


 global array: g_momo2[1:10,1:10],  handle: -989 

            1           2           3           4           5           6  
       ----------- ----------- ----------- ----------- ----------- -----------
   1       0.00000    -0.00000     0.00000     0.00000     0.00000     0.00000
   2       0.00000     0.00000    -0.00000     0.00000     0.00000     0.00000
   3       0.00000    -0.00000     0.00000     0.00000     0.00000     0.00000
   4      -0.00000     0.00000    -0.00000     0.00000     0.00000     0.00000
   5       0.00000     0.00000    -0.00000     0.00000     0.00000     0.00000
   6       0.00000    -0.00000     0.00000     0.00000     0.00000    -0.00000
   7       0.00000    -0.00000     0.00000     0.00000     0.00000     0.00000
   8       0.00000     0.00000    -0.00000     0.00000     0.00000     0.00000
   9       0.00000     0.00000    -0.00000     0.00000     0.00000     0.00000
  10       0.00000     0.00000    -0.00000     0.00000     0.00000    -0.00000

            7           8           9          10  
       ----------- ----------- ----------- -----------
   1       0.00000    -0.00000     0.00000     0.00000
   2       0.00000    -0.00000     0.00000     0.00000
   3       0.00000    -0.00000     0.00000     0.00000
   4       0.00000     0.00000     0.00000     0.00000
   5       0.00000    -0.00000     0.00000     0.00000
   6       0.00000     0.00000     0.00000     0.00000
   7       0.00000     0.00000     0.00000     0.00000
   8       0.00000    -0.00000     0.00000     0.00000
   9       0.00000    -0.00000     0.00000     0.00000
  10       0.00000     0.00000     0.00000     0.00000

                  WFN1 Final alpha Correlation Function Analysis
                  ----------------------------------------------


 global array: Ca[1:10,1:10],  handle: -981 

                     1                       2                       3                       4                       5                       6  
       ----------------------- ----------------------- ----------------------- ----------------------- ----------------------- -----------------------
   1       0.75761,    0.64873    -0.04944,   -0.04601    -0.00898,   -0.01007    -0.00398,   -0.00579     0.00785,    0.00908     0.00245,   -0.00894
   2       0.01952,   -0.06487     0.32061,   -0.94388     0.01673,    0.01137     0.00108,    0.01033    -0.01201,    0.01017     0.00358,   -0.01122
   3      -0.00179,    0.00773    -0.01416,   -0.00286    -0.15064,    0.85534     0.08704,   -0.48621     0.00099,    0.00734     0.01047,   -0.00198
   4       0.01215,   -0.00634     0.01391,    0.00861     0.46228,   -0.17312     0.81385,   -0.30257    -0.02082,    0.00162     0.01230,    0.01962
   5      -0.00963,   -0.00645     0.01313,    0.01455     0.00530,   -0.00041     0.02595,    0.00906     0.30789,    0.66461    -0.28623,   -0.61524
   6      -0.00339,    0.01033    -0.01134,   -0.00229     0.00103,   -0.00244     0.01351,   -0.00370    -0.24080,   -0.40732    -0.27688,   -0.42817
   7       0.00000,    0.00000    -0.00763,   -0.00487     0.00650,    0.00576    -0.00287,    0.01949     0.14307,    0.45538     0.14239,    0.49975
   8       0.00000,   -0.00000     0.01037,    0.01182     0.01783,    0.00601    -0.01134,   -0.00173    -0.03861,    0.05448    -0.05592,    0.01666
   9       0.00225,    0.00447    -0.01027,   -0.01712    -0.00381,    0.02406    -0.00662,    0.00262     0.05680,   -0.05292     0.05511,   -0.04613
  10      -0.00722,    0.00158    -0.00099,   -0.00361    -0.01470,    0.01272     0.01319,    0.01649     0.00209,    0.01960    -0.00181,   -0.00942

                     7                       8                       9                      10  
       ----------------------- ----------------------- ----------------------- -----------------------
   1       0.00693,   -0.00016    -0.00405,    0.00406     0.00307,   -0.00293     0.00711,    0.00039
   2      -0.01429,    0.00583    -0.02235,   -0.00725     0.00126,    0.00062    -0.00336,    0.00078
   3      -0.00448,   -0.00452    -0.00224,    0.01664     0.02419,    0.00456     0.00996,    0.01626
   4       0.01851,   -0.00078     0.01099,    0.00065    -0.01079,   -0.00110     0.01746,    0.01029
   5      -0.01633,    0.00552     0.01496,   -0.02239     0.01214,   -0.00927    -0.00817,    0.02047
   6      -0.37753,   -0.59221     0.06688,    0.09501    -0.04438,   -0.08310    -0.00649,    0.00054
   7      -0.20338,   -0.67010    -0.00884,   -0.07222    -0.03586,   -0.06674    -0.00706,    0.01018
   8       0.04275,   -0.04578    -0.51537,    0.46428    -0.53144,    0.47297     0.00875,   -0.00999
   9       0.09536,   -0.04772     0.58613,   -0.39263    -0.57382,    0.38586    -0.00468,    0.02185
  10      -0.00482,   -0.00845     0.02316,   -0.00881    -0.00896,   -0.00569     0.64251,   -0.76485

                   WFN1 Final beta Correlation Function Analysis
                   ---------------------------------------------


 global array: Cb[1:10,1:10],  handle: -980 

                     1                       2                       3                       4                       5                       6  
       ----------------------- ----------------------- ----------------------- ----------------------- ----------------------- -----------------------
   1       0.75761,    0.64873    -0.04944,   -0.04601    -0.00898,   -0.01007    -0.00398,   -0.00579     0.00785,    0.00908     0.00245,   -0.00894
   2       0.01952,   -0.06487     0.32061,   -0.94388     0.01673,    0.01137     0.00108,    0.01033    -0.01201,    0.01017     0.00358,   -0.01122
   3      -0.00179,    0.00773    -0.01416,   -0.00286    -0.15064,    0.85534     0.08704,   -0.48621     0.00099,    0.00734     0.01047,   -0.00198
   4       0.01215,   -0.00634     0.01391,    0.00861     0.46228,   -0.17312     0.81385,   -0.30257    -0.02082,    0.00162     0.01230,    0.01962
   5      -0.00963,   -0.00645     0.01313,    0.01455     0.00530,   -0.00041     0.02595,    0.00906     0.30789,    0.66461    -0.28623,   -0.61524
   6      -0.00339,    0.01033    -0.01134,   -0.00229     0.00103,   -0.00244     0.01351,   -0.00370    -0.24080,   -0.40732    -0.27688,   -0.42817
   7       0.00000,    0.00000    -0.00763,   -0.00487     0.00650,    0.00576    -0.00287,    0.01949     0.14307,    0.45538     0.14239,    0.49975
   8       0.00000,   -0.00000     0.01037,    0.01182     0.01783,    0.00601    -0.01134,   -0.00173    -0.03861,    0.05448    -0.05592,    0.01666
   9       0.00225,    0.00447    -0.01027,   -0.01712    -0.00381,    0.02406    -0.00662,    0.00262     0.05680,   -0.05292     0.05511,   -0.04613
  10      -0.00722,    0.00158    -0.00099,   -0.00361    -0.01470,    0.01272     0.01319,    0.01649     0.00209,    0.01960    -0.00181,   -0.00942

                     7                       8                       9                      10  
       ----------------------- ----------------------- ----------------------- -----------------------
   1       0.00693,   -0.00016    -0.00405,    0.00406     0.00307,   -0.00293     0.00711,    0.00039
   2      -0.01429,    0.00583    -0.02235,   -0.00725     0.00126,    0.00062    -0.00336,    0.00078
   3      -0.00448,   -0.00452    -0.00224,    0.01664     0.02419,    0.00456     0.00996,    0.01626
   4       0.01851,   -0.00078     0.01099,    0.00065    -0.01079,   -0.00110     0.01746,    0.01029
   5      -0.01633,    0.00552     0.01496,   -0.02239     0.01214,   -0.00927    -0.00817,    0.02047
   6      -0.37753,   -0.59221     0.06688,    0.09501    -0.04438,   -0.08310    -0.00649,    0.00054
   7      -0.20338,   -0.67010    -0.00884,   -0.07222    -0.03586,   -0.06674    -0.00706,    0.01018
   8       0.04275,   -0.04578    -0.51537,    0.46428    -0.53144,    0.47297     0.00875,   -0.00999
   9       0.09536,   -0.04772     0.58613,   -0.39263    -0.57382,    0.38586    -0.00468,    0.02185
  10      -0.00482,   -0.00845     0.02316,   -0.00881    -0.00896,   -0.00569     0.64251,   -0.76485

                     WFN1 Final Alpha Natural Orbital Analysis
                     -----------------------------------------

 Vector    1  Occ=9.948276D-01  E= 0.000000D+00
              MO Center=  7.6D-04, -2.0D-03,  3.3D-03, r^2= 1.0D+00
   Bfn.  Coefficient  Atom+Function         Bfn.  Coefficient  Atom+Function  
  ----- ------------  ---------------      ----- ------------  ---------------
     7      0.365568  2 H  s                  2      0.351624  1 H  s          
     1      0.272268  1 H  s                  6      0.265707  2 H  s          

 Vector    2  Occ=4.589405D-03  E= 0.000000D+00
              MO Center= -3.9D-03, -9.6D-03, -1.5D-02, r^2= 1.9D+00
   Bfn.  Coefficient  Atom+Function         Bfn.  Coefficient  Atom+Function  
  ----- ------------  ---------------      ----- ------------  ---------------
     2     -1.002253  1 H  s                  7      0.989958  2 H  s          
     6      0.222249  2 H  s                  1     -0.212201  1 H  s          
     5      0.027744  1 H  pz         

 Vector    3  Occ=6.304094D-05  E= 0.000000D+00
              MO Center=  2.5D-04,  5.0D-04,  4.9D-03, r^2= 1.6D+00
   Bfn.  Coefficient  Atom+Function         Bfn.  Coefficient  Atom+Function  
  ----- ------------  ---------------      ----- ------------  ---------------
     1      0.868969  1 H  s                  6      0.858806  2 H  s          
     7     -0.698420  2 H  s                  2     -0.678407  1 H  s          
     5      0.128775  1 H  pz                10     -0.114297  2 H  pz         

 Vector    4  Occ=1.877115D-04  E= 0.000000D+00
              MO Center= -2.3D-03, -1.9D-03, -1.8D-03, r^2= 1.7D+00
   Bfn.  Coefficient  Atom+Function         Bfn.  Coefficient  Atom+Function  
  ----- ------------  ---------------      ----- ------------  ---------------
     2     -1.204150  1 H  s                  7      1.201737  2 H  s          
     1      0.931265  1 H  s                  6     -0.931851  2 H  s          
     5     -0.050771  1 H  pz                10     -0.039999  2 H  pz         

 Vector    5  Occ=1.343747D-04  E= 0.000000D+00
              MO Center=  9.2D-04,  6.9D-04,  1.8D-02, r^2= 7.2D-01
   Bfn.  Coefficient  Atom+Function         Bfn.  Coefficient  Atom+Function  
  ----- ------------  ---------------      ----- ------------  ---------------
    10     -0.619832  2 H  pz                 5      0.609131  1 H  pz         
     6     -0.307937  2 H  s                  1     -0.289553  1 H  s          
     7      0.137234  2 H  s                  2      0.130541  1 H  s          
     8     -0.034079  2 H  px         

 Vector    6  Occ=1.182111D-04  E= 0.000000D+00
              MO Center= -1.1D-04,  1.2D-03, -1.1D-02, r^2= 6.3D-01
   Bfn.  Coefficient  Atom+Function         Bfn.  Coefficient  Atom+Function  
  ----- ------------  ---------------      ----- ------------  ---------------
     4     -0.685652  1 H  py                 9     -0.672279  2 H  py         
     3      0.076780  1 H  px                 8      0.069855  2 H  px         

 Vector    7  Occ=2.072221D-17  E= 0.000000D+00
              MO Center= -1.6D-03, -1.5D-04,  9.2D-03, r^2= 6.3D-01
   Bfn.  Coefficient  Atom+Function         Bfn.  Coefficient  Atom+Function  
  ----- ------------  ---------------      ----- ------------  ---------------
     8     -0.683555  2 H  px                 3     -0.674225  1 H  px         
     9     -0.082982  2 H  py                 4     -0.063469  1 H  py         

 Vector    8  Occ=4.025783D-18  E= 0.000000D+00
              MO Center= -1.8D-03,  9.7D-03,  1.2D-02, r^2= 6.8D-01
   Bfn.  Coefficient  Atom+Function         Bfn.  Coefficient  Atom+Function  
  ----- ------------  ---------------      ----- ------------  ---------------
     9     -0.726581  2 H  py                 4      0.715083  1 H  py         
     8      0.144789  2 H  px                 3     -0.127187  1 H  px         
     6     -0.025233  2 H  s          

 Vector    9  Occ=2.508182D-05  E= 0.000000D+00
              MO Center=  7.6D-03,  1.4D-03, -1.2D-02, r^2= 6.8D-01
   Bfn.  Coefficient  Atom+Function         Bfn.  Coefficient  Atom+Function  
  ----- ------------  ---------------      ----- ------------  ---------------
     3      0.726721  1 H  px                 8     -0.714670  2 H  px         
     4      0.138623  1 H  py                 9     -0.132625  2 H  py         
     1      0.025525  1 H  s          

 Vector   10  Occ=5.455932D-05  E= 0.000000D+00
              MO Center=  2.6D-04,  2.2D-04, -7.2D-03, r^2= 7.6D-01
   Bfn.  Coefficient  Atom+Function         Bfn.  Coefficient  Atom+Function  
  ----- ------------  ---------------      ----- ------------  ---------------
     5     -0.908630  1 H  pz                10     -0.904257  2 H  pz         
     2     -0.359319  1 H  s                  7      0.346575  2 H  s          
     6      0.137909  2 H  s                  1     -0.120232  1 H  s          


                     WFN1 Final Beta Natural Orbital Analysis
                     ----------------------------------------

 Vector    1  Occ=9.948276D-01  E= 0.000000D+00
              MO Center=  7.6D-04, -2.0D-03,  3.3D-03, r^2= 1.0D+00
   Bfn.  Coefficient  Atom+Function         Bfn.  Coefficient  Atom+Function  
  ----- ------------  ---------------      ----- ------------  ---------------
     7      0.365568  2 H  s                  2      0.351624  1 H  s          
     1      0.272268  1 H  s                  6      0.265707  2 H  s          

 Vector    2  Occ=4.589405D-03  E= 0.000000D+00
              MO Center= -3.9D-03, -9.6D-03, -1.5D-02, r^2= 1.9D+00
   Bfn.  Coefficient  Atom+Function         Bfn.  Coefficient  Atom+Function  
  ----- ------------  ---------------      ----- ------------  ---------------
     2     -1.002253  1 H  s                  7      0.989958  2 H  s          
     6      0.222249  2 H  s                  1     -0.212201  1 H  s          
     5      0.027744  1 H  pz         

 Vector    3  Occ=6.304094D-05  E= 0.000000D+00
              MO Center=  2.5D-04,  5.0D-04,  4.9D-03, r^2= 1.6D+00
   Bfn.  Coefficient  Atom+Function         Bfn.  Coefficient  Atom+Function  
  ----- ------------  ---------------      ----- ------------  ---------------
     1      0.868969  1 H  s                  6      0.858806  2 H  s          
     7     -0.698420  2 H  s                  2     -0.678407  1 H  s          
     5      0.128775  1 H  pz                10     -0.114297  2 H  pz         

 Vector    4  Occ=1.877115D-04  E= 0.000000D+00
              MO Center= -2.3D-03, -1.9D-03, -1.8D-03, r^2= 1.7D+00
   Bfn.  Coefficient  Atom+Function         Bfn.  Coefficient  Atom+Function  
  ----- ------------  ---------------      ----- ------------  ---------------
     2     -1.204150  1 H  s                  7      1.201737  2 H  s          
     1      0.931265  1 H  s                  6     -0.931851  2 H  s          
     5     -0.050771  1 H  pz                10     -0.039999  2 H  pz         

 Vector    5  Occ=1.343747D-04  E= 0.000000D+00
              MO Center=  9.2D-04,  6.9D-04,  1.8D-02, r^2= 7.2D-01
   Bfn.  Coefficient  Atom+Function         Bfn.  Coefficient  Atom+Function  
  ----- ------------  ---------------      ----- ------------  ---------------
    10     -0.619832  2 H  pz                 5      0.609131  1 H  pz         
     6     -0.307937  2 H  s                  1     -0.289553  1 H  s          
     7      0.137234  2 H  s                  2      0.130541  1 H  s          
     8     -0.034079  2 H  px         

 Vector    6  Occ=1.182111D-04  E= 0.000000D+00
              MO Center= -1.1D-04,  1.2D-03, -1.1D-02, r^2= 6.3D-01
   Bfn.  Coefficient  Atom+Function         Bfn.  Coefficient  Atom+Function  
  ----- ------------  ---------------      ----- ------------  ---------------
     4     -0.685652  1 H  py                 9     -0.672279  2 H  py         
     3      0.076780  1 H  px                 8      0.069855  2 H  px         

 Vector    7  Occ=2.072221D-17  E= 0.000000D+00
              MO Center= -1.6D-03, -1.5D-04,  9.2D-03, r^2= 6.3D-01
   Bfn.  Coefficient  Atom+Function         Bfn.  Coefficient  Atom+Function  
  ----- ------------  ---------------      ----- ------------  ---------------
     8     -0.683555  2 H  px                 3     -0.674225  1 H  px         
     9     -0.082982  2 H  py                 4     -0.063469  1 H  py         

 Vector    8  Occ=4.025783D-18  E= 0.000000D+00
              MO Center= -1.8D-03,  9.7D-03,  1.2D-02, r^2= 6.8D-01
   Bfn.  Coefficient  Atom+Function         Bfn.  Coefficient  Atom+Function  
  ----- ------------  ---------------      ----- ------------  ---------------
     9     -0.726581  2 H  py                 4      0.715083  1 H  py         
     8      0.144789  2 H  px                 3     -0.127187  1 H  px         
     6     -0.025233  2 H  s          

 Vector    9  Occ=2.508182D-05  E= 0.000000D+00
              MO Center=  7.6D-03,  1.4D-03, -1.2D-02, r^2= 6.8D-01
   Bfn.  Coefficient  Atom+Function         Bfn.  Coefficient  Atom+Function  
  ----- ------------  ---------------      ----- ------------  ---------------
     3      0.726721  1 H  px                 8     -0.714670  2 H  px         
     4      0.138623  1 H  py                 9     -0.132625  2 H  py         
     1      0.025525  1 H  s          

 Vector   10  Occ=5.455932D-05  E= 0.000000D+00
              MO Center=  2.6D-04,  2.2D-04, -7.2D-03, r^2= 7.6D-01
   Bfn.  Coefficient  Atom+Function         Bfn.  Coefficient  Atom+Function  
  ----- ------------  ---------------      ----- ------------  ---------------
     5     -0.908630  1 H  pz                10     -0.904257  2 H  pz         
     2     -0.359319  1 H  s                  7      0.346575  2 H  s          
     6      0.137909  2 H  s                  1     -0.120232  1 H  s          


 Task  times  cpu:      156.4s     wall:      184.7s
 Summary of allocated global arrays
-----------------------------------
  No active global arrays



                         GA Statistics for process    0
                         ------------------------------

       create   destroy   get      put      acc     scatter   gather  read&inc
calls:   44       44     5.57e+07 2.54e+04 3.19e+04    0        0       11     
number of processes/call 1.00e+00 1.00e+00 1.00e+00 0.00e+00 0.00e+00
bytes total:             4.45e+10 2.55e+07 3.17e+07 0.00e+00 0.00e+00 8.80e+01
bytes remote:            0.00e+00 0.00e+00 0.00e+00 0.00e+00 0.00e+00 0.00e+00
Max memory consumed for GA by this process: 268000 bytes
MA_summarize_allocated_blocks: starting scan ...
MA_summarize_allocated_blocks: scan completed: 0 heap blocks, 0 stack blocks
MA usage statistics:

	allocation statistics:
					      heap	     stack
					      ----	     -----
	current number of blocks	         0	         0
	maximum number of blocks	        19	        17
	current total bytes		         0	         0
	maximum total bytes		   3205432	  22508664
	maximum total K-bytes		      3206	     22509
	maximum total M-bytes		         4	        23


                                NWChem Input Module
                                -------------------





                                     CITATION
                                     --------
                Please cite the following reference when publishing
                           results obtained with NWChem:

                 M. Valiev, E.J. Bylaska, N. Govind, K. Kowalski,
              T.P. Straatsma, H.J.J. van Dam, D. Wang, J. Nieplocha,
                        E. Apra, T.L. Windus, W.A. de Jong
                 "NWChem: a comprehensive and scalable open-source
                  solution for large scale molecular simulations"
                      Comput. Phys. Commun. 181, 1477 (2010)
                           doi:10.1016/j.cpc.2010.04.018

                                      AUTHORS
                                      -------
          E. Apra, E. J. Bylaska, W. A. de Jong, N. Govind, K. Kowalski,
       T. P. Straatsma, M. Valiev, H. J. J. van Dam, D. Wang, T. L. Windus,
        J. Hammond, J. Autschbach, K. Bhaskaran-Nair, J. Brabec, K. Lopata,
    S. A. Fischer, S. Krishnamoorthy, M. Jacquelin, W. Ma, M. Klemm, O. Villa,
      Y. Chen, V. Anisimov, F. Aquino, S. Hirata, M. T. Hackler, V. Konjkov,
      T. Risthaus, M. Malagoli, A. Marenich, A. Otero-de-la-Roza, J. Mullin,
        P. Nichols, R. Peverati, J. Pittner, Y. Zhao, P.-D. Fan, A. Fonari,
       M. Williamson, R. J. Harrison, J. R. Rehr, M. Dupuis, D. Silverstein,
    D. M. A. Smith, J. Nieplocha, V. Tipparaju, M. Krishnan, B. E. Van Kuiken,
        A. Vazquez-Mayagoitia, L. Jensen, M. Swart, Q. Wu, T. Van Voorhis,
     A. A. Auer, M. Nooijen, L. D. Crosby, E. Brown, G. Cisneros, G. I. Fann,
   H. Fruchtl, J. Garza, K. Hirao, R. A. Kendall, J. A. Nichols, K. Tsemekhman,
    K. Wolinski, J. Anchell, D. E. Bernholdt, P. Borowski, T. Clark, D. Clerc,
   H. Dachsel, M. J. O. Deegan, K. Dyall, D. Elwood, E. Glendening, M. Gutowski,
   A. C. Hess, J. Jaffe, B. G. Johnson, J. Ju, R. Kobayashi, R. Kutteh, Z. Lin,
   R. Littlefield, X. Long, B. Meng, T. Nakajima, S. Niu, L. Pollack, M. Rosing,
   K. Glaesemann, G. Sandrone, M. Stave, H. Taylor, G. Thomas, J. H. van Lenthe,
                               A. T. Wong, Z. Zhang.

 Total times  cpu:      156.4s     wall:      184.8s
