 argument  1 = input-mc.nw



============================== echo of input deck ==============================
echo
start mcscf_dat
geometry units au noautoz
  H 0 0 -1.09434600000000000000
  H 0 0  1.09434600000000000000
  symmetry cs
end
basis
  H library 6-31g**
end
mcscf
  active      10
  actelec      2
  multiplicity 1
end
task mcscf
================================================================================


                                         
                                         


              Northwest Computational Chemistry Package (NWChem) 6.8
              ------------------------------------------------------


                    Environmental Molecular Sciences Laboratory
                       Pacific Northwest National Laboratory
                                Richland, WA 99352

                              Copyright (c) 1994-2015
                       Pacific Northwest National Laboratory
                            Battelle Memorial Institute

             NWChem is an open-source computational chemistry package
                        distributed under the terms of the
                      Educational Community License (ECL) 2.0
             A copy of the license is included with this distribution
                              in the LICENSE.TXT file

                                  ACKNOWLEDGMENT
                                  --------------

            This software and its documentation were developed at the
            EMSL at Pacific Northwest National Laboratory, a multiprogram
            national laboratory, operated for the U.S. Department of Energy
            by Battelle under Contract Number DE-AC05-76RL01830. Support
            for this work was provided by the Department of Energy Office
            of Biological and Environmental Research, Office of Basic
            Energy Sciences, and the Office of Advanced Scientific Computing.


           Job information
           ---------------

    hostname        = erato
    program         = ../../../bin/LINUX64/nwchem
    date            = Mon Mar  1 11:48:46 2021

    compiled        = Sun_Feb_28_18:02:42_2021
    source          = /home/hvandam/nwchem-1-wfn1
    nwchem branch   = Development
    nwchem revision = nwchem_on_git-124-gad72d19fff205e319ffbbf2bca37a04ded6ad57b
    ga revision     = nwchem_on_git-124-gad72d19
    use scalapack   = F
    input           = input-mc.nw
    prefix          = mcscf_dat.
    data base       = ./mcscf_dat.db
    status          = startup
    nproc           =        1
    time left       =     -1s



           Memory information
           ------------------

    heap     =   13107198 doubles =    100.0 Mbytes
    stack    =   13107195 doubles =    100.0 Mbytes
    global   =   26214400 doubles =    200.0 Mbytes (distinct from heap & stack)
    total    =   52428793 doubles =    400.0 Mbytes
    verify   = yes
    hardfail = no 


           Directory information
           ---------------------

  0 permanent = .
  0 scratch   = .




                                NWChem Input Module
                                -------------------


 Turning off AUTOSYM since
 SYMMETRY directive was detected!



                             Geometry "geometry" -> ""
                             -------------------------

 Output coordinates in a.u. (scale by  1.000000000 to convert to a.u.)

  No.       Tag          Charge          X              Y              Z
 ---- ---------------- ---------- -------------- -------------- --------------
    1 H                    1.0000     0.00000000     0.00000000    -1.09434600
    2 H                    1.0000     0.00000000     0.00000000     1.09434600

      Atomic Mass 
      ----------- 

      H                  1.007825


 Effective nuclear repulsion energy (a.u.)       0.4568938891

            Nuclear Dipole moment (a.u.) 
            ----------------------------
        X                 Y               Z
 ---------------- ---------------- ----------------
     0.0000000000     0.0000000000     0.0000000000

      Symmetry information
      --------------------

 Group name             Cs        
 Group number              2
 Group order               2
 No. of unique centers     1

      Symmetry unique atoms

     1


            XYZ format geometry
            -------------------
     2
 geometry
 H                     0.00000000     0.00000000    -0.57910301
 H                     0.00000000     0.00000000     0.57910301

                      Basis "ao basis" -> "" (cartesian)
                      -----
  H (Hydrogen)
  ------------
            Exponent  Coefficients 
       -------------- ---------------------------------------------------------
  1 S  1.87311370E+01  0.033495
  1 S  2.82539370E+00  0.234727
  1 S  6.40121700E-01  0.813757

  2 S  1.61277800E-01  1.000000

  3 P  1.10000000E+00  1.000000



 Summary of "ao basis" -> "" (cartesian)
 ------------------------------------------------------------------------------
       Tag                 Description            Shells   Functions and Types
 ---------------- ------------------------------  ------  ---------------------
 H                          6-31g**                  3        5   2s1p


 HVD: aft getinfo: nbf  =                   10
 HVD: aft getinfo: ncld =                    0
 HVD: aft getinfo: nact =                   10

                            NWChem Direct MCSCF Module
                            --------------------------


     -----------------------------------
       Basis functions:             10
       Inactive shells:              0
       Active shells:               10
       Active electrons:             2
       Symmetry:                    a'      
       Multiplicity:                 1
       Orbital rotations:            0
     -----------------------------------

     -----------------------------------
       E2 extrapolation:             F
       Conjugacy:                    T
       Micro CI relax:               T
       Canonical orbitals:           T
       Maximum iterations:          20
       Converge threshold:    1.00E-04
       Conjugacy resets:            20
       Initial levelshift:        0.10
     -----------------------------------

      Superposition of Atomic Density Guess
      -------------------------------------

 Sum of atomic energies:          -0.99646508

 #quartets = 1.560D+02 #integrals = 4.020D+02 #direct =  0.0% #cached =100.0%


 Integral file          = ./mcscf_dat.aoints.0
 Record size in doubles =    65536    No. of integs per rec  =    43688
 Max. records in memory =        2    Max. records in file   =  4853866
 No. of bits per label  =        8    No. of bits per value  =       64


      Non-variational initial energy
      ------------------------------

 Total energy =      -0.775475
 1-e energy   =      -1.876635
 2-e energy   =       0.644266
 HOMO         =      -0.420510
 LUMO         =       0.055164


   input molecular orbitals = atomic
  output molecular orbtials = ./mcscf_dat.movecs

       No. of determinants:           100

 HVD: 1: nclosed =                     0
 HVD: 1: nact    =                    10

  Starting Orbital Energies
    -0.420510     0.935549     1.995738     2.080167     2.080167     0.055164
     1.049267     2.497270     2.497270     3.342605

  Orbital Symmetry Irreps
a'   a'   a'   a'   a'   a"   a"   a"   a"   a"  
  !! warning: moints 2x:                     1  MO vectors were symmetry contaminated
 HVD: 2: nact    =                    10



          %%%%% MacroIteration   1 %%%%%

 HVD: 3: nact    =                    10
 HVD: 4: nact    =                    10
 HVD: A: nact =                    10
 HVD: B: nact =                    10
 HVD: C: nact =                    10
 HVD: D: nact =                    10

          Number of sigma calls:        7
                       o<<<<< (aa):             0.00
                       o<<<<< (bb):             0.00
                       o<<<<< (ab):             0.00
                       o<<<<< (total)           0.00
                       o<<<<< (aa) ff           0.00
                       o<<<<< (aa) gop          0.00
                       o<<<<< (aa) dot          0.00
                       o<<<<< (ab) str          0.00
                       o<<<<< (ab) gath         0.00
                       o<<<<< (ab) dotab        0.00
                       o<<<<< (ab) scat         0.00
                       o<<<<< (ab) sync         0.00
                       o<<<<< Density           0.00
                       o<<<<< Density one       0.00
                       o<<<<< Density two       0.00
                       o<<<<< Density ab        0.00
                       o<<<<< Spin adapt        0.00
                       o<<<<< Symm adapt        0.00

                       o<<<<< (ab) max sync:      0.00

           >>>| Valence CI:             -1.566711660624
 HVD: 5: nact    =                    10
           >>>| MCSCF energy:           -1.109817771489
           >>>| Gradient norm:          0.000000000D+00




     ==============================
            MCSCF Converged
     ==============================



          Canonical Eigenvalues

              1      
    1   -0.4205
    2    0.9355
    3    1.9957
    4    2.0802
    5    2.0802
    6    0.0552
    7    1.0493
    8    2.4973
    9    2.4973
   10    3.3426

 HVD: 6: nact    =                    10
 HVD: 7: nact    =                    10
 HVD: A: nact =                    10
 HVD: B: nact =                    10
 HVD: C: nact =                    10
 HVD: D: nact =                    10

          Converged CI vector

   Index           Coefficient          Config. Occupation
         1         -0.97951148          1  1
         2         -0.02894106          1  2
        11         -0.02894106          2  1
        12          0.03379913          2  2
        56          0.17325357          6  6
        57         -0.05356962          6  7
        66         -0.05356962          7  6
        67          0.02886452          7  7

          Number of sigma calls:        1
                       o<<<<< (aa):             0.00
                       o<<<<< (bb):             0.00
                       o<<<<< (ab):             0.00
                       o<<<<< (total)           0.00
                       o<<<<< (aa) ff           0.00
                       o<<<<< (aa) gop          0.00
                       o<<<<< (aa) dot          0.00
                       o<<<<< (ab) str          0.00
                       o<<<<< (ab) gath         0.00
                       o<<<<< (ab) dotab        0.00
                       o<<<<< (ab) scat         0.00
                       o<<<<< (ab) sync         0.00
                       o<<<<< Density           0.00
                       o<<<<< Density one       0.00
                       o<<<<< Density two       0.00
                       o<<<<< Density ab        0.00
                       o<<<<< Spin adapt        0.00
                       o<<<<< Symm adapt        0.00

                       o<<<<< (ab) max sync:      0.00



          Natural orbital occupation numbers

              1      
    1    1.9222
    2    0.0730
    3    0.0030
    4    0.0006
    5    0.0006
    6    0.0003
    7    0.0002
    8    0.0001
    9    0.0001
   10    0.0000

 HVD: 8: nact    =                    10
 HVD: A: nact =                    10
 HVD: B: nact =                    10
 HVD: C: nact =                    10
 HVD: D: nact =                    10

          Number of sigma calls:       14
                       o<<<<< (aa):             0.00
                       o<<<<< (bb):             0.00
                       o<<<<< (ab):             0.00
                       o<<<<< (total)           0.00
                       o<<<<< (aa) ff           0.00
                       o<<<<< (aa) gop          0.00
                       o<<<<< (aa) dot          0.00
                       o<<<<< (ab) str          0.00
                       o<<<<< (ab) gath         0.00
                       o<<<<< (ab) dotab        0.00
                       o<<<<< (ab) scat         0.00
                       o<<<<< (ab) sync         0.00
                       o<<<<< Density           0.00
                       o<<<<< Density one       0.00
                       o<<<<< Density two       0.00
                       o<<<<< Density ab        0.00
                       o<<<<< Spin adapt        0.00
                       o<<<<< Symm adapt        0.00

                       o<<<<< (ab) max sync:      0.00


       Final MCSCF results 
       ------------------- 

       Total MCSCF energy =     -1.109817771489
            Gradient norm =      0.0D+00

    CPU time for solution =      0.0s
   Wall time for solution =      0.1s



                        Analysis of MCSCF natural orbitals
                        ----------------------------------

 Vector    1  Occ=1.922183D+00  E=-4.205103D-01  Symmetry=a'
              MO Center= -1.1D-17,  9.8D-18,  4.2D-17, r^2= 1.0D+00
   Bfn.  Coefficient  Atom+Function         Bfn.  Coefficient  Atom+Function  
  ----- ------------  ---------------      ----- ------------  ---------------
     2      0.347955  1 H  s                  7      0.347955  2 H  s          
     1      0.283607  1 H  s                  6      0.283607  2 H  s          

 Vector    2  Occ=7.299483D-02  E= 9.355485D-01  Symmetry=a"
              MO Center=  1.4D-17, -2.1D-18, -2.2D-17, r^2= 1.1D+00
   Bfn.  Coefficient  Atom+Function         Bfn.  Coefficient  Atom+Function  
  ----- ------------  ---------------      ----- ------------  ---------------
     2      0.573486  1 H  s                  7     -0.573486  2 H  s          
     1      0.506442  1 H  s                  6     -0.506442  2 H  s          

 Vector    3  Occ=2.975903D-03  E= 1.995738D+00  Symmetry=a'
              MO Center=  8.9D-18, -3.7D-19, -1.7D-16, r^2= 1.3D+00
   Bfn.  Coefficient  Atom+Function         Bfn.  Coefficient  Atom+Function  
  ----- ------------  ---------------      ----- ------------  ---------------
     1      0.696700  1 H  s                  6      0.696700  2 H  s          
     2     -0.597652  1 H  s                  7     -0.597652  2 H  s          
     5      0.334164  1 H  pz                10     -0.334164  2 H  pz         

 Vector    4  Occ=5.504460D-04  E= 2.080167D+00  Symmetry=a'
              MO Center= -9.7D-17, -4.5D-17,  2.8D-17, r^2= 6.3D-01
   Bfn.  Coefficient  Atom+Function         Bfn.  Coefficient  Atom+Function  
  ----- ------------  ---------------      ----- ------------  ---------------
     3      0.619556  1 H  px                 8      0.619556  2 H  px         
     4      0.287543  1 H  py                 9      0.287543  2 H  py         

 Vector    5  Occ=5.504460D-04  E= 2.080167D+00  Symmetry=a'
              MO Center=  1.2D-17, -2.6D-17,  2.6D-32, r^2= 6.3D-01
   Bfn.  Coefficient  Atom+Function         Bfn.  Coefficient  Atom+Function  
  ----- ------------  ---------------      ----- ------------  ---------------
     4      0.619556  1 H  py                 9      0.619556  2 H  py         
     3     -0.287543  1 H  px                 8     -0.287543  2 H  px         

 Vector    6  Occ=2.896721D-04  E= 5.516405D-02  Symmetry=a"
              MO Center=  1.2D-16,  3.2D-18, -1.9D-16, r^2= 2.0D+00
   Bfn.  Coefficient  Atom+Function         Bfn.  Coefficient  Atom+Function  
  ----- ------------  ---------------      ----- ------------  ---------------
     2      1.287503  1 H  s                  7     -1.287503  2 H  s          
     1     -0.809899  1 H  s                  6      0.809899  2 H  s          
     5     -0.240539  1 H  pz                10     -0.240539  2 H  pz         

 Vector    7  Occ=2.237200D-04  E= 1.049267D+00  Symmetry=a'
              MO Center=  8.7D-17,  6.1D-17,  5.6D-17, r^2= 9.9D-01
   Bfn.  Coefficient  Atom+Function         Bfn.  Coefficient  Atom+Function  
  ----- ------------  ---------------      ----- ------------  ---------------
     1      0.585462  1 H  s                  6      0.585462  2 H  s          
     5     -0.530591  1 H  pz                10      0.530591  2 H  pz         
     2     -0.377549  1 H  s                  7     -0.377549  2 H  s          

 Vector    8  Occ=1.042484D-04  E= 2.497270D+00  Symmetry=a"
              MO Center= -1.1D-17,  3.0D-17,  2.0D-32, r^2= 6.8D-01
   Bfn.  Coefficient  Atom+Function         Bfn.  Coefficient  Atom+Function  
  ----- ------------  ---------------      ----- ------------  ---------------
     4      0.691369  1 H  py                 9     -0.691369  2 H  py         
     3     -0.246274  1 H  px                 8      0.246274  2 H  px         

 Vector    9  Occ=1.042484D-04  E= 2.497270D+00  Symmetry=a"
              MO Center= -3.8D-16, -1.4D-16,  1.4D-17, r^2= 6.8D-01
   Bfn.  Coefficient  Atom+Function         Bfn.  Coefficient  Atom+Function  
  ----- ------------  ---------------      ----- ------------  ---------------
     3      0.691369  1 H  px                 8     -0.691369  2 H  px         
     4      0.246274  1 H  py                 9     -0.246274  2 H  py         

 Vector   10  Occ=2.367907D-05  E= 3.342605D+00  Symmetry=a"
              MO Center=  2.6D-16,  1.1D-16,  2.2D-16, r^2= 1.2D+00
   Bfn.  Coefficient  Atom+Function         Bfn.  Coefficient  Atom+Function  
  ----- ------------  ---------------      ----- ------------  ---------------
     5      0.875467  1 H  pz                10      0.875467  2 H  pz         
     2      0.760166  1 H  s                  7     -0.760166  2 H  s          


 Wrote Lagrangian and 1- and 2-particle density matrices to ./mcscf_dat.mcpdm


     Multipole analysis of the density
     ---------------------------------

     L   x y z        total        nuclear
     -   - - -        -----        -------
     0   0 0 0     -0.000000      2.000000

     1   1 0 0     -0.000000      0.000000
     1   0 1 0     -0.000000      0.000000
     1   0 0 1     -0.000000      0.000000

     2   2 0 0     -1.820233      0.000000
     2   1 1 0      0.000000      0.000000
     2   1 0 1      0.000000      0.000000
     2   0 2 0     -1.820233      0.000000
     2   0 1 1      0.000000      0.000000
     2   0 0 2     -1.154812      2.395186


  Mulliken analysis of the total density
  --------------------------------------

    Atom       Charge   Shell Charges
 -----------   ------   -------------------------------------------------------
    1 H    1     1.00   0.40  0.60  0.01
    2 H    1     1.00   0.40  0.60  0.01

    Mulliken analysis of the active space density
    ---------------------------------------------

    Atom       Charge   Shell Charges
 -----------   ------   -------------------------------------------------------
    1 H    1     1.00   0.40  0.60  0.01
    2 H    1     1.00   0.40  0.60  0.01

 Parallel integral file used       1 records with       0 large values


 Task  times  cpu:        0.0s     wall:        0.1s
 Summary of allocated global arrays
-----------------------------------
  No active global arrays



                         GA Statistics for process    0
                         ------------------------------

       create   destroy   get      put      acc     scatter   gather  read&inc
calls:  307      307     3737      736     1.08e+04   21        0     2665     
number of processes/call 1.00e+00 1.00e+00 1.00e+00 0.00e+00 0.00e+00
bytes total:             4.18e+05 2.08e+05 7.98e+05 3.25e+03 0.00e+00 2.13e+04
bytes remote:            0.00e+00 0.00e+00 0.00e+00 0.00e+00 0.00e+00 0.00e+00
Max memory consumed for GA by this process: 104816 bytes
MA_summarize_allocated_blocks: starting scan ...
MA_summarize_allocated_blocks: scan completed: 0 heap blocks, 0 stack blocks
MA usage statistics:

	allocation statistics:
					      heap	     stack
					      ----	     -----
	current number of blocks	         0	         0
	maximum number of blocks	        19	        22
	current total bytes		         0	         0
	maximum total bytes		   1119544	  22590008
	maximum total K-bytes		      1120	     22591
	maximum total M-bytes		         2	        23


                                NWChem Input Module
                                -------------------





                                     CITATION
                                     --------
                Please cite the following reference when publishing
                           results obtained with NWChem:

                 M. Valiev, E.J. Bylaska, N. Govind, K. Kowalski,
              T.P. Straatsma, H.J.J. van Dam, D. Wang, J. Nieplocha,
                        E. Apra, T.L. Windus, W.A. de Jong
                 "NWChem: a comprehensive and scalable open-source
                  solution for large scale molecular simulations"
                      Comput. Phys. Commun. 181, 1477 (2010)
                           doi:10.1016/j.cpc.2010.04.018

                                      AUTHORS
                                      -------
          E. Apra, E. J. Bylaska, W. A. de Jong, N. Govind, K. Kowalski,
       T. P. Straatsma, M. Valiev, H. J. J. van Dam, D. Wang, T. L. Windus,
        J. Hammond, J. Autschbach, K. Bhaskaran-Nair, J. Brabec, K. Lopata,
    S. A. Fischer, S. Krishnamoorthy, M. Jacquelin, W. Ma, M. Klemm, O. Villa,
      Y. Chen, V. Anisimov, F. Aquino, S. Hirata, M. T. Hackler, V. Konjkov,
      T. Risthaus, M. Malagoli, A. Marenich, A. Otero-de-la-Roza, J. Mullin,
        P. Nichols, R. Peverati, J. Pittner, Y. Zhao, P.-D. Fan, A. Fonari,
       M. Williamson, R. J. Harrison, J. R. Rehr, M. Dupuis, D. Silverstein,
    D. M. A. Smith, J. Nieplocha, V. Tipparaju, M. Krishnan, B. E. Van Kuiken,
        A. Vazquez-Mayagoitia, L. Jensen, M. Swart, Q. Wu, T. Van Voorhis,
     A. A. Auer, M. Nooijen, L. D. Crosby, E. Brown, G. Cisneros, G. I. Fann,
   H. Fruchtl, J. Garza, K. Hirao, R. A. Kendall, J. A. Nichols, K. Tsemekhman,
    K. Wolinski, J. Anchell, D. E. Bernholdt, P. Borowski, T. Clark, D. Clerc,
   H. Dachsel, M. J. O. Deegan, K. Dyall, D. Elwood, E. Glendening, M. Gutowski,
   A. C. Hess, J. Jaffe, B. G. Johnson, J. Ju, R. Kobayashi, R. Kutteh, Z. Lin,
   R. Littlefield, X. Long, B. Meng, T. Nakajima, S. Niu, L. Pollack, M. Rosing,
   K. Glaesemann, G. Sandrone, M. Stave, H. Taylor, G. Thomas, J. H. van Lenthe,
                               A. T. Wong, Z. Zhang.

 Total times  cpu:        0.0s     wall:        0.1s
