 argument  1 = input-hf.nw



============================== echo of input deck ==============================
echo
start hf_dat
geometry units au noautoz
  H 0 0 -2.29434600000000000000
  H 0 0  2.29434600000000000000
  symmetry cs
end
basis
  H library 6-31g**
end
task scf energy
================================================================================


                                         
                                         


              Northwest Computational Chemistry Package (NWChem) 6.8
              ------------------------------------------------------


                    Environmental Molecular Sciences Laboratory
                       Pacific Northwest National Laboratory
                                Richland, WA 99352

                              Copyright (c) 1994-2015
                       Pacific Northwest National Laboratory
                            Battelle Memorial Institute

             NWChem is an open-source computational chemistry package
                        distributed under the terms of the
                      Educational Community License (ECL) 2.0
             A copy of the license is included with this distribution
                              in the LICENSE.TXT file

                                  ACKNOWLEDGMENT
                                  --------------

            This software and its documentation were developed at the
            EMSL at Pacific Northwest National Laboratory, a multiprogram
            national laboratory, operated for the U.S. Department of Energy
            by Battelle under Contract Number DE-AC05-76RL01830. Support
            for this work was provided by the Department of Energy Office
            of Biological and Environmental Research, Office of Basic
            Energy Sciences, and the Office of Advanced Scientific Computing.


           Job information
           ---------------

    hostname        = erato
    program         = ../../../bin/LINUX64/nwchem
    date            = Tue Mar  2 02:47:43 2021

    compiled        = Sun_Feb_28_18:02:42_2021
    source          = /home/hvandam/nwchem-1-wfn1
    nwchem branch   = Development
    nwchem revision = nwchem_on_git-124-gad72d19fff205e319ffbbf2bca37a04ded6ad57b
    ga revision     = nwchem_on_git-124-gad72d19
    use scalapack   = F
    input           = input-hf.nw
    prefix          = hf_dat.
    data base       = ./hf_dat.db
    status          = startup
    nproc           =        1
    time left       =     -1s



           Memory information
           ------------------

    heap     =   13107198 doubles =    100.0 Mbytes
    stack    =   13107195 doubles =    100.0 Mbytes
    global   =   26214400 doubles =    200.0 Mbytes (distinct from heap & stack)
    total    =   52428793 doubles =    400.0 Mbytes
    verify   = yes
    hardfail = no 


           Directory information
           ---------------------

  0 permanent = .
  0 scratch   = .




                                NWChem Input Module
                                -------------------


 Turning off AUTOSYM since
 SYMMETRY directive was detected!



                             Geometry "geometry" -> ""
                             -------------------------

 Output coordinates in a.u. (scale by  1.000000000 to convert to a.u.)

  No.       Tag          Charge          X              Y              Z
 ---- ---------------- ---------- -------------- -------------- --------------
    1 H                    1.0000     0.00000000     0.00000000    -2.29434600
    2 H                    1.0000     0.00000000     0.00000000     2.29434600

      Atomic Mass 
      ----------- 

      H                  1.007825


 Effective nuclear repulsion energy (a.u.)       0.2179270258

            Nuclear Dipole moment (a.u.) 
            ----------------------------
        X                 Y               Z
 ---------------- ---------------- ----------------
     0.0000000000     0.0000000000     0.0000000000

      Symmetry information
      --------------------

 Group name             Cs        
 Group number              2
 Group order               2
 No. of unique centers     1

      Symmetry unique atoms

     1


            XYZ format geometry
            -------------------
     2
 geometry
 H                     0.00000000     0.00000000    -1.21411570
 H                     0.00000000     0.00000000     1.21411570

                      Basis "ao basis" -> "" (cartesian)
                      -----
  H (Hydrogen)
  ------------
            Exponent  Coefficients 
       -------------- ---------------------------------------------------------
  1 S  1.87311370E+01  0.033495
  1 S  2.82539370E+00  0.234727
  1 S  6.40121700E-01  0.813757

  2 S  1.61277800E-01  1.000000

  3 P  1.10000000E+00  1.000000



 Summary of "ao basis" -> "" (cartesian)
 ------------------------------------------------------------------------------
       Tag                 Description            Shells   Functions and Types
 ---------------- ------------------------------  ------  ---------------------
 H                          6-31g**                  3        5   2s1p


                                 NWChem SCF Module
                                 -----------------



  ao basis        = "ao basis"
  functions       =    10
  atoms           =     2
  closed shells   =     1
  open shells     =     0
  charge          =   0.00
  wavefunction    = RHF 
  input vectors   = atomic
  output vectors  = ./hf_dat.movecs
  use symmetry    = T
  symmetry adapt  = T


 Summary of "ao basis" -> "ao basis" (cartesian)
 ------------------------------------------------------------------------------
       Tag                 Description            Shells   Functions and Types
 ---------------- ------------------------------  ------  ---------------------
 H                          6-31g**                  3        5   2s1p


      Symmetry analysis of basis
      --------------------------

        a'          5
        a"          5


 Forming initial guess at       0.0s


      Superposition of Atomic Density Guess
      -------------------------------------

 Sum of atomic energies:          -0.99646508

      Non-variational initial energy
      ------------------------------

 Total energy =      -0.685162
 1-e energy   =      -1.432276
 2-e energy   =       0.529186
 HOMO         =      -0.233658
 LUMO         =      -0.145114


      Symmetry analysis of molecular orbitals - initial
      -------------------------------------------------

  Numbering of irreducible representations: 

     1 a'          2 a"      

  Orbital symmetries:

     1 a'          2 a"          3 a'          4 a"          5 a'      
     6 a'          7 a"          8 a"          9 a'         10 a"      


 Starting SCF solution at       0.0s



 ----------------------------------------------
         Quadratically convergent ROHF

 Convergence threshold     :          1.000E-04
 Maximum no. of iterations :           30
 Final Fock-matrix accuracy:          1.000E-07
 ----------------------------------------------


 #quartets = 1.550D+02 #integrals = 3.610D+02 #direct =  0.0% #cached =100.0%


 Integral file          = ./hf_dat.aoints.0
 Record size in doubles =    65536    No. of integs per rec  =    43688
 Max. records in memory =        2    Max. records in file   =  4853819
 No. of bits per label  =        8    No. of bits per value  =       64


              iter       energy          gnorm     gmax       time
             ----- ------------------- --------- --------- --------
                 1       -0.8643385080  4.10D-02  3.33D-02      0.0
                 2       -0.8644624274  1.04D-03  8.76D-04      0.0
                 3       -0.8644625319  2.45D-08  2.16D-08      0.0


       Final RHF  results 
       ------------------ 

         Total SCF energy =     -0.864462531888
      One-electron energy =     -1.475586956156
      Two-electron energy =      0.393197398440
 Nuclear repulsion energy =      0.217927025828

        Time for solution =      0.0s



       Symmetry analysis of molecular orbitals - final
       -----------------------------------------------

  Numbering of irreducible representations: 

     1 a'          2 a"      

  Orbital symmetries:

     1 a'          2 a"          3 a'          4 a"          5 a'      
     6 a'          7 a"          8 a"          9 a'         10 a"      

             Final eigenvalues
             -----------------

              1      
    1   -0.3446
    2   -0.0674
    3    0.9507
    4    1.0482
    5    2.2561
    6    2.2561
    7    2.2590
    8    2.2590
    9    2.2611
   10    2.2781

                       ROHF Final Molecular Orbital Analysis
                       -------------------------------------

 Vector    1  Occ=2.000000D+00  E=-3.445961D-01  Symmetry=a'
              MO Center=  3.6D-16, -1.2D-16,  1.5D-17, r^2= 2.3D+00
   Bfn.  Coefficient  Atom+Function         Bfn.  Coefficient  Atom+Function  
  ----- ------------  ---------------      ----- ------------  ---------------
     2      0.502961  1 H  s                  7      0.502961  2 H  s          
     1      0.217502  1 H  s                  6      0.217502  2 H  s          

 Vector    2  Occ=0.000000D+00  E=-6.735282D-02  Symmetry=a"
              MO Center=  8.1D-18, -2.7D-18,  4.7D-16, r^2= 2.6D+00
   Bfn.  Coefficient  Atom+Function         Bfn.  Coefficient  Atom+Function  
  ----- ------------  ---------------      ----- ------------  ---------------
     2      0.579368  1 H  s                  7     -0.579368  2 H  s          
     1      0.236971  1 H  s                  6     -0.236971  2 H  s          

 Vector    3  Occ=0.000000D+00  E= 9.506922D-01  Symmetry=a'
              MO Center= -1.2D-18,  3.8D-19, -2.3D-17, r^2= 2.3D+00
   Bfn.  Coefficient  Atom+Function         Bfn.  Coefficient  Atom+Function  
  ----- ------------  ---------------      ----- ------------  ---------------
     1      0.895995  1 H  s                  6      0.895995  2 H  s          
     2     -0.682219  1 H  s                  7     -0.682219  2 H  s          

 Vector    4  Occ=0.000000D+00  E= 1.048229D+00  Symmetry=a"
              MO Center= -6.8D-19,  3.9D-18, -2.2D-16, r^2= 2.9D+00
   Bfn.  Coefficient  Atom+Function         Bfn.  Coefficient  Atom+Function  
  ----- ------------  ---------------      ----- ------------  ---------------
     1      0.935914  1 H  s                  6     -0.935914  2 H  s          
     2     -0.895647  1 H  s                  7      0.895647  2 H  s          

 Vector    5  Occ=0.000000D+00  E= 2.256120D+00  Symmetry=a'
              MO Center=  1.2D-17, -5.0D-16,  2.6D-26, r^2= 1.8D+00
   Bfn.  Coefficient  Atom+Function         Bfn.  Coefficient  Atom+Function  
  ----- ------------  ---------------      ----- ------------  ---------------
     4      0.706902  1 H  py                 9      0.706902  2 H  py         

 Vector    6  Occ=0.000000D+00  E= 2.256120D+00  Symmetry=a'
              MO Center= -1.3D-16, -3.0D-18, -1.6D-17, r^2= 1.8D+00
   Bfn.  Coefficient  Atom+Function         Bfn.  Coefficient  Atom+Function  
  ----- ------------  ---------------      ----- ------------  ---------------
     3      0.706902  1 H  px                 8      0.706902  2 H  px         

 Vector    7  Occ=0.000000D+00  E= 2.259028D+00  Symmetry=a"
              MO Center= -2.8D-18, -8.3D-18,  1.4D-26, r^2= 1.8D+00
   Bfn.  Coefficient  Atom+Function         Bfn.  Coefficient  Atom+Function  
  ----- ------------  ---------------      ----- ------------  ---------------
     4      0.669083  1 H  py                 9     -0.669083  2 H  py         
     3      0.228764  1 H  px                 8     -0.228764  2 H  px         

 Vector    8  Occ=0.000000D+00  E= 2.259028D+00  Symmetry=a"
              MO Center= -6.4D-18,  2.2D-18,  1.8D-16, r^2= 1.8D+00
   Bfn.  Coefficient  Atom+Function         Bfn.  Coefficient  Atom+Function  
  ----- ------------  ---------------      ----- ------------  ---------------
     3      0.669083  1 H  px                 8     -0.669083  2 H  px         
     4     -0.228764  1 H  py                 9      0.228764  2 H  py         

 Vector    9  Occ=0.000000D+00  E= 2.261110D+00  Symmetry=a'
              MO Center= -2.4D-16,  6.2D-16, -2.2D-16, r^2= 1.8D+00
   Bfn.  Coefficient  Atom+Function         Bfn.  Coefficient  Atom+Function  
  ----- ------------  ---------------      ----- ------------  ---------------
     5      0.707187  1 H  pz                10     -0.707187  2 H  pz         

 Vector   10  Occ=0.000000D+00  E= 2.278059D+00  Symmetry=a"
              MO Center=  1.9D-18,  5.0D-18, -1.1D-16, r^2= 1.8D+00
   Bfn.  Coefficient  Atom+Function         Bfn.  Coefficient  Atom+Function  
  ----- ------------  ---------------      ----- ------------  ---------------
     5      0.707349  1 H  pz                10      0.707349  2 H  pz         


 center of mass
 --------------
 x =   0.00000000 y =   0.00000000 z =   0.00000000

 moments of inertia (a.u.)
 ------------------
          10.610429104267           0.000000000000           0.000000000000
           0.000000000000          10.610429104267           0.000000000000
           0.000000000000           0.000000000000           0.000000000000

  Mulliken analysis of the total density
  --------------------------------------

    Atom       Charge   Shell Charges
 -----------   ------   -------------------------------------------------------
    1 H    1     1.00   0.25  0.75  0.00
    2 H    1     1.00   0.25  0.75  0.00

       Multipole analysis of the density wrt the origin
       ------------------------------------------------

     L   x y z        total         open         nuclear
     -   - - -        -----         ----         -------
     0   0 0 0     -0.000000      0.000000      2.000000

     1   1 0 0     -0.000000      0.000000      0.000000
     1   0 1 0      0.000000      0.000000      0.000000
     1   0 0 1      0.000000      0.000000      0.000000

     2   2 0 0     -2.264297      0.000000      0.000000
     2   1 1 0      0.000000      0.000000      0.000000
     2   1 0 1     -0.000000      0.000000      0.000000
     2   0 2 0     -2.264297      0.000000      0.000000
     2   0 1 1      0.000000      0.000000      0.000000
     2   0 0 2     -1.100625      0.000000     10.528047


 Parallel integral file used       1 records with       0 large values


 Task  times  cpu:        0.0s     wall:        0.1s
 Summary of allocated global arrays
-----------------------------------
  No active global arrays



                         GA Statistics for process    0
                         ------------------------------

       create   destroy   get      put      acc     scatter   gather  read&inc
calls:  165      165      871      423      324        0        0       89     
number of processes/call 1.00e+00 1.00e+00 1.00e+00 0.00e+00 0.00e+00
bytes total:             1.80e+05 1.05e+05 4.45e+04 0.00e+00 0.00e+00 7.12e+02
bytes remote:            0.00e+00 0.00e+00 0.00e+00 0.00e+00 0.00e+00 0.00e+00
Max memory consumed for GA by this process: 10400 bytes
MA_summarize_allocated_blocks: starting scan ...
MA_summarize_allocated_blocks: scan completed: 0 heap blocks, 0 stack blocks
MA usage statistics:

	allocation statistics:
					      heap	     stack
					      ----	     -----
	current number of blocks	         0	         0
	maximum number of blocks	        18	        14
	current total bytes		         0	         0
	maximum total bytes		   1053880	  22509176
	maximum total K-bytes		      1054	     22510
	maximum total M-bytes		         2	        23


                                NWChem Input Module
                                -------------------





                                     CITATION
                                     --------
                Please cite the following reference when publishing
                           results obtained with NWChem:

                 M. Valiev, E.J. Bylaska, N. Govind, K. Kowalski,
              T.P. Straatsma, H.J.J. van Dam, D. Wang, J. Nieplocha,
                        E. Apra, T.L. Windus, W.A. de Jong
                 "NWChem: a comprehensive and scalable open-source
                  solution for large scale molecular simulations"
                      Comput. Phys. Commun. 181, 1477 (2010)
                           doi:10.1016/j.cpc.2010.04.018

                                      AUTHORS
                                      -------
          E. Apra, E. J. Bylaska, W. A. de Jong, N. Govind, K. Kowalski,
       T. P. Straatsma, M. Valiev, H. J. J. van Dam, D. Wang, T. L. Windus,
        J. Hammond, J. Autschbach, K. Bhaskaran-Nair, J. Brabec, K. Lopata,
    S. A. Fischer, S. Krishnamoorthy, M. Jacquelin, W. Ma, M. Klemm, O. Villa,
      Y. Chen, V. Anisimov, F. Aquino, S. Hirata, M. T. Hackler, V. Konjkov,
      T. Risthaus, M. Malagoli, A. Marenich, A. Otero-de-la-Roza, J. Mullin,
        P. Nichols, R. Peverati, J. Pittner, Y. Zhao, P.-D. Fan, A. Fonari,
       M. Williamson, R. J. Harrison, J. R. Rehr, M. Dupuis, D. Silverstein,
    D. M. A. Smith, J. Nieplocha, V. Tipparaju, M. Krishnan, B. E. Van Kuiken,
        A. Vazquez-Mayagoitia, L. Jensen, M. Swart, Q. Wu, T. Van Voorhis,
     A. A. Auer, M. Nooijen, L. D. Crosby, E. Brown, G. Cisneros, G. I. Fann,
   H. Fruchtl, J. Garza, K. Hirao, R. A. Kendall, J. A. Nichols, K. Tsemekhman,
    K. Wolinski, J. Anchell, D. E. Bernholdt, P. Borowski, T. Clark, D. Clerc,
   H. Dachsel, M. J. O. Deegan, K. Dyall, D. Elwood, E. Glendening, M. Gutowski,
   A. C. Hess, J. Jaffe, B. G. Johnson, J. Ju, R. Kobayashi, R. Kutteh, Z. Lin,
   R. Littlefield, X. Long, B. Meng, T. Nakajima, S. Niu, L. Pollack, M. Rosing,
   K. Glaesemann, G. Sandrone, M. Stave, H. Taylor, G. Thomas, J. H. van Lenthe,
                               A. T. Wong, Z. Zhang.

 Total times  cpu:        0.0s     wall:        0.1s
