 argument  1 = h2o-lcpbe.nw
                                         
                                         
 
 
              Northwest Computational Chemistry Package (NWChem) 6.0
              ------------------------------------------------------
 
 
                    Environmental Molecular Sciences Laboratory
                       Pacific Northwest National Laboratory
                                Richland, WA 99352
 
                                         
                                         
 
 
                  COPYRIGHT (C) 1994, 1995, 1996, 1997, 1998, 1999,
                2000, 2001, 2002, 2003, 2004, 2005, 2006, 2007, 2008,
                                     2009, 2010
                        Pacific Northwest National Laboratory,
                             Battelle Memorial Institute.
 
                            >>> All Rights Reserved <<<
 
 
                                    DISCLAIMER
                                    ----------

            This material was prepared as an account of work sponsored
            by an agency of the United States Government.  Neither the
            United States Government nor the United States Department
            of Energy, nor Battelle, nor any of their employees, MAKES
            ANY WARRANTY, EXPRESS OR IMPLIED, OR ASSUMES ANY LEGAL
            LIABILITY OR RESPONSIBILITY FOR THE ACCURACY, COMPLETENESS,
            OR USEFULNESS OF ANY INFORMATION, APPARATUS, PRODUCT,
            SOFTWARE, OR PROCESS DISCLOSED, OR REPRESENTS THAT ITS USE
            WOULD NOT INFRINGE PRIVATELY OWNED RIGHTS.


                                    LIMITED USE
                                    -----------

            This software (including any documentation) is being made
            available to you for your internal use only, solely for use
            in performance of work directly for the U.S. Federal
            Government or work under contracts with the U.S. Department
            of Energy or other U.S. Federal Government agencies.  This
            software is a version which has not yet been evaluated and
            cleared for commercialization.  Adherence to this notice
            may be necessary for the author, Battelle Memorial
            Institute, to successfully assert copyright in and
            commercialize this software. This software is not intended
            for duplication or distribution to third parties without
            the permission of the Manager of Software Products at
            Pacific Northwest National Laboratory, Richland,
            Washington, 99352.


                                  ACKNOWLEDGMENT
                                  --------------

            This software and its documentation were produced with
            Government support under Contract Number DE-AC05-76RL01830
            awarded by the United States Department of Energy.  The
            Government retains a paid-up non-exclusive, irrevocable
            worldwide license to reproduce, prepare derivative works,
            perform publicly and display publicly by or for the
            Government, including the right to distribute to other
            Government contractors.


           Job information
           ---------------

    hostname      = curie
    program       = ../../../bin/LINUX64/nwchem
    date          = Mon Mar 15 13:52:55 2010

    compiled      = Fri_Mar_12_14:59:26_2010
    source        = /home/niri/nwchem/nwchem-6.0
    nwchem branch = 6.0
    input         = h2o-lcpbe.nw
    prefix        = h2o-lcpbe.
    data base     = ./h2o-lcpbe.db
    status        = startup
    nproc         =        2
    time left     =     -1s



           Memory information
           ------------------

    heap      =   13107201 doubles =    100.0 Mbytes
    stack     =   13107201 doubles =    100.0 Mbytes
    global    =   26214400 doubles =    200.0 Mbytes (distinct from heap & stack)
    total     =   52428802 doubles =    400.0 Mbytes
    verify    = yes
    hardfail  = no 


           Directory information
           ---------------------
 
  0 permanent = .
  0 scratch   = .
 
 
 
 
                                NWChem Input Module
                                -------------------
 
 

 Scaling coordinates for geometry "geometry" by  1.889725989
 (inverse scale =  0.529177249)

 C2V symmetry detected

          ------
          auto-z
          ------
 
 
                             Geometry "geometry" -> ""
                             -------------------------
 
 Output coordinates in angstroms (scale by  1.889725989 to convert to a.u.)
 
  No.       Tag          Charge          X              Y              Z
 ---- ---------------- ---------- -------------- -------------- --------------
    1 O                    8.0000     0.00000000     0.00000000     0.11726921
    2 H                    1.0000     0.75698224     0.00000000    -0.46907685
    3 H                    1.0000    -0.75698224     0.00000000    -0.46907685
 
      Atomic Mass 
      ----------- 
 
      O                 15.994910
      H                  1.007825
 

 Effective nuclear repulsion energy (a.u.)       9.1920946687

            Nuclear Dipole moment (a.u.) 
            ----------------------------
        X                 Y               Z
 ---------------- ---------------- ----------------
     0.0000000000     0.0000000000     0.0000000000
 
      Symmetry information
      --------------------
 
 Group name             C2v       
 Group number             16
 Group order               4
 No. of unique centers     2
 
      Symmetry unique atoms
 
     1    2
 


                                Z-matrix (autoz)
                                -------- 

 Units are Angstrom for bonds and degrees for angles
 
      Type          Name      I     J     K     L     M      Value
      ----------- --------  ----- ----- ----- ----- ----- ----------
    1 Stretch                  1     2                       0.95751
    2 Stretch                  1     3                       0.95751
    3 Bend                     2     1     3               104.47845
 
 
            XYZ format geometry
            -------------------
     3
 geometry
 O                     0.00000000     0.00000000     0.11726921
 H                     0.75698224     0.00000000    -0.46907685
 H                    -0.75698224     0.00000000    -0.46907685
 
 ==============================================================================
                                internuclear distances
 ------------------------------------------------------------------------------
       center one      |      center two      | atomic units |  angstroms
 ------------------------------------------------------------------------------
    2 H                |   1 O                |     1.80943  |     0.95751
    3 H                |   1 O                |     1.80943  |     0.95751
 ------------------------------------------------------------------------------
                         number of included internuclear distances:          2
 ==============================================================================



 ==============================================================================
                                 internuclear angles
 ------------------------------------------------------------------------------
        center 1       |       center 2       |       center 3       |  degrees
 ------------------------------------------------------------------------------
    2 H                |   1 O                |   3 H                |   104.48
 ------------------------------------------------------------------------------
                            number of included internuclear angles:          1
 ==============================================================================



  library name resolved from: environment
  library file name is: </home/niri/nwchem/nwchem-6.0/src/basis/libraries/>
  


 Summary of "ao basis" -> "" (spherical)
 ------------------------------------------------------------------------------
       Tag                 Description            Shells   Functions and Types
 ---------------- ------------------------------  ------  ---------------------
 *                        aug-cc-pvdz                 on all atoms 


  pbe96 is a nonlocal functional; adding pw91lda local functional. 
 
                                 NWChem DFT Module
                                 -----------------
 
 

 **** WARNING Zero Coefficient **** on atom "               O"
 angular momentum value: 0  standard basis set name: "aug-cc-pvdz"
 input line that generated warning:
   176:   11720.0000000              0.0007100             -0.0001600              0.0000000
  

 **** WARNING Zero Coefficient **** on atom "               O"
 angular momentum value: 0  standard basis set name: "aug-cc-pvdz"
 input line that generated warning:
   177:    1759.0000000              0.0054700             -0.0012630              0.0000000
  

 **** WARNING Zero Coefficient **** on atom "               O"
 angular momentum value: 0  standard basis set name: "aug-cc-pvdz"
 input line that generated warning:
   178:     400.8000000              0.0278370             -0.0062670              0.0000000
  

 **** WARNING Zero Coefficient **** on atom "               O"
 angular momentum value: 0  standard basis set name: "aug-cc-pvdz"
 input line that generated warning:
   179:     113.7000000              0.1048000             -0.0257160              0.0000000
  

 **** WARNING Zero Coefficient **** on atom "               O"
 angular momentum value: 0  standard basis set name: "aug-cc-pvdz"
 input line that generated warning:
   180:      37.0300000              0.2830620             -0.0709240              0.0000000
  

 **** WARNING Zero Coefficient **** on atom "               O"
 angular momentum value: 0  standard basis set name: "aug-cc-pvdz"
 input line that generated warning:
   181:      13.2700000              0.4487190             -0.1654110              0.0000000
  

 **** WARNING Zero Coefficient **** on atom "               O"
 angular momentum value: 0  standard basis set name: "aug-cc-pvdz"
 input line that generated warning:
   182:       5.0250000              0.2709520             -0.1169550              0.0000000
  

 **** WARNING Zero Coefficient **** on atom "               O"
 angular momentum value: 0  standard basis set name: "aug-cc-pvdz"
 input line that generated warning:
   183:       1.0130000              0.0154580              0.5573680              0.0000000
  

 **** WARNING Zero Coefficient **** on atom "               O"
 angular momentum value: 1  standard basis set name: "aug-cc-pvdz"
 input line that generated warning:
   188:      17.7000000              0.0430180              0.0000000
  

 **** WARNING Zero Coefficient **** on atom "               O"
 angular momentum value: 1  standard basis set name: "aug-cc-pvdz"
 input line that generated warning:
   189:       3.8540000              0.2289130              0.0000000
  

 **** WARNING Zero Coefficient **** on atom "               O"
 angular momentum value: 1  standard basis set name: "aug-cc-pvdz"
 input line that generated warning:
   190:       1.0460000              0.5087280              0.0000000
  

 **** WARNING Zero Coefficient **** on atom "               H"
 angular momentum value: 0  standard basis set name: "aug-cc-pvdz"
 input line that generated warning:
    25:      13.0100000              0.0196850              0.0000000
  

 **** WARNING Zero Coefficient **** on atom "               H"
 angular momentum value: 0  standard basis set name: "aug-cc-pvdz"
 input line that generated warning:
    26:       1.9620000              0.1379770              0.0000000
  

 **** WARNING Zero Coefficient **** on atom "               H"
 angular momentum value: 0  standard basis set name: "aug-cc-pvdz"
 input line that generated warning:
    27:       0.4446000              0.4781480              0.0000000
  
                      Basis "ao basis" -> "ao basis" (spherical)
                      -----
  O (Oxygen)
  ----------
            Exponent  Coefficients 
       -------------- ---------------------------------------------------------
  1 S  1.17200000E+04  0.000710
  1 S  1.75900000E+03  0.005470
  1 S  4.00800000E+02  0.027837
  1 S  1.13700000E+02  0.104800
  1 S  3.70300000E+01  0.283062
  1 S  1.32700000E+01  0.448719
  1 S  5.02500000E+00  0.270952
  1 S  1.01300000E+00  0.015458
  1 S  3.02300000E-01 -0.002585
 
  2 S  1.17200000E+04 -0.000160
  2 S  1.75900000E+03 -0.001263
  2 S  4.00800000E+02 -0.006267
  2 S  1.13700000E+02 -0.025716
  2 S  3.70300000E+01 -0.070924
  2 S  1.32700000E+01 -0.165411
  2 S  5.02500000E+00 -0.116955
  2 S  1.01300000E+00  0.557368
  2 S  3.02300000E-01  0.572759
 
  3 S  3.02300000E-01  1.000000
 
  4 S  7.89600000E-02  1.000000
 
  5 P  1.77000000E+01  0.043018
  5 P  3.85400000E+00  0.228913
  5 P  1.04600000E+00  0.508728
  5 P  2.75300000E-01  0.460531
 
  6 P  2.75300000E-01  1.000000
 
  7 P  6.85600000E-02  1.000000
 
  8 D  1.18500000E+00  1.000000
 
  9 D  3.32000000E-01  1.000000
 
  H (Hydrogen)
  ------------
            Exponent  Coefficients 
       -------------- ---------------------------------------------------------
  1 S  1.30100000E+01  0.019685
  1 S  1.96200000E+00  0.137977
  1 S  4.44600000E-01  0.478148
  1 S  1.22000000E-01  0.501240
 
  2 S  1.22000000E-01  1.000000
 
  3 S  2.97400000E-02  1.000000
 
  4 P  7.27000000E-01  1.000000
 
  5 P  1.41000000E-01  1.000000
 


 Summary of "ao basis" -> "ao basis" (spherical)
 ------------------------------------------------------------------------------
       Tag                 Description            Shells   Functions and Types
 ---------------- ------------------------------  ------  ---------------------
 O                        aug-cc-pvdz                9       23   4s3p2d
 H                        aug-cc-pvdz                5        9   3s2p



 **** WARNING Zero Coefficient **** on atom "               O"
 angular momentum value: 0  standard basis set name: "aug-cc-pvdz"
 input line that generated warning:
   176:   11720.0000000              0.0007100             -0.0001600              0.0000000
  

 **** WARNING Zero Coefficient **** on atom "               O"
 angular momentum value: 0  standard basis set name: "aug-cc-pvdz"
 input line that generated warning:
   177:    1759.0000000              0.0054700             -0.0012630              0.0000000
  

 **** WARNING Zero Coefficient **** on atom "               O"
 angular momentum value: 0  standard basis set name: "aug-cc-pvdz"
 input line that generated warning:
   178:     400.8000000              0.0278370             -0.0062670              0.0000000
  

 **** WARNING Zero Coefficient **** on atom "               O"
 angular momentum value: 0  standard basis set name: "aug-cc-pvdz"
 input line that generated warning:
   179:     113.7000000              0.1048000             -0.0257160              0.0000000
  

 **** WARNING Zero Coefficient **** on atom "               O"
 angular momentum value: 0  standard basis set name: "aug-cc-pvdz"
 input line that generated warning:
   180:      37.0300000              0.2830620             -0.0709240              0.0000000
  

 **** WARNING Zero Coefficient **** on atom "               O"
 angular momentum value: 0  standard basis set name: "aug-cc-pvdz"
 input line that generated warning:
   181:      13.2700000              0.4487190             -0.1654110              0.0000000
  

 **** WARNING Zero Coefficient **** on atom "               O"
 angular momentum value: 0  standard basis set name: "aug-cc-pvdz"
 input line that generated warning:
   182:       5.0250000              0.2709520             -0.1169550              0.0000000
  

 **** WARNING Zero Coefficient **** on atom "               O"
 angular momentum value: 0  standard basis set name: "aug-cc-pvdz"
 input line that generated warning:
   183:       1.0130000              0.0154580              0.5573680              0.0000000
  

 **** WARNING Zero Coefficient **** on atom "               O"
 angular momentum value: 1  standard basis set name: "aug-cc-pvdz"
 input line that generated warning:
   188:      17.7000000              0.0430180              0.0000000
  

 **** WARNING Zero Coefficient **** on atom "               O"
 angular momentum value: 1  standard basis set name: "aug-cc-pvdz"
 input line that generated warning:
   189:       3.8540000              0.2289130              0.0000000
  

 **** WARNING Zero Coefficient **** on atom "               O"
 angular momentum value: 1  standard basis set name: "aug-cc-pvdz"
 input line that generated warning:
   190:       1.0460000              0.5087280              0.0000000
  

 **** WARNING Zero Coefficient **** on atom "               H"
 angular momentum value: 0  standard basis set name: "aug-cc-pvdz"
 input line that generated warning:
    25:      13.0100000              0.0196850              0.0000000
  

 **** WARNING Zero Coefficient **** on atom "               H"
 angular momentum value: 0  standard basis set name: "aug-cc-pvdz"
 input line that generated warning:
    26:       1.9620000              0.1379770              0.0000000
  

 **** WARNING Zero Coefficient **** on atom "               H"
 angular momentum value: 0  standard basis set name: "aug-cc-pvdz"
 input line that generated warning:
    27:       0.4446000              0.4781480              0.0000000
  
  int_init: cando_txs set to always be  F
  Caching 1-el integrals 
 
            General Information
            -------------------
          SCF calculation type: DFT
          Wavefunction type:  closed shell.
          No. of atoms     :     3
          No. of electrons :    10
           Alpha electrons :     5
            Beta electrons :     5
          Charge           :     0
          Spin multiplicity:     1
          Use of symmetry is: on ; symmetry adaption is: on 
          Maximum number of iterations: 100
          This is a Direct SCF calculation.
          AO basis - number of functions:    41
                     number of shells:    19
          Convergence on energy requested: 1.00D-06
          Convergence on density requested: 1.00D-05
          Convergence on gradient requested: 5.00D-04
 
              XC Information
              --------------
                     Hartree-Fock (Exact) Exchange  1.000          
                     CAM-PBE96 Exchange Functional  1.000          
            Perdew 1991 LDA Correlation Functional  1.000 local    
           PerdewBurkeErnz. Correlation Functional  1.000 non-local
 
             Grid Information
             ----------------
          Grid used for XC integration:  medium    
          Radial quadrature: Mura-Knowles        
          Angular quadrature: Lebedev. 
          Tag              B.-S. Rad. Rad. Pts. Rad. Cut. Ang. Pts.
          ---              ---------- --------- --------- ---------
          O                   0.60       49           9.0       434
          H                   0.35       45          11.0       434
          Grid pruning is: on 
          Number of quadrature shells:    94
          Spatial weights used:  Erf1
 
          Convergence Information
          -----------------------
          Convergence aids based upon iterative change in 
          total energy or number of iterations. 
          Levelshifting, if invoked, occurs when the 
          HOMO/LUMO gap drops below (HL_TOL): 1.00D-02
          DIIS, if invoked, will attempt to extrapolate 
          using up to (NFOCK): 10 stored Fock matrices.

                    Damping( 0%)  Levelshifting(0.5)       DIIS
                  --------------- ------------------- ---------------
          dE  on:    start            ASAP                start   
          dE off:    2 iters        100 iters           100 iters 

 
      Screening Tolerance Information
      -------------------------------
          Density screening/tol_rho: 1.00D-10
          AO Gaussian exp screening on grid/accAOfunc:  14
          CD Gaussian exp screening on grid/accCDfunc:  20
          XC Gaussian exp screening on grid/accXCfunc:  20
          Schwarz screening/accCoul: 1.00D-08

 
      Superposition of Atomic Density Guess
      -------------------------------------
 
 Sum of atomic energies:         -75.76548412
 
      Non-variational initial energy
      ------------------------------

 Total energy =     -75.929555
 1-e energy   =    -121.647436
 2-e energy   =      36.525786
 HOMO         =      -0.482989
 LUMO         =       0.012026
 
 
      Symmetry analysis of molecular orbitals - initial
      -------------------------------------------------
 
  Numbering of irreducible representations: 
 
     1 a1          2 a2          3 b1          4 b2      
 
  Orbital symmetries:
 
     1 a1          2 a1          3 b1          4 a1          5 b2      
     6 a1          7 b1          8 a1          9 b2         10 a1      
    11 b1         12 b1         13 a1         14 a2         15 a1      
 
   Time after variat. SCF:      0.2
   Time prior to 1st pass:      0.2

 Grid_pts file          = ./h2o-lcpbe.gridpts.0
 Record size in doubles =  12289        No. of grid_pts per rec  =   3070
 Max. records in memory =      9        Max. recs in file   =    183378


           Memory utilization after 1st SCF pass: 
           Heap Space remaining (MW):       13.00            12995968
          Stack Space remaining (MW):       13.11            13106869

   convergence    iter        energy       DeltaE   RMS-Dens  Diis-err    time
 ---------------- ----- ----------------- --------- --------- ---------  ------
 d= 0,ls=0.0,diis     1    -76.2068179219 -8.54D+01  2.59D-02  4.08D-01     0.5
 d= 0,ls=0.0,diis     2    -76.2124742743 -5.66D-03  1.27D-02  4.01D-01     0.9
 d= 0,ls=0.0,diis     3    -76.2462523679 -3.38D-02  1.46D-03  5.03D-03     1.2
 d= 0,ls=0.0,diis     4    -76.2467330596 -4.81D-04  2.82D-04  9.20D-05     1.5
 d= 0,ls=0.0,diis     5    -76.2467451247 -1.21D-05  8.54D-05  3.15D-06     1.8
 d= 0,ls=0.0,diis     6    -76.2467460204 -8.96D-07  1.21D-05  5.02D-08     2.2
 d= 0,ls=0.0,diis     7    -76.2467460430 -2.25D-08  1.44D-06  8.41D-10     2.5


         Total DFT energy =      -76.246746042951
      One electron energy =     -122.879403588164
           Coulomb energy =       46.553933674665
    Exchange-Corr. energy =       -9.113370798108
 Nuclear repulsion energy =        9.192094668657

 Numeric. integr. density =        9.999999193787

     Total iterative time =      2.3s


 
                       DFT Final Molecular Orbital Analysis
                       ------------------------------------
 
 Vector    1  Occ=2.000000D+00  E=-1.892917D+01  Symmetry=a1
              MO Center= -4.3D-17,  2.7D-19,  1.2D-01, r^2= 1.5D-02
   Bfn.  Coefficient  Atom+Function         Bfn.  Coefficient  Atom+Function  
  ----- ------------  ---------------      ----- ------------  ---------------
     1     -1.004700  1 O  s          
 
 Vector    2  Occ=2.000000D+00  E=-1.102982D+00  Symmetry=a1
              MO Center= -3.3D-16,  4.4D-17, -8.7D-02, r^2= 5.1D-01
   Bfn.  Coefficient  Atom+Function         Bfn.  Coefficient  Atom+Function  
  ----- ------------  ---------------      ----- ------------  ---------------
     2     -0.865138  1 O  s                 24     -0.365830  2 H  s          
    33     -0.365830  3 H  s                 34      0.202934  3 H  s          
    25      0.202934  2 H  s                  7      0.169597  1 O  pz         
 
 Vector    3  Occ=2.000000D+00  E=-6.329538D-01  Symmetry=b1
              MO Center=  5.2D-16,  1.7D-31, -9.1D-02, r^2= 7.7D-01
   Bfn.  Coefficient  Atom+Function         Bfn.  Coefficient  Atom+Function  
  ----- ------------  ---------------      ----- ------------  ---------------
     5      0.756426  1 O  px                24      0.605148  2 H  s          
    33     -0.605148  3 H  s                  8     -0.195936  1 O  px         
    25     -0.169229  2 H  s                 34      0.169229  3 H  s          
 
 Vector    4  Occ=2.000000D+00  E=-4.903015D-01  Symmetry=a1
              MO Center=  4.3D-19,  1.4D-31,  1.9D-01, r^2= 7.4D-01
   Bfn.  Coefficient  Atom+Function         Bfn.  Coefficient  Atom+Function  
  ----- ------------  ---------------      ----- ------------  ---------------
     7     -0.806058  1 O  pz                24      0.343208  2 H  s          
    33      0.343208  3 H  s                  2     -0.328760  1 O  s          
 
 Vector    5  Occ=2.000000D+00  E=-4.143300D-01  Symmetry=b2
              MO Center= -6.6D-17, -2.0D-16,  7.0D-02, r^2= 7.3D-01
   Bfn.  Coefficient  Atom+Function         Bfn.  Coefficient  Atom+Function  
  ----- ------------  ---------------      ----- ------------  ---------------
     6      0.918828  1 O  py         
 
 Vector    6  Occ=0.000000D+00  E= 2.785123D-02  Symmetry=a1
              MO Center= -1.4D-16,  1.8D-16, -7.6D-01, r^2= 1.0D+01
   Bfn.  Coefficient  Atom+Function         Bfn.  Coefficient  Atom+Function  
  ----- ------------  ---------------      ----- ------------  ---------------
     4      1.363411  1 O  s                 35     -0.769061  3 H  s          
    26     -0.769061  2 H  s                 34     -0.445177  3 H  s          
    25     -0.445177  2 H  s                 13     -0.184857  1 O  pz         
     2      0.170516  1 O  s                  3      0.167468  1 O  s          
 
 Vector    7  Occ=0.000000D+00  E= 5.586923D-02  Symmetry=b1
              MO Center=  1.3D-14, -2.6D-17, -8.1D-01, r^2= 1.5D+01
   Bfn.  Coefficient  Atom+Function         Bfn.  Coefficient  Atom+Function  
  ----- ------------  ---------------      ----- ------------  ---------------
    26      2.899258  2 H  s                 35     -2.899258  3 H  s          
    11     -0.801735  1 O  px                25      0.562301  2 H  s          
    34     -0.562301  3 H  s          
 
 Vector    8  Occ=0.000000D+00  E= 1.569713D-01  Symmetry=a1
              MO Center=  2.0D-15, -4.0D-16,  2.6D-02, r^2= 8.8D+00
   Bfn.  Coefficient  Atom+Function         Bfn.  Coefficient  Atom+Function  
  ----- ------------  ---------------      ----- ------------  ---------------
     4     -4.097718  1 O  s                 13      1.580824  1 O  pz         
    34      1.525853  3 H  s                 25      1.525853  2 H  s          
    35      0.778220  3 H  s                 26      0.778220  2 H  s          
     3     -0.412298  1 O  s                 39      0.365468  3 H  px         
    30     -0.365468  2 H  px                 7     -0.354055  1 O  pz         
 
 Vector    9  Occ=0.000000D+00  E= 1.862038D-01  Symmetry=b2
              MO Center= -1.0D-15, -2.3D-16,  3.5D-01, r^2= 6.2D+00
   Bfn.  Coefficient  Atom+Function         Bfn.  Coefficient  Atom+Function  
  ----- ------------  ---------------      ----- ------------  ---------------
    12     -1.391239  1 O  py                 6      0.323974  1 O  py         
    31      0.246945  2 H  py                40      0.246945  3 H  py         
 
 Vector   10  Occ=0.000000D+00  E= 1.967086D-01  Symmetry=a1
              MO Center= -1.3D-15,  1.4D-15,  1.3D-01, r^2= 6.9D+00
   Bfn.  Coefficient  Atom+Function         Bfn.  Coefficient  Atom+Function  
  ----- ------------  ---------------      ----- ------------  ---------------
     4     -1.215209  1 O  s                 13     -1.031234  1 O  pz         
    35      0.487100  3 H  s                 26      0.487100  2 H  s          
     2      0.369716  1 O  s                 41      0.346568  3 H  pz         
    32      0.346568  2 H  pz                39      0.282604  3 H  px         
    30     -0.282604  2 H  px                25     -0.198125  2 H  s          
 
 Vector   11  Occ=0.000000D+00  E= 2.147170D-01  Symmetry=b1
              MO Center=  9.0D-15,  6.6D-17, -2.9D-01, r^2= 9.5D+00
   Bfn.  Coefficient  Atom+Function         Bfn.  Coefficient  Atom+Function  
  ----- ------------  ---------------      ----- ------------  ---------------
    26      2.667270  2 H  s                 35     -2.667270  3 H  s          
    11     -2.544838  1 O  px                34     -1.968580  3 H  s          
    25      1.968580  2 H  s                 30     -0.603206  2 H  px         
    39     -0.603206  3 H  px                41     -0.584280  3 H  pz         
    32      0.584280  2 H  pz                 5      0.429284  1 O  px         
 
 Vector   12  Occ=0.000000D+00  E= 2.499162D-01  Symmetry=b1
              MO Center= -4.8D-15,  3.3D-31,  1.2D-01, r^2= 4.7D+00
   Bfn.  Coefficient  Atom+Function         Bfn.  Coefficient  Atom+Function  
  ----- ------------  ---------------      ----- ------------  ---------------
    11     -1.839517  1 O  px                25      1.661108  2 H  s          
    34     -1.661108  3 H  s                 26      0.580038  2 H  s          
    35     -0.580038  3 H  s                 33     -0.351665  3 H  s          
    24      0.351665  2 H  s                  5     -0.297327  1 O  px         
     8     -0.222457  1 O  px                41      0.210469  3 H  pz         
 
 Vector   13  Occ=0.000000D+00  E= 3.020618D-01  Symmetry=a1
              MO Center=  4.3D-15, -9.3D-16, -1.4D-01, r^2= 4.6D+00
   Bfn.  Coefficient  Atom+Function         Bfn.  Coefficient  Atom+Function  
  ----- ------------  ---------------      ----- ------------  ---------------
     4     -4.652116  1 O  s                 25      2.243540  2 H  s          
    34      2.243540  3 H  s                 13      0.628008  1 O  pz         
    32      0.479503  2 H  pz                41      0.479503  3 H  pz         
    26      0.331809  2 H  s                 35      0.331809  3 H  s          
    39     -0.294150  3 H  px                30      0.294150  2 H  px         
 
 Vector   14  Occ=0.000000D+00  E= 3.578617D-01  Symmetry=a2
              MO Center=  8.1D-15,  7.1D-18, -5.1D-01, r^2= 3.9D+00
   Bfn.  Coefficient  Atom+Function         Bfn.  Coefficient  Atom+Function  
  ----- ------------  ---------------      ----- ------------  ---------------
    31     -1.108657  2 H  py                40      1.108657  3 H  py         
 
 Vector   15  Occ=0.000000D+00  E= 3.673468D-01  Symmetry=a1
              MO Center=  7.7D-15, -5.3D-16, -1.8D-01, r^2= 4.7D+00
   Bfn.  Coefficient  Atom+Function         Bfn.  Coefficient  Atom+Function  
  ----- ------------  ---------------      ----- ------------  ---------------
     4     -4.500705  1 O  s                 34      2.252919  3 H  s          
    25      2.252919  2 H  s                 13      1.840166  1 O  pz         
    32     -0.633349  2 H  pz                41     -0.633349  3 H  pz         
    10      0.566487  1 O  pz                39      0.419547  3 H  px         
    30     -0.419547  2 H  px                 7      0.334217  1 O  pz         
 
 Vector   16  Occ=0.000000D+00  E= 3.990029D-01  Symmetry=b2
              MO Center= -4.1D-15,  1.6D-16, -4.0D-01, r^2= 4.1D+00
   Bfn.  Coefficient  Atom+Function         Bfn.  Coefficient  Atom+Function  
  ----- ------------  ---------------      ----- ------------  ---------------
    12      1.192179  1 O  py                40     -1.169358  3 H  py         
    31     -1.169358  2 H  py                 9      0.477498  1 O  py         
     6      0.268449  1 O  py         
 
 Vector   17  Occ=0.000000D+00  E= 5.147723D-01  Symmetry=b1
              MO Center=  1.6D-14, -8.7D-17, -3.9D-01, r^2= 5.2D+00
   Bfn.  Coefficient  Atom+Function         Bfn.  Coefficient  Atom+Function  
  ----- ------------  ---------------      ----- ------------  ---------------
    11     -2.205476  1 O  px                39      1.971017  3 H  px         
    30      1.971017  2 H  px                32      1.203542  2 H  pz         
    41     -1.203542  3 H  pz                26      0.959900  2 H  s          
    35     -0.959900  3 H  s                 34      0.641685  3 H  s          
    25     -0.641685  2 H  s                  5     -0.192833  1 O  px         
 

 center of mass
 --------------
 x =   0.00000000 y =   0.00000000 z =   0.09760123

 moments of inertia (a.u.)
 ------------------
           2.197735387303           0.000000000000           0.000000000000
           0.000000000000           6.322357589609           0.000000000000
           0.000000000000           0.000000000000           4.124622202307
 
     Multipole analysis of the density
     ---------------------------------
 
     L   x y z        total         alpha         beta         nuclear
     -   - - -        -----         -----         ----         -------
     0   0 0 0      0.000000     -5.000000     -5.000000     10.000000
 
     1   1 0 0      0.000000      0.000000      0.000000      0.000000
     1   0 1 0      0.000000      0.000000      0.000000      0.000000
     1   0 0 1     -0.743165     -0.371583     -0.371583      0.000000
 
     2   2 0 0     -3.391041     -3.741819     -3.741819      4.092598
     2   1 1 0      0.000000      0.000000      0.000000      0.000000
     2   1 0 1      0.000000      0.000000      0.000000      0.000000
     2   0 2 0     -5.862432     -2.931216     -2.931216      0.000000
     2   0 1 1      0.000000      0.000000      0.000000      0.000000
     2   0 0 2     -4.864810     -3.414595     -3.414595      1.964381
 

 Task  times  cpu:        2.5s     wall:        2.7s
 
 
                                NWChem Input Module
                                -------------------
 
 
 Summary of allocated global arrays
-----------------------------------
  No active global arrays



                         GA Statistics for process    0
                         ------------------------------

       create   destroy   get      put      acc     scatter   gather  read&inc
calls:  181      181     3871     1318      692        0        0        0     
number of processes/call 1.01e+00 1.03e+00 1.00e+00 0.00e+00 0.00e+00
bytes total:             5.77e+06 2.34e+06 1.09e+06 0.00e+00 0.00e+00 0.00e+00
bytes remote:            4.19e+05 2.67e+05 0.00e+00 0.00e+00 0.00e+00 0.00e+00
Max memory consumed for GA by this process: 484128 bytes
 
MA_summarize_allocated_blocks: starting scan ...
MA_summarize_allocated_blocks: scan completed: 0 heap blocks, 0 stack blocks
MA usage statistics:

	allocation statistics:
					      heap	     stack
					      ----	     -----
	current number of blocks	         0	         0
	maximum number of blocks	        20	        52
	current total bytes		         0	         0
	maximum total bytes		    889864	  22511264
	maximum total K-bytes		       890	     22512
	maximum total M-bytes		         1	        23



                                  ACKNOWLEDGEMENT
                                  ---------------

            Please use the following acknowledgement where appropriate 
            for results obtained with NWChem:

            High Performance Computational Chemistry Group, "NWChem, A
            Computational Chemistry Package for Parallel Computers, 
            Version 5.1.1" (2008), Pacific Northwest National Laboratory,
            Richland, Washington 99352-0999, USA.


                                     CITATION
                                     --------

          Please use the following citation when publishing results
          obtained with NWChem:

          E. J. Bylaska, W. A. de Jong, N. Govind, K. Kowalski, T. P. Straatsma,
          M. Valiev, D. Wang, E. Apra, T. L. Windus, J. Hammond, J. Autschbach,
          P. Nichols, S. Hirata, M. T. Hackler, Y. Zhao, P.-D. Fan, R. J. Harrison,
          M. Dupuis, D. M. A. Smith, J. Nieplocha, V. Tipparaju, M. Krishnan,
          A. Vazquez-Mayagoitia, L. Jensen, M. Swart, Q. Wu, T. Van Voorhis,
          A. A. Auer, M. Nooijen, L. D. Crosby, E. Brown, 
          G. Cisneros, G. I. Fann, H. Fruchtl, J. Garza,
          K. Hirao, R. Kendall, J. A. Nichols, K. Tsemekhman
          K. Wolinski, J. Anchell, D. Bernholdt, P. Borowski, T. Clark,
          D. Clerc, H. Dachsel, M. Deegan, K. Dyall, D. Elwood, E. Glendening
          M. Gutowski, A. Hess, J. Jaffe, B. Johnson, J. Ju, R. Kobayashi,
          R. Kutteh, Z. Lin, R. Littlefield, X. Long, B. Meng, T. Nakajima,
          S. Niu, L. Pollack, M. Rosing, G. Sandrone, M. Stave, H. Taylor,
          G. Thomas, J. van Lenthe, A. Wong, and Z. Zhang,
          "NWChem, A Computational Chemistry Package for Parallel Computers, 
          Version 5.1.1" (2008),
                      Pacific Northwest National Laboratory,
                      Richland, Washington 99352-0999, USA.



 Total times  cpu:        2.5s     wall:        2.7s
