 argument  1 = input-wf.nw



============================== echo of input deck ==============================
echo
start wfn1_dat
geometry units au noautoz
  H 0 0 -2.29434600000000000000
  H 0 0  2.29434600000000000000
  symmetry cs
end
basis
  H library 6-31g
end
set wfn1:input_vectors "atomic"
set wfn1:solver "monte-carlo"
set wfn1:print_error F
set wfn1:t_initial 0.1
#set wfn1:corr_expr "wfn1_mx"
set wfn1:corr_expr "wfn1c"
set wfn1:t_bath 0.0
set wfn1:maxit  20000
task wfn1 energy
================================================================================


                                         
                                         


              Northwest Computational Chemistry Package (NWChem) 6.8
              ------------------------------------------------------


                    Environmental Molecular Sciences Laboratory
                       Pacific Northwest National Laboratory
                                Richland, WA 99352

                              Copyright (c) 1994-2015
                       Pacific Northwest National Laboratory
                            Battelle Memorial Institute

             NWChem is an open-source computational chemistry package
                        distributed under the terms of the
                      Educational Community License (ECL) 2.0
             A copy of the license is included with this distribution
                              in the LICENSE.TXT file

                                  ACKNOWLEDGMENT
                                  --------------

            This software and its documentation were developed at the
            EMSL at Pacific Northwest National Laboratory, a multiprogram
            national laboratory, operated for the U.S. Department of Energy
            by Battelle under Contract Number DE-AC05-76RL01830. Support
            for this work was provided by the Department of Energy Office
            of Biological and Environmental Research, Office of Basic
            Energy Sciences, and the Office of Advanced Scientific Computing.


           Job information
           ---------------

    hostname        = erato
    program         = ../../../bin/LINUX64/nwchem
    date            = Mon Mar  1 01:40:20 2021

    compiled        = Sun_Feb_28_18:02:42_2021
    source          = /home/hvandam/nwchem-1-wfn1
    nwchem branch   = Development
    nwchem revision = nwchem_on_git-124-gad72d19fff205e319ffbbf2bca37a04ded6ad57b
    ga revision     = nwchem_on_git-124-gad72d19
    use scalapack   = F
    input           = input-wf.nw
    prefix          = wfn1_dat.
    data base       = ./wfn1_dat.db
    status          = startup
    nproc           =        1
    time left       =     -1s



           Memory information
           ------------------

    heap     =   13107200 doubles =    100.0 Mbytes
    stack    =   13107197 doubles =    100.0 Mbytes
    global   =   26214400 doubles =    200.0 Mbytes (distinct from heap & stack)
    total    =   52428797 doubles =    400.0 Mbytes
    verify   = yes
    hardfail = no 


           Directory information
           ---------------------

  0 permanent = .
  0 scratch   = .




                                NWChem Input Module
                                -------------------


 Turning off AUTOSYM since
 SYMMETRY directive was detected!



                             Geometry "geometry" -> ""
                             -------------------------

 Output coordinates in a.u. (scale by  1.000000000 to convert to a.u.)

  No.       Tag          Charge          X              Y              Z
 ---- ---------------- ---------- -------------- -------------- --------------
    1 H                    1.0000     0.00000000     0.00000000    -2.29434600
    2 H                    1.0000     0.00000000     0.00000000     2.29434600

      Atomic Mass 
      ----------- 

      H                  1.007825


 Effective nuclear repulsion energy (a.u.)       0.2179270258

            Nuclear Dipole moment (a.u.) 
            ----------------------------
        X                 Y               Z
 ---------------- ---------------- ----------------
     0.0000000000     0.0000000000     0.0000000000

      Symmetry information
      --------------------

 Group name             Cs        
 Group number              2
 Group order               2
 No. of unique centers     1

      Symmetry unique atoms

     1


            XYZ format geometry
            -------------------
     2
 geometry
 H                     0.00000000     0.00000000    -1.21411570
 H                     0.00000000     0.00000000     1.21411570

                      Basis "ao basis" -> "" (cartesian)
                      -----
  H (Hydrogen)
  ------------
            Exponent  Coefficients 
       -------------- ---------------------------------------------------------
  1 S  1.87311370E+01  0.033495
  1 S  2.82539370E+00  0.234727
  1 S  6.40121700E-01  0.813757

  2 S  1.61277800E-01  1.000000



 Summary of "ao basis" -> "" (cartesian)
 ------------------------------------------------------------------------------
       Tag                 Description            Shells   Functions and Types
 ---------------- ------------------------------  ------  ---------------------
 H                           6-31g                   2        2   2s



                                NWChem WFN1 Module
                                ------------------



          No. of electrons :     2
           Alpha electrons :     1
            Beta electrons :     1
          Charge           :     0
          Spin multiplicity:     1

 HvD: wfn1_inpdft
 HvD: nquad_task =                     1
 HvD: iangquad   =                     0
 HvD: gridtype   = user      
 HvD: leb        =  T
 HvD: radgrid    = murakn    
 HvD: trunc_neigh=  T
 HvD: lssw       =  T
 HvD: whichssw   = erf1    
 HvD: mxnrad     =                     0
 HvD: mxnang     =                     0
 HVD: wfn1: movecs_in  = atomic                                                                                                                                                                                                                                                          
 HVD: wfn1: movecs_out = ./wfn1_dat.movecs                                                                                                                                                                                                                                               

      Superposition of Atomic Density Guess
      -------------------------------------

 Sum of atomic energies:          -0.99646508

      Non-variational initial energy
      ------------------------------

 Total energy =      -0.685162
 1-e energy   =      -1.432276
 2-e energy   =       0.529186
 HOMO         =      -0.233622
 LUMO         =      -0.145059

 iteration              energy           error
 ---------              ------           -----
         0         -0.90995349        0.080000
         1         -0.91499879        0.080000
         2         -0.92080264        0.080000
         3         -0.92786965        0.080000
         4         -0.92825016        0.080000
         5         -0.93121685        0.080000
         6         -0.93424345        0.080000
         7         -0.93502899        0.080000
         8         -0.94040778        0.080000
         9         -0.94303325        0.080000
        10         -0.94455850        0.080000
        11         -0.94805994        0.080000
        12         -0.95003102        0.080000
        13         -0.95391200        0.080000
        14         -0.95425357        0.080000
        15         -0.95751767        0.080000
        16         -0.96009477        0.080000
        17         -0.96016460        0.080000
        18         -0.96201824        0.080000
        19         -0.96389883        0.080000
        20         -0.96401971        0.080000
        21         -0.96459924        0.080000
        22         -0.96480922        0.080000
        23         -0.96519676        0.080000
        24         -0.96604409        0.080000
        25         -0.96752479        0.080000
        26         -0.96868260        0.080000
        27         -0.96897688        0.080000
        28         -0.96942640        0.080000
        29         -0.97048295        0.080000
        30         -0.97057940        0.080000
        31         -0.97121269        0.080000
        32         -0.97133503        0.080000
        33         -0.97154958        0.080000
        34         -0.97178305        0.080000
        35         -0.97232717        0.080000
        36         -0.97233662        0.080000
        37         -0.97235913        0.080000
        38         -0.97269892        0.080000
        39         -0.97274648        0.080000
        40         -0.97276073        0.063496
        41         -0.97284270        0.063496
        42         -0.97286334        0.050397
        43         -0.97288282        0.050397
        44         -0.97291007        0.050397
        45         -0.97292195        0.040000
        46         -0.97294647        0.040000
        47         -0.97296647        0.040000
        48         -0.97297457        0.025198
        49         -0.97297507        0.025198
        50         -0.97297515        0.025198
        51         -0.97297826        0.025198
        52         -0.97297879        0.025198
        53         -0.97297940        0.025198
        54         -0.97299282        0.025198
        55         -0.97299676        0.025198
        56         -0.97301204        0.025198
        57         -0.97301876        0.025198
        58         -0.97302383        0.025198
        59         -0.97303200        0.025198
        60         -0.97303390        0.020000
        61         -0.97303435        0.020000
        62         -0.97303584        0.015874
        63         -0.97303692        0.015874
        64         -0.97303765        0.015874
        65         -0.97304052        0.015874
        66         -0.97304171        0.015874
        67         -0.97304194        0.015874
        68         -0.97304255        0.015874
        69         -0.97304418        0.015874
        70         -0.97304483        0.010000
        71         -0.97304613        0.010000
        72         -0.97304646        0.010000
        73         -0.97304747        0.010000
        74         -0.97304836        0.010000
        75         -0.97304922        0.010000
        76         -0.97304984        0.010000
        77         -0.97305025        0.010000
        78         -0.97305077        0.007937
        79         -0.97305128        0.007937
        80         -0.97305251        0.007937
        81         -0.97305345        0.006300
        82         -0.97305381        0.005000
        83         -0.97305393        0.005000
        84         -0.97305399        0.005000
        85         -0.97305405        0.005000
        86         -0.97305415        0.005000
        87         -0.97305435        0.005000
        88         -0.97305445        0.005000
        89         -0.97305501        0.005000
        90         -0.97305504        0.005000
        91         -0.97305511        0.005000
        92         -0.97305520        0.005000
        93         -0.97305536        0.003150
        94         -0.97305550        0.002500
        95         -0.97305553        0.002500
        96         -0.97305559        0.002500
        97         -0.97305567        0.001984
        98         -0.97305568        0.001984
        99         -0.97305572        0.001984
       100         -0.97305576        0.001984
       101         -0.97305577        0.001984
       102         -0.97305578        0.001984
       103         -0.97305585        0.001984
       104         -0.97305594        0.001984
       105         -0.97305600        0.001984
       106         -0.97305603        0.001984
       107         -0.97305606        0.001984
       108         -0.97305607        0.001984
       109         -0.97305609        0.001984
       110         -0.97305620        0.001575
       111         -0.97305624        0.001250
       112         -0.97305626        0.000992
       113         -0.97305629        0.000992
       114         -0.97305632        0.000992
       115         -0.97305632        0.000992
       116         -0.97305634        0.000992
       117         -0.97305635        0.000992
       118         -0.97305635        0.000992
       119         -0.97305636        0.000992
       120         -0.97305636        0.000787
       121         -0.97305637        0.000787
       122         -0.97305638        0.000787
       123         -0.97305638        0.000787
       124         -0.97305638        0.000787
       125         -0.97305639        0.000787
       126         -0.97305640        0.000787
       127         -0.97305641        0.000787
       128         -0.97305642        0.000787
       129         -0.97305642        0.000787
       130         -0.97305642        0.000787
       131         -0.97305643        0.000787
       132         -0.97305643        0.000787
       133         -0.97305644        0.000787
       134         -0.97305644        0.000787
       135         -0.97305644        0.000787
       136         -0.97305644        0.000787
       137         -0.97305646        0.000787
       138         -0.97305646        0.000625
       139         -0.97305646        0.000625
       140         -0.97305646        0.000625
       141         -0.97305647        0.000625
       142         -0.97305647        0.000625
       143         -0.97305647        0.000625
       144         -0.97305647        0.000625
       145         -0.97305648        0.000496
       146         -0.97305649        0.000496
       147         -0.97305649        0.000394
       148         -0.97305649        0.000394
       149         -0.97305649        0.000394
       150         -0.97305650        0.000394
       151         -0.97305650        0.000394
       152         -0.97305650        0.000313
       153         -0.97305650        0.000313
       154         -0.97305650        0.000313
       155         -0.97305650        0.000313
       156         -0.97305650        0.000313
       157         -0.97305650        0.000248
       158         -0.97305650        0.000248
       159         -0.97305650        0.000197
       160         -0.97305650        0.000197
       161         -0.97305650        0.000197
       162         -0.97305650        0.000197
       163         -0.97305651        0.000197
       164         -0.97305651        0.000197
       165         -0.97305651        0.000197
       166         -0.97305651        0.000197
       167         -0.97305651        0.000197
       168         -0.97305651        0.000197
       169         -0.97305651        0.000197
       170         -0.97305651        0.000156
       171         -0.97305651        0.000156
       172         -0.97305651        0.000156
       173         -0.97305651        0.000124
       174         -0.97305651        0.000124
       175         -0.97305651        0.000124
       176         -0.97305651        0.000098
       177         -0.97305651        0.000098
       178         -0.97305651        0.000098
       179         -0.97305651        0.000078
       180         -0.97305651        0.000078
       181         -0.97305651        0.000078
       182         -0.97305651        0.000078
       183         -0.97305651        0.000078
       184         -0.97305651        0.000078
       185         -0.97305651        0.000062
       186         -0.97305651        0.000062
       187         -0.97305651        0.000062
       188         -0.97305651        0.000062
       189         -0.97305651        0.000062
       190         -0.97305651        0.000062
       191         -0.97305651        0.000062
       192         -0.97305651        0.000062
       193         -0.97305651        0.000062
       194         -0.97305651        0.000062
       195         -0.97305651        0.000062
       196         -0.97305651        0.000062
       197         -0.97305651        0.000062
       198         -0.97305651        0.000062
       199         -0.97305651        0.000062
       200         -0.97305651        0.000062
       201         -0.97305651        0.000049
       202         -0.97305651        0.000049
       203         -0.97305651        0.000049
       204         -0.97305651        0.000049
       205         -0.97305651        0.000031
       206         -0.97305651        0.000031
       207         -0.97305651        0.000031
       208         -0.97305651        0.000031
       209         -0.97305651        0.000031
       210         -0.97305651        0.000031
       211         -0.97305651        0.000031
       212         -0.97305651        0.000031
       213         -0.97305651        0.000031
       214         -0.97305651        0.000031
       215         -0.97305651        0.000031
       216         -0.97305651        0.000031
       217         -0.97305651        0.000031
       218         -0.97305651        0.000031
       219         -0.97305651        0.000031
       220         -0.97305651        0.000031
       221         -0.97305651        0.000031
       222         -0.97305651        0.000031
       223         -0.97305651        0.000031
       224         -0.97305651        0.000031
       225         -0.97305651        0.000025
       226         -0.97305651        0.000020
       227         -0.97305651        0.000020
       228         -0.97305651        0.000020
       229         -0.97305651        0.000020
       230         -0.97305651        0.000020
       231         -0.97305651        0.000020
       232         -0.97305651        0.000020
       233         -0.97305651        0.000020
       234         -0.97305651        0.000020
       235         -0.97305651        0.000016
       236         -0.97305651        0.000008
       237         -0.97305651        0.000006
       238         -0.97305651        0.000006
       239         -0.97305651        0.000005
       240         -0.97305651        0.000004
       241         -0.97305651        0.000004
       242         -0.97305651        0.000004
       243         -0.97305651        0.000003
       244         -0.97305651        0.000002
       245         -0.97305651        0.000002
       246         -0.97305651        0.000002
       247         -0.97305651        0.000002
       248         -0.97305651        0.000001
       249         -0.97305651        0.000001
       250         -0.97305651        0.000001
       251         -0.97305651        0.000001
       252         -0.97305651        0.000001
       253         -0.97305651        0.000001
       254         -0.97305651        0.000001
       255         -0.97305651        0.000001

 Reached Convergence

 WFN1                     :
 --------------------------
 Total WFN1 energy  =          -0.9730565126
 1-Electron energy  =          -1.3782133262
 2-Electron energy  =           0.4036931257
 Correlation energy =          -0.2164633379
 DFT XC energy      =           0.0000000000
 Entropy energy     =           0.0000000000
 Nuclear energy     =           0.2179270258

 conventional Hartree-Fock:
 --------------------------
 Total SCF energy  =          -0.8631121004
 2-Electron energy =           0.5136375380

                WFN1 Final Natural orbital energies and occupations
                ---------------------------------------------------

              Alpha       Beta            Alpha       Beta  
            --------    --------        --------    --------
       1      0.0000      0.0000          0.6476      0.6476
       2      0.0000      0.0000          0.3206      0.3206
       3      0.0000      0.0000          0.0183      0.0183
       4      0.0000      0.0000          0.0136      0.0136

             WFN1 Final Correlation function energies and occupations
             --------------------------------------------------------

              Alpha       Beta            Alpha       Beta  
            --------    --------        --------    --------
       1      0.0000      0.0000          1.0000      1.0000
       2      0.0000      0.0000          0.0000      0.0000
       3      0.0000      0.0000          0.0000      0.0000
       4      0.0000      0.0000          0.0000      0.0000

                WFN1 Final alpha-alpha 2-matrix occupation numbers
                --------------------------------------------------


 global array: g_momo1[1:4,1:4],  handle: -990 

            1           2           3           4  
       ----------- ----------- ----------- -----------
   1       0.00000     0.00000     0.00000     0.00000
   2       0.00000     0.00000     0.00000     0.00000
   3       0.00000     0.00000     0.00000     0.00000
   4      -0.00000     0.00000     0.00000     0.00000

                 WFN1 Final beta-beta 2-matrix occupation numbers
                 ------------------------------------------------


 global array: g_momo2[1:4,1:4],  handle: -989 

            1           2           3           4  
       ----------- ----------- ----------- -----------
   1       0.00000     0.00000     0.00000     0.00000
   2       0.00000     0.00000     0.00000     0.00000
   3       0.00000     0.00000     0.00000     0.00000
   4      -0.00000     0.00000     0.00000     0.00000

                  WFN1 Final alpha Correlation Function Analysis
                  ----------------------------------------------


 global array: Ca[1:4,1:4],  handle: -977 

                     1                       2                       3                       4  
       ----------------------- ----------------------- ----------------------- -----------------------
   1      -0.79933,   -0.09305     0.57735,    0.05279    -0.00872,    0.11257     0.05550,   -0.02166
   2      -0.47681,   -0.30531    -0.69431,   -0.42093    -0.02206,    0.10870     0.04897,    0.07406
   3       0.07067,   -0.11536     0.00049,    0.00866     0.62903,    0.56339    -0.37317,   -0.35955
   4       0.07136,    0.09199     0.04736,    0.04804    -0.00499,    0.51170    -0.06483,    0.84607

                   WFN1 Final beta Correlation Function Analysis
                   ---------------------------------------------


 global array: Cb[1:4,1:4],  handle: -976 

                     1                       2                       3                       4  
       ----------------------- ----------------------- ----------------------- -----------------------
   1      -0.79933,   -0.09305     0.57735,    0.05279    -0.00872,    0.11257     0.05550,   -0.02166
   2      -0.47681,   -0.30531    -0.69431,   -0.42093    -0.02206,    0.10870     0.04897,    0.07406
   3       0.07067,   -0.11536     0.00049,    0.00866     0.62903,    0.56339    -0.37317,   -0.35955
   4       0.07136,    0.09199     0.04736,    0.04804    -0.00499,    0.51170    -0.06483,    0.84607

                     WFN1 Final Alpha Natural Orbital Analysis
                     -----------------------------------------

 Vector    1  Occ=6.475806D-01  E= 0.000000D+00
              MO Center=  0.0D+00,  0.0D+00, -2.3D-08, r^2= 2.3D+00
   Bfn.  Coefficient  Atom+Function         Bfn.  Coefficient  Atom+Function  
  ----- ------------  ---------------      ----- ------------  ---------------
     2     -0.492505  1 H  s                  4     -0.492506  2 H  s          
     1     -0.231301  1 H  s                  3     -0.231301  2 H  s          

 Vector    2  Occ=3.205634D-01  E= 0.000000D+00
              MO Center=  0.0D+00,  0.0D+00,  5.9D-08, r^2= 2.5D+00
   Bfn.  Coefficient  Atom+Function         Bfn.  Coefficient  Atom+Function  
  ----- ------------  ---------------      ----- ------------  ---------------
     2      0.525855  1 H  s                  4     -0.525855  2 H  s          
     1      0.291642  1 H  s                  3     -0.291642  2 H  s          

 Vector    3  Occ=1.830161D-02  E= 0.000000D+00
              MO Center=  0.0D+00,  0.0D+00,  1.5D-06, r^2= 2.4D+00
   Bfn.  Coefficient  Atom+Function         Bfn.  Coefficient  Atom+Function  
  ----- ------------  ---------------      ----- ------------  ---------------
     1      0.893823  1 H  s                  3      0.893824  2 H  s          
     2     -0.691757  1 H  s                  4     -0.691758  2 H  s          

 Vector    4  Occ=1.355447D-02  E= 0.000000D+00
              MO Center=  0.0D+00,  0.0D+00, -1.5D-06, r^2= 3.1D+00
   Bfn.  Coefficient  Atom+Function         Bfn.  Coefficient  Atom+Function  
  ----- ------------  ---------------      ----- ------------  ---------------
     2      0.932163  1 H  s                  4     -0.932162  2 H  s          
     1     -0.922739  1 H  s                  3      0.922738  2 H  s          


                     WFN1 Final Beta Natural Orbital Analysis
                     ----------------------------------------

 Vector    1  Occ=6.475806D-01  E= 0.000000D+00
              MO Center=  0.0D+00,  0.0D+00, -2.3D-08, r^2= 2.3D+00
   Bfn.  Coefficient  Atom+Function         Bfn.  Coefficient  Atom+Function  
  ----- ------------  ---------------      ----- ------------  ---------------
     2     -0.492505  1 H  s                  4     -0.492506  2 H  s          
     1     -0.231301  1 H  s                  3     -0.231301  2 H  s          

 Vector    2  Occ=3.205634D-01  E= 0.000000D+00
              MO Center=  0.0D+00,  0.0D+00,  5.9D-08, r^2= 2.5D+00
   Bfn.  Coefficient  Atom+Function         Bfn.  Coefficient  Atom+Function  
  ----- ------------  ---------------      ----- ------------  ---------------
     2      0.525855  1 H  s                  4     -0.525855  2 H  s          
     1      0.291642  1 H  s                  3     -0.291642  2 H  s          

 Vector    3  Occ=1.830161D-02  E= 0.000000D+00
              MO Center=  0.0D+00,  0.0D+00,  1.5D-06, r^2= 2.4D+00
   Bfn.  Coefficient  Atom+Function         Bfn.  Coefficient  Atom+Function  
  ----- ------------  ---------------      ----- ------------  ---------------
     1      0.893823  1 H  s                  3      0.893824  2 H  s          
     2     -0.691757  1 H  s                  4     -0.691758  2 H  s          

 Vector    4  Occ=1.355447D-02  E= 0.000000D+00
              MO Center=  0.0D+00,  0.0D+00, -1.5D-06, r^2= 3.1D+00
   Bfn.  Coefficient  Atom+Function         Bfn.  Coefficient  Atom+Function  
  ----- ------------  ---------------      ----- ------------  ---------------
     2      0.932163  1 H  s                  4     -0.932162  2 H  s          
     1     -0.922739  1 H  s                  3      0.922738  2 H  s          


 Task  times  cpu:       10.7s     wall:       14.3s
 Summary of allocated global arrays
-----------------------------------
  No active global arrays



                         GA Statistics for process    0
                         ------------------------------

       create   destroy   get      put      acc     scatter   gather  read&inc
calls:   44       44     7.93e+06 1.66e+04 2.17e+04    0        0       11     
number of processes/call 1.00e+00 1.00e+00 1.00e+00 0.00e+00 0.00e+00
bytes total:             1.02e+09 2.78e+06 3.47e+06 0.00e+00 0.00e+00 8.80e+01
bytes remote:            0.00e+00 0.00e+00 0.00e+00 0.00e+00 0.00e+00 0.00e+00
Max memory consumed for GA by this process: 10624 bytes
MA_summarize_allocated_blocks: starting scan ...
MA_summarize_allocated_blocks: scan completed: 0 heap blocks, 0 stack blocks
MA usage statistics:

	allocation statistics:
					      heap	     stack
					      ----	     -----
	current number of blocks	         0	         0
	maximum number of blocks	        19	        17
	current total bytes		         0	         0
	maximum total bytes		   3204328	  22508616
	maximum total K-bytes		      3205	     22509
	maximum total M-bytes		         4	        23


                                NWChem Input Module
                                -------------------





                                     CITATION
                                     --------
                Please cite the following reference when publishing
                           results obtained with NWChem:

                 M. Valiev, E.J. Bylaska, N. Govind, K. Kowalski,
              T.P. Straatsma, H.J.J. van Dam, D. Wang, J. Nieplocha,
                        E. Apra, T.L. Windus, W.A. de Jong
                 "NWChem: a comprehensive and scalable open-source
                  solution for large scale molecular simulations"
                      Comput. Phys. Commun. 181, 1477 (2010)
                           doi:10.1016/j.cpc.2010.04.018

                                      AUTHORS
                                      -------
          E. Apra, E. J. Bylaska, W. A. de Jong, N. Govind, K. Kowalski,
       T. P. Straatsma, M. Valiev, H. J. J. van Dam, D. Wang, T. L. Windus,
        J. Hammond, J. Autschbach, K. Bhaskaran-Nair, J. Brabec, K. Lopata,
    S. A. Fischer, S. Krishnamoorthy, M. Jacquelin, W. Ma, M. Klemm, O. Villa,
      Y. Chen, V. Anisimov, F. Aquino, S. Hirata, M. T. Hackler, V. Konjkov,
      T. Risthaus, M. Malagoli, A. Marenich, A. Otero-de-la-Roza, J. Mullin,
        P. Nichols, R. Peverati, J. Pittner, Y. Zhao, P.-D. Fan, A. Fonari,
       M. Williamson, R. J. Harrison, J. R. Rehr, M. Dupuis, D. Silverstein,
    D. M. A. Smith, J. Nieplocha, V. Tipparaju, M. Krishnan, B. E. Van Kuiken,
        A. Vazquez-Mayagoitia, L. Jensen, M. Swart, Q. Wu, T. Van Voorhis,
     A. A. Auer, M. Nooijen, L. D. Crosby, E. Brown, G. Cisneros, G. I. Fann,
   H. Fruchtl, J. Garza, K. Hirao, R. A. Kendall, J. A. Nichols, K. Tsemekhman,
    K. Wolinski, J. Anchell, D. E. Bernholdt, P. Borowski, T. Clark, D. Clerc,
   H. Dachsel, M. J. O. Deegan, K. Dyall, D. Elwood, E. Glendening, M. Gutowski,
   A. C. Hess, J. Jaffe, B. G. Johnson, J. Ju, R. Kobayashi, R. Kutteh, Z. Lin,
   R. Littlefield, X. Long, B. Meng, T. Nakajima, S. Niu, L. Pollack, M. Rosing,
   K. Glaesemann, G. Sandrone, M. Stave, H. Taylor, G. Thomas, J. H. van Lenthe,
                               A. T. Wong, Z. Zhang.

 Total times  cpu:       10.7s     wall:       14.4s
