 argument  1 = input-wf.nw



============================== echo of input deck ==============================
echo
start wfn1_dat
geometry units au noautoz
  H 0 0 -5.29434600000000000000
  H 0 0  5.29434600000000000000
  symmetry cs
end
basis
  H library 6-31g
end
set wfn1:input_vectors "atomic"
set wfn1:solver "monte-carlo"
set wfn1:print_error F
set wfn1:t_initial 0.1
#set wfn1:corr_expr "wfn1_mx"
set wfn1:corr_expr "wfn1c"
set wfn1:t_bath 0.0
set wfn1:maxit  20000
task wfn1 energy
================================================================================


                                         
                                         


              Northwest Computational Chemistry Package (NWChem) 6.8
              ------------------------------------------------------


                    Environmental Molecular Sciences Laboratory
                       Pacific Northwest National Laboratory
                                Richland, WA 99352

                              Copyright (c) 1994-2015
                       Pacific Northwest National Laboratory
                            Battelle Memorial Institute

             NWChem is an open-source computational chemistry package
                        distributed under the terms of the
                      Educational Community License (ECL) 2.0
             A copy of the license is included with this distribution
                              in the LICENSE.TXT file

                                  ACKNOWLEDGMENT
                                  --------------

            This software and its documentation were developed at the
            EMSL at Pacific Northwest National Laboratory, a multiprogram
            national laboratory, operated for the U.S. Department of Energy
            by Battelle under Contract Number DE-AC05-76RL01830. Support
            for this work was provided by the Department of Energy Office
            of Biological and Environmental Research, Office of Basic
            Energy Sciences, and the Office of Advanced Scientific Computing.


           Job information
           ---------------

    hostname        = erato
    program         = ../../../bin/LINUX64/nwchem
    date            = Mon Mar  1 01:55:04 2021

    compiled        = Sun_Feb_28_18:02:42_2021
    source          = /home/hvandam/nwchem-1-wfn1
    nwchem branch   = Development
    nwchem revision = nwchem_on_git-124-gad72d19fff205e319ffbbf2bca37a04ded6ad57b
    ga revision     = nwchem_on_git-124-gad72d19
    use scalapack   = F
    input           = input-wf.nw
    prefix          = wfn1_dat.
    data base       = ./wfn1_dat.db
    status          = startup
    nproc           =        1
    time left       =     -1s



           Memory information
           ------------------

    heap     =   13107200 doubles =    100.0 Mbytes
    stack    =   13107197 doubles =    100.0 Mbytes
    global   =   26214400 doubles =    200.0 Mbytes (distinct from heap & stack)
    total    =   52428797 doubles =    400.0 Mbytes
    verify   = yes
    hardfail = no 


           Directory information
           ---------------------

  0 permanent = .
  0 scratch   = .




                                NWChem Input Module
                                -------------------


 Turning off AUTOSYM since
 SYMMETRY directive was detected!



                             Geometry "geometry" -> ""
                             -------------------------

 Output coordinates in a.u. (scale by  1.000000000 to convert to a.u.)

  No.       Tag          Charge          X              Y              Z
 ---- ---------------- ---------- -------------- -------------- --------------
    1 H                    1.0000     0.00000000     0.00000000    -5.29434600
    2 H                    1.0000     0.00000000     0.00000000     5.29434600

      Atomic Mass 
      ----------- 

      H                  1.007825


 Effective nuclear repulsion energy (a.u.)       0.0944403709

            Nuclear Dipole moment (a.u.) 
            ----------------------------
        X                 Y               Z
 ---------------- ---------------- ----------------
     0.0000000000     0.0000000000     0.0000000000

      Symmetry information
      --------------------

 Group name             Cs        
 Group number              2
 Group order               2
 No. of unique centers     1

      Symmetry unique atoms

     1


            XYZ format geometry
            -------------------
     2
 geometry
 H                     0.00000000     0.00000000    -2.80164745
 H                     0.00000000     0.00000000     2.80164745

                      Basis "ao basis" -> "" (cartesian)
                      -----
  H (Hydrogen)
  ------------
            Exponent  Coefficients 
       -------------- ---------------------------------------------------------
  1 S  1.87311370E+01  0.033495
  1 S  2.82539370E+00  0.234727
  1 S  6.40121700E-01  0.813757

  2 S  1.61277800E-01  1.000000



 Summary of "ao basis" -> "" (cartesian)
 ------------------------------------------------------------------------------
       Tag                 Description            Shells   Functions and Types
 ---------------- ------------------------------  ------  ---------------------
 H                           6-31g                   2        2   2s



                                NWChem WFN1 Module
                                ------------------



          No. of electrons :     2
           Alpha electrons :     1
            Beta electrons :     1
          Charge           :     0
          Spin multiplicity:     1

 HvD: wfn1_inpdft
 HvD: nquad_task =                     1
 HvD: iangquad   =                     0
 HvD: gridtype   = user      
 HvD: leb        =  T
 HvD: radgrid    = murakn    
 HvD: trunc_neigh=  T
 HvD: lssw       =  T
 HvD: whichssw   = erf1    
 HvD: mxnrad     =                     0
 HvD: mxnang     =                     0
 HVD: wfn1: movecs_in  = atomic                                                                                                                                                                                                                                                          
 HVD: wfn1: movecs_out = ./wfn1_dat.movecs                                                                                                                                                                                                                                               

      Superposition of Atomic Density Guess
      -------------------------------------

 Sum of atomic energies:          -0.99646508

      Non-variational initial energy
      ------------------------------

 Total energy =      -0.682110
 1-e energy   =      -1.185347
 2-e energy   =       0.408796
 HOMO         =      -0.191267
 LUMO         =      -0.191105

 iteration              energy           error
 ---------              ------           -----
         0         -0.86660281        0.080000
         1         -0.87128766        0.080000
         2         -0.87401118        0.080000
         3         -0.87514932        0.080000
         4         -0.87848834        0.080000
         5         -0.87992289        0.080000
         6         -0.88349636        0.080000
         7         -0.88871133        0.080000
         8         -0.88984542        0.080000
         9         -0.89102723        0.080000
        10         -0.89169157        0.080000
        11         -0.89191466        0.080000
        12         -0.89597197        0.080000
        13         -0.89775883        0.080000
        14         -0.90190957        0.080000
        15         -0.90621425        0.080000
        16         -0.90675889        0.080000
        17         -0.90993979        0.080000
        18         -0.91037953        0.080000
        19         -0.91130894        0.080000
        20         -0.91259119        0.080000
        21         -0.91373018        0.080000
        22         -0.91467568        0.080000
        23         -0.91533330        0.080000
        24         -0.91685967        0.080000
        25         -0.91780001        0.080000
        26         -0.91848035        0.080000
        27         -0.91925193        0.080000
        28         -0.92145425        0.080000
        29         -0.92303189        0.080000
        30         -0.92339470        0.080000
        31         -0.92360733        0.080000
        32         -0.92442622        0.080000
        33         -0.92446773        0.080000
        34         -0.92501402        0.080000
        35         -0.92553428        0.080000
        36         -0.92578341        0.080000
        37         -0.92643771        0.080000
        38         -0.92835637        0.080000
        39         -0.92854835        0.080000
        40         -0.92878040        0.080000
        41         -0.92906363        0.080000
        42         -0.92943799        0.080000
        43         -0.92968028        0.080000
        44         -0.92990987        0.080000
        45         -0.93018432        0.080000
        46         -0.93049597        0.080000
        47         -0.93050904        0.080000
        48         -0.93053068        0.080000
        49         -0.93053694        0.063496
        50         -0.93055198        0.063496
        51         -0.93057386        0.063496
        52         -0.93057597        0.050397
        53         -0.93057844        0.031748
        54         -0.93058048        0.031748
        55         -0.93058312        0.031748
        56         -0.93059147        0.031748
        57         -0.93059162        0.020000
        58         -0.93059507        0.020000
        59         -0.93059738        0.012599
        60         -0.93059849        0.012599
        61         -0.93059875        0.012599
        62         -0.93060178        0.012599
        63         -0.93060185        0.012599
        64         -0.93060192        0.010000
        65         -0.93060232        0.007937
        66         -0.93060256        0.007937
        67         -0.93060289        0.007937
        68         -0.93060317        0.007937
        69         -0.93060327        0.006300
        70         -0.93060337        0.006300
        71         -0.93060346        0.005000
        72         -0.93060375        0.005000
        73         -0.93060392        0.003969
        74         -0.93060393        0.003969
        75         -0.93060397        0.003969
        76         -0.93060400        0.003969
        77         -0.93060409        0.001984
        78         -0.93060414        0.001575
        79         -0.93060414        0.001575
        80         -0.93060422        0.001575
        81         -0.93060422        0.001575
        82         -0.93060423        0.001575
        83         -0.93060423        0.001250
        84         -0.93060425        0.000787
        85         -0.93060425        0.000787
        86         -0.93060425        0.000787
        87         -0.93060426        0.000787
        88         -0.93060426        0.000787
        89         -0.93060427        0.000787
        90         -0.93060427        0.000787
        91         -0.93060428        0.000787
        92         -0.93060429        0.000787
        93         -0.93060429        0.000787
        94         -0.93060430        0.000625
        95         -0.93060430        0.000625
        96         -0.93060431        0.000625
        97         -0.93060431        0.000496
        98         -0.93060431        0.000394
        99         -0.93060431        0.000394
       100         -0.93060432        0.000394
       101         -0.93060432        0.000394
       102         -0.93060432        0.000313
       103         -0.93060432        0.000313
       104         -0.93060432        0.000313
       105         -0.93060432        0.000313
       106         -0.93060432        0.000313
       107         -0.93060432        0.000313
       108         -0.93060432        0.000313
       109         -0.93060432        0.000313
       110         -0.93060432        0.000313
       111         -0.93060432        0.000313
       112         -0.93060432        0.000313
       113         -0.93060432        0.000313
       114         -0.93060433        0.000313
       115         -0.93060433        0.000248
       116         -0.93060433        0.000248
       117         -0.93060433        0.000248
       118         -0.93060433        0.000197
       119         -0.93060433        0.000156
       120         -0.93060433        0.000156
       121         -0.93060433        0.000156
       122         -0.93060433        0.000156
       123         -0.93060433        0.000156
       124         -0.93060433        0.000156
       125         -0.93060433        0.000156
       126         -0.93060433        0.000156
       127         -0.93060433        0.000156
       128         -0.93060433        0.000156
       129         -0.93060433        0.000156
       130         -0.93060433        0.000156
       131         -0.93060433        0.000156
       132         -0.93060433        0.000124
       133         -0.93060433        0.000124
       134         -0.93060433        0.000124
       135         -0.93060433        0.000124
       136         -0.93060433        0.000124
       137         -0.93060433        0.000098
       138         -0.93060433        0.000098
       139         -0.93060433        0.000098
       140         -0.93060433        0.000098
       141         -0.93060433        0.000098
       142         -0.93060433        0.000078
       143         -0.93060433        0.000062
       144         -0.93060433        0.000062
       145         -0.93060433        0.000049
       146         -0.93060433        0.000049
       147         -0.93060433        0.000049
       148         -0.93060433        0.000049
       149         -0.93060433        0.000039
       150         -0.93060433        0.000039
       151         -0.93060433        0.000039
       152         -0.93060433        0.000039
       153         -0.93060433        0.000039
       154         -0.93060433        0.000039
       155         -0.93060433        0.000039
       156         -0.93060433        0.000039
       157         -0.93060433        0.000039
       158         -0.93060433        0.000039
       159         -0.93060433        0.000039
       160         -0.93060433        0.000031
       161         -0.93060433        0.000031
       162         -0.93060433        0.000031
       163         -0.93060433        0.000020
       164         -0.93060433        0.000020
       165         -0.93060433        0.000020
       166         -0.93060433        0.000012
       167         -0.93060433        0.000012
       168         -0.93060433        0.000012
       169         -0.93060433        0.000012
       170         -0.93060433        0.000012
       171         -0.93060433        0.000012
       172         -0.93060433        0.000012
       173         -0.93060433        0.000012
       174         -0.93060433        0.000012
       175         -0.93060433        0.000012
       176         -0.93060433        0.000012
       177         -0.93060433        0.000012
       178         -0.93060433        0.000010
       179         -0.93060433        0.000008
       180         -0.93060433        0.000006
       181         -0.93060433        0.000006
       182         -0.93060433        0.000005
       183         -0.93060433        0.000005
       184         -0.93060433        0.000004
       185         -0.93060433        0.000004
       186         -0.93060433        0.000004
       187         -0.93060433        0.000002
       188         -0.93060433        0.000002
       189         -0.93060433        0.000002
       190         -0.93060433        0.000002
       191         -0.93060433        0.000001
       192         -0.93060433        0.000001
       193         -0.93060433        0.000001
       194         -0.93060433        0.000001
       195         -0.93060433        0.000001
       196         -0.93060433        0.000001
       197         -0.93060433        0.000001
       198         -0.93060433        0.000001
       199         -0.93060433        0.000001
       200         -0.93060433        0.000001
       201         -0.93060433        0.000001
       202         -0.93060433        0.000001
       203         -0.93060433        0.000001
       204         -0.93060433        0.000001

 Reached Convergence

 WFN1                     :
 --------------------------
 Total WFN1 energy  =          -0.9306043338
 1-Electron energy  =          -1.1190646477
 2-Electron energy  =           0.3428865286
 Correlation energy =          -0.2488665856
 DFT XC energy      =           0.0000000000
 Entropy energy     =           0.0000000000
 Nuclear energy     =           0.0944403709

 conventional Hartree-Fock:
 --------------------------
 Total SCF energy  =          -0.8693613729
 2-Electron energy =           0.4041294895

                WFN1 Final Natural orbital energies and occupations
                ---------------------------------------------------

              Alpha       Beta            Alpha       Beta  
            --------    --------        --------    --------
       1      0.0000      0.0000          0.4845      0.4845
       2      0.0000      0.0000          0.4837      0.4837
       3      0.0000      0.0000          0.0159      0.0159
       4      0.0000      0.0000          0.0159      0.0159

             WFN1 Final Correlation function energies and occupations
             --------------------------------------------------------

              Alpha       Beta            Alpha       Beta  
            --------    --------        --------    --------
       1      0.0000      0.0000          1.0000      1.0000
       2      0.0000      0.0000          0.0000      0.0000
       3      0.0000      0.0000          0.0000      0.0000
       4      0.0000      0.0000          0.0000      0.0000

                WFN1 Final alpha-alpha 2-matrix occupation numbers
                --------------------------------------------------


 global array: g_momo1[1:4,1:4],  handle: -990 

            1           2           3           4  
       ----------- ----------- ----------- -----------
   1       0.00000     0.00000    -0.00000     0.00000
   2       0.00000     0.00000    -0.00000     0.00000
   3       0.00000     0.00000     0.00000     0.00000
   4       0.00000     0.00000    -0.00000     0.00000

                 WFN1 Final beta-beta 2-matrix occupation numbers
                 ------------------------------------------------


 global array: g_momo2[1:4,1:4],  handle: -989 

            1           2           3           4  
       ----------- ----------- ----------- -----------
   1       0.00000     0.00000    -0.00000     0.00000
   2       0.00000     0.00000    -0.00000     0.00000
   3       0.00000     0.00000     0.00000     0.00000
   4       0.00000     0.00000    -0.00000     0.00000

                  WFN1 Final alpha Correlation Function Analysis
                  ----------------------------------------------


 global array: Ca[1:4,1:4],  handle: -981 

                     1                       2                       3                       4  
       ----------------------- ----------------------- ----------------------- -----------------------
   1      -0.52317,   -0.45911    -0.52627,   -0.44479    -0.03783,    0.04015    -0.16012,   -0.10973
   2       0.69188,    0.07080    -0.71284,   -0.06765     0.00143,   -0.03601     0.03805,    0.02891
   3      -0.08548,    0.09279    -0.05862,    0.06020     0.26535,   -0.65058     0.25588,   -0.64644
   4      -0.01012,    0.12568    -0.04424,    0.05895    -0.30916,    0.63750     0.31004,   -0.61689

                   WFN1 Final beta Correlation Function Analysis
                   ---------------------------------------------


 global array: Cb[1:4,1:4],  handle: -980 

                     1                       2                       3                       4  
       ----------------------- ----------------------- ----------------------- -----------------------
   1      -0.52317,   -0.45911    -0.52627,   -0.44479    -0.03783,    0.04015    -0.16012,   -0.10973
   2       0.69188,    0.07080    -0.71284,   -0.06765     0.00143,   -0.03601     0.03805,    0.02891
   3      -0.08548,    0.09279    -0.05862,    0.06020     0.26535,   -0.65058     0.25588,   -0.64644
   4      -0.01012,    0.12568    -0.04424,    0.05895    -0.30916,    0.63750     0.31004,   -0.61689

                     WFN1 Final Alpha Natural Orbital Analysis
                     -----------------------------------------

 Vector    1  Occ=4.844801D-01  E= 0.000000D+00
              MO Center=  0.0D+00,  0.0D+00,  6.7D-08, r^2= 8.7D+00
   Bfn.  Coefficient  Atom+Function         Bfn.  Coefficient  Atom+Function  
  ----- ------------  ---------------      ----- ------------  ---------------
     2     -0.513907  1 H  s                  4     -0.513907  2 H  s          
     1     -0.253573  1 H  s                  3     -0.253573  2 H  s          

 Vector    2  Occ=4.837059D-01  E= 0.000000D+00
              MO Center=  0.0D+00,  0.0D+00, -6.7D-08, r^2= 8.7D+00
   Bfn.  Coefficient  Atom+Function         Bfn.  Coefficient  Atom+Function  
  ----- ------------  ---------------      ----- ------------  ---------------
     2      0.513726  1 H  s                  4     -0.513726  2 H  s          
     1      0.253835  1 H  s                  3     -0.253835  2 H  s          

 Vector    3  Occ=1.591654D-02  E= 0.000000D+00
              MO Center=  0.0D+00,  0.0D+00,  4.4D-07, r^2= 9.0D+00
   Bfn.  Coefficient  Atom+Function         Bfn.  Coefficient  Atom+Function  
  ----- ------------  ---------------      ----- ------------  ---------------
     1     -0.904432  1 H  s                  3     -0.904432  2 H  s          
     2      0.786188  1 H  s                  4      0.786188  2 H  s          

 Vector    4  Occ=1.589745D-02  E= 0.000000D+00
              MO Center=  0.0D+00,  0.0D+00, -4.4D-07, r^2= 9.0D+00
   Bfn.  Coefficient  Atom+Function         Bfn.  Coefficient  Atom+Function  
  ----- ------------  ---------------      ----- ------------  ---------------
     1     -0.904446  1 H  s                  3      0.904446  2 H  s          
     2      0.786541  1 H  s                  4     -0.786541  2 H  s          


                     WFN1 Final Beta Natural Orbital Analysis
                     ----------------------------------------

 Vector    1  Occ=4.844801D-01  E= 0.000000D+00
              MO Center=  0.0D+00,  0.0D+00,  6.7D-08, r^2= 8.7D+00
   Bfn.  Coefficient  Atom+Function         Bfn.  Coefficient  Atom+Function  
  ----- ------------  ---------------      ----- ------------  ---------------
     2     -0.513907  1 H  s                  4     -0.513907  2 H  s          
     1     -0.253573  1 H  s                  3     -0.253573  2 H  s          

 Vector    2  Occ=4.837059D-01  E= 0.000000D+00
              MO Center=  0.0D+00,  0.0D+00, -6.7D-08, r^2= 8.7D+00
   Bfn.  Coefficient  Atom+Function         Bfn.  Coefficient  Atom+Function  
  ----- ------------  ---------------      ----- ------------  ---------------
     2      0.513726  1 H  s                  4     -0.513726  2 H  s          
     1      0.253835  1 H  s                  3     -0.253835  2 H  s          

 Vector    3  Occ=1.591654D-02  E= 0.000000D+00
              MO Center=  0.0D+00,  0.0D+00,  4.4D-07, r^2= 9.0D+00
   Bfn.  Coefficient  Atom+Function         Bfn.  Coefficient  Atom+Function  
  ----- ------------  ---------------      ----- ------------  ---------------
     1     -0.904432  1 H  s                  3     -0.904432  2 H  s          
     2      0.786188  1 H  s                  4      0.786188  2 H  s          

 Vector    4  Occ=1.589745D-02  E= 0.000000D+00
              MO Center=  0.0D+00,  0.0D+00, -4.4D-07, r^2= 9.0D+00
   Bfn.  Coefficient  Atom+Function         Bfn.  Coefficient  Atom+Function  
  ----- ------------  ---------------      ----- ------------  ---------------
     1     -0.904446  1 H  s                  3      0.904446  2 H  s          
     2      0.786541  1 H  s                  4     -0.786541  2 H  s          


 Task  times  cpu:        8.0s     wall:       10.8s
 Summary of allocated global arrays
-----------------------------------
  No active global arrays



                         GA Statistics for process    0
                         ------------------------------

       create   destroy   get      put      acc     scatter   gather  read&inc
calls:   44       44     6.50e+06 1.37e+04 1.78e+04    0        0       10     
number of processes/call 1.00e+00 1.00e+00 1.00e+00 0.00e+00 0.00e+00
bytes total:             8.35e+08 2.28e+06 2.84e+06 0.00e+00 0.00e+00 8.00e+01
bytes remote:            0.00e+00 0.00e+00 0.00e+00 0.00e+00 0.00e+00 0.00e+00
Max memory consumed for GA by this process: 10624 bytes
MA_summarize_allocated_blocks: starting scan ...
MA_summarize_allocated_blocks: scan completed: 0 heap blocks, 0 stack blocks
MA usage statistics:

	allocation statistics:
					      heap	     stack
					      ----	     -----
	current number of blocks	         0	         0
	maximum number of blocks	        19	        17
	current total bytes		         0	         0
	maximum total bytes		   3204328	  22508616
	maximum total K-bytes		      3205	     22509
	maximum total M-bytes		         4	        23


                                NWChem Input Module
                                -------------------





                                     CITATION
                                     --------
                Please cite the following reference when publishing
                           results obtained with NWChem:

                 M. Valiev, E.J. Bylaska, N. Govind, K. Kowalski,
              T.P. Straatsma, H.J.J. van Dam, D. Wang, J. Nieplocha,
                        E. Apra, T.L. Windus, W.A. de Jong
                 "NWChem: a comprehensive and scalable open-source
                  solution for large scale molecular simulations"
                      Comput. Phys. Commun. 181, 1477 (2010)
                           doi:10.1016/j.cpc.2010.04.018

                                      AUTHORS
                                      -------
          E. Apra, E. J. Bylaska, W. A. de Jong, N. Govind, K. Kowalski,
       T. P. Straatsma, M. Valiev, H. J. J. van Dam, D. Wang, T. L. Windus,
        J. Hammond, J. Autschbach, K. Bhaskaran-Nair, J. Brabec, K. Lopata,
    S. A. Fischer, S. Krishnamoorthy, M. Jacquelin, W. Ma, M. Klemm, O. Villa,
      Y. Chen, V. Anisimov, F. Aquino, S. Hirata, M. T. Hackler, V. Konjkov,
      T. Risthaus, M. Malagoli, A. Marenich, A. Otero-de-la-Roza, J. Mullin,
        P. Nichols, R. Peverati, J. Pittner, Y. Zhao, P.-D. Fan, A. Fonari,
       M. Williamson, R. J. Harrison, J. R. Rehr, M. Dupuis, D. Silverstein,
    D. M. A. Smith, J. Nieplocha, V. Tipparaju, M. Krishnan, B. E. Van Kuiken,
        A. Vazquez-Mayagoitia, L. Jensen, M. Swart, Q. Wu, T. Van Voorhis,
     A. A. Auer, M. Nooijen, L. D. Crosby, E. Brown, G. Cisneros, G. I. Fann,
   H. Fruchtl, J. Garza, K. Hirao, R. A. Kendall, J. A. Nichols, K. Tsemekhman,
    K. Wolinski, J. Anchell, D. E. Bernholdt, P. Borowski, T. Clark, D. Clerc,
   H. Dachsel, M. J. O. Deegan, K. Dyall, D. Elwood, E. Glendening, M. Gutowski,
   A. C. Hess, J. Jaffe, B. G. Johnson, J. Ju, R. Kobayashi, R. Kutteh, Z. Lin,
   R. Littlefield, X. Long, B. Meng, T. Nakajima, S. Niu, L. Pollack, M. Rosing,
   K. Glaesemann, G. Sandrone, M. Stave, H. Taylor, G. Thomas, J. H. van Lenthe,
                               A. T. Wong, Z. Zhang.

 Total times  cpu:        8.0s     wall:       10.9s
