 argument  1 = input-wf.nw



============================== echo of input deck ==============================
echo
start wfn1_dat
geometry units au noautoz
  H 0 0 -2.54434600000000000000
  H 0 0  2.54434600000000000000
  symmetry cs
end
basis
  H library 6-31g
end
set wfn1:input_vectors "atomic"
set wfn1:solver "monte-carlo"
set wfn1:print_error F
set wfn1:t_initial 0.1
#set wfn1:corr_expr "wfn1_mx"
set wfn1:corr_expr "wfn1c"
set wfn1:t_bath 0.0
set wfn1:maxit  20000
task wfn1 energy
================================================================================


                                         
                                         


              Northwest Computational Chemistry Package (NWChem) 6.8
              ------------------------------------------------------


                    Environmental Molecular Sciences Laboratory
                       Pacific Northwest National Laboratory
                                Richland, WA 99352

                              Copyright (c) 1994-2015
                       Pacific Northwest National Laboratory
                            Battelle Memorial Institute

             NWChem is an open-source computational chemistry package
                        distributed under the terms of the
                      Educational Community License (ECL) 2.0
             A copy of the license is included with this distribution
                              in the LICENSE.TXT file

                                  ACKNOWLEDGMENT
                                  --------------

            This software and its documentation were developed at the
            EMSL at Pacific Northwest National Laboratory, a multiprogram
            national laboratory, operated for the U.S. Department of Energy
            by Battelle under Contract Number DE-AC05-76RL01830. Support
            for this work was provided by the Department of Energy Office
            of Biological and Environmental Research, Office of Basic
            Energy Sciences, and the Office of Advanced Scientific Computing.


           Job information
           ---------------

    hostname        = erato
    program         = ../../../bin/LINUX64/nwchem
    date            = Mon Mar  1 01:41:34 2021

    compiled        = Sun_Feb_28_18:02:42_2021
    source          = /home/hvandam/nwchem-1-wfn1
    nwchem branch   = Development
    nwchem revision = nwchem_on_git-124-gad72d19fff205e319ffbbf2bca37a04ded6ad57b
    ga revision     = nwchem_on_git-124-gad72d19
    use scalapack   = F
    input           = input-wf.nw
    prefix          = wfn1_dat.
    data base       = ./wfn1_dat.db
    status          = startup
    nproc           =        1
    time left       =     -1s



           Memory information
           ------------------

    heap     =   13107200 doubles =    100.0 Mbytes
    stack    =   13107197 doubles =    100.0 Mbytes
    global   =   26214400 doubles =    200.0 Mbytes (distinct from heap & stack)
    total    =   52428797 doubles =    400.0 Mbytes
    verify   = yes
    hardfail = no 


           Directory information
           ---------------------

  0 permanent = .
  0 scratch   = .




                                NWChem Input Module
                                -------------------


 Turning off AUTOSYM since
 SYMMETRY directive was detected!



                             Geometry "geometry" -> ""
                             -------------------------

 Output coordinates in a.u. (scale by  1.000000000 to convert to a.u.)

  No.       Tag          Charge          X              Y              Z
 ---- ---------------- ---------- -------------- -------------- --------------
    1 H                    1.0000     0.00000000     0.00000000    -2.54434600
    2 H                    1.0000     0.00000000     0.00000000     2.54434600

      Atomic Mass 
      ----------- 

      H                  1.007825


 Effective nuclear repulsion energy (a.u.)       0.1965141533

            Nuclear Dipole moment (a.u.) 
            ----------------------------
        X                 Y               Z
 ---------------- ---------------- ----------------
     0.0000000000     0.0000000000     0.0000000000

      Symmetry information
      --------------------

 Group name             Cs        
 Group number              2
 Group order               2
 No. of unique centers     1

      Symmetry unique atoms

     1


            XYZ format geometry
            -------------------
     2
 geometry
 H                     0.00000000     0.00000000    -1.34641002
 H                     0.00000000     0.00000000     1.34641002

                      Basis "ao basis" -> "" (cartesian)
                      -----
  H (Hydrogen)
  ------------
            Exponent  Coefficients 
       -------------- ---------------------------------------------------------
  1 S  1.87311370E+01  0.033495
  1 S  2.82539370E+00  0.234727
  1 S  6.40121700E-01  0.813757

  2 S  1.61277800E-01  1.000000



 Summary of "ao basis" -> "" (cartesian)
 ------------------------------------------------------------------------------
       Tag                 Description            Shells   Functions and Types
 ---------------- ------------------------------  ------  ---------------------
 H                           6-31g                   2        2   2s



                                NWChem WFN1 Module
                                ------------------



          No. of electrons :     2
           Alpha electrons :     1
            Beta electrons :     1
          Charge           :     0
          Spin multiplicity:     1

 HvD: wfn1_inpdft
 HvD: nquad_task =                     1
 HvD: iangquad   =                     0
 HvD: gridtype   = user      
 HvD: leb        =  T
 HvD: radgrid    = murakn    
 HvD: trunc_neigh=  T
 HvD: lssw       =  T
 HvD: whichssw   = erf1    
 HvD: mxnrad     =                     0
 HvD: mxnang     =                     0
 HVD: wfn1: movecs_in  = atomic                                                                                                                                                                                                                                                          
 HVD: wfn1: movecs_out = ./wfn1_dat.movecs                                                                                                                                                                                                                                               

      Superposition of Atomic Density Guess
      -------------------------------------

 Sum of atomic energies:          -0.99646508

      Non-variational initial energy
      ------------------------------

 Total energy =      -0.683331
 1-e energy   =      -1.389487
 2-e energy   =       0.509641
 HOMO         =      -0.220342
 LUMO         =      -0.160098

 iteration              energy           error
 ---------              ------           -----
         0         -0.89858855        0.080000
         1         -0.90795885        0.080000
         2         -0.91450004        0.080000
         3         -0.91475681        0.080000
         4         -0.92107251        0.080000
         5         -0.92721259        0.080000
         6         -0.93112968        0.080000
         7         -0.93310354        0.080000
         8         -0.93442173        0.080000
         9         -0.93482643        0.080000
        10         -0.93958361        0.080000
        11         -0.94004109        0.080000
        12         -0.94505591        0.080000
        13         -0.94814197        0.080000
        14         -0.94861420        0.080000
        15         -0.94900924        0.080000
        16         -0.95026057        0.080000
        17         -0.95159483        0.080000
        18         -0.95297771        0.080000
        19         -0.95364609        0.080000
        20         -0.95454880        0.080000
        21         -0.95478985        0.080000
        22         -0.95604896        0.080000
        23         -0.95730118        0.080000
        24         -0.95822466        0.080000
        25         -0.95952293        0.080000
        26         -0.95993374        0.080000
        27         -0.96111505        0.080000
        28         -0.96138698        0.080000
        29         -0.96218947        0.080000
        30         -0.96247491        0.080000
        31         -0.96269259        0.080000
        32         -0.96274175        0.080000
        33         -0.96278316        0.080000
        34         -0.96289870        0.080000
        35         -0.96318398        0.080000
        36         -0.96319355        0.080000
        37         -0.96348611        0.080000
        38         -0.96382901        0.080000
        39         -0.96423833        0.080000
        40         -0.96435476        0.080000
        41         -0.96437431        0.080000
        42         -0.96438888        0.080000
        43         -0.96462186        0.080000
        44         -0.96476362        0.080000
        45         -0.96477304        0.063496
        46         -0.96477985        0.050397
        47         -0.96479086        0.050397
        48         -0.96479231        0.050397
        49         -0.96479755        0.050397
        50         -0.96482993        0.050397
        51         -0.96483846        0.031748
        52         -0.96484180        0.025198
        53         -0.96484203        0.025198
        54         -0.96484359        0.015874
        55         -0.96484375        0.015874
        56         -0.96484399        0.015874
        57         -0.96484484        0.015874
        58         -0.96484636        0.015874
        59         -0.96485024        0.010000
        60         -0.96485100        0.010000
        61         -0.96485131        0.010000
        62         -0.96485146        0.010000
        63         -0.96485271        0.010000
        64         -0.96485273        0.010000
        65         -0.96485282        0.010000
        66         -0.96485303        0.010000
        67         -0.96485452        0.007937
        68         -0.96485455        0.007937
        69         -0.96485497        0.007937
        70         -0.96485521        0.006300
        71         -0.96485571        0.006300
        72         -0.96485591        0.006300
        73         -0.96485645        0.006300
        74         -0.96485647        0.005000
        75         -0.96485673        0.005000
        76         -0.96485681        0.005000
        77         -0.96485691        0.005000
        78         -0.96485705        0.005000
        79         -0.96485725        0.005000
        80         -0.96485735        0.005000
        81         -0.96485758        0.003969
        82         -0.96485770        0.003150
        83         -0.96485777        0.002500
        84         -0.96485783        0.001984
        85         -0.96485786        0.001984
        86         -0.96485791        0.001984
        87         -0.96485795        0.001575
        88         -0.96485797        0.001575
        89         -0.96485798        0.001575
        90         -0.96485800        0.001575
        91         -0.96485802        0.000992
        92         -0.96485802        0.000992
        93         -0.96485802        0.000992
        94         -0.96485804        0.000992
        95         -0.96485804        0.000992
        96         -0.96485804        0.000787
        97         -0.96485805        0.000625
        98         -0.96485805        0.000625
        99         -0.96485805        0.000625
       100         -0.96485806        0.000625
       101         -0.96485806        0.000625
       102         -0.96485806        0.000625
       103         -0.96485806        0.000625
       104         -0.96485806        0.000496
       105         -0.96485806        0.000313
       106         -0.96485806        0.000248
       107         -0.96485806        0.000248
       108         -0.96485806        0.000248
       109         -0.96485807        0.000248
       110         -0.96485807        0.000248
       111         -0.96485807        0.000197
       112         -0.96485807        0.000197
       113         -0.96485807        0.000197
       114         -0.96485807        0.000197
       115         -0.96485807        0.000197
       116         -0.96485807        0.000197
       117         -0.96485807        0.000156
       118         -0.96485807        0.000156
       119         -0.96485807        0.000124
       120         -0.96485807        0.000124
       121         -0.96485807        0.000124
       122         -0.96485807        0.000124
       123         -0.96485807        0.000124
       124         -0.96485807        0.000124
       125         -0.96485807        0.000124
       126         -0.96485807        0.000098
       127         -0.96485807        0.000062
       128         -0.96485807        0.000039
       129         -0.96485807        0.000039
       130         -0.96485807        0.000039
       131         -0.96485807        0.000039
       132         -0.96485807        0.000031
       133         -0.96485807        0.000025
       134         -0.96485807        0.000025
       135         -0.96485807        0.000020
       136         -0.96485807        0.000016
       137         -0.96485807        0.000016
       138         -0.96485807        0.000008
       139         -0.96485807        0.000008
       140         -0.96485807        0.000008
       141         -0.96485807        0.000008
       142         -0.96485807        0.000008
       143         -0.96485807        0.000008
       144         -0.96485807        0.000006
       145         -0.96485807        0.000005
       146         -0.96485807        0.000005
       147         -0.96485807        0.000004
       148         -0.96485807        0.000004
       149         -0.96485807        0.000004
       150         -0.96485807        0.000002
       151         -0.96485807        0.000002
       152         -0.96485807        0.000002
       153         -0.96485807        0.000002
       154         -0.96485807        0.000002
       155         -0.96485807        0.000002
       156         -0.96485807        0.000001
       157         -0.96485807        0.000001

 Reached Convergence

 WFN1                     :
 --------------------------
 Total WFN1 energy  =          -0.9648580673
 1-Electron energy  =          -1.3271386505
 2-Electron energy  =           0.3929517897
 Correlation energy =          -0.2271853599
 DFT XC energy      =           0.0000000000
 Entropy energy     =           0.0000000000
 Nuclear energy     =           0.1965141533

 conventional Hartree-Fock:
 --------------------------
 Total SCF energy  =          -0.8580257046
 2-Electron energy =           0.4997841524

                WFN1 Final Natural orbital energies and occupations
                ---------------------------------------------------

              Alpha       Beta            Alpha       Beta  
            --------    --------        --------    --------
       1      0.0000      0.0000          0.6014      0.6014
       2      0.0000      0.0000          0.3655      0.3655
       3      0.0000      0.0000          0.0188      0.0188
       4      0.0000      0.0000          0.0143      0.0143

             WFN1 Final Correlation function energies and occupations
             --------------------------------------------------------

              Alpha       Beta            Alpha       Beta  
            --------    --------        --------    --------
       1      0.0000      0.0000          1.0000      1.0000
       2      0.0000      0.0000          0.0000      0.0000
       3      0.0000      0.0000          0.0000      0.0000
       4      0.0000      0.0000          0.0000      0.0000

                WFN1 Final alpha-alpha 2-matrix occupation numbers
                --------------------------------------------------


 global array: g_momo1[1:4,1:4],  handle: -990 

            1           2           3           4  
       ----------- ----------- ----------- -----------
   1      -0.00000    -0.00000     0.00000    -0.00000
   2      -0.00000     0.00000     0.00000     0.00000
   3      -0.00000     0.00000     0.00000     0.00000
   4      -0.00000     0.00000     0.00000     0.00000

                 WFN1 Final beta-beta 2-matrix occupation numbers
                 ------------------------------------------------


 global array: g_momo2[1:4,1:4],  handle: -989 

            1           2           3           4  
       ----------- ----------- ----------- -----------
   1      -0.00000    -0.00000     0.00000    -0.00000
   2      -0.00000     0.00000     0.00000     0.00000
   3      -0.00000     0.00000     0.00000     0.00000
   4      -0.00000     0.00000     0.00000     0.00000

                  WFN1 Final alpha Correlation Function Analysis
                  ----------------------------------------------


 global array: Ca[1:4,1:4],  handle: -977 

                     1                       2                       3                       4  
       ----------------------- ----------------------- ----------------------- -----------------------
   1      -0.37276,   -0.68004    -0.28957,   -0.53040     0.15602,    0.04131     0.04880,   -0.07063
   2       0.54512,    0.26143    -0.70835,   -0.35425    -0.07589,    0.00026    -0.03289,   -0.02002
   3      -0.07335,   -0.11598    -0.02589,   -0.02981    -0.78217,   -0.38428     0.43311,    0.18046
   4       0.03520,    0.11409    -0.05183,    0.05772     0.44868,    0.08610     0.86751,    0.13575

                   WFN1 Final beta Correlation Function Analysis
                   ---------------------------------------------


 global array: Cb[1:4,1:4],  handle: -976 

                     1                       2                       3                       4  
       ----------------------- ----------------------- ----------------------- -----------------------
   1      -0.37276,   -0.68004    -0.28957,   -0.53040     0.15602,    0.04131     0.04880,   -0.07063
   2       0.54512,    0.26143    -0.70835,   -0.35425    -0.07589,    0.00026    -0.03289,   -0.02002
   3      -0.07335,   -0.11598    -0.02589,   -0.02981    -0.78217,   -0.38428     0.43311,    0.18046
   4       0.03520,    0.11409    -0.05183,    0.05772     0.44868,    0.08610     0.86751,    0.13575

                     WFN1 Final Alpha Natural Orbital Analysis
                     -----------------------------------------

 Vector    1  Occ=6.014057D-01  E= 0.000000D+00
              MO Center=  0.0D+00,  0.0D+00,  2.5D-07, r^2= 2.6D+00
   Bfn.  Coefficient  Atom+Function         Bfn.  Coefficient  Atom+Function  
  ----- ------------  ---------------      ----- ------------  ---------------
     2     -0.503821  1 H  s                  4     -0.503822  2 H  s          
     1     -0.233557  1 H  s                  3     -0.233557  2 H  s          

 Vector    2  Occ=3.655077D-01  E= 0.000000D+00
              MO Center=  0.0D+00,  0.0D+00, -2.6D-07, r^2= 2.8D+00
   Bfn.  Coefficient  Atom+Function         Bfn.  Coefficient  Atom+Function  
  ----- ------------  ---------------      ----- ------------  ---------------
     2     -0.517882  1 H  s                  4      0.517882  2 H  s          
     1     -0.281781  1 H  s                  3      0.281781  2 H  s          

 Vector    3  Occ=1.883119D-02  E= 0.000000D+00
              MO Center=  0.0D+00,  0.0D+00, -1.4D-07, r^2= 2.7D+00
   Bfn.  Coefficient  Atom+Function         Bfn.  Coefficient  Atom+Function  
  ----- ------------  ---------------      ----- ------------  ---------------
     1     -0.891954  1 H  s                  3     -0.891954  2 H  s          
     2      0.709006  1 H  s                  4      0.709006  2 H  s          

 Vector    4  Occ=1.425542D-02  E= 0.000000D+00
              MO Center=  0.0D+00,  0.0D+00,  1.4D-07, r^2= 3.3D+00
   Bfn.  Coefficient  Atom+Function         Bfn.  Coefficient  Atom+Function  
  ----- ------------  ---------------      ----- ------------  ---------------
     1     -0.921937  1 H  s                  3      0.921937  2 H  s          
     2      0.890194  1 H  s                  4     -0.890194  2 H  s          


                     WFN1 Final Beta Natural Orbital Analysis
                     ----------------------------------------

 Vector    1  Occ=6.014057D-01  E= 0.000000D+00
              MO Center=  0.0D+00,  0.0D+00,  2.5D-07, r^2= 2.6D+00
   Bfn.  Coefficient  Atom+Function         Bfn.  Coefficient  Atom+Function  
  ----- ------------  ---------------      ----- ------------  ---------------
     2     -0.503821  1 H  s                  4     -0.503822  2 H  s          
     1     -0.233557  1 H  s                  3     -0.233557  2 H  s          

 Vector    2  Occ=3.655077D-01  E= 0.000000D+00
              MO Center=  0.0D+00,  0.0D+00, -2.6D-07, r^2= 2.8D+00
   Bfn.  Coefficient  Atom+Function         Bfn.  Coefficient  Atom+Function  
  ----- ------------  ---------------      ----- ------------  ---------------
     2     -0.517882  1 H  s                  4      0.517882  2 H  s          
     1     -0.281781  1 H  s                  3      0.281781  2 H  s          

 Vector    3  Occ=1.883119D-02  E= 0.000000D+00
              MO Center=  0.0D+00,  0.0D+00, -1.4D-07, r^2= 2.7D+00
   Bfn.  Coefficient  Atom+Function         Bfn.  Coefficient  Atom+Function  
  ----- ------------  ---------------      ----- ------------  ---------------
     1     -0.891954  1 H  s                  3     -0.891954  2 H  s          
     2      0.709006  1 H  s                  4      0.709006  2 H  s          

 Vector    4  Occ=1.425542D-02  E= 0.000000D+00
              MO Center=  0.0D+00,  0.0D+00,  1.4D-07, r^2= 3.3D+00
   Bfn.  Coefficient  Atom+Function         Bfn.  Coefficient  Atom+Function  
  ----- ------------  ---------------      ----- ------------  ---------------
     1     -0.921937  1 H  s                  3      0.921937  2 H  s          
     2      0.890194  1 H  s                  4     -0.890194  2 H  s          


 Task  times  cpu:       10.7s     wall:       15.8s
 Summary of allocated global arrays
-----------------------------------
  No active global arrays



                         GA Statistics for process    0
                         ------------------------------

       create   destroy   get      put      acc     scatter   gather  read&inc
calls:   44       44     5.88e+06 1.25e+04 1.62e+04    0        0       11     
number of processes/call 1.00e+00 1.00e+00 1.00e+00 0.00e+00 0.00e+00
bytes total:             7.56e+08 2.06e+06 2.57e+06 0.00e+00 0.00e+00 8.80e+01
bytes remote:            0.00e+00 0.00e+00 0.00e+00 0.00e+00 0.00e+00 0.00e+00
Max memory consumed for GA by this process: 10624 bytes
MA_summarize_allocated_blocks: starting scan ...
MA_summarize_allocated_blocks: scan completed: 0 heap blocks, 0 stack blocks
MA usage statistics:

	allocation statistics:
					      heap	     stack
					      ----	     -----
	current number of blocks	         0	         0
	maximum number of blocks	        19	        17
	current total bytes		         0	         0
	maximum total bytes		   3204328	  22508616
	maximum total K-bytes		      3205	     22509
	maximum total M-bytes		         4	        23


                                NWChem Input Module
                                -------------------





                                     CITATION
                                     --------
                Please cite the following reference when publishing
                           results obtained with NWChem:

                 M. Valiev, E.J. Bylaska, N. Govind, K. Kowalski,
              T.P. Straatsma, H.J.J. van Dam, D. Wang, J. Nieplocha,
                        E. Apra, T.L. Windus, W.A. de Jong
                 "NWChem: a comprehensive and scalable open-source
                  solution for large scale molecular simulations"
                      Comput. Phys. Commun. 181, 1477 (2010)
                           doi:10.1016/j.cpc.2010.04.018

                                      AUTHORS
                                      -------
          E. Apra, E. J. Bylaska, W. A. de Jong, N. Govind, K. Kowalski,
       T. P. Straatsma, M. Valiev, H. J. J. van Dam, D. Wang, T. L. Windus,
        J. Hammond, J. Autschbach, K. Bhaskaran-Nair, J. Brabec, K. Lopata,
    S. A. Fischer, S. Krishnamoorthy, M. Jacquelin, W. Ma, M. Klemm, O. Villa,
      Y. Chen, V. Anisimov, F. Aquino, S. Hirata, M. T. Hackler, V. Konjkov,
      T. Risthaus, M. Malagoli, A. Marenich, A. Otero-de-la-Roza, J. Mullin,
        P. Nichols, R. Peverati, J. Pittner, Y. Zhao, P.-D. Fan, A. Fonari,
       M. Williamson, R. J. Harrison, J. R. Rehr, M. Dupuis, D. Silverstein,
    D. M. A. Smith, J. Nieplocha, V. Tipparaju, M. Krishnan, B. E. Van Kuiken,
        A. Vazquez-Mayagoitia, L. Jensen, M. Swart, Q. Wu, T. Van Voorhis,
     A. A. Auer, M. Nooijen, L. D. Crosby, E. Brown, G. Cisneros, G. I. Fann,
   H. Fruchtl, J. Garza, K. Hirao, R. A. Kendall, J. A. Nichols, K. Tsemekhman,
    K. Wolinski, J. Anchell, D. E. Bernholdt, P. Borowski, T. Clark, D. Clerc,
   H. Dachsel, M. J. O. Deegan, K. Dyall, D. Elwood, E. Glendening, M. Gutowski,
   A. C. Hess, J. Jaffe, B. G. Johnson, J. Ju, R. Kobayashi, R. Kutteh, Z. Lin,
   R. Littlefield, X. Long, B. Meng, T. Nakajima, S. Niu, L. Pollack, M. Rosing,
   K. Glaesemann, G. Sandrone, M. Stave, H. Taylor, G. Thomas, J. H. van Lenthe,
                               A. T. Wong, Z. Zhang.

 Total times  cpu:       10.7s     wall:       15.9s
