 argument  1 = input-wf.nw



============================== echo of input deck ==============================
echo
start wfn1_dat
geometry units au noautoz
  H 0 0 -2.69434600000000000000
  H 0 0  2.69434600000000000000
  symmetry cs
end
basis
  H library 6-31g
end
set wfn1:input_vectors "atomic"
set wfn1:solver "monte-carlo"
set wfn1:print_error F
set wfn1:t_initial 0.1
#set wfn1:corr_expr "wfn1_mx"
set wfn1:corr_expr "wfn1c"
set wfn1:t_bath 0.0
set wfn1:maxit  20000
task wfn1 energy
================================================================================


                                         
                                         


              Northwest Computational Chemistry Package (NWChem) 6.8
              ------------------------------------------------------


                    Environmental Molecular Sciences Laboratory
                       Pacific Northwest National Laboratory
                                Richland, WA 99352

                              Copyright (c) 1994-2015
                       Pacific Northwest National Laboratory
                            Battelle Memorial Institute

             NWChem is an open-source computational chemistry package
                        distributed under the terms of the
                      Educational Community License (ECL) 2.0
             A copy of the license is included with this distribution
                              in the LICENSE.TXT file

                                  ACKNOWLEDGMENT
                                  --------------

            This software and its documentation were developed at the
            EMSL at Pacific Northwest National Laboratory, a multiprogram
            national laboratory, operated for the U.S. Department of Energy
            by Battelle under Contract Number DE-AC05-76RL01830. Support
            for this work was provided by the Department of Energy Office
            of Biological and Environmental Research, Office of Basic
            Energy Sciences, and the Office of Advanced Scientific Computing.


           Job information
           ---------------

    hostname        = erato
    program         = ../../../bin/LINUX64/nwchem
    date            = Mon Mar  1 01:42:27 2021

    compiled        = Sun_Feb_28_18:02:42_2021
    source          = /home/hvandam/nwchem-1-wfn1
    nwchem branch   = Development
    nwchem revision = nwchem_on_git-124-gad72d19fff205e319ffbbf2bca37a04ded6ad57b
    ga revision     = nwchem_on_git-124-gad72d19
    use scalapack   = F
    input           = input-wf.nw
    prefix          = wfn1_dat.
    data base       = ./wfn1_dat.db
    status          = startup
    nproc           =        1
    time left       =     -1s



           Memory information
           ------------------

    heap     =   13107198 doubles =    100.0 Mbytes
    stack    =   13107195 doubles =    100.0 Mbytes
    global   =   26214400 doubles =    200.0 Mbytes (distinct from heap & stack)
    total    =   52428793 doubles =    400.0 Mbytes
    verify   = yes
    hardfail = no 


           Directory information
           ---------------------

  0 permanent = .
  0 scratch   = .




                                NWChem Input Module
                                -------------------


 Turning off AUTOSYM since
 SYMMETRY directive was detected!



                             Geometry "geometry" -> ""
                             -------------------------

 Output coordinates in a.u. (scale by  1.000000000 to convert to a.u.)

  No.       Tag          Charge          X              Y              Z
 ---- ---------------- ---------- -------------- -------------- --------------
    1 H                    1.0000     0.00000000     0.00000000    -2.69434600
    2 H                    1.0000     0.00000000     0.00000000     2.69434600

      Atomic Mass 
      ----------- 

      H                  1.007825


 Effective nuclear repulsion energy (a.u.)       0.1855737904

            Nuclear Dipole moment (a.u.) 
            ----------------------------
        X                 Y               Z
 ---------------- ---------------- ----------------
     0.0000000000     0.0000000000     0.0000000000

      Symmetry information
      --------------------

 Group name             Cs        
 Group number              2
 Group order               2
 No. of unique centers     1

      Symmetry unique atoms

     1


            XYZ format geometry
            -------------------
     2
 geometry
 H                     0.00000000     0.00000000    -1.42578660
 H                     0.00000000     0.00000000     1.42578660

                      Basis "ao basis" -> "" (cartesian)
                      -----
  H (Hydrogen)
  ------------
            Exponent  Coefficients 
       -------------- ---------------------------------------------------------
  1 S  1.87311370E+01  0.033495
  1 S  2.82539370E+00  0.234727
  1 S  6.40121700E-01  0.813757

  2 S  1.61277800E-01  1.000000



 Summary of "ao basis" -> "" (cartesian)
 ------------------------------------------------------------------------------
       Tag                 Description            Shells   Functions and Types
 ---------------- ------------------------------  ------  ---------------------
 H                           6-31g                   2        2   2s



                                NWChem WFN1 Module
                                ------------------



          No. of electrons :     2
           Alpha electrons :     1
            Beta electrons :     1
          Charge           :     0
          Spin multiplicity:     1

 HvD: wfn1_inpdft
 HvD: nquad_task =                     1
 HvD: iangquad   =                     0
 HvD: gridtype   = user      
 HvD: leb        =  T
 HvD: radgrid    = murakn    
 HvD: trunc_neigh=  T
 HvD: lssw       =  T
 HvD: whichssw   = erf1    
 HvD: mxnrad     =                     0
 HvD: mxnang     =                     0
 HVD: wfn1: movecs_in  = atomic                                                                                                                                                                                                                                                          
 HVD: wfn1: movecs_out = ./wfn1_dat.movecs                                                                                                                                                                                                                                               

      Superposition of Atomic Density Guess
      -------------------------------------

 Sum of atomic energies:          -0.99646508

      Non-variational initial energy
      ------------------------------

 Total energy =      -0.682794
 1-e energy   =      -1.367611
 2-e energy   =       0.499244
 HOMO         =      -0.214320
 LUMO         =      -0.166807

 iteration              energy           error
 ---------              ------           -----
         0         -0.89369015        0.080000
         1         -0.89610900        0.080000
         2         -0.89813207        0.080000
         3         -0.90497422        0.080000
         4         -0.90638272        0.080000
         5         -0.91038282        0.080000
         6         -0.91604056        0.080000
         7         -0.92167729        0.080000
         8         -0.92215468        0.080000
         9         -0.92585373        0.080000
        10         -0.92654913        0.080000
        11         -0.92777057        0.080000
        12         -0.92973088        0.080000
        13         -0.93026333        0.080000
        14         -0.93196931        0.080000
        15         -0.93243417        0.080000
        16         -0.93484453        0.080000
        17         -0.93591109        0.080000
        18         -0.93761681        0.080000
        19         -0.94136259        0.080000
        20         -0.94388278        0.080000
        21         -0.94627253        0.080000
        22         -0.94826008        0.080000
        23         -0.94962440        0.080000
        24         -0.95047601        0.080000
        25         -0.95134690        0.080000
        26         -0.95266609        0.080000
        27         -0.95275187        0.080000
        28         -0.95345703        0.080000
        29         -0.95436286        0.080000
        30         -0.95438375        0.080000
        31         -0.95640333        0.080000
        32         -0.95643262        0.080000
        33         -0.95714697        0.080000
        34         -0.95870570        0.080000
        35         -0.95881469        0.080000
        36         -0.95891757        0.080000
        37         -0.95934315        0.080000
        38         -0.95935364        0.080000
        39         -0.95939314        0.080000
        40         -0.95947237        0.080000
        41         -0.95965148        0.080000
        42         -0.95978723        0.080000
        43         -0.96036427        0.080000
        44         -0.96045131        0.080000
        45         -0.96049884        0.080000
        46         -0.96054976        0.080000
        47         -0.96057749        0.080000
        48         -0.96067092        0.080000
        49         -0.96067272        0.080000
        50         -0.96073456        0.080000
        51         -0.96078101        0.080000
        52         -0.96078792        0.080000
        53         -0.96080130        0.040000
        54         -0.96080901        0.040000
        55         -0.96080913        0.031748
        56         -0.96081291        0.031748
        57         -0.96081337        0.031748
        58         -0.96081381        0.031748
        59         -0.96081572        0.020000
        60         -0.96081676        0.020000
        61         -0.96082135        0.020000
        62         -0.96082410        0.020000
        63         -0.96082453        0.020000
        64         -0.96082797        0.020000
        65         -0.96082805        0.012599
        66         -0.96082900        0.012599
        67         -0.96082981        0.010000
        68         -0.96082986        0.010000
        69         -0.96082996        0.010000
        70         -0.96083111        0.010000
        71         -0.96083144        0.010000
        72         -0.96083188        0.006300
        73         -0.96083228        0.006300
        74         -0.96083278        0.005000
        75         -0.96083287        0.003969
        76         -0.96083288        0.002500
        77         -0.96083288        0.001250
        78         -0.96083289        0.001250
        79         -0.96083291        0.001250
        80         -0.96083291        0.001250
        81         -0.96083291        0.001250
        82         -0.96083292        0.001250
        83         -0.96083294        0.001250
        84         -0.96083297        0.001250
        85         -0.96083298        0.001250
        86         -0.96083299        0.001250
        87         -0.96083303        0.001250
        88         -0.96083304        0.001250
        89         -0.96083307        0.001250
        90         -0.96083308        0.000992
        91         -0.96083308        0.000787
        92         -0.96083309        0.000787
        93         -0.96083310        0.000787
        94         -0.96083310        0.000625
        95         -0.96083310        0.000496
        96         -0.96083311        0.000496
        97         -0.96083312        0.000496
        98         -0.96083312        0.000394
        99         -0.96083312        0.000394
       100         -0.96083312        0.000313
       101         -0.96083312        0.000313
       102         -0.96083312        0.000313
       103         -0.96083312        0.000313
       104         -0.96083312        0.000313
       105         -0.96083312        0.000313
       106         -0.96083313        0.000313
       107         -0.96083313        0.000313
       108         -0.96083313        0.000197
       109         -0.96083313        0.000197
       110         -0.96083313        0.000197
       111         -0.96083313        0.000197
       112         -0.96083313        0.000197
       113         -0.96083313        0.000197
       114         -0.96083313        0.000197
       115         -0.96083313        0.000197
       116         -0.96083313        0.000197
       117         -0.96083313        0.000197
       118         -0.96083313        0.000197
       119         -0.96083313        0.000197
       120         -0.96083313        0.000197
       121         -0.96083313        0.000197
       122         -0.96083313        0.000197
       123         -0.96083313        0.000197
       124         -0.96083313        0.000197
       125         -0.96083313        0.000197
       126         -0.96083313        0.000197
       127         -0.96083313        0.000156
       128         -0.96083314        0.000156
       129         -0.96083314        0.000156
       130         -0.96083314        0.000098
       131         -0.96083314        0.000098
       132         -0.96083314        0.000098
       133         -0.96083314        0.000062
       134         -0.96083314        0.000062
       135         -0.96083314        0.000062
       136         -0.96083314        0.000062
       137         -0.96083314        0.000062
       138         -0.96083314        0.000062
       139         -0.96083314        0.000062
       140         -0.96083314        0.000049
       141         -0.96083314        0.000049
       142         -0.96083314        0.000049
       143         -0.96083314        0.000049
       144         -0.96083314        0.000049
       145         -0.96083314        0.000049
       146         -0.96083314        0.000039
       147         -0.96083314        0.000039
       148         -0.96083314        0.000039
       149         -0.96083314        0.000039
       150         -0.96083314        0.000039
       151         -0.96083314        0.000039
       152         -0.96083314        0.000039
       153         -0.96083314        0.000031
       154         -0.96083314        0.000031
       155         -0.96083314        0.000031
       156         -0.96083314        0.000031
       157         -0.96083314        0.000020
       158         -0.96083314        0.000020
       159         -0.96083314        0.000020
       160         -0.96083314        0.000020
       161         -0.96083314        0.000016
       162         -0.96083314        0.000012
       163         -0.96083314        0.000010
       164         -0.96083314        0.000010
       165         -0.96083314        0.000006
       166         -0.96083314        0.000006
       167         -0.96083314        0.000005
       168         -0.96083314        0.000005
       169         -0.96083314        0.000005
       170         -0.96083314        0.000005
       171         -0.96083314        0.000005
       172         -0.96083314        0.000005
       173         -0.96083314        0.000005
       174         -0.96083314        0.000005
       175         -0.96083314        0.000005
       176         -0.96083314        0.000005
       177         -0.96083314        0.000005
       178         -0.96083314        0.000005
       179         -0.96083314        0.000005
       180         -0.96083314        0.000005
       181         -0.96083314        0.000005
       182         -0.96083314        0.000005
       183         -0.96083314        0.000004
       184         -0.96083314        0.000004
       185         -0.96083314        0.000004
       186         -0.96083314        0.000004
       187         -0.96083314        0.000004
       188         -0.96083314        0.000004
       189         -0.96083314        0.000004
       190         -0.96083314        0.000004
       191         -0.96083314        0.000002
       192         -0.96083314        0.000002
       193         -0.96083314        0.000002
       194         -0.96083314        0.000002
       195         -0.96083314        0.000002
       196         -0.96083314        0.000002
       197         -0.96083314        0.000002
       198         -0.96083314        0.000002
       199         -0.96083314        0.000002
       200         -0.96083314        0.000002
       201         -0.96083314        0.000002
       202         -0.96083314        0.000002
       203         -0.96083314        0.000002
       204         -0.96083314        0.000002
       205         -0.96083314        0.000001
       206         -0.96083314        0.000001
       207         -0.96083314        0.000001
       208         -0.96083314        0.000001
       209         -0.96083314        0.000001
       210         -0.96083314        0.000001
       211         -0.96083314        0.000001
       212         -0.96083314        0.000001
       213         -0.96083314        0.000001
       214         -0.96083314        0.000001
       215         -0.96083314        0.000001
       216         -0.96083314        0.000001
       217         -0.96083314        0.000001
       218         -0.96083314        0.000001

 Reached Convergence

 WFN1                     :
 --------------------------
 Total WFN1 energy  =          -0.9608331361
 1-Electron energy  =          -1.3024603645
 2-Electron energy  =           0.3875801015
 Correlation energy =          -0.2315266636
 DFT XC energy      =           0.0000000000
 Entropy energy     =           0.0000000000
 Nuclear energy     =           0.1855737904

 conventional Hartree-Fock:
 --------------------------
 Total SCF energy  =          -0.8569947850
 2-Electron energy =           0.4914184526

                WFN1 Final Natural orbital energies and occupations
                ---------------------------------------------------

              Alpha       Beta            Alpha       Beta  
            --------    --------        --------    --------
       1      0.0000      0.0000          0.5791      0.5791
       2      0.0000      0.0000          0.3874      0.3874
       3      0.0000      0.0000          0.0188      0.0188
       4      0.0000      0.0000          0.0146      0.0146

             WFN1 Final Correlation function energies and occupations
             --------------------------------------------------------

              Alpha       Beta            Alpha       Beta  
            --------    --------        --------    --------
       1      0.0000      0.0000          1.0000      1.0000
       2      0.0000      0.0000          0.0000      0.0000
       3      0.0000      0.0000          0.0000      0.0000
       4      0.0000      0.0000          0.0000      0.0000

                WFN1 Final alpha-alpha 2-matrix occupation numbers
                --------------------------------------------------


 global array: g_momo1[1:4,1:4],  handle: -990 

            1           2           3           4  
       ----------- ----------- ----------- -----------
   1       0.00000     0.00000     0.00000     0.00000
   2       0.00000    -0.00000     0.00000     0.00000
   3       0.00000     0.00000     0.00000    -0.00000
   4       0.00000     0.00000    -0.00000     0.00000

                 WFN1 Final beta-beta 2-matrix occupation numbers
                 ------------------------------------------------


 global array: g_momo2[1:4,1:4],  handle: -989 

            1           2           3           4  
       ----------- ----------- ----------- -----------
   1       0.00000     0.00000     0.00000     0.00000
   2       0.00000    -0.00000     0.00000     0.00000
   3       0.00000     0.00000     0.00000    -0.00000
   4       0.00000     0.00000    -0.00000     0.00000

                  WFN1 Final alpha Correlation Function Analysis
                  ----------------------------------------------


 global array: Ca[1:4,1:4],  handle: -981 

                     1                       2                       3                       4  
       ----------------------- ----------------------- ----------------------- -----------------------
   1      -0.71071,   -0.27209    -0.59485,   -0.21991    -0.00630,   -0.04553     0.06399,    0.11158
   2       0.17707,    0.59672    -0.21457,   -0.74096    -0.06244,    0.00500     0.08984,   -0.07431
   3       0.03157,   -0.13352     0.04025,    0.02608    -0.85309,    0.18584     0.45611,   -0.09244
   4       0.10957,   -0.05105     0.00693,    0.01979     0.45920,    0.14423     0.82835,    0.25908

                   WFN1 Final beta Correlation Function Analysis
                   ---------------------------------------------


 global array: Cb[1:4,1:4],  handle: -980 

                     1                       2                       3                       4  
       ----------------------- ----------------------- ----------------------- -----------------------
   1      -0.71071,   -0.27209    -0.59485,   -0.21991    -0.00630,   -0.04553     0.06399,    0.11158
   2       0.17707,    0.59672    -0.21457,   -0.74096    -0.06244,    0.00500     0.08984,   -0.07431
   3       0.03157,   -0.13352     0.04025,    0.02608    -0.85309,    0.18584     0.45611,   -0.09244
   4       0.10957,   -0.05105     0.00693,    0.01979     0.45920,    0.14423     0.82835,    0.25908

                     WFN1 Final Alpha Natural Orbital Analysis
                     -----------------------------------------

 Vector    1  Occ=5.791381D-01  E= 0.000000D+00
              MO Center=  0.0D+00,  0.0D+00, -4.4D-10, r^2= 2.8D+00
   Bfn.  Coefficient  Atom+Function         Bfn.  Coefficient  Atom+Function  
  ----- ------------  ---------------      ----- ------------  ---------------
     2     -0.508569  1 H  s                  4     -0.508569  2 H  s          
     1     -0.235329  1 H  s                  3     -0.235329  2 H  s          

 Vector    2  Occ=3.874269D-01  E= 0.000000D+00
              MO Center=  0.0D+00,  0.0D+00,  3.8D-08, r^2= 3.0D+00
   Bfn.  Coefficient  Atom+Function         Bfn.  Coefficient  Atom+Function  
  ----- ------------  ---------------      ----- ------------  ---------------
     2     -0.514849  1 H  s                  4      0.514849  2 H  s          
     1     -0.277117  1 H  s                  3      0.277117  2 H  s          

 Vector    3  Occ=1.882412D-02  E= 0.000000D+00
              MO Center=  0.0D+00,  0.0D+00,  1.5D-06, r^2= 2.9D+00
   Bfn.  Coefficient  Atom+Function         Bfn.  Coefficient  Atom+Function  
  ----- ------------  ---------------      ----- ------------  ---------------
     1     -0.892559  1 H  s                  3     -0.892560  2 H  s          
     2      0.720203  1 H  s                  4      0.720204  2 H  s          

 Vector    4  Occ=1.461082D-02  E= 0.000000D+00
              MO Center=  0.0D+00,  0.0D+00, -1.5D-06, r^2= 3.5D+00
   Bfn.  Coefficient  Atom+Function         Bfn.  Coefficient  Atom+Function  
  ----- ------------  ---------------      ----- ------------  ---------------
     1     -0.919890  1 H  s                  3      0.919889  2 H  s          
     2      0.869525  1 H  s                  4     -0.869524  2 H  s          


                     WFN1 Final Beta Natural Orbital Analysis
                     ----------------------------------------

 Vector    1  Occ=5.791381D-01  E= 0.000000D+00
              MO Center=  0.0D+00,  0.0D+00, -4.4D-10, r^2= 2.8D+00
   Bfn.  Coefficient  Atom+Function         Bfn.  Coefficient  Atom+Function  
  ----- ------------  ---------------      ----- ------------  ---------------
     2     -0.508569  1 H  s                  4     -0.508569  2 H  s          
     1     -0.235329  1 H  s                  3     -0.235329  2 H  s          

 Vector    2  Occ=3.874269D-01  E= 0.000000D+00
              MO Center=  0.0D+00,  0.0D+00,  3.8D-08, r^2= 3.0D+00
   Bfn.  Coefficient  Atom+Function         Bfn.  Coefficient  Atom+Function  
  ----- ------------  ---------------      ----- ------------  ---------------
     2     -0.514849  1 H  s                  4      0.514849  2 H  s          
     1     -0.277117  1 H  s                  3      0.277117  2 H  s          

 Vector    3  Occ=1.882412D-02  E= 0.000000D+00
              MO Center=  0.0D+00,  0.0D+00,  1.5D-06, r^2= 2.9D+00
   Bfn.  Coefficient  Atom+Function         Bfn.  Coefficient  Atom+Function  
  ----- ------------  ---------------      ----- ------------  ---------------
     1     -0.892559  1 H  s                  3     -0.892560  2 H  s          
     2      0.720203  1 H  s                  4      0.720204  2 H  s          

 Vector    4  Occ=1.461082D-02  E= 0.000000D+00
              MO Center=  0.0D+00,  0.0D+00, -1.5D-06, r^2= 3.5D+00
   Bfn.  Coefficient  Atom+Function         Bfn.  Coefficient  Atom+Function  
  ----- ------------  ---------------      ----- ------------  ---------------
     1     -0.919890  1 H  s                  3      0.919889  2 H  s          
     2      0.869525  1 H  s                  4     -0.869524  2 H  s          


 Task  times  cpu:       11.2s     wall:       15.5s
 Summary of allocated global arrays
-----------------------------------
  No active global arrays



                         GA Statistics for process    0
                         ------------------------------

       create   destroy   get      put      acc     scatter   gather  read&inc
calls:   44       44     6.67e+06 1.41e+04 1.83e+04    0        0       11     
number of processes/call 1.00e+00 1.00e+00 1.00e+00 0.00e+00 0.00e+00
bytes total:             8.57e+08 2.34e+06 2.92e+06 0.00e+00 0.00e+00 8.80e+01
bytes remote:            0.00e+00 0.00e+00 0.00e+00 0.00e+00 0.00e+00 0.00e+00
Max memory consumed for GA by this process: 10624 bytes
MA_summarize_allocated_blocks: starting scan ...
MA_summarize_allocated_blocks: scan completed: 0 heap blocks, 0 stack blocks
MA usage statistics:

	allocation statistics:
					      heap	     stack
					      ----	     -----
	current number of blocks	         0	         0
	maximum number of blocks	        19	        17
	current total bytes		         0	         0
	maximum total bytes		   3204344	  22508664
	maximum total K-bytes		      3205	     22509
	maximum total M-bytes		         4	        23


                                NWChem Input Module
                                -------------------





                                     CITATION
                                     --------
                Please cite the following reference when publishing
                           results obtained with NWChem:

                 M. Valiev, E.J. Bylaska, N. Govind, K. Kowalski,
              T.P. Straatsma, H.J.J. van Dam, D. Wang, J. Nieplocha,
                        E. Apra, T.L. Windus, W.A. de Jong
                 "NWChem: a comprehensive and scalable open-source
                  solution for large scale molecular simulations"
                      Comput. Phys. Commun. 181, 1477 (2010)
                           doi:10.1016/j.cpc.2010.04.018

                                      AUTHORS
                                      -------
          E. Apra, E. J. Bylaska, W. A. de Jong, N. Govind, K. Kowalski,
       T. P. Straatsma, M. Valiev, H. J. J. van Dam, D. Wang, T. L. Windus,
        J. Hammond, J. Autschbach, K. Bhaskaran-Nair, J. Brabec, K. Lopata,
    S. A. Fischer, S. Krishnamoorthy, M. Jacquelin, W. Ma, M. Klemm, O. Villa,
      Y. Chen, V. Anisimov, F. Aquino, S. Hirata, M. T. Hackler, V. Konjkov,
      T. Risthaus, M. Malagoli, A. Marenich, A. Otero-de-la-Roza, J. Mullin,
        P. Nichols, R. Peverati, J. Pittner, Y. Zhao, P.-D. Fan, A. Fonari,
       M. Williamson, R. J. Harrison, J. R. Rehr, M. Dupuis, D. Silverstein,
    D. M. A. Smith, J. Nieplocha, V. Tipparaju, M. Krishnan, B. E. Van Kuiken,
        A. Vazquez-Mayagoitia, L. Jensen, M. Swart, Q. Wu, T. Van Voorhis,
     A. A. Auer, M. Nooijen, L. D. Crosby, E. Brown, G. Cisneros, G. I. Fann,
   H. Fruchtl, J. Garza, K. Hirao, R. A. Kendall, J. A. Nichols, K. Tsemekhman,
    K. Wolinski, J. Anchell, D. E. Bernholdt, P. Borowski, T. Clark, D. Clerc,
   H. Dachsel, M. J. O. Deegan, K. Dyall, D. Elwood, E. Glendening, M. Gutowski,
   A. C. Hess, J. Jaffe, B. G. Johnson, J. Ju, R. Kobayashi, R. Kutteh, Z. Lin,
   R. Littlefield, X. Long, B. Meng, T. Nakajima, S. Niu, L. Pollack, M. Rosing,
   K. Glaesemann, G. Sandrone, M. Stave, H. Taylor, G. Thomas, J. H. van Lenthe,
                               A. T. Wong, Z. Zhang.

 Total times  cpu:       11.3s     wall:       15.5s
