 argument  1 = input-wf.nw



============================== echo of input deck ==============================
echo
start wfn1_dat
geometry units au noautoz
  H 0 0 -3.69434600000000000000
  H 0 0  3.69434600000000000000
  symmetry cs
end
basis
  H library 6-31g
end
set wfn1:input_vectors "atomic"
set wfn1:solver "monte-carlo"
set wfn1:print_error F
set wfn1:t_initial 0.1
#set wfn1:corr_expr "wfn1_mx"
set wfn1:corr_expr "wfn1c"
set wfn1:t_bath 0.0
set wfn1:maxit  20000
task wfn1 energy
================================================================================


                                         
                                         


              Northwest Computational Chemistry Package (NWChem) 6.8
              ------------------------------------------------------


                    Environmental Molecular Sciences Laboratory
                       Pacific Northwest National Laboratory
                                Richland, WA 99352

                              Copyright (c) 1994-2015
                       Pacific Northwest National Laboratory
                            Battelle Memorial Institute

             NWChem is an open-source computational chemistry package
                        distributed under the terms of the
                      Educational Community License (ECL) 2.0
             A copy of the license is included with this distribution
                              in the LICENSE.TXT file

                                  ACKNOWLEDGMENT
                                  --------------

            This software and its documentation were developed at the
            EMSL at Pacific Northwest National Laboratory, a multiprogram
            national laboratory, operated for the U.S. Department of Energy
            by Battelle under Contract Number DE-AC05-76RL01830. Support
            for this work was provided by the Department of Energy Office
            of Biological and Environmental Research, Office of Basic
            Energy Sciences, and the Office of Advanced Scientific Computing.


           Job information
           ---------------

    hostname        = erato
    program         = ../../../bin/LINUX64/nwchem
    date            = Mon Mar  1 01:47:22 2021

    compiled        = Sun_Feb_28_18:02:42_2021
    source          = /home/hvandam/nwchem-1-wfn1
    nwchem branch   = Development
    nwchem revision = nwchem_on_git-124-gad72d19fff205e319ffbbf2bca37a04ded6ad57b
    ga revision     = nwchem_on_git-124-gad72d19
    use scalapack   = F
    input           = input-wf.nw
    prefix          = wfn1_dat.
    data base       = ./wfn1_dat.db
    status          = startup
    nproc           =        1
    time left       =     -1s



           Memory information
           ------------------

    heap     =   13107198 doubles =    100.0 Mbytes
    stack    =   13107195 doubles =    100.0 Mbytes
    global   =   26214400 doubles =    200.0 Mbytes (distinct from heap & stack)
    total    =   52428793 doubles =    400.0 Mbytes
    verify   = yes
    hardfail = no 


           Directory information
           ---------------------

  0 permanent = .
  0 scratch   = .




                                NWChem Input Module
                                -------------------


 Turning off AUTOSYM since
 SYMMETRY directive was detected!



                             Geometry "geometry" -> ""
                             -------------------------

 Output coordinates in a.u. (scale by  1.000000000 to convert to a.u.)

  No.       Tag          Charge          X              Y              Z
 ---- ---------------- ---------- -------------- -------------- --------------
    1 H                    1.0000     0.00000000     0.00000000    -3.69434600
    2 H                    1.0000     0.00000000     0.00000000     3.69434600

      Atomic Mass 
      ----------- 

      H                  1.007825


 Effective nuclear repulsion energy (a.u.)       0.1353419523

            Nuclear Dipole moment (a.u.) 
            ----------------------------
        X                 Y               Z
 ---------------- ---------------- ----------------
     0.0000000000     0.0000000000     0.0000000000

      Symmetry information
      --------------------

 Group name             Cs        
 Group number              2
 Group order               2
 No. of unique centers     1

      Symmetry unique atoms

     1


            XYZ format geometry
            -------------------
     2
 geometry
 H                     0.00000000     0.00000000    -1.95496385
 H                     0.00000000     0.00000000     1.95496385

                      Basis "ao basis" -> "" (cartesian)
                      -----
  H (Hydrogen)
  ------------
            Exponent  Coefficients 
       -------------- ---------------------------------------------------------
  1 S  1.87311370E+01  0.033495
  1 S  2.82539370E+00  0.234727
  1 S  6.40121700E-01  0.813757

  2 S  1.61277800E-01  1.000000



 Summary of "ao basis" -> "" (cartesian)
 ------------------------------------------------------------------------------
       Tag                 Description            Shells   Functions and Types
 ---------------- ------------------------------  ------  ---------------------
 H                           6-31g                   2        2   2s



                                NWChem WFN1 Module
                                ------------------



          No. of electrons :     2
           Alpha electrons :     1
            Beta electrons :     1
          Charge           :     0
          Spin multiplicity:     1

 HvD: wfn1_inpdft
 HvD: nquad_task =                     1
 HvD: iangquad   =                     0
 HvD: gridtype   = user      
 HvD: leb        =  T
 HvD: radgrid    = murakn    
 HvD: trunc_neigh=  T
 HvD: lssw       =  T
 HvD: whichssw   = erf1    
 HvD: mxnrad     =                     0
 HvD: mxnang     =                     0
 HVD: wfn1: movecs_in  = atomic                                                                                                                                                                                                                                                          
 HVD: wfn1: movecs_out = ./wfn1_dat.movecs                                                                                                                                                                                                                                               

      Superposition of Atomic Density Guess
      -------------------------------------

 Sum of atomic energies:          -0.99646508

      Non-variational initial energy
      ------------------------------

 Total energy =      -0.682118
 1-e energy   =      -1.267150
 2-e energy   =       0.449690
 HOMO         =      -0.195267
 LUMO         =      -0.187087

 iteration              energy           error
 ---------              ------           -----
         0         -0.87705012        0.080000
         1         -0.87879734        0.080000
         2         -0.88212626        0.080000
         3         -0.88853115        0.080000
         4         -0.89017833        0.080000
         5         -0.89548068        0.080000
         6         -0.89686212        0.080000
         7         -0.90268121        0.080000
         8         -0.90478858        0.080000
         9         -0.90905227        0.080000
        10         -0.91174806        0.080000
        11         -0.91424301        0.080000
        12         -0.91441378        0.080000
        13         -0.91978629        0.080000
        14         -0.92115599        0.080000
        15         -0.92324603        0.080000
        16         -0.92456013        0.080000
        17         -0.92704732        0.080000
        18         -0.92867184        0.080000
        19         -0.92960073        0.080000
        20         -0.92982933        0.080000
        21         -0.93238283        0.080000
        22         -0.93403647        0.080000
        23         -0.93654977        0.080000
        24         -0.93669962        0.080000
        25         -0.93678278        0.080000
        26         -0.93728918        0.080000
        27         -0.93761868        0.080000
        28         -0.93780773        0.080000
        29         -0.93790473        0.080000
        30         -0.93841546        0.080000
        31         -0.93891925        0.080000
        32         -0.93900314        0.080000
        33         -0.93909470        0.080000
        34         -0.93920448        0.080000
        35         -0.93961843        0.080000
        36         -0.94055886        0.080000
        37         -0.94097542        0.080000
        38         -0.94171968        0.080000
        39         -0.94187192        0.080000
        40         -0.94246870        0.080000
        41         -0.94268427        0.080000
        42         -0.94276086        0.080000
        43         -0.94283313        0.080000
        44         -0.94300193        0.080000
        45         -0.94305154        0.080000
        46         -0.94306070        0.080000
        47         -0.94310055        0.080000
        48         -0.94314610        0.080000
        49         -0.94320913        0.080000
        50         -0.94323229        0.080000
        51         -0.94327998        0.080000
        52         -0.94334863        0.080000
        53         -0.94338737        0.063496
        54         -0.94338943        0.063496
        55         -0.94340440        0.050397
        56         -0.94341913        0.050397
        57         -0.94347092        0.050397
        58         -0.94347936        0.050397
        59         -0.94348099        0.050397
        60         -0.94348216        0.050397
        61         -0.94349775        0.050397
        62         -0.94349828        0.025198
        63         -0.94350340        0.025198
        64         -0.94351204        0.025198
        65         -0.94351404        0.025198
        66         -0.94351582        0.025198
        67         -0.94352239        0.020000
        68         -0.94352501        0.015874
        69         -0.94352943        0.015874
        70         -0.94353000        0.012599
        71         -0.94353041        0.012599
        72         -0.94353145        0.012599
        73         -0.94353173        0.012599
        74         -0.94353263        0.012599
        75         -0.94353311        0.007937
        76         -0.94353485        0.007937
        77         -0.94353498        0.007937
        78         -0.94353499        0.007937
        79         -0.94353553        0.006300
        80         -0.94353566        0.005000
        81         -0.94353577        0.005000
        82         -0.94353577        0.003969
        83         -0.94353588        0.003969
        84         -0.94353589        0.001575
        85         -0.94353590        0.001250
        86         -0.94353593        0.001250
        87         -0.94353593        0.001250
        88         -0.94353594        0.000992
        89         -0.94353594        0.000992
        90         -0.94353595        0.000992
        91         -0.94353595        0.000992
        92         -0.94353596        0.000992
        93         -0.94353596        0.000992
        94         -0.94353596        0.000787
        95         -0.94353597        0.000787
        96         -0.94353597        0.000787
        97         -0.94353597        0.000496
        98         -0.94353597        0.000496
        99         -0.94353597        0.000496
       100         -0.94353597        0.000496
       101         -0.94353598        0.000496
       102         -0.94353598        0.000496
       103         -0.94353599        0.000496
       104         -0.94353599        0.000496
       105         -0.94353599        0.000496
       106         -0.94353599        0.000496
       107         -0.94353600        0.000394
       108         -0.94353600        0.000394
       109         -0.94353600        0.000394
       110         -0.94353600        0.000394
       111         -0.94353600        0.000394
       112         -0.94353600        0.000394
       113         -0.94353600        0.000313
       114         -0.94353600        0.000313
       115         -0.94353600        0.000313
       116         -0.94353600        0.000313
       117         -0.94353600        0.000313
       118         -0.94353600        0.000313
       119         -0.94353600        0.000313
       120         -0.94353601        0.000313
       121         -0.94353601        0.000313
       122         -0.94353601        0.000313
       123         -0.94353601        0.000197
       124         -0.94353601        0.000197
       125         -0.94353601        0.000197
       126         -0.94353601        0.000197
       127         -0.94353601        0.000197
       128         -0.94353601        0.000197
       129         -0.94353601        0.000156
       130         -0.94353601        0.000124
       131         -0.94353601        0.000124
       132         -0.94353601        0.000124
       133         -0.94353601        0.000062
       134         -0.94353601        0.000062
       135         -0.94353601        0.000062
       136         -0.94353601        0.000062
       137         -0.94353601        0.000062
       138         -0.94353601        0.000062
       139         -0.94353601        0.000062
       140         -0.94353601        0.000062
       141         -0.94353601        0.000049
       142         -0.94353601        0.000039
       143         -0.94353601        0.000039
       144         -0.94353601        0.000039
       145         -0.94353601        0.000031
       146         -0.94353601        0.000031
       147         -0.94353601        0.000031
       148         -0.94353601        0.000020
       149         -0.94353601        0.000016
       150         -0.94353601        0.000016
       151         -0.94353601        0.000012
       152         -0.94353601        0.000012
       153         -0.94353601        0.000012
       154         -0.94353601        0.000012
       155         -0.94353601        0.000010
       156         -0.94353601        0.000010
       157         -0.94353601        0.000010
       158         -0.94353601        0.000010
       159         -0.94353601        0.000010
       160         -0.94353601        0.000010
       161         -0.94353601        0.000010
       162         -0.94353601        0.000010
       163         -0.94353601        0.000010
       164         -0.94353601        0.000010
       165         -0.94353601        0.000010
       166         -0.94353601        0.000008
       167         -0.94353601        0.000008
       168         -0.94353601        0.000008
       169         -0.94353601        0.000008
       170         -0.94353601        0.000006
       171         -0.94353601        0.000006
       172         -0.94353601        0.000006
       173         -0.94353601        0.000005
       174         -0.94353601        0.000005
       175         -0.94353601        0.000005
       176         -0.94353601        0.000004
       177         -0.94353601        0.000003
       178         -0.94353601        0.000003
       179         -0.94353601        0.000003
       180         -0.94353601        0.000002
       181         -0.94353601        0.000002
       182         -0.94353601        0.000002
       183         -0.94353601        0.000002
       184         -0.94353601        0.000002
       185         -0.94353601        0.000002
       186         -0.94353601        0.000001

 Reached Convergence

 WFN1                     :
 --------------------------
 Total WFN1 energy  =          -0.9435360088
 1-Electron energy  =          -1.1987056848
 2-Electron energy  =           0.3632227021
 Correlation energy =          -0.2433949783
 DFT XC energy      =           0.0000000000
 Entropy energy     =           0.0000000000
 Nuclear energy     =           0.1353419523

 conventional Hartree-Fock:
 --------------------------
 Total SCF energy  =          -0.8614095608
 2-Electron energy =           0.4453491501

                WFN1 Final Natural orbital energies and occupations
                ---------------------------------------------------

              Alpha       Beta            Alpha       Beta  
            --------    --------        --------    --------
       1      0.0000      0.0000          0.5021      0.5021
       2      0.0000      0.0000          0.4648      0.4648
       3      0.0000      0.0000          0.0171      0.0171
       4      0.0000      0.0000          0.0160      0.0160

             WFN1 Final Correlation function energies and occupations
             --------------------------------------------------------

              Alpha       Beta            Alpha       Beta  
            --------    --------        --------    --------
       1      0.0000      0.0000          1.0000      1.0000
       2      0.0000      0.0000          0.0000      0.0000
       3      0.0000      0.0000          0.0000      0.0000
       4      0.0000      0.0000          0.0000      0.0000

                WFN1 Final alpha-alpha 2-matrix occupation numbers
                --------------------------------------------------


 global array: g_momo1[1:4,1:4],  handle: -990 

            1           2           3           4  
       ----------- ----------- ----------- -----------
   1      -0.00000    -0.00000    -0.00000     0.00000
   2      -0.00000    -0.00000    -0.00000    -0.00000
   3      -0.00000    -0.00000     0.00000     0.00000
   4       0.00000     0.00000     0.00000    -0.00000

                 WFN1 Final beta-beta 2-matrix occupation numbers
                 ------------------------------------------------


 global array: g_momo2[1:4,1:4],  handle: -989 

            1           2           3           4  
       ----------- ----------- ----------- -----------
   1      -0.00000    -0.00000    -0.00000     0.00000
   2      -0.00000    -0.00000    -0.00000    -0.00000
   3      -0.00000    -0.00000     0.00000     0.00000
   4       0.00000     0.00000     0.00000    -0.00000

                  WFN1 Final alpha Correlation Function Analysis
                  ----------------------------------------------


 global array: Ca[1:4,1:4],  handle: -981 

                     1                       2                       3                       4  
       ----------------------- ----------------------- ----------------------- -----------------------
   1       0.67221,   -0.22418     0.65758,   -0.22704    -0.00764,    0.00966     0.10844,   -0.04483
   2      -0.68085,   -0.03593     0.71518,    0.03774    -0.04824,   -0.00968    -0.13311,   -0.04588
   3       0.06961,    0.11052    -0.03553,   -0.03169    -0.30357,   -0.73302    -0.23494,   -0.54407
   4      -0.10951,    0.06306    -0.02287,   -0.01857    -0.55388,    0.24733     0.71152,   -0.33006

                   WFN1 Final beta Correlation Function Analysis
                   ---------------------------------------------


 global array: Cb[1:4,1:4],  handle: -980 

                     1                       2                       3                       4  
       ----------------------- ----------------------- ----------------------- -----------------------
   1       0.67221,   -0.22418     0.65758,   -0.22704    -0.00764,    0.00966     0.10844,   -0.04483
   2      -0.68085,   -0.03593     0.71518,    0.03774    -0.04824,   -0.00968    -0.13311,   -0.04588
   3       0.06961,    0.11052    -0.03553,   -0.03169    -0.30357,   -0.73302    -0.23494,   -0.54407
   4      -0.10951,    0.06306    -0.02287,   -0.01857    -0.55388,    0.24733     0.71152,   -0.33006

                     WFN1 Final Alpha Natural Orbital Analysis
                     -----------------------------------------

 Vector    1  Occ=5.021246D-01  E= 0.000000D+00
              MO Center=  0.0D+00,  0.0D+00, -1.8D-07, r^2= 4.7D+00
   Bfn.  Coefficient  Atom+Function         Bfn.  Coefficient  Atom+Function  
  ----- ------------  ---------------      ----- ------------  ---------------
     2     -0.516258  1 H  s                  4     -0.516258  2 H  s          
     1     -0.248007  1 H  s                  3     -0.248007  2 H  s          

 Vector    2  Occ=4.648455D-01  E= 0.000000D+00
              MO Center=  0.0D+00,  0.0D+00,  1.7D-07, r^2= 4.7D+00
   Bfn.  Coefficient  Atom+Function         Bfn.  Coefficient  Atom+Function  
  ----- ------------  ---------------      ----- ------------  ---------------
     2      0.511422  1 H  s                  4     -0.511422  2 H  s          
     1      0.259268  1 H  s                  3     -0.259268  2 H  s          

 Vector    3  Occ=1.706050D-02  E= 0.000000D+00
              MO Center=  0.0D+00,  0.0D+00, -1.8D-06, r^2= 4.9D+00
   Bfn.  Coefficient  Atom+Function         Bfn.  Coefficient  Atom+Function  
  ----- ------------  ---------------      ----- ------------  ---------------
     1     -0.902131  1 H  s                  3     -0.902131  2 H  s          
     2      0.773456  1 H  s                  4      0.773455  2 H  s          

 Vector    4  Occ=1.596936D-02  E= 0.000000D+00
              MO Center=  0.0D+00,  0.0D+00,  1.8D-06, r^2= 5.0D+00
   Bfn.  Coefficient  Atom+Function         Bfn.  Coefficient  Atom+Function  
  ----- ------------  ---------------      ----- ------------  ---------------
     1     -0.906906  1 H  s                  3      0.906906  2 H  s          
     2      0.799486  1 H  s                  4     -0.799487  2 H  s          


                     WFN1 Final Beta Natural Orbital Analysis
                     ----------------------------------------

 Vector    1  Occ=5.021246D-01  E= 0.000000D+00
              MO Center=  0.0D+00,  0.0D+00, -1.8D-07, r^2= 4.7D+00
   Bfn.  Coefficient  Atom+Function         Bfn.  Coefficient  Atom+Function  
  ----- ------------  ---------------      ----- ------------  ---------------
     2     -0.516258  1 H  s                  4     -0.516258  2 H  s          
     1     -0.248007  1 H  s                  3     -0.248007  2 H  s          

 Vector    2  Occ=4.648455D-01  E= 0.000000D+00
              MO Center=  0.0D+00,  0.0D+00,  1.7D-07, r^2= 4.7D+00
   Bfn.  Coefficient  Atom+Function         Bfn.  Coefficient  Atom+Function  
  ----- ------------  ---------------      ----- ------------  ---------------
     2      0.511422  1 H  s                  4     -0.511422  2 H  s          
     1      0.259268  1 H  s                  3     -0.259268  2 H  s          

 Vector    3  Occ=1.706050D-02  E= 0.000000D+00
              MO Center=  0.0D+00,  0.0D+00, -1.8D-06, r^2= 4.9D+00
   Bfn.  Coefficient  Atom+Function         Bfn.  Coefficient  Atom+Function  
  ----- ------------  ---------------      ----- ------------  ---------------
     1     -0.902131  1 H  s                  3     -0.902131  2 H  s          
     2      0.773456  1 H  s                  4      0.773455  2 H  s          

 Vector    4  Occ=1.596936D-02  E= 0.000000D+00
              MO Center=  0.0D+00,  0.0D+00,  1.8D-06, r^2= 5.0D+00
   Bfn.  Coefficient  Atom+Function         Bfn.  Coefficient  Atom+Function  
  ----- ------------  ---------------      ----- ------------  ---------------
     1     -0.906906  1 H  s                  3      0.906906  2 H  s          
     2      0.799486  1 H  s                  4     -0.799487  2 H  s          


 Task  times  cpu:       10.3s     wall:       15.7s
 Summary of allocated global arrays
-----------------------------------
  No active global arrays



                         GA Statistics for process    0
                         ------------------------------

       create   destroy   get      put      acc     scatter   gather  read&inc
calls:   44       44     5.95e+06 1.26e+04 1.63e+04    0        0       11     
number of processes/call 1.00e+00 1.00e+00 1.00e+00 0.00e+00 0.00e+00
bytes total:             7.64e+08 2.09e+06 2.60e+06 0.00e+00 0.00e+00 8.80e+01
bytes remote:            0.00e+00 0.00e+00 0.00e+00 0.00e+00 0.00e+00 0.00e+00
Max memory consumed for GA by this process: 10624 bytes
MA_summarize_allocated_blocks: starting scan ...
MA_summarize_allocated_blocks: scan completed: 0 heap blocks, 0 stack blocks
MA usage statistics:

	allocation statistics:
					      heap	     stack
					      ----	     -----
	current number of blocks	         0	         0
	maximum number of blocks	        19	        17
	current total bytes		         0	         0
	maximum total bytes		   3204344	  22508664
	maximum total K-bytes		      3205	     22509
	maximum total M-bytes		         4	        23


                                NWChem Input Module
                                -------------------





                                     CITATION
                                     --------
                Please cite the following reference when publishing
                           results obtained with NWChem:

                 M. Valiev, E.J. Bylaska, N. Govind, K. Kowalski,
              T.P. Straatsma, H.J.J. van Dam, D. Wang, J. Nieplocha,
                        E. Apra, T.L. Windus, W.A. de Jong
                 "NWChem: a comprehensive and scalable open-source
                  solution for large scale molecular simulations"
                      Comput. Phys. Commun. 181, 1477 (2010)
                           doi:10.1016/j.cpc.2010.04.018

                                      AUTHORS
                                      -------
          E. Apra, E. J. Bylaska, W. A. de Jong, N. Govind, K. Kowalski,
       T. P. Straatsma, M. Valiev, H. J. J. van Dam, D. Wang, T. L. Windus,
        J. Hammond, J. Autschbach, K. Bhaskaran-Nair, J. Brabec, K. Lopata,
    S. A. Fischer, S. Krishnamoorthy, M. Jacquelin, W. Ma, M. Klemm, O. Villa,
      Y. Chen, V. Anisimov, F. Aquino, S. Hirata, M. T. Hackler, V. Konjkov,
      T. Risthaus, M. Malagoli, A. Marenich, A. Otero-de-la-Roza, J. Mullin,
        P. Nichols, R. Peverati, J. Pittner, Y. Zhao, P.-D. Fan, A. Fonari,
       M. Williamson, R. J. Harrison, J. R. Rehr, M. Dupuis, D. Silverstein,
    D. M. A. Smith, J. Nieplocha, V. Tipparaju, M. Krishnan, B. E. Van Kuiken,
        A. Vazquez-Mayagoitia, L. Jensen, M. Swart, Q. Wu, T. Van Voorhis,
     A. A. Auer, M. Nooijen, L. D. Crosby, E. Brown, G. Cisneros, G. I. Fann,
   H. Fruchtl, J. Garza, K. Hirao, R. A. Kendall, J. A. Nichols, K. Tsemekhman,
    K. Wolinski, J. Anchell, D. E. Bernholdt, P. Borowski, T. Clark, D. Clerc,
   H. Dachsel, M. J. O. Deegan, K. Dyall, D. Elwood, E. Glendening, M. Gutowski,
   A. C. Hess, J. Jaffe, B. G. Johnson, J. Ju, R. Kobayashi, R. Kutteh, Z. Lin,
   R. Littlefield, X. Long, B. Meng, T. Nakajima, S. Niu, L. Pollack, M. Rosing,
   K. Glaesemann, G. Sandrone, M. Stave, H. Taylor, G. Thomas, J. H. van Lenthe,
                               A. T. Wong, Z. Zhang.

 Total times  cpu:       10.3s     wall:       15.8s
