 argument  1 = input-wf.nw



============================== echo of input deck ==============================
echo
start wfn1_dat
geometry units au noautoz
  H 0 0 -4.89434600000000000000
  H 0 0  4.89434600000000000000
  symmetry cs
end
basis
  H library 6-31g
end
set wfn1:input_vectors "atomic"
set wfn1:solver "monte-carlo"
set wfn1:print_error F
set wfn1:t_initial 0.1
#set wfn1:corr_expr "wfn1_mx"
set wfn1:corr_expr "wfn1c"
set wfn1:t_bath 0.0
set wfn1:maxit  20000
task wfn1 energy
================================================================================


                                         
                                         


              Northwest Computational Chemistry Package (NWChem) 6.8
              ------------------------------------------------------


                    Environmental Molecular Sciences Laboratory
                       Pacific Northwest National Laboratory
                                Richland, WA 99352

                              Copyright (c) 1994-2015
                       Pacific Northwest National Laboratory
                            Battelle Memorial Institute

             NWChem is an open-source computational chemistry package
                        distributed under the terms of the
                      Educational Community License (ECL) 2.0
             A copy of the license is included with this distribution
                              in the LICENSE.TXT file

                                  ACKNOWLEDGMENT
                                  --------------

            This software and its documentation were developed at the
            EMSL at Pacific Northwest National Laboratory, a multiprogram
            national laboratory, operated for the U.S. Department of Energy
            by Battelle under Contract Number DE-AC05-76RL01830. Support
            for this work was provided by the Department of Energy Office
            of Biological and Environmental Research, Office of Basic
            Energy Sciences, and the Office of Advanced Scientific Computing.


           Job information
           ---------------

    hostname        = erato
    program         = ../../../bin/LINUX64/nwchem
    date            = Mon Mar  1 01:53:15 2021

    compiled        = Sun_Feb_28_18:02:42_2021
    source          = /home/hvandam/nwchem-1-wfn1
    nwchem branch   = Development
    nwchem revision = nwchem_on_git-124-gad72d19fff205e319ffbbf2bca37a04ded6ad57b
    ga revision     = nwchem_on_git-124-gad72d19
    use scalapack   = F
    input           = input-wf.nw
    prefix          = wfn1_dat.
    data base       = ./wfn1_dat.db
    status          = startup
    nproc           =        1
    time left       =     -1s



           Memory information
           ------------------

    heap     =   13107200 doubles =    100.0 Mbytes
    stack    =   13107197 doubles =    100.0 Mbytes
    global   =   26214400 doubles =    200.0 Mbytes (distinct from heap & stack)
    total    =   52428797 doubles =    400.0 Mbytes
    verify   = yes
    hardfail = no 


           Directory information
           ---------------------

  0 permanent = .
  0 scratch   = .




                                NWChem Input Module
                                -------------------


 Turning off AUTOSYM since
 SYMMETRY directive was detected!



                             Geometry "geometry" -> ""
                             -------------------------

 Output coordinates in a.u. (scale by  1.000000000 to convert to a.u.)

  No.       Tag          Charge          X              Y              Z
 ---- ---------------- ---------- -------------- -------------- --------------
    1 H                    1.0000     0.00000000     0.00000000    -4.89434600
    2 H                    1.0000     0.00000000     0.00000000     4.89434600

      Atomic Mass 
      ----------- 

      H                  1.007825


 Effective nuclear repulsion energy (a.u.)       0.1021586950

            Nuclear Dipole moment (a.u.) 
            ----------------------------
        X                 Y               Z
 ---------------- ---------------- ----------------
     0.0000000000     0.0000000000     0.0000000000

      Symmetry information
      --------------------

 Group name             Cs        
 Group number              2
 Group order               2
 No. of unique centers     1

      Symmetry unique atoms

     1


            XYZ format geometry
            -------------------
     2
 geometry
 H                     0.00000000     0.00000000    -2.58997655
 H                     0.00000000     0.00000000     2.58997655

                      Basis "ao basis" -> "" (cartesian)
                      -----
  H (Hydrogen)
  ------------
            Exponent  Coefficients 
       -------------- ---------------------------------------------------------
  1 S  1.87311370E+01  0.033495
  1 S  2.82539370E+00  0.234727
  1 S  6.40121700E-01  0.813757

  2 S  1.61277800E-01  1.000000



 Summary of "ao basis" -> "" (cartesian)
 ------------------------------------------------------------------------------
       Tag                 Description            Shells   Functions and Types
 ---------------- ------------------------------  ------  ---------------------
 H                           6-31g                   2        2   2s



                                NWChem WFN1 Module
                                ------------------



          No. of electrons :     2
           Alpha electrons :     1
            Beta electrons :     1
          Charge           :     0
          Spin multiplicity:     1

 HvD: wfn1_inpdft
 HvD: nquad_task =                     1
 HvD: iangquad   =                     0
 HvD: gridtype   = user      
 HvD: leb        =  T
 HvD: radgrid    = murakn    
 HvD: trunc_neigh=  T
 HvD: lssw       =  T
 HvD: whichssw   = erf1    
 HvD: mxnrad     =                     0
 HvD: mxnang     =                     0
 HVD: wfn1: movecs_in  = atomic                                                                                                                                                                                                                                                          
 HVD: wfn1: movecs_out = ./wfn1_dat.movecs                                                                                                                                                                                                                                               

      Superposition of Atomic Density Guess
      -------------------------------------

 Sum of atomic energies:          -0.99646508

      Non-variational initial energy
      ------------------------------

 Total energy =      -0.682110
 1-e energy   =      -1.200783
 2-e energy   =       0.416515
 HOMO         =      -0.191438
 LUMO         =      -0.190933

 iteration              energy           error
 ---------              ------           -----
         0         -0.86854021        0.080000
         1         -0.87290879        0.080000
         2         -0.87583014        0.080000
         3         -0.87662626        0.080000
         4         -0.88100922        0.080000
         5         -0.88289448        0.080000
         6         -0.88319474        0.080000
         7         -0.88729645        0.080000
         8         -0.89109582        0.080000
         9         -0.89445654        0.080000
        10         -0.89560576        0.080000
        11         -0.89574611        0.080000
        12         -0.90019348        0.080000
        13         -0.90229203        0.080000
        14         -0.90459541        0.080000
        15         -0.90648687        0.080000
        16         -0.90930959        0.080000
        17         -0.91262921        0.080000
        18         -0.91388472        0.080000
        19         -0.91460733        0.080000
        20         -0.91535799        0.080000
        21         -0.91806342        0.080000
        22         -0.92074523        0.080000
        23         -0.92297925        0.080000
        24         -0.92311612        0.080000
        25         -0.92482217        0.080000
        26         -0.92553358        0.080000
        27         -0.92612992        0.080000
        28         -0.92614300        0.080000
        29         -0.92699002        0.080000
        30         -0.92808349        0.080000
        31         -0.92846392        0.080000
        32         -0.92872759        0.080000
        33         -0.92902873        0.080000
        34         -0.92956511        0.080000
        35         -0.93019332        0.080000
        36         -0.93019714        0.080000
        37         -0.93087221        0.080000
        38         -0.93107284        0.080000
        39         -0.93138704        0.080000
        40         -0.93141034        0.080000
        41         -0.93154641        0.080000
        42         -0.93163433        0.080000
        43         -0.93174324        0.080000
        44         -0.93185857        0.080000
        45         -0.93187261        0.080000
        46         -0.93187875        0.080000
        47         -0.93188220        0.080000
        48         -0.93216736        0.080000
        49         -0.93219470        0.080000
        50         -0.93248193        0.080000
        51         -0.93263605        0.080000
        52         -0.93264025        0.080000
        53         -0.93269389        0.080000
        54         -0.93269973        0.080000
        55         -0.93275075        0.080000
        56         -0.93285491        0.080000
        57         -0.93289927        0.080000
        58         -0.93294459        0.063496
        59         -0.93296861        0.050397
        60         -0.93297841        0.040000
        61         -0.93299264        0.031748
        62         -0.93299559        0.025198
        63         -0.93299869        0.025198
        64         -0.93300003        0.020000
        65         -0.93300532        0.020000
        66         -0.93300545        0.015874
        67         -0.93300992        0.015874
        68         -0.93301430        0.012599
        69         -0.93301462        0.012599
        70         -0.93301562        0.012599
        71         -0.93301723        0.010000
        72         -0.93301766        0.006300
        73         -0.93301780        0.006300
        74         -0.93301790        0.006300
        75         -0.93301807        0.006300
        76         -0.93301825        0.006300
        77         -0.93301833        0.006300
        78         -0.93301843        0.003969
        79         -0.93301848        0.003969
        80         -0.93301851        0.002500
        81         -0.93301852        0.002500
        82         -0.93301855        0.002500
        83         -0.93301857        0.002500
        84         -0.93301859        0.001575
        85         -0.93301859        0.001575
        86         -0.93301861        0.001575
        87         -0.93301861        0.001575
        88         -0.93301862        0.001575
        89         -0.93301862        0.001575
        90         -0.93301862        0.001575
        91         -0.93301864        0.001250
        92         -0.93301868        0.001250
        93         -0.93301869        0.001250
        94         -0.93301870        0.001250
        95         -0.93301871        0.000992
        96         -0.93301872        0.000992
        97         -0.93301872        0.000787
        98         -0.93301872        0.000787
        99         -0.93301873        0.000787
       100         -0.93301873        0.000625
       101         -0.93301873        0.000625
       102         -0.93301873        0.000625
       103         -0.93301873        0.000625
       104         -0.93301873        0.000625
       105         -0.93301874        0.000394
       106         -0.93301874        0.000394
       107         -0.93301874        0.000394
       108         -0.93301874        0.000394
       109         -0.93301874        0.000313
       110         -0.93301874        0.000248
       111         -0.93301874        0.000156
       112         -0.93301874        0.000156
       113         -0.93301874        0.000156
       114         -0.93301874        0.000098
       115         -0.93301874        0.000078
       116         -0.93301874        0.000078
       117         -0.93301874        0.000078
       118         -0.93301874        0.000078
       119         -0.93301874        0.000078
       120         -0.93301874        0.000049
       121         -0.93301874        0.000039
       122         -0.93301874        0.000039
       123         -0.93301874        0.000031
       124         -0.93301874        0.000031
       125         -0.93301874        0.000031
       126         -0.93301874        0.000031
       127         -0.93301874        0.000025
       128         -0.93301874        0.000020
       129         -0.93301874        0.000020
       130         -0.93301874        0.000020
       131         -0.93301874        0.000020
       132         -0.93301874        0.000020
       133         -0.93301874        0.000012
       134         -0.93301874        0.000012
       135         -0.93301874        0.000012
       136         -0.93301874        0.000012
       137         -0.93301874        0.000012
       138         -0.93301874        0.000012
       139         -0.93301874        0.000012
       140         -0.93301874        0.000010
       141         -0.93301874        0.000010
       142         -0.93301874        0.000010
       143         -0.93301874        0.000008
       144         -0.93301874        0.000008
       145         -0.93301874        0.000008
       146         -0.93301874        0.000008
       147         -0.93301874        0.000008
       148         -0.93301874        0.000005
       149         -0.93301874        0.000005
       150         -0.93301874        0.000005
       151         -0.93301874        0.000005
       152         -0.93301874        0.000005
       153         -0.93301874        0.000005
       154         -0.93301874        0.000005
       155         -0.93301874        0.000005
       156         -0.93301874        0.000003
       157         -0.93301874        0.000003
       158         -0.93301874        0.000002
       159         -0.93301874        0.000002
       160         -0.93301874        0.000002
       161         -0.93301874        0.000002
       162         -0.93301874        0.000002
       163         -0.93301874        0.000002
       164         -0.93301874        0.000002
       165         -0.93301874        0.000002
       166         -0.93301874        0.000002
       167         -0.93301874        0.000002
       168         -0.93301874        0.000001
       169         -0.93301874        0.000001
       170         -0.93301874        0.000001
       171         -0.93301874        0.000001
       172         -0.93301874        0.000001
       173         -0.93301874        0.000001
       174         -0.93301874        0.000001

 Reached Convergence

 WFN1                     :
 --------------------------
 Total WFN1 energy  =          -0.9330187390
 1-Electron energy  =          -1.1340518695
 2-Electron energy  =           0.3467400040
 Correlation energy =          -0.2478655685
 DFT XC energy      =           0.0000000000
 Entropy energy     =           0.0000000000
 Nuclear energy     =           0.1021586950

 conventional Hartree-Fock:
 --------------------------
 Total SCF energy  =          -0.8678175175
 2-Electron energy =           0.4119412256

                WFN1 Final Natural orbital energies and occupations
                ---------------------------------------------------

              Alpha       Beta            Alpha       Beta  
            --------    --------        --------    --------
       1      0.0000      0.0000          0.4852      0.4852
       2      0.0000      0.0000          0.4828      0.4828
       3      0.0000      0.0000          0.0161      0.0161
       4      0.0000      0.0000          0.0160      0.0160

             WFN1 Final Correlation function energies and occupations
             --------------------------------------------------------

              Alpha       Beta            Alpha       Beta  
            --------    --------        --------    --------
       1      0.0000      0.0000          1.0000      1.0000
       2      0.0000      0.0000          0.0000      0.0000
       3      0.0000      0.0000          0.0000      0.0000
       4      0.0000      0.0000          0.0000      0.0000

                WFN1 Final alpha-alpha 2-matrix occupation numbers
                --------------------------------------------------


 global array: g_momo1[1:4,1:4],  handle: -990 

            1           2           3           4  
       ----------- ----------- ----------- -----------
   1      -0.00000     0.00000    -0.00000     0.00000
   2      -0.00000     0.00000     0.00000     0.00000
   3      -0.00000     0.00000     0.00000     0.00000
   4       0.00000     0.00000     0.00000     0.00000

                 WFN1 Final beta-beta 2-matrix occupation numbers
                 ------------------------------------------------


 global array: g_momo2[1:4,1:4],  handle: -989 

            1           2           3           4  
       ----------- ----------- ----------- -----------
   1      -0.00000     0.00000    -0.00000     0.00000
   2      -0.00000     0.00000     0.00000     0.00000
   3      -0.00000     0.00000     0.00000     0.00000
   4       0.00000     0.00000     0.00000     0.00000

                  WFN1 Final alpha Correlation Function Analysis
                  ----------------------------------------------


 global array: Ca[1:4,1:4],  handle: -981 

                     1                       2                       3                       4  
       ----------------------- ----------------------- ----------------------- -----------------------
   1      -0.64562,    0.26146    -0.64948,    0.27021     0.03077,    0.04432    -0.13037,    0.00845
   2       0.68416,   -0.12123    -0.69784,    0.12226     0.04651,   -0.06674     0.08883,    0.02821
   3      -0.08242,    0.09624     0.00948,   -0.01093     0.40245,   -0.58044     0.39165,   -0.57573
   4       0.12487,   -0.02001     0.03920,    0.03857     0.53277,    0.45580    -0.52323,   -0.46435

                   WFN1 Final beta Correlation Function Analysis
                   ---------------------------------------------


 global array: Cb[1:4,1:4],  handle: -980 

                     1                       2                       3                       4  
       ----------------------- ----------------------- ----------------------- -----------------------
   1      -0.64562,    0.26146    -0.64948,    0.27021     0.03077,    0.04432    -0.13037,    0.00845
   2       0.68416,   -0.12123    -0.69784,    0.12226     0.04651,   -0.06674     0.08883,    0.02821
   3      -0.08242,    0.09624     0.00948,   -0.01093     0.40245,   -0.58044     0.39165,   -0.57573
   4       0.12487,   -0.02001     0.03920,    0.03857     0.53277,    0.45580    -0.52323,   -0.46435

                     WFN1 Final Alpha Natural Orbital Analysis
                     -----------------------------------------

 Vector    1  Occ=4.851814D-01  E= 0.000000D+00
              MO Center=  0.0D+00,  0.0D+00,  5.8D-07, r^2= 7.6D+00
   Bfn.  Coefficient  Atom+Function         Bfn.  Coefficient  Atom+Function  
  ----- ------------  ---------------      ----- ------------  ---------------
     2     -0.514106  1 H  s                  4     -0.514106  2 H  s          
     1     -0.253272  1 H  s                  3     -0.253272  2 H  s          

 Vector    2  Occ=4.827715D-01  E= 0.000000D+00
              MO Center=  0.0D+00,  0.0D+00, -5.8D-07, r^2= 7.6D+00
   Bfn.  Coefficient  Atom+Function         Bfn.  Coefficient  Atom+Function  
  ----- ------------  ---------------      ----- ------------  ---------------
     2      0.513573  1 H  s                  4     -0.513573  2 H  s          
     1      0.254083  1 H  s                  3     -0.254083  2 H  s          

 Vector    3  Occ=1.605487D-02  E= 0.000000D+00
              MO Center=  0.0D+00,  0.0D+00, -2.5D-06, r^2= 7.8D+00
   Bfn.  Coefficient  Atom+Function         Bfn.  Coefficient  Atom+Function  
  ----- ------------  ---------------      ----- ------------  ---------------
     1     -0.904400  1 H  s                  3     -0.904399  2 H  s          
     2      0.785742  1 H  s                  4      0.785742  2 H  s          

 Vector    4  Occ=1.599216D-02  E= 0.000000D+00
              MO Center=  0.0D+00,  0.0D+00,  2.5D-06, r^2= 7.8D+00
   Bfn.  Coefficient  Atom+Function         Bfn.  Coefficient  Atom+Function  
  ----- ------------  ---------------      ----- ------------  ---------------
     1     -0.904494  1 H  s                  3      0.904495  2 H  s          
     2      0.786956  1 H  s                  4     -0.786957  2 H  s          


                     WFN1 Final Beta Natural Orbital Analysis
                     ----------------------------------------

 Vector    1  Occ=4.851814D-01  E= 0.000000D+00
              MO Center=  0.0D+00,  0.0D+00,  5.8D-07, r^2= 7.6D+00
   Bfn.  Coefficient  Atom+Function         Bfn.  Coefficient  Atom+Function  
  ----- ------------  ---------------      ----- ------------  ---------------
     2     -0.514106  1 H  s                  4     -0.514106  2 H  s          
     1     -0.253272  1 H  s                  3     -0.253272  2 H  s          

 Vector    2  Occ=4.827715D-01  E= 0.000000D+00
              MO Center=  0.0D+00,  0.0D+00, -5.8D-07, r^2= 7.6D+00
   Bfn.  Coefficient  Atom+Function         Bfn.  Coefficient  Atom+Function  
  ----- ------------  ---------------      ----- ------------  ---------------
     2      0.513573  1 H  s                  4     -0.513573  2 H  s          
     1      0.254083  1 H  s                  3     -0.254083  2 H  s          

 Vector    3  Occ=1.605487D-02  E= 0.000000D+00
              MO Center=  0.0D+00,  0.0D+00, -2.5D-06, r^2= 7.8D+00
   Bfn.  Coefficient  Atom+Function         Bfn.  Coefficient  Atom+Function  
  ----- ------------  ---------------      ----- ------------  ---------------
     1     -0.904400  1 H  s                  3     -0.904399  2 H  s          
     2      0.785742  1 H  s                  4      0.785742  2 H  s          

 Vector    4  Occ=1.599216D-02  E= 0.000000D+00
              MO Center=  0.0D+00,  0.0D+00,  2.5D-06, r^2= 7.8D+00
   Bfn.  Coefficient  Atom+Function         Bfn.  Coefficient  Atom+Function  
  ----- ------------  ---------------      ----- ------------  ---------------
     1     -0.904494  1 H  s                  3      0.904495  2 H  s          
     2      0.786956  1 H  s                  4     -0.786957  2 H  s          


 Task  times  cpu:        9.8s     wall:       13.5s
 Summary of allocated global arrays
-----------------------------------
  No active global arrays



                         GA Statistics for process    0
                         ------------------------------

       create   destroy   get      put      acc     scatter   gather  read&inc
calls:   44       44     5.89e+06 1.25e+04 1.62e+04    0        0       10     
number of processes/call 1.00e+00 1.00e+00 1.00e+00 0.00e+00 0.00e+00
bytes total:             7.57e+08 2.07e+06 2.58e+06 0.00e+00 0.00e+00 8.00e+01
bytes remote:            0.00e+00 0.00e+00 0.00e+00 0.00e+00 0.00e+00 0.00e+00
Max memory consumed for GA by this process: 10624 bytes
MA_summarize_allocated_blocks: starting scan ...
MA_summarize_allocated_blocks: scan completed: 0 heap blocks, 0 stack blocks
MA usage statistics:

	allocation statistics:
					      heap	     stack
					      ----	     -----
	current number of blocks	         0	         0
	maximum number of blocks	        19	        17
	current total bytes		         0	         0
	maximum total bytes		   3204328	  22508616
	maximum total K-bytes		      3205	     22509
	maximum total M-bytes		         4	        23


                                NWChem Input Module
                                -------------------





                                     CITATION
                                     --------
                Please cite the following reference when publishing
                           results obtained with NWChem:

                 M. Valiev, E.J. Bylaska, N. Govind, K. Kowalski,
              T.P. Straatsma, H.J.J. van Dam, D. Wang, J. Nieplocha,
                        E. Apra, T.L. Windus, W.A. de Jong
                 "NWChem: a comprehensive and scalable open-source
                  solution for large scale molecular simulations"
                      Comput. Phys. Commun. 181, 1477 (2010)
                           doi:10.1016/j.cpc.2010.04.018

                                      AUTHORS
                                      -------
          E. Apra, E. J. Bylaska, W. A. de Jong, N. Govind, K. Kowalski,
       T. P. Straatsma, M. Valiev, H. J. J. van Dam, D. Wang, T. L. Windus,
        J. Hammond, J. Autschbach, K. Bhaskaran-Nair, J. Brabec, K. Lopata,
    S. A. Fischer, S. Krishnamoorthy, M. Jacquelin, W. Ma, M. Klemm, O. Villa,
      Y. Chen, V. Anisimov, F. Aquino, S. Hirata, M. T. Hackler, V. Konjkov,
      T. Risthaus, M. Malagoli, A. Marenich, A. Otero-de-la-Roza, J. Mullin,
        P. Nichols, R. Peverati, J. Pittner, Y. Zhao, P.-D. Fan, A. Fonari,
       M. Williamson, R. J. Harrison, J. R. Rehr, M. Dupuis, D. Silverstein,
    D. M. A. Smith, J. Nieplocha, V. Tipparaju, M. Krishnan, B. E. Van Kuiken,
        A. Vazquez-Mayagoitia, L. Jensen, M. Swart, Q. Wu, T. Van Voorhis,
     A. A. Auer, M. Nooijen, L. D. Crosby, E. Brown, G. Cisneros, G. I. Fann,
   H. Fruchtl, J. Garza, K. Hirao, R. A. Kendall, J. A. Nichols, K. Tsemekhman,
    K. Wolinski, J. Anchell, D. E. Bernholdt, P. Borowski, T. Clark, D. Clerc,
   H. Dachsel, M. J. O. Deegan, K. Dyall, D. Elwood, E. Glendening, M. Gutowski,
   A. C. Hess, J. Jaffe, B. G. Johnson, J. Ju, R. Kobayashi, R. Kutteh, Z. Lin,
   R. Littlefield, X. Long, B. Meng, T. Nakajima, S. Niu, L. Pollack, M. Rosing,
   K. Glaesemann, G. Sandrone, M. Stave, H. Taylor, G. Thomas, J. H. van Lenthe,
                               A. T. Wong, Z. Zhang.

 Total times  cpu:        9.8s     wall:       13.5s
