 argument  1 = input-wf.nw



============================== echo of input deck ==============================
echo
start wfn1_dat
geometry units au noautoz
  H 0 0 -1.89434600000000000000
  H 0 0  1.89434600000000000000
  symmetry cs
end
basis
  H library 6-31g
end
set wfn1:input_vectors "atomic"
set wfn1:solver "monte-carlo"
set wfn1:print_error F
set wfn1:t_initial 0.1
#set wfn1:corr_expr "wfn1_mx"
set wfn1:corr_expr "wfn1c"
set wfn1:t_bath 0.0
set wfn1:maxit  20000
task wfn1 energy
================================================================================


                                         
                                         


              Northwest Computational Chemistry Package (NWChem) 6.8
              ------------------------------------------------------


                    Environmental Molecular Sciences Laboratory
                       Pacific Northwest National Laboratory
                                Richland, WA 99352

                              Copyright (c) 1994-2015
                       Pacific Northwest National Laboratory
                            Battelle Memorial Institute

             NWChem is an open-source computational chemistry package
                        distributed under the terms of the
                      Educational Community License (ECL) 2.0
             A copy of the license is included with this distribution
                              in the LICENSE.TXT file

                                  ACKNOWLEDGMENT
                                  --------------

            This software and its documentation were developed at the
            EMSL at Pacific Northwest National Laboratory, a multiprogram
            national laboratory, operated for the U.S. Department of Energy
            by Battelle under Contract Number DE-AC05-76RL01830. Support
            for this work was provided by the Department of Energy Office
            of Biological and Environmental Research, Office of Basic
            Energy Sciences, and the Office of Advanced Scientific Computing.


           Job information
           ---------------

    hostname        = erato
    program         = ../../../bin/LINUX64/nwchem
    date            = Mon Mar  1 01:38:10 2021

    compiled        = Sun_Feb_28_18:02:42_2021
    source          = /home/hvandam/nwchem-1-wfn1
    nwchem branch   = Development
    nwchem revision = nwchem_on_git-124-gad72d19fff205e319ffbbf2bca37a04ded6ad57b
    ga revision     = nwchem_on_git-124-gad72d19
    use scalapack   = F
    input           = input-wf.nw
    prefix          = wfn1_dat.
    data base       = ./wfn1_dat.db
    status          = startup
    nproc           =        1
    time left       =     -1s



           Memory information
           ------------------

    heap     =   13107198 doubles =    100.0 Mbytes
    stack    =   13107195 doubles =    100.0 Mbytes
    global   =   26214400 doubles =    200.0 Mbytes (distinct from heap & stack)
    total    =   52428793 doubles =    400.0 Mbytes
    verify   = yes
    hardfail = no 


           Directory information
           ---------------------

  0 permanent = .
  0 scratch   = .




                                NWChem Input Module
                                -------------------


 Turning off AUTOSYM since
 SYMMETRY directive was detected!



                             Geometry "geometry" -> ""
                             -------------------------

 Output coordinates in a.u. (scale by  1.000000000 to convert to a.u.)

  No.       Tag          Charge          X              Y              Z
 ---- ---------------- ---------- -------------- -------------- --------------
    1 H                    1.0000     0.00000000     0.00000000    -1.89434600
    2 H                    1.0000     0.00000000     0.00000000     1.89434600

      Atomic Mass 
      ----------- 

      H                  1.007825


 Effective nuclear repulsion energy (a.u.)       0.2639433345

            Nuclear Dipole moment (a.u.) 
            ----------------------------
        X                 Y               Z
 ---------------- ---------------- ----------------
     0.0000000000     0.0000000000     0.0000000000

      Symmetry information
      --------------------

 Group name             Cs        
 Group number              2
 Group order               2
 No. of unique centers     1

      Symmetry unique atoms

     1


            XYZ format geometry
            -------------------
     2
 geometry
 H                     0.00000000     0.00000000    -1.00244480
 H                     0.00000000     0.00000000     1.00244480

                      Basis "ao basis" -> "" (cartesian)
                      -----
  H (Hydrogen)
  ------------
            Exponent  Coefficients 
       -------------- ---------------------------------------------------------
  1 S  1.87311370E+01  0.033495
  1 S  2.82539370E+00  0.234727
  1 S  6.40121700E-01  0.813757

  2 S  1.61277800E-01  1.000000



 Summary of "ao basis" -> "" (cartesian)
 ------------------------------------------------------------------------------
       Tag                 Description            Shells   Functions and Types
 ---------------- ------------------------------  ------  ---------------------
 H                           6-31g                   2        2   2s



                                NWChem WFN1 Module
                                ------------------



          No. of electrons :     2
           Alpha electrons :     1
            Beta electrons :     1
          Charge           :     0
          Spin multiplicity:     1

 HvD: wfn1_inpdft
 HvD: nquad_task =                     1
 HvD: iangquad   =                     0
 HvD: gridtype   = user      
 HvD: leb        =  T
 HvD: radgrid    = murakn    
 HvD: trunc_neigh=  T
 HvD: lssw       =  T
 HvD: whichssw   = erf1    
 HvD: mxnrad     =                     0
 HvD: mxnang     =                     0
 HVD: wfn1: movecs_in  = atomic                                                                                                                                                                                                                                                          
 HVD: wfn1: movecs_out = ./wfn1_dat.movecs                                                                                                                                                                                                                                               

      Superposition of Atomic Density Guess
      -------------------------------------

 Sum of atomic energies:          -0.99646508

      Non-variational initial energy
      ------------------------------

 Total energy =      -0.693638
 1-e energy   =      -1.523805
 2-e energy   =       0.566223
 HOMO         =      -0.266951
 LUMO         =      -0.106797

 iteration              energy           error
 ---------              ------           -----
         0         -0.94163233        0.080000
         1         -0.94359908        0.080000
         2         -0.94453590        0.080000
         3         -0.95106801        0.080000
         4         -0.95321483        0.080000
         5         -0.95746466        0.080000
         6         -0.95960805        0.080000
         7         -0.96079327        0.080000
         8         -0.96272320        0.080000
         9         -0.96489254        0.080000
        10         -0.96738094        0.080000
        11         -0.96888979        0.080000
        12         -0.96979253        0.080000
        13         -0.97370616        0.080000
        14         -0.97575506        0.080000
        15         -0.97599002        0.080000
        16         -0.97662598        0.080000
        17         -0.97900763        0.080000
        18         -0.97999281        0.080000
        19         -0.98203581        0.080000
        20         -0.98264088        0.080000
        21         -0.98348164        0.080000
        22         -0.98365481        0.080000
        23         -0.98484525        0.080000
        24         -0.98491235        0.080000
        25         -0.98568537        0.080000
        26         -0.98725638        0.080000
        27         -0.98810629        0.080000
        28         -0.98898611        0.080000
        29         -0.98922123        0.080000
        30         -0.98962716        0.080000
        31         -0.98983708        0.080000
        32         -0.98990009        0.080000
        33         -0.98990035        0.080000
        34         -0.99040222        0.080000
        35         -0.99105233        0.080000
        36         -0.99120435        0.080000
        37         -0.99136501        0.080000
        38         -0.99168938        0.080000
        39         -0.99187000        0.080000
        40         -0.99209388        0.080000
        41         -0.99211290        0.080000
        42         -0.99216266        0.080000
        43         -0.99218216        0.080000
        44         -0.99222707        0.080000
        45         -0.99226336        0.050397
        46         -0.99228730        0.050397
        47         -0.99229826        0.050397
        48         -0.99231517        0.050397
        49         -0.99232174        0.040000
        50         -0.99235895        0.040000
        51         -0.99237143        0.040000
        52         -0.99239233        0.040000
        53         -0.99239527        0.040000
        54         -0.99239887        0.031748
        55         -0.99239983        0.031748
        56         -0.99240155        0.031748
        57         -0.99240553        0.031748
        58         -0.99241046        0.015874
        59         -0.99241136        0.015874
        60         -0.99241259        0.015874
        61         -0.99241409        0.015874
        62         -0.99241504        0.015874
        63         -0.99241541        0.015874
        64         -0.99241704        0.012599
        65         -0.99241865        0.012599
        66         -0.99241981        0.012599
        67         -0.99242211        0.012599
        68         -0.99242358        0.012599
        69         -0.99242586        0.012599
        70         -0.99242866        0.012599
        71         -0.99242885        0.012599
        72         -0.99243088        0.012599
        73         -0.99243208        0.012599
        74         -0.99243213        0.012599
        75         -0.99243298        0.010000
        76         -0.99243307        0.007937
        77         -0.99243370        0.007937
        78         -0.99243376        0.007937
        79         -0.99243456        0.007937
        80         -0.99243640        0.007937
        81         -0.99243757        0.007937
        82         -0.99243764        0.006300
        83         -0.99243780        0.006300
        84         -0.99243881        0.006300
        85         -0.99243912        0.006300
        86         -0.99244004        0.006300
        87         -0.99244007        0.006300
        88         -0.99244107        0.006300
        89         -0.99244119        0.006300
        90         -0.99244152        0.006300
        91         -0.99244158        0.005000
        92         -0.99244165        0.005000
        93         -0.99244172        0.005000
        94         -0.99244181        0.005000
        95         -0.99244217        0.005000
        96         -0.99244253        0.005000
        97         -0.99244254        0.003150
        98         -0.99244261        0.003150
        99         -0.99244276        0.003150
       100         -0.99244279        0.003150
       101         -0.99244310        0.003150
       102         -0.99244325        0.003150
       103         -0.99244327        0.003150
       104         -0.99244346        0.003150
       105         -0.99244358        0.003150
       106         -0.99244366        0.003150
       107         -0.99244366        0.002500
       108         -0.99244370        0.002500
       109         -0.99244383        0.001984
       110         -0.99244383        0.001984
       111         -0.99244385        0.001984
       112         -0.99244386        0.001984
       113         -0.99244387        0.001984
       114         -0.99244388        0.001984
       115         -0.99244393        0.001984
       116         -0.99244399        0.001984
       117         -0.99244409        0.001984
       118         -0.99244409        0.001575
       119         -0.99244412        0.001250
       120         -0.99244413        0.001250
       121         -0.99244415        0.001250
       122         -0.99244415        0.001250
       123         -0.99244416        0.001250
       124         -0.99244416        0.001250
       125         -0.99244417        0.001250
       126         -0.99244420        0.001250
       127         -0.99244421        0.000787
       128         -0.99244421        0.000787
       129         -0.99244421        0.000625
       130         -0.99244422        0.000625
       131         -0.99244422        0.000625
       132         -0.99244423        0.000496
       133         -0.99244423        0.000496
       134         -0.99244423        0.000496
       135         -0.99244423        0.000496
       136         -0.99244424        0.000496
       137         -0.99244424        0.000496
       138         -0.99244424        0.000496
       139         -0.99244425        0.000496
       140         -0.99244425        0.000394
       141         -0.99244425        0.000394
       142         -0.99244425        0.000313
       143         -0.99244425        0.000248
       144         -0.99244425        0.000156
       145         -0.99244425        0.000156
       146         -0.99244425        0.000156
       147         -0.99244425        0.000156
       148         -0.99244425        0.000156
       149         -0.99244425        0.000156
       150         -0.99244425        0.000156
       151         -0.99244425        0.000156
       152         -0.99244425        0.000124
       153         -0.99244425        0.000124
       154         -0.99244425        0.000124
       155         -0.99244425        0.000124
       156         -0.99244425        0.000124
       157         -0.99244426        0.000124
       158         -0.99244426        0.000124
       159         -0.99244426        0.000124
       160         -0.99244426        0.000124
       161         -0.99244426        0.000098
       162         -0.99244426        0.000049
       163         -0.99244426        0.000049
       164         -0.99244426        0.000049
       165         -0.99244426        0.000049
       166         -0.99244426        0.000049
       167         -0.99244426        0.000039
       168         -0.99244426        0.000039
       169         -0.99244426        0.000039
       170         -0.99244426        0.000039
       171         -0.99244426        0.000039
       172         -0.99244426        0.000031
       173         -0.99244426        0.000031
       174         -0.99244426        0.000031
       175         -0.99244426        0.000031
       176         -0.99244426        0.000031
       177         -0.99244426        0.000031
       178         -0.99244426        0.000025
       179         -0.99244426        0.000025
       180         -0.99244426        0.000025
       181         -0.99244426        0.000025
       182         -0.99244426        0.000025
       183         -0.99244426        0.000025
       184         -0.99244426        0.000025
       185         -0.99244426        0.000025
       186         -0.99244426        0.000025
       187         -0.99244426        0.000025
       188         -0.99244426        0.000025
       189         -0.99244426        0.000025
       190         -0.99244426        0.000025
       191         -0.99244426        0.000025
       192         -0.99244426        0.000025
       193         -0.99244426        0.000025
       194         -0.99244426        0.000025
       195         -0.99244426        0.000025
       196         -0.99244426        0.000025
       197         -0.99244426        0.000020
       198         -0.99244426        0.000020
       199         -0.99244426        0.000020
       200         -0.99244426        0.000010
       201         -0.99244426        0.000010
       202         -0.99244426        0.000008
       203         -0.99244426        0.000008
       204         -0.99244426        0.000008
       205         -0.99244426        0.000008
       206         -0.99244426        0.000008
       207         -0.99244426        0.000006
       208         -0.99244426        0.000006
       209         -0.99244426        0.000005
       210         -0.99244426        0.000004
       211         -0.99244426        0.000004
       212         -0.99244426        0.000004
       213         -0.99244426        0.000004
       214         -0.99244426        0.000004
       215         -0.99244426        0.000004
       216         -0.99244426        0.000004
       217         -0.99244426        0.000004
       218         -0.99244426        0.000004
       219         -0.99244426        0.000004
       220         -0.99244426        0.000003
       221         -0.99244426        0.000003
       222         -0.99244426        0.000003
       223         -0.99244426        0.000003
       224         -0.99244426        0.000003
       225         -0.99244426        0.000003
       226         -0.99244426        0.000002
       227         -0.99244426        0.000002
       228         -0.99244426        0.000002
       229         -0.99244426        0.000002
       230         -0.99244426        0.000002
       231         -0.99244426        0.000002
       232         -0.99244426        0.000002
       233         -0.99244426        0.000002
       234         -0.99244426        0.000002
       235         -0.99244426        0.000002
       236         -0.99244426        0.000001
       237         -0.99244426        0.000001

 Reached Convergence

 WFN1                     :
 --------------------------
 Total WFN1 energy  =          -0.9924442560
 1-Electron energy  =          -1.4997166443
 2-Electron energy  =           0.4277738072
 Correlation energy =          -0.1844447534
 DFT XC energy      =           0.0000000000
 Entropy energy     =           0.0000000000
 Nuclear energy     =           0.2639433345

 conventional Hartree-Fock:
 --------------------------
 Total SCF energy  =          -0.8889454897
 2-Electron energy =           0.5312725735

                WFN1 Final Natural orbital energies and occupations
                ---------------------------------------------------

              Alpha       Beta            Alpha       Beta  
            --------    --------        --------    --------
       1      0.0000      0.0000          0.7477      0.7477
       2      0.0000      0.0000          0.2250      0.2250
       3      0.0000      0.0000          0.0154      0.0154
       4      0.0000      0.0000          0.0118      0.0118

             WFN1 Final Correlation function energies and occupations
             --------------------------------------------------------

              Alpha       Beta            Alpha       Beta  
            --------    --------        --------    --------
       1      0.0000      0.0000          1.0000      1.0000
       2      0.0000      0.0000          0.0000      0.0000
       3      0.0000      0.0000          0.0000      0.0000
       4      0.0000      0.0000          0.0000      0.0000

                WFN1 Final alpha-alpha 2-matrix occupation numbers
                --------------------------------------------------


 global array: g_momo1[1:4,1:4],  handle: -990 

            1           2           3           4  
       ----------- ----------- ----------- -----------
   1       0.00000     0.00000     0.00000     0.00000
   2       0.00000     0.00000     0.00000     0.00000
   3       0.00000     0.00000     0.00000    -0.00000
   4       0.00000     0.00000     0.00000     0.00000

                 WFN1 Final beta-beta 2-matrix occupation numbers
                 ------------------------------------------------


 global array: g_momo2[1:4,1:4],  handle: -989 

            1           2           3           4  
       ----------- ----------- ----------- -----------
   1       0.00000     0.00000     0.00000     0.00000
   2       0.00000     0.00000     0.00000     0.00000
   3       0.00000     0.00000     0.00000    -0.00000
   4       0.00000     0.00000     0.00000     0.00000

                  WFN1 Final alpha Correlation Function Analysis
                  ----------------------------------------------


 global array: Ca[1:4,1:4],  handle: -977 

                     1                       2                       3                       4  
       ----------------------- ----------------------- ----------------------- -----------------------
   1      -0.33644,    0.79658     0.24387,   -0.41013     0.14544,   -0.01740    -0.03483,   -0.04381
   2      -0.40351,   -0.24946    -0.68705,   -0.54205     0.07161,    0.05685     0.00103,    0.02713
   3       0.11326,    0.05079     0.00358,    0.03646     0.40024,    0.64911     0.32953,    0.54141
   4       0.00844,    0.10835    -0.05016,   -0.05107    -0.54807,    0.29711     0.67603,   -0.37067

                   WFN1 Final beta Correlation Function Analysis
                   ---------------------------------------------


 global array: Cb[1:4,1:4],  handle: -976 

                     1                       2                       3                       4  
       ----------------------- ----------------------- ----------------------- -----------------------
   1      -0.33644,    0.79658     0.24387,   -0.41013     0.14544,   -0.01740    -0.03483,   -0.04381
   2      -0.40351,   -0.24946    -0.68705,   -0.54205     0.07161,    0.05685     0.00103,    0.02713
   3       0.11326,    0.05079     0.00358,    0.03646     0.40024,    0.64911     0.32953,    0.54141
   4       0.00844,    0.10835    -0.05016,   -0.05107    -0.54807,    0.29711     0.67603,   -0.37067

                     WFN1 Final Alpha Natural Orbital Analysis
                     -----------------------------------------

 Vector    1  Occ=7.477347D-01  E= 0.000000D+00
              MO Center=  0.0D+00,  0.0D+00,  3.1D-07, r^2= 1.8D+00
   Bfn.  Coefficient  Atom+Function         Bfn.  Coefficient  Atom+Function  
  ----- ------------  ---------------      ----- ------------  ---------------
     2     -0.464566  1 H  s                  4     -0.464566  2 H  s          
     1     -0.230854  1 H  s                  3     -0.230855  2 H  s          

 Vector    2  Occ=2.250486D-01  E= 0.000000D+00
              MO Center=  0.0D+00,  0.0D+00, -3.9D-07, r^2= 2.0D+00
   Bfn.  Coefficient  Atom+Function         Bfn.  Coefficient  Atom+Function  
  ----- ------------  ---------------      ----- ------------  ---------------
     2      0.549781  1 H  s                  4     -0.549781  2 H  s          
     1      0.315714  1 H  s                  3     -0.315714  2 H  s          

 Vector    3  Occ=1.540677D-02  E= 0.000000D+00
              MO Center=  0.0D+00,  0.0D+00, -2.7D-06, r^2= 1.9D+00
   Bfn.  Coefficient  Atom+Function         Bfn.  Coefficient  Atom+Function  
  ----- ------------  ---------------      ----- ------------  ---------------
     1      0.908459  1 H  s                  3      0.908457  2 H  s          
     2     -0.676206  1 H  s                  4     -0.676203  2 H  s          

 Vector    4  Occ=1.180989D-02  E= 0.000000D+00
              MO Center=  0.0D+00,  0.0D+00,  2.8D-06, r^2= 2.7D+00
   Bfn.  Coefficient  Atom+Function         Bfn.  Coefficient  Atom+Function  
  ----- ------------  ---------------      ----- ------------  ---------------
     2      1.020477  1 H  s                  4     -1.020479  2 H  s          
     1     -0.909968  1 H  s                  3      0.909971  2 H  s          


                     WFN1 Final Beta Natural Orbital Analysis
                     ----------------------------------------

 Vector    1  Occ=7.477347D-01  E= 0.000000D+00
              MO Center=  0.0D+00,  0.0D+00,  3.1D-07, r^2= 1.8D+00
   Bfn.  Coefficient  Atom+Function         Bfn.  Coefficient  Atom+Function  
  ----- ------------  ---------------      ----- ------------  ---------------
     2     -0.464566  1 H  s                  4     -0.464566  2 H  s          
     1     -0.230854  1 H  s                  3     -0.230855  2 H  s          

 Vector    2  Occ=2.250486D-01  E= 0.000000D+00
              MO Center=  0.0D+00,  0.0D+00, -3.9D-07, r^2= 2.0D+00
   Bfn.  Coefficient  Atom+Function         Bfn.  Coefficient  Atom+Function  
  ----- ------------  ---------------      ----- ------------  ---------------
     2      0.549781  1 H  s                  4     -0.549781  2 H  s          
     1      0.315714  1 H  s                  3     -0.315714  2 H  s          

 Vector    3  Occ=1.540677D-02  E= 0.000000D+00
              MO Center=  0.0D+00,  0.0D+00, -2.7D-06, r^2= 1.9D+00
   Bfn.  Coefficient  Atom+Function         Bfn.  Coefficient  Atom+Function  
  ----- ------------  ---------------      ----- ------------  ---------------
     1      0.908459  1 H  s                  3      0.908457  2 H  s          
     2     -0.676206  1 H  s                  4     -0.676203  2 H  s          

 Vector    4  Occ=1.180989D-02  E= 0.000000D+00
              MO Center=  0.0D+00,  0.0D+00,  2.8D-06, r^2= 2.7D+00
   Bfn.  Coefficient  Atom+Function         Bfn.  Coefficient  Atom+Function  
  ----- ------------  ---------------      ----- ------------  ---------------
     2      1.020477  1 H  s                  4     -1.020479  2 H  s          
     1     -0.909968  1 H  s                  3      0.909971  2 H  s          


 Task  times  cpu:       10.5s     wall:       14.1s
 Summary of allocated global arrays
-----------------------------------
  No active global arrays



                         GA Statistics for process    0
                         ------------------------------

       create   destroy   get      put      acc     scatter   gather  read&inc
calls:   44       44     7.62e+06 1.60e+04 2.09e+04    0        0       11     
number of processes/call 1.00e+00 1.00e+00 1.00e+00 0.00e+00 0.00e+00
bytes total:             9.79e+08 2.67e+06 3.33e+06 0.00e+00 0.00e+00 8.80e+01
bytes remote:            0.00e+00 0.00e+00 0.00e+00 0.00e+00 0.00e+00 0.00e+00
Max memory consumed for GA by this process: 10624 bytes
MA_summarize_allocated_blocks: starting scan ...
MA_summarize_allocated_blocks: scan completed: 0 heap blocks, 0 stack blocks
MA usage statistics:

	allocation statistics:
					      heap	     stack
					      ----	     -----
	current number of blocks	         0	         0
	maximum number of blocks	        19	        17
	current total bytes		         0	         0
	maximum total bytes		   3204344	  22508664
	maximum total K-bytes		      3205	     22509
	maximum total M-bytes		         4	        23


                                NWChem Input Module
                                -------------------





                                     CITATION
                                     --------
                Please cite the following reference when publishing
                           results obtained with NWChem:

                 M. Valiev, E.J. Bylaska, N. Govind, K. Kowalski,
              T.P. Straatsma, H.J.J. van Dam, D. Wang, J. Nieplocha,
                        E. Apra, T.L. Windus, W.A. de Jong
                 "NWChem: a comprehensive and scalable open-source
                  solution for large scale molecular simulations"
                      Comput. Phys. Commun. 181, 1477 (2010)
                           doi:10.1016/j.cpc.2010.04.018

                                      AUTHORS
                                      -------
          E. Apra, E. J. Bylaska, W. A. de Jong, N. Govind, K. Kowalski,
       T. P. Straatsma, M. Valiev, H. J. J. van Dam, D. Wang, T. L. Windus,
        J. Hammond, J. Autschbach, K. Bhaskaran-Nair, J. Brabec, K. Lopata,
    S. A. Fischer, S. Krishnamoorthy, M. Jacquelin, W. Ma, M. Klemm, O. Villa,
      Y. Chen, V. Anisimov, F. Aquino, S. Hirata, M. T. Hackler, V. Konjkov,
      T. Risthaus, M. Malagoli, A. Marenich, A. Otero-de-la-Roza, J. Mullin,
        P. Nichols, R. Peverati, J. Pittner, Y. Zhao, P.-D. Fan, A. Fonari,
       M. Williamson, R. J. Harrison, J. R. Rehr, M. Dupuis, D. Silverstein,
    D. M. A. Smith, J. Nieplocha, V. Tipparaju, M. Krishnan, B. E. Van Kuiken,
        A. Vazquez-Mayagoitia, L. Jensen, M. Swart, Q. Wu, T. Van Voorhis,
     A. A. Auer, M. Nooijen, L. D. Crosby, E. Brown, G. Cisneros, G. I. Fann,
   H. Fruchtl, J. Garza, K. Hirao, R. A. Kendall, J. A. Nichols, K. Tsemekhman,
    K. Wolinski, J. Anchell, D. E. Bernholdt, P. Borowski, T. Clark, D. Clerc,
   H. Dachsel, M. J. O. Deegan, K. Dyall, D. Elwood, E. Glendening, M. Gutowski,
   A. C. Hess, J. Jaffe, B. G. Johnson, J. Ju, R. Kobayashi, R. Kutteh, Z. Lin,
   R. Littlefield, X. Long, B. Meng, T. Nakajima, S. Niu, L. Pollack, M. Rosing,
   K. Glaesemann, G. Sandrone, M. Stave, H. Taylor, G. Thomas, J. H. van Lenthe,
                               A. T. Wong, Z. Zhang.

 Total times  cpu:       10.5s     wall:       14.1s
