 argument  1 = input-wf.nw



============================== echo of input deck ==============================
echo
start wfn1_dat
geometry units au noautoz
  H 0 0 -2.44434600000000000000
  H 0 0  2.44434600000000000000
  symmetry cs
end
basis
  H library 6-31g
end
set wfn1:input_vectors "atomic"
set wfn1:solver "monte-carlo"
set wfn1:print_error F
set wfn1:t_initial 0.1
#set wfn1:corr_expr "wfn1_mx"
set wfn1:corr_expr "wfn1c"
set wfn1:t_bath 0.0
set wfn1:maxit  20000
task wfn1 energy
================================================================================


                                         
                                         


              Northwest Computational Chemistry Package (NWChem) 6.8
              ------------------------------------------------------


                    Environmental Molecular Sciences Laboratory
                       Pacific Northwest National Laboratory
                                Richland, WA 99352

                              Copyright (c) 1994-2015
                       Pacific Northwest National Laboratory
                            Battelle Memorial Institute

             NWChem is an open-source computational chemistry package
                        distributed under the terms of the
                      Educational Community License (ECL) 2.0
             A copy of the license is included with this distribution
                              in the LICENSE.TXT file

                                  ACKNOWLEDGMENT
                                  --------------

            This software and its documentation were developed at the
            EMSL at Pacific Northwest National Laboratory, a multiprogram
            national laboratory, operated for the U.S. Department of Energy
            by Battelle under Contract Number DE-AC05-76RL01830. Support
            for this work was provided by the Department of Energy Office
            of Biological and Environmental Research, Office of Basic
            Energy Sciences, and the Office of Advanced Scientific Computing.


           Job information
           ---------------

    hostname        = erato
    program         = ../../../bin/LINUX64/nwchem
    date            = Mon Mar  1 01:41:05 2021

    compiled        = Sun_Feb_28_18:02:42_2021
    source          = /home/hvandam/nwchem-1-wfn1
    nwchem branch   = Development
    nwchem revision = nwchem_on_git-124-gad72d19fff205e319ffbbf2bca37a04ded6ad57b
    ga revision     = nwchem_on_git-124-gad72d19
    use scalapack   = F
    input           = input-wf.nw
    prefix          = wfn1_dat.
    data base       = ./wfn1_dat.db
    status          = startup
    nproc           =        1
    time left       =     -1s



           Memory information
           ------------------

    heap     =   13107200 doubles =    100.0 Mbytes
    stack    =   13107197 doubles =    100.0 Mbytes
    global   =   26214400 doubles =    200.0 Mbytes (distinct from heap & stack)
    total    =   52428797 doubles =    400.0 Mbytes
    verify   = yes
    hardfail = no 


           Directory information
           ---------------------

  0 permanent = .
  0 scratch   = .




                                NWChem Input Module
                                -------------------


 Turning off AUTOSYM since
 SYMMETRY directive was detected!



                             Geometry "geometry" -> ""
                             -------------------------

 Output coordinates in a.u. (scale by  1.000000000 to convert to a.u.)

  No.       Tag          Charge          X              Y              Z
 ---- ---------------- ---------- -------------- -------------- --------------
    1 H                    1.0000     0.00000000     0.00000000    -2.44434600
    2 H                    1.0000     0.00000000     0.00000000     2.44434600

      Atomic Mass 
      ----------- 

      H                  1.007825


 Effective nuclear repulsion energy (a.u.)       0.2045536925

            Nuclear Dipole moment (a.u.) 
            ----------------------------
        X                 Y               Z
 ---------------- ---------------- ----------------
     0.0000000000     0.0000000000     0.0000000000

      Symmetry information
      --------------------

 Group name             Cs        
 Group number              2
 Group order               2
 No. of unique centers     1

      Symmetry unique atoms

     1


            XYZ format geometry
            -------------------
     2
 geometry
 H                     0.00000000     0.00000000    -1.29349229
 H                     0.00000000     0.00000000     1.29349229

                      Basis "ao basis" -> "" (cartesian)
                      -----
  H (Hydrogen)
  ------------
            Exponent  Coefficients 
       -------------- ---------------------------------------------------------
  1 S  1.87311370E+01  0.033495
  1 S  2.82539370E+00  0.234727
  1 S  6.40121700E-01  0.813757

  2 S  1.61277800E-01  1.000000



 Summary of "ao basis" -> "" (cartesian)
 ------------------------------------------------------------------------------
       Tag                 Description            Shells   Functions and Types
 ---------------- ------------------------------  ------  ---------------------
 H                           6-31g                   2        2   2s



                                NWChem WFN1 Module
                                ------------------



          No. of electrons :     2
           Alpha electrons :     1
            Beta electrons :     1
          Charge           :     0
          Spin multiplicity:     1

 HvD: wfn1_inpdft
 HvD: nquad_task =                     1
 HvD: iangquad   =                     0
 HvD: gridtype   = user      
 HvD: leb        =  T
 HvD: radgrid    = murakn    
 HvD: trunc_neigh=  T
 HvD: lssw       =  T
 HvD: whichssw   = erf1    
 HvD: mxnrad     =                     0
 HvD: mxnang     =                     0
 HVD: wfn1: movecs_in  = atomic                                                                                                                                                                                                                                                          
 HVD: wfn1: movecs_out = ./wfn1_dat.movecs                                                                                                                                                                                                                                               

      Superposition of Atomic Density Guess
      -------------------------------------

 Sum of atomic energies:          -0.99646508

      Non-variational initial energy
      ------------------------------

 Total energy =      -0.683885
 1-e energy   =      -1.405558
 2-e energy   =       0.517119
 HOMO         =      -0.225112
 LUMO         =      -0.154726

 iteration              energy           error
 ---------              ------           -----
         0         -0.90257307        0.080000
         1         -0.90819423        0.080000
         2         -0.91056517        0.080000
         3         -0.91066871        0.080000
         4         -0.91195083        0.080000
         5         -0.91354317        0.080000
         6         -0.91674926        0.080000
         7         -0.91758927        0.080000
         8         -0.92027577        0.080000
         9         -0.92148653        0.080000
        10         -0.92741829        0.080000
        11         -0.92770186        0.080000
        12         -0.92852945        0.080000
        13         -0.93330262        0.080000
        14         -0.93881706        0.080000
        15         -0.94172516        0.080000
        16         -0.94225172        0.080000
        17         -0.94366694        0.080000
        18         -0.94652659        0.080000
        19         -0.94779544        0.080000
        20         -0.94950877        0.080000
        21         -0.95150315        0.080000
        22         -0.95533338        0.080000
        23         -0.95674398        0.080000
        24         -0.95965517        0.080000
        25         -0.96004079        0.080000
        26         -0.96085670        0.080000
        27         -0.96113850        0.080000
        28         -0.96213474        0.080000
        29         -0.96318127        0.080000
        30         -0.96424025        0.080000
        31         -0.96494512        0.080000
        32         -0.96541884        0.080000
        33         -0.96578991        0.080000
        34         -0.96608141        0.080000
        35         -0.96610890        0.080000
        36         -0.96622600        0.080000
        37         -0.96653583        0.080000
        38         -0.96654279        0.080000
        39         -0.96677813        0.080000
        40         -0.96680100        0.080000
        41         -0.96680695        0.080000
        42         -0.96695444        0.080000
        43         -0.96714268        0.080000
        44         -0.96717264        0.080000
        45         -0.96731250        0.080000
        46         -0.96733559        0.080000
        47         -0.96742093        0.080000
        48         -0.96756281        0.080000
        49         -0.96765750        0.080000
        50         -0.96766248        0.080000
        51         -0.96769973        0.080000
        52         -0.96770779        0.080000
        53         -0.96773226        0.080000
        54         -0.96775482        0.080000
        55         -0.96777326        0.080000
        56         -0.96777561        0.063496
        57         -0.96780042        0.063496
        58         -0.96780083        0.063496
        59         -0.96780131        0.050397
        60         -0.96784040        0.050397
        61         -0.96784041        0.040000
        62         -0.96784928        0.040000
        63         -0.96785238        0.040000
        64         -0.96785682        0.040000
        65         -0.96785776        0.040000
        66         -0.96786206        0.040000
        67         -0.96786645        0.040000
        68         -0.96786666        0.025198
        69         -0.96786819        0.025198
        70         -0.96787202        0.015874
        71         -0.96787221        0.015874
        72         -0.96787645        0.012599
        73         -0.96787744        0.012599
        74         -0.96787760        0.012599
        75         -0.96788054        0.012599
        76         -0.96788066        0.012599
        77         -0.96788083        0.010000
        78         -0.96788097        0.007937
        79         -0.96788145        0.007937
        80         -0.96788209        0.007937
        81         -0.96788210        0.006300
        82         -0.96788219        0.003969
        83         -0.96788240        0.003150
        84         -0.96788241        0.001984
        85         -0.96788241        0.001984
        86         -0.96788242        0.001984
        87         -0.96788242        0.001984
        88         -0.96788243        0.000992
        89         -0.96788244        0.000992
        90         -0.96788244        0.000787
        91         -0.96788244        0.000496
        92         -0.96788244        0.000313
        93         -0.96788244        0.000313
        94         -0.96788244        0.000313
        95         -0.96788245        0.000313
        96         -0.96788245        0.000248
        97         -0.96788245        0.000248
        98         -0.96788245        0.000248
        99         -0.96788245        0.000248
       100         -0.96788245        0.000248
       101         -0.96788245        0.000156
       102         -0.96788245        0.000156
       103         -0.96788245        0.000124
       104         -0.96788245        0.000078
       105         -0.96788245        0.000062
       106         -0.96788245        0.000062
       107         -0.96788245        0.000062
       108         -0.96788245        0.000062
       109         -0.96788245        0.000031
       110         -0.96788245        0.000031
       111         -0.96788245        0.000016
       112         -0.96788245        0.000016
       113         -0.96788245        0.000016
       114         -0.96788245        0.000016
       115         -0.96788245        0.000016
       116         -0.96788245        0.000012
       117         -0.96788245        0.000010
       118         -0.96788245        0.000010
       119         -0.96788245        0.000010
       120         -0.96788245        0.000010
       121         -0.96788245        0.000010
       122         -0.96788245        0.000008
       123         -0.96788245        0.000008
       124         -0.96788245        0.000006
       125         -0.96788245        0.000006
       126         -0.96788245        0.000005
       127         -0.96788245        0.000005
       128         -0.96788245        0.000005
       129         -0.96788245        0.000003
       130         -0.96788245        0.000002
       131         -0.96788245        0.000002
       132         -0.96788245        0.000002
       133         -0.96788245        0.000002
       134         -0.96788245        0.000002
       135         -0.96788245        0.000001
       136         -0.96788245        0.000001
       137         -0.96788245        0.000001
       138         -0.96788245        0.000001

 Reached Convergence

 WFN1                     :
 --------------------------
 Total WFN1 energy  =          -0.9678824476
 1-Electron energy  =          -1.3458781250
 2-Electron energy  =           0.3969475400
 Correlation energy =          -0.2235055551
 DFT XC energy      =           0.0000000000
 Entropy energy     =           0.0000000000
 Nuclear energy     =           0.2045536925

 conventional Hartree-Fock:
 --------------------------
 Total SCF energy  =          -0.8594336308
 2-Electron energy =           0.5053963568

                WFN1 Final Natural orbital energies and occupations
                ---------------------------------------------------

              Alpha       Beta            Alpha       Beta  
            --------    --------        --------    --------
       1      0.0000      0.0000          0.6184      0.6184
       2      0.0000      0.0000          0.3489      0.3489
       3      0.0000      0.0000          0.0187      0.0187
       4      0.0000      0.0000          0.0140      0.0140

             WFN1 Final Correlation function energies and occupations
             --------------------------------------------------------

              Alpha       Beta            Alpha       Beta  
            --------    --------        --------    --------
       1      0.0000      0.0000          1.0000      1.0000
       2      0.0000      0.0000          0.0000      0.0000
       3      0.0000      0.0000          0.0000      0.0000
       4      0.0000      0.0000          0.0000      0.0000

                WFN1 Final alpha-alpha 2-matrix occupation numbers
                --------------------------------------------------


 global array: g_momo1[1:4,1:4],  handle: -990 

            1           2           3           4  
       ----------- ----------- ----------- -----------
   1       0.00000     0.00000     0.00000     0.00000
   2      -0.00000     0.00000     0.00000     0.00000
   3       0.00000     0.00000    -0.00000     0.00000
   4      -0.00000     0.00000     0.00000     0.00000

                 WFN1 Final beta-beta 2-matrix occupation numbers
                 ------------------------------------------------


 global array: g_momo2[1:4,1:4],  handle: -989 

            1           2           3           4  
       ----------- ----------- ----------- -----------
   1       0.00000     0.00000     0.00000     0.00000
   2      -0.00000     0.00000     0.00000     0.00000
   3       0.00000     0.00000    -0.00000     0.00000
   4      -0.00000     0.00000     0.00000     0.00000

                  WFN1 Final alpha Correlation Function Analysis
                  ----------------------------------------------


 global array: Ca[1:4,1:4],  handle: -981 

                     1                       2                       3                       4  
       ----------------------- ----------------------- ----------------------- -----------------------
   1       0.78358,   -0.06666    -0.59654,    0.06047     0.04692,   -0.07221     0.01989,    0.11931
   2       0.57720,   -0.12525     0.77903,   -0.17813     0.03426,   -0.00685     0.03066,    0.10182
   3      -0.13349,    0.02990     0.02882,   -0.00155     0.08404,   -0.84102    -0.08002,    0.50958
   4      -0.11830,    0.00029    -0.02861,    0.01465     0.21967,    0.47826     0.32731,    0.77515

                   WFN1 Final beta Correlation Function Analysis
                   ---------------------------------------------


 global array: Cb[1:4,1:4],  handle: -980 

                     1                       2                       3                       4  
       ----------------------- ----------------------- ----------------------- -----------------------
   1       0.78358,   -0.06666    -0.59654,    0.06047     0.04692,   -0.07221     0.01989,    0.11931
   2       0.57720,   -0.12525     0.77903,   -0.17813     0.03426,   -0.00685     0.03066,    0.10182
   3      -0.13349,    0.02990     0.02882,   -0.00155     0.08404,   -0.84102    -0.08002,    0.50958
   4      -0.11830,    0.00029    -0.02861,    0.01465     0.21967,    0.47826     0.32731,    0.77515

                     WFN1 Final Alpha Natural Orbital Analysis
                     -----------------------------------------

 Vector    1  Occ=6.184400D-01  E= 0.000000D+00
              MO Center=  0.0D+00,  0.0D+00, -9.8D-08, r^2= 2.5D+00
   Bfn.  Coefficient  Atom+Function         Bfn.  Coefficient  Atom+Function  
  ----- ------------  ---------------      ----- ------------  ---------------
     2     -0.499829  1 H  s                  4     -0.499829  2 H  s          
     1     -0.232533  1 H  s                  3     -0.232533  2 H  s          

 Vector    2  Occ=3.488521D-01  E= 0.000000D+00
              MO Center=  0.0D+00,  0.0D+00,  9.4D-08, r^2= 2.6D+00
   Bfn.  Coefficient  Atom+Function         Bfn.  Coefficient  Atom+Function  
  ----- ------------  ---------------      ----- ------------  ---------------
     2     -0.520582  1 H  s                  4      0.520582  2 H  s          
     1     -0.285370  1 H  s                  3      0.285370  2 H  s          

 Vector    3  Occ=1.871397D-02  E= 0.000000D+00
              MO Center=  0.0D+00,  0.0D+00, -6.1D-08, r^2= 2.6D+00
   Bfn.  Coefficient  Atom+Function         Bfn.  Coefficient  Atom+Function  
  ----- ------------  ---------------      ----- ------------  ---------------
     1     -0.892180  1 H  s                  3     -0.892180  2 H  s          
     2      0.701751  1 H  s                  4      0.701751  2 H  s          

 Vector    4  Occ=1.399396D-02  E= 0.000000D+00
              MO Center=  0.0D+00,  0.0D+00,  6.6D-08, r^2= 3.2D+00
   Bfn.  Coefficient  Atom+Function         Bfn.  Coefficient  Atom+Function  
  ----- ------------  ---------------      ----- ------------  ---------------
     1     -0.922778  1 H  s                  3      0.922778  2 H  s          
     2      0.905831  1 H  s                  4     -0.905831  2 H  s          


                     WFN1 Final Beta Natural Orbital Analysis
                     ----------------------------------------

 Vector    1  Occ=6.184400D-01  E= 0.000000D+00
              MO Center=  0.0D+00,  0.0D+00, -9.8D-08, r^2= 2.5D+00
   Bfn.  Coefficient  Atom+Function         Bfn.  Coefficient  Atom+Function  
  ----- ------------  ---------------      ----- ------------  ---------------
     2     -0.499829  1 H  s                  4     -0.499829  2 H  s          
     1     -0.232533  1 H  s                  3     -0.232533  2 H  s          

 Vector    2  Occ=3.488521D-01  E= 0.000000D+00
              MO Center=  0.0D+00,  0.0D+00,  9.4D-08, r^2= 2.6D+00
   Bfn.  Coefficient  Atom+Function         Bfn.  Coefficient  Atom+Function  
  ----- ------------  ---------------      ----- ------------  ---------------
     2     -0.520582  1 H  s                  4      0.520582  2 H  s          
     1     -0.285370  1 H  s                  3      0.285370  2 H  s          

 Vector    3  Occ=1.871397D-02  E= 0.000000D+00
              MO Center=  0.0D+00,  0.0D+00, -6.1D-08, r^2= 2.6D+00
   Bfn.  Coefficient  Atom+Function         Bfn.  Coefficient  Atom+Function  
  ----- ------------  ---------------      ----- ------------  ---------------
     1     -0.892180  1 H  s                  3     -0.892180  2 H  s          
     2      0.701751  1 H  s                  4      0.701751  2 H  s          

 Vector    4  Occ=1.399396D-02  E= 0.000000D+00
              MO Center=  0.0D+00,  0.0D+00,  6.6D-08, r^2= 3.2D+00
   Bfn.  Coefficient  Atom+Function         Bfn.  Coefficient  Atom+Function  
  ----- ------------  ---------------      ----- ------------  ---------------
     1     -0.922778  1 H  s                  3      0.922778  2 H  s          
     2      0.905831  1 H  s                  4     -0.905831  2 H  s          


 Task  times  cpu:       10.0s     wall:       15.0s
 Summary of allocated global arrays
-----------------------------------
  No active global arrays



                         GA Statistics for process    0
                         ------------------------------

       create   destroy   get      put      acc     scatter   gather  read&inc
calls:   44       44     5.60e+06 1.19e+04 1.54e+04    0        0       11     
number of processes/call 1.00e+00 1.00e+00 1.00e+00 0.00e+00 0.00e+00
bytes total:             7.19e+08 1.96e+06 2.45e+06 0.00e+00 0.00e+00 8.80e+01
bytes remote:            0.00e+00 0.00e+00 0.00e+00 0.00e+00 0.00e+00 0.00e+00
Max memory consumed for GA by this process: 10624 bytes
MA_summarize_allocated_blocks: starting scan ...
MA_summarize_allocated_blocks: scan completed: 0 heap blocks, 0 stack blocks
MA usage statistics:

	allocation statistics:
					      heap	     stack
					      ----	     -----
	current number of blocks	         0	         0
	maximum number of blocks	        19	        17
	current total bytes		         0	         0
	maximum total bytes		   3204328	  22508616
	maximum total K-bytes		      3205	     22509
	maximum total M-bytes		         4	        23


                                NWChem Input Module
                                -------------------





                                     CITATION
                                     --------
                Please cite the following reference when publishing
                           results obtained with NWChem:

                 M. Valiev, E.J. Bylaska, N. Govind, K. Kowalski,
              T.P. Straatsma, H.J.J. van Dam, D. Wang, J. Nieplocha,
                        E. Apra, T.L. Windus, W.A. de Jong
                 "NWChem: a comprehensive and scalable open-source
                  solution for large scale molecular simulations"
                      Comput. Phys. Commun. 181, 1477 (2010)
                           doi:10.1016/j.cpc.2010.04.018

                                      AUTHORS
                                      -------
          E. Apra, E. J. Bylaska, W. A. de Jong, N. Govind, K. Kowalski,
       T. P. Straatsma, M. Valiev, H. J. J. van Dam, D. Wang, T. L. Windus,
        J. Hammond, J. Autschbach, K. Bhaskaran-Nair, J. Brabec, K. Lopata,
    S. A. Fischer, S. Krishnamoorthy, M. Jacquelin, W. Ma, M. Klemm, O. Villa,
      Y. Chen, V. Anisimov, F. Aquino, S. Hirata, M. T. Hackler, V. Konjkov,
      T. Risthaus, M. Malagoli, A. Marenich, A. Otero-de-la-Roza, J. Mullin,
        P. Nichols, R. Peverati, J. Pittner, Y. Zhao, P.-D. Fan, A. Fonari,
       M. Williamson, R. J. Harrison, J. R. Rehr, M. Dupuis, D. Silverstein,
    D. M. A. Smith, J. Nieplocha, V. Tipparaju, M. Krishnan, B. E. Van Kuiken,
        A. Vazquez-Mayagoitia, L. Jensen, M. Swart, Q. Wu, T. Van Voorhis,
     A. A. Auer, M. Nooijen, L. D. Crosby, E. Brown, G. Cisneros, G. I. Fann,
   H. Fruchtl, J. Garza, K. Hirao, R. A. Kendall, J. A. Nichols, K. Tsemekhman,
    K. Wolinski, J. Anchell, D. E. Bernholdt, P. Borowski, T. Clark, D. Clerc,
   H. Dachsel, M. J. O. Deegan, K. Dyall, D. Elwood, E. Glendening, M. Gutowski,
   A. C. Hess, J. Jaffe, B. G. Johnson, J. Ju, R. Kobayashi, R. Kutteh, Z. Lin,
   R. Littlefield, X. Long, B. Meng, T. Nakajima, S. Niu, L. Pollack, M. Rosing,
   K. Glaesemann, G. Sandrone, M. Stave, H. Taylor, G. Thomas, J. H. van Lenthe,
                               A. T. Wong, Z. Zhang.

 Total times  cpu:       10.0s     wall:       15.0s
