 argument  1 = input-wf.nw



============================== echo of input deck ==============================
echo
start wfn1_dat
geometry units au noautoz
  H 0 0 -2.89434600000000000000
  H 0 0  2.89434600000000000000
  symmetry cs
end
basis
  H library 6-31g
end
set wfn1:input_vectors "atomic"
set wfn1:solver "monte-carlo"
set wfn1:print_error F
set wfn1:t_initial 0.1
#set wfn1:corr_expr "wfn1_mx"
set wfn1:corr_expr "wfn1c"
set wfn1:t_bath 0.0
set wfn1:maxit  20000
task wfn1 energy
================================================================================


                                         
                                         


              Northwest Computational Chemistry Package (NWChem) 6.8
              ------------------------------------------------------


                    Environmental Molecular Sciences Laboratory
                       Pacific Northwest National Laboratory
                                Richland, WA 99352

                              Copyright (c) 1994-2015
                       Pacific Northwest National Laboratory
                            Battelle Memorial Institute

             NWChem is an open-source computational chemistry package
                        distributed under the terms of the
                      Educational Community License (ECL) 2.0
             A copy of the license is included with this distribution
                              in the LICENSE.TXT file

                                  ACKNOWLEDGMENT
                                  --------------

            This software and its documentation were developed at the
            EMSL at Pacific Northwest National Laboratory, a multiprogram
            national laboratory, operated for the U.S. Department of Energy
            by Battelle under Contract Number DE-AC05-76RL01830. Support
            for this work was provided by the Department of Energy Office
            of Biological and Environmental Research, Office of Basic
            Energy Sciences, and the Office of Advanced Scientific Computing.


           Job information
           ---------------

    hostname        = erato
    program         = ../../../bin/LINUX64/nwchem
    date            = Mon Mar  1 01:43:38 2021

    compiled        = Sun_Feb_28_18:02:42_2021
    source          = /home/hvandam/nwchem-1-wfn1
    nwchem branch   = Development
    nwchem revision = nwchem_on_git-124-gad72d19fff205e319ffbbf2bca37a04ded6ad57b
    ga revision     = nwchem_on_git-124-gad72d19
    use scalapack   = F
    input           = input-wf.nw
    prefix          = wfn1_dat.
    data base       = ./wfn1_dat.db
    status          = startup
    nproc           =        1
    time left       =     -1s



           Memory information
           ------------------

    heap     =   13107198 doubles =    100.0 Mbytes
    stack    =   13107195 doubles =    100.0 Mbytes
    global   =   26214400 doubles =    200.0 Mbytes (distinct from heap & stack)
    total    =   52428793 doubles =    400.0 Mbytes
    verify   = yes
    hardfail = no 


           Directory information
           ---------------------

  0 permanent = .
  0 scratch   = .




                                NWChem Input Module
                                -------------------


 Turning off AUTOSYM since
 SYMMETRY directive was detected!



                             Geometry "geometry" -> ""
                             -------------------------

 Output coordinates in a.u. (scale by  1.000000000 to convert to a.u.)

  No.       Tag          Charge          X              Y              Z
 ---- ---------------- ---------- -------------- -------------- --------------
    1 H                    1.0000     0.00000000     0.00000000    -2.89434600
    2 H                    1.0000     0.00000000     0.00000000     2.89434600

      Atomic Mass 
      ----------- 

      H                  1.007825


 Effective nuclear repulsion energy (a.u.)       0.1727505972

            Nuclear Dipole moment (a.u.) 
            ----------------------------
        X                 Y               Z
 ---------------- ---------------- ----------------
     0.0000000000     0.0000000000     0.0000000000

      Symmetry information
      --------------------

 Group name             Cs        
 Group number              2
 Group order               2
 No. of unique centers     1

      Symmetry unique atoms

     1


            XYZ format geometry
            -------------------
     2
 geometry
 H                     0.00000000     0.00000000    -1.53162205
 H                     0.00000000     0.00000000     1.53162205

                      Basis "ao basis" -> "" (cartesian)
                      -----
  H (Hydrogen)
  ------------
            Exponent  Coefficients 
       -------------- ---------------------------------------------------------
  1 S  1.87311370E+01  0.033495
  1 S  2.82539370E+00  0.234727
  1 S  6.40121700E-01  0.813757

  2 S  1.61277800E-01  1.000000



 Summary of "ao basis" -> "" (cartesian)
 ------------------------------------------------------------------------------
       Tag                 Description            Shells   Functions and Types
 ---------------- ------------------------------  ------  ---------------------
 H                           6-31g                   2        2   2s



                                NWChem WFN1 Module
                                ------------------



          No. of electrons :     2
           Alpha electrons :     1
            Beta electrons :     1
          Charge           :     0
          Spin multiplicity:     1

 HvD: wfn1_inpdft
 HvD: nquad_task =                     1
 HvD: iangquad   =                     0
 HvD: gridtype   = user      
 HvD: leb        =  T
 HvD: radgrid    = murakn    
 HvD: trunc_neigh=  T
 HvD: lssw       =  T
 HvD: whichssw   = erf1    
 HvD: mxnrad     =                     0
 HvD: mxnang     =                     0
 HVD: wfn1: movecs_in  = atomic                                                                                                                                                                                                                                                          
 HVD: wfn1: movecs_out = ./wfn1_dat.movecs                                                                                                                                                                                                                                               

      Superposition of Atomic Density Guess
      -------------------------------------

 Sum of atomic energies:          -0.99646508

      Non-variational initial energy
      ------------------------------

 Total energy =      -0.682415
 1-e energy   =      -1.341967
 2-e energy   =       0.486801
 HOMO         =      -0.208027
 LUMO         =      -0.173696

 iteration              energy           error
 ---------              ------           -----
         0         -0.88864725        0.080000
         1         -0.89539947        0.080000
         2         -0.90310566        0.080000
         3         -0.90354243        0.080000
         4         -0.90932064        0.080000
         5         -0.91291220        0.080000
         6         -0.91628723        0.080000
         7         -0.91771258        0.080000
         8         -0.91875558        0.080000
         9         -0.92325465        0.080000
        10         -0.92549834        0.080000
        11         -0.92702177        0.080000
        12         -0.92958220        0.080000
        13         -0.93371676        0.080000
        14         -0.93483955        0.080000
        15         -0.93769218        0.080000
        16         -0.94021899        0.080000
        17         -0.94158687        0.080000
        18         -0.94163973        0.080000
        19         -0.94193193        0.080000
        20         -0.94437758        0.080000
        21         -0.94499936        0.080000
        22         -0.94649290        0.080000
        23         -0.94742272        0.080000
        24         -0.94878423        0.080000
        25         -0.95094775        0.080000
        26         -0.95187414        0.080000
        27         -0.95220044        0.080000
        28         -0.95332058        0.080000
        29         -0.95351669        0.080000
        30         -0.95396042        0.080000
        31         -0.95399285        0.080000
        32         -0.95476113        0.080000
        33         -0.95487735        0.080000
        34         -0.95508620        0.080000
        35         -0.95543516        0.080000
        36         -0.95554059        0.080000
        37         -0.95563786        0.080000
        38         -0.95570552        0.080000
        39         -0.95570834        0.080000
        40         -0.95576687        0.080000
        41         -0.95591327        0.080000
        42         -0.95593801        0.063496
        43         -0.95598259        0.063496
        44         -0.95599433        0.063496
        45         -0.95603482        0.063496
        46         -0.95603851        0.050397
        47         -0.95607034        0.050397
        48         -0.95608375        0.050397
        49         -0.95608631        0.050397
        50         -0.95611265        0.050397
        51         -0.95612907        0.050397
        52         -0.95613099        0.050397
        53         -0.95615789        0.050397
        54         -0.95616373        0.040000
        55         -0.95616748        0.040000
        56         -0.95618505        0.040000
        57         -0.95618691        0.040000
        58         -0.95618771        0.031748
        59         -0.95620433        0.031748
        60         -0.95620554        0.031748
        61         -0.95620989        0.020000
        62         -0.95621347        0.010000
        63         -0.95621602        0.010000
        64         -0.95621769        0.010000
        65         -0.95621921        0.007937
        66         -0.95621953        0.007937
        67         -0.95621987        0.007937
        68         -0.95622116        0.007937
        69         -0.95622268        0.007937
        70         -0.95622310        0.007937
        71         -0.95622342        0.007937
        72         -0.95622386        0.007937
        73         -0.95622414        0.007937
        74         -0.95622415        0.007937
        75         -0.95622592        0.007937
        76         -0.95622602        0.007937
        77         -0.95622630        0.007937
        78         -0.95622671        0.007937
        79         -0.95622819        0.007937
        80         -0.95622849        0.007937
        81         -0.95622904        0.007937
        82         -0.95623063        0.007937
        83         -0.95623091        0.006300
        84         -0.95623107        0.006300
        85         -0.95623170        0.005000
        86         -0.95623178        0.005000
        87         -0.95623192        0.005000
        88         -0.95623218        0.005000
        89         -0.95623241        0.005000
        90         -0.95623286        0.005000
        91         -0.95623312        0.005000
        92         -0.95623323        0.005000
        93         -0.95623327        0.003969
        94         -0.95623346        0.003969
        95         -0.95623376        0.003969
        96         -0.95623384        0.003150
        97         -0.95623394        0.002500
        98         -0.95623403        0.002500
        99         -0.95623405        0.001984
       100         -0.95623406        0.001250
       101         -0.95623409        0.001250
       102         -0.95623409        0.001250
       103         -0.95623409        0.001250
       104         -0.95623409        0.000992
       105         -0.95623409        0.000992
       106         -0.95623410        0.000992
       107         -0.95623410        0.000992
       108         -0.95623411        0.000787
       109         -0.95623411        0.000787
       110         -0.95623411        0.000787
       111         -0.95623411        0.000496
       112         -0.95623412        0.000496
       113         -0.95623412        0.000496
       114         -0.95623412        0.000496
       115         -0.95623412        0.000394
       116         -0.95623412        0.000394
       117         -0.95623412        0.000394
       118         -0.95623412        0.000313
       119         -0.95623412        0.000313
       120         -0.95623413        0.000313
       121         -0.95623413        0.000313
       122         -0.95623413        0.000248
       123         -0.95623413        0.000156
       124         -0.95623413        0.000156
       125         -0.95623413        0.000156
       126         -0.95623413        0.000156
       127         -0.95623413        0.000098
       128         -0.95623413        0.000078
       129         -0.95623413        0.000049
       130         -0.95623413        0.000039
       131         -0.95623413        0.000039
       132         -0.95623413        0.000031
       133         -0.95623413        0.000031
       134         -0.95623413        0.000031
       135         -0.95623413        0.000031
       136         -0.95623413        0.000031
       137         -0.95623413        0.000031
       138         -0.95623413        0.000031
       139         -0.95623413        0.000031
       140         -0.95623413        0.000031
       141         -0.95623413        0.000031
       142         -0.95623413        0.000031
       143         -0.95623413        0.000025
       144         -0.95623413        0.000025
       145         -0.95623413        0.000025
       146         -0.95623413        0.000025
       147         -0.95623413        0.000025
       148         -0.95623413        0.000025
       149         -0.95623413        0.000025
       150         -0.95623413        0.000025
       151         -0.95623413        0.000025
       152         -0.95623413        0.000025
       153         -0.95623413        0.000025
       154         -0.95623413        0.000020
       155         -0.95623413        0.000020
       156         -0.95623413        0.000020
       157         -0.95623413        0.000020
       158         -0.95623413        0.000020
       159         -0.95623413        0.000016
       160         -0.95623413        0.000016
       161         -0.95623413        0.000012
       162         -0.95623413        0.000012
       163         -0.95623413        0.000010
       164         -0.95623413        0.000010
       165         -0.95623413        0.000010
       166         -0.95623413        0.000010
       167         -0.95623413        0.000010
       168         -0.95623413        0.000008
       169         -0.95623413        0.000006
       170         -0.95623413        0.000006
       171         -0.95623413        0.000006
       172         -0.95623413        0.000006
       173         -0.95623413        0.000006
       174         -0.95623413        0.000006
       175         -0.95623413        0.000006
       176         -0.95623413        0.000005
       177         -0.95623413        0.000005
       178         -0.95623413        0.000005
       179         -0.95623413        0.000004
       180         -0.95623413        0.000004
       181         -0.95623413        0.000003
       182         -0.95623413        0.000003
       183         -0.95623413        0.000003
       184         -0.95623413        0.000003
       185         -0.95623413        0.000003
       186         -0.95623413        0.000003
       187         -0.95623413        0.000002
       188         -0.95623413        0.000002
       189         -0.95623413        0.000002
       190         -0.95623413        0.000002
       191         -0.95623413        0.000002
       192         -0.95623413        0.000002
       193         -0.95623413        0.000002
       194         -0.95623413        0.000002
       195         -0.95623413        0.000002
       196         -0.95623413        0.000002
       197         -0.95623413        0.000002
       198         -0.95623413        0.000001
       199         -0.95623413        0.000001
       200         -0.95623413        0.000001

 Reached Convergence

 WFN1                     :
 --------------------------
 Total WFN1 energy  =          -0.9562341303
 1-Electron energy  =          -1.2746618004
 2-Electron energy  =           0.3813591411
 Correlation energy =          -0.2356820681
 DFT XC energy      =           0.0000000000
 Entropy energy     =           0.0000000000
 Nuclear energy     =           0.1727505972

 conventional Hartree-Fock:
 --------------------------
 Total SCF energy  =          -0.8569203360
 2-Electron energy =           0.4806729354

                WFN1 Final Natural orbital energies and occupations
                ---------------------------------------------------

              Alpha       Beta            Alpha       Beta  
            --------    --------        --------    --------
       1      0.0000      0.0000          0.5549      0.5549
       2      0.0000      0.0000          0.4115      0.4115
       3      0.0000      0.0000          0.0186      0.0186
       4      0.0000      0.0000          0.0150      0.0150

             WFN1 Final Correlation function energies and occupations
             --------------------------------------------------------

              Alpha       Beta            Alpha       Beta  
            --------    --------        --------    --------
       1      0.0000      0.0000          1.0000      1.0000
       2      0.0000      0.0000          0.0000      0.0000
       3      0.0000      0.0000          0.0000      0.0000
       4      0.0000      0.0000          0.0000      0.0000

                WFN1 Final alpha-alpha 2-matrix occupation numbers
                --------------------------------------------------


 global array: g_momo1[1:4,1:4],  handle: -990 

            1           2           3           4  
       ----------- ----------- ----------- -----------
   1       0.00000     0.00000     0.00000    -0.00000
   2       0.00000    -0.00000     0.00000     0.00000
   3       0.00000     0.00000     0.00000     0.00000
   4       0.00000     0.00000     0.00000    -0.00000

                 WFN1 Final beta-beta 2-matrix occupation numbers
                 ------------------------------------------------


 global array: g_momo2[1:4,1:4],  handle: -989 

            1           2           3           4  
       ----------- ----------- ----------- -----------
   1       0.00000     0.00000     0.00000    -0.00000
   2       0.00000    -0.00000     0.00000     0.00000
   3       0.00000     0.00000     0.00000     0.00000
   4       0.00000     0.00000     0.00000    -0.00000

                  WFN1 Final alpha Correlation Function Analysis
                  ----------------------------------------------


 global array: Ca[1:4,1:4],  handle: -981 

                     1                       2                       3                       4  
       ----------------------- ----------------------- ----------------------- -----------------------
   1      -0.03986,    0.74384    -0.03327,    0.65174     0.09402,   -0.08608    -0.02817,   -0.04690
   2       0.63123,   -0.11424    -0.73835,    0.13117    -0.10629,   -0.06531     0.01170,   -0.10210
   3      -0.01902,    0.13498     0.05544,    0.00546    -0.62527,    0.58740     0.34876,   -0.34740
   4       0.12108,    0.01903    -0.05135,    0.07759     0.23289,    0.42185     0.44771,    0.73735

                   WFN1 Final beta Correlation Function Analysis
                   ---------------------------------------------


 global array: Cb[1:4,1:4],  handle: -980 

                     1                       2                       3                       4  
       ----------------------- ----------------------- ----------------------- -----------------------
   1      -0.03986,    0.74384    -0.03327,    0.65174     0.09402,   -0.08608    -0.02817,   -0.04690
   2       0.63123,   -0.11424    -0.73835,    0.13117    -0.10629,   -0.06531     0.01170,   -0.10210
   3      -0.01902,    0.13498     0.05544,    0.00546    -0.62527,    0.58740     0.34876,   -0.34740
   4       0.12108,    0.01903    -0.05135,    0.07759     0.23289,    0.42185     0.44771,    0.73735

                     WFN1 Final Alpha Natural Orbital Analysis
                     -----------------------------------------

 Vector    1  Occ=5.548916D-01  E= 0.000000D+00
              MO Center=  0.0D+00,  0.0D+00,  2.0D-07, r^2= 3.2D+00
   Bfn.  Coefficient  Atom+Function         Bfn.  Coefficient  Atom+Function  
  ----- ------------  ---------------      ----- ------------  ---------------
     2     -0.512853  1 H  s                  4     -0.512853  2 H  s          
     1     -0.237988  1 H  s                  3     -0.237988  2 H  s          

 Vector    2  Occ=4.115034D-01  E= 0.000000D+00
              MO Center=  0.0D+00,  0.0D+00, -2.2D-07, r^2= 3.3D+00
   Bfn.  Coefficient  Atom+Function         Bfn.  Coefficient  Atom+Function  
  ----- ------------  ---------------      ----- ------------  ---------------
     2      0.512337  1 H  s                  4     -0.512337  2 H  s          
     1      0.271962  1 H  s                  3     -0.271961  2 H  s          

 Vector    3  Occ=1.858200D-02  E= 0.000000D+00
              MO Center=  0.0D+00,  0.0D+00, -1.6D-06, r^2= 3.3D+00
   Bfn.  Coefficient  Atom+Function         Bfn.  Coefficient  Atom+Function  
  ----- ------------  ---------------      ----- ------------  ---------------
     1      0.894432  1 H  s                  3      0.894431  2 H  s          
     2     -0.734712  1 H  s                  4     -0.734711  2 H  s          

 Vector    4  Occ=1.502299D-02  E= 0.000000D+00
              MO Center=  0.0D+00,  0.0D+00,  1.6D-06, r^2= 3.7D+00
   Bfn.  Coefficient  Atom+Function         Bfn.  Coefficient  Atom+Function  
  ----- ------------  ---------------      ----- ------------  ---------------
     1     -0.916539  1 H  s                  3      0.916540  2 H  s          
     2      0.846880  1 H  s                  4     -0.846881  2 H  s          


                     WFN1 Final Beta Natural Orbital Analysis
                     ----------------------------------------

 Vector    1  Occ=5.548916D-01  E= 0.000000D+00
              MO Center=  0.0D+00,  0.0D+00,  2.0D-07, r^2= 3.2D+00
   Bfn.  Coefficient  Atom+Function         Bfn.  Coefficient  Atom+Function  
  ----- ------------  ---------------      ----- ------------  ---------------
     2     -0.512853  1 H  s                  4     -0.512853  2 H  s          
     1     -0.237988  1 H  s                  3     -0.237988  2 H  s          

 Vector    2  Occ=4.115034D-01  E= 0.000000D+00
              MO Center=  0.0D+00,  0.0D+00, -2.2D-07, r^2= 3.3D+00
   Bfn.  Coefficient  Atom+Function         Bfn.  Coefficient  Atom+Function  
  ----- ------------  ---------------      ----- ------------  ---------------
     2      0.512337  1 H  s                  4     -0.512337  2 H  s          
     1      0.271962  1 H  s                  3     -0.271961  2 H  s          

 Vector    3  Occ=1.858200D-02  E= 0.000000D+00
              MO Center=  0.0D+00,  0.0D+00, -1.6D-06, r^2= 3.3D+00
   Bfn.  Coefficient  Atom+Function         Bfn.  Coefficient  Atom+Function  
  ----- ------------  ---------------      ----- ------------  ---------------
     1      0.894432  1 H  s                  3      0.894431  2 H  s          
     2     -0.734712  1 H  s                  4     -0.734711  2 H  s          

 Vector    4  Occ=1.502299D-02  E= 0.000000D+00
              MO Center=  0.0D+00,  0.0D+00,  1.6D-06, r^2= 3.7D+00
   Bfn.  Coefficient  Atom+Function         Bfn.  Coefficient  Atom+Function  
  ----- ------------  ---------------      ----- ------------  ---------------
     1     -0.916539  1 H  s                  3      0.916540  2 H  s          
     2      0.846880  1 H  s                  4     -0.846881  2 H  s          


 Task  times  cpu:        9.6s     wall:       12.8s
 Summary of allocated global arrays
-----------------------------------
  No active global arrays



                         GA Statistics for process    0
                         ------------------------------

       create   destroy   get      put      acc     scatter   gather  read&inc
calls:   44       44     7.08e+06 1.49e+04 1.94e+04    0        0       11     
number of processes/call 1.00e+00 1.00e+00 1.00e+00 0.00e+00 0.00e+00
bytes total:             9.09e+08 2.48e+06 3.09e+06 0.00e+00 0.00e+00 8.80e+01
bytes remote:            0.00e+00 0.00e+00 0.00e+00 0.00e+00 0.00e+00 0.00e+00
Max memory consumed for GA by this process: 10624 bytes
MA_summarize_allocated_blocks: starting scan ...
MA_summarize_allocated_blocks: scan completed: 0 heap blocks, 0 stack blocks
MA usage statistics:

	allocation statistics:
					      heap	     stack
					      ----	     -----
	current number of blocks	         0	         0
	maximum number of blocks	        19	        17
	current total bytes		         0	         0
	maximum total bytes		   3204344	  22508664
	maximum total K-bytes		      3205	     22509
	maximum total M-bytes		         4	        23


                                NWChem Input Module
                                -------------------





                                     CITATION
                                     --------
                Please cite the following reference when publishing
                           results obtained with NWChem:

                 M. Valiev, E.J. Bylaska, N. Govind, K. Kowalski,
              T.P. Straatsma, H.J.J. van Dam, D. Wang, J. Nieplocha,
                        E. Apra, T.L. Windus, W.A. de Jong
                 "NWChem: a comprehensive and scalable open-source
                  solution for large scale molecular simulations"
                      Comput. Phys. Commun. 181, 1477 (2010)
                           doi:10.1016/j.cpc.2010.04.018

                                      AUTHORS
                                      -------
          E. Apra, E. J. Bylaska, W. A. de Jong, N. Govind, K. Kowalski,
       T. P. Straatsma, M. Valiev, H. J. J. van Dam, D. Wang, T. L. Windus,
        J. Hammond, J. Autschbach, K. Bhaskaran-Nair, J. Brabec, K. Lopata,
    S. A. Fischer, S. Krishnamoorthy, M. Jacquelin, W. Ma, M. Klemm, O. Villa,
      Y. Chen, V. Anisimov, F. Aquino, S. Hirata, M. T. Hackler, V. Konjkov,
      T. Risthaus, M. Malagoli, A. Marenich, A. Otero-de-la-Roza, J. Mullin,
        P. Nichols, R. Peverati, J. Pittner, Y. Zhao, P.-D. Fan, A. Fonari,
       M. Williamson, R. J. Harrison, J. R. Rehr, M. Dupuis, D. Silverstein,
    D. M. A. Smith, J. Nieplocha, V. Tipparaju, M. Krishnan, B. E. Van Kuiken,
        A. Vazquez-Mayagoitia, L. Jensen, M. Swart, Q. Wu, T. Van Voorhis,
     A. A. Auer, M. Nooijen, L. D. Crosby, E. Brown, G. Cisneros, G. I. Fann,
   H. Fruchtl, J. Garza, K. Hirao, R. A. Kendall, J. A. Nichols, K. Tsemekhman,
    K. Wolinski, J. Anchell, D. E. Bernholdt, P. Borowski, T. Clark, D. Clerc,
   H. Dachsel, M. J. O. Deegan, K. Dyall, D. Elwood, E. Glendening, M. Gutowski,
   A. C. Hess, J. Jaffe, B. G. Johnson, J. Ju, R. Kobayashi, R. Kutteh, Z. Lin,
   R. Littlefield, X. Long, B. Meng, T. Nakajima, S. Niu, L. Pollack, M. Rosing,
   K. Glaesemann, G. Sandrone, M. Stave, H. Taylor, G. Thomas, J. H. van Lenthe,
                               A. T. Wong, Z. Zhang.

 Total times  cpu:        9.6s     wall:       12.9s
