 argument  1 = input-wf.nw



============================== echo of input deck ==============================
echo
start wfn1_dat
geometry units au noautoz
  H 0 0 -4.19434600000000000000
  H 0 0  4.19434600000000000000
  symmetry cs
end
basis
  H library 6-31g
end
set wfn1:input_vectors "atomic"
set wfn1:solver "monte-carlo"
set wfn1:print_error F
set wfn1:t_initial 0.1
#set wfn1:corr_expr "wfn1_mx"
set wfn1:corr_expr "wfn1c"
set wfn1:t_bath 0.0
set wfn1:maxit  20000
task wfn1 energy
================================================================================


                                         
                                         


              Northwest Computational Chemistry Package (NWChem) 6.8
              ------------------------------------------------------


                    Environmental Molecular Sciences Laboratory
                       Pacific Northwest National Laboratory
                                Richland, WA 99352

                              Copyright (c) 1994-2015
                       Pacific Northwest National Laboratory
                            Battelle Memorial Institute

             NWChem is an open-source computational chemistry package
                        distributed under the terms of the
                      Educational Community License (ECL) 2.0
             A copy of the license is included with this distribution
                              in the LICENSE.TXT file

                                  ACKNOWLEDGMENT
                                  --------------

            This software and its documentation were developed at the
            EMSL at Pacific Northwest National Laboratory, a multiprogram
            national laboratory, operated for the U.S. Department of Energy
            by Battelle under Contract Number DE-AC05-76RL01830. Support
            for this work was provided by the Department of Energy Office
            of Biological and Environmental Research, Office of Basic
            Energy Sciences, and the Office of Advanced Scientific Computing.


           Job information
           ---------------

    hostname        = erato
    program         = ../../../bin/LINUX64/nwchem
    date            = Mon Mar  1 01:49:50 2021

    compiled        = Sun_Feb_28_18:02:42_2021
    source          = /home/hvandam/nwchem-1-wfn1
    nwchem branch   = Development
    nwchem revision = nwchem_on_git-124-gad72d19fff205e319ffbbf2bca37a04ded6ad57b
    ga revision     = nwchem_on_git-124-gad72d19
    use scalapack   = F
    input           = input-wf.nw
    prefix          = wfn1_dat.
    data base       = ./wfn1_dat.db
    status          = startup
    nproc           =        1
    time left       =     -1s



           Memory information
           ------------------

    heap     =   13107200 doubles =    100.0 Mbytes
    stack    =   13107197 doubles =    100.0 Mbytes
    global   =   26214400 doubles =    200.0 Mbytes (distinct from heap & stack)
    total    =   52428797 doubles =    400.0 Mbytes
    verify   = yes
    hardfail = no 


           Directory information
           ---------------------

  0 permanent = .
  0 scratch   = .




                                NWChem Input Module
                                -------------------


 Turning off AUTOSYM since
 SYMMETRY directive was detected!



                             Geometry "geometry" -> ""
                             -------------------------

 Output coordinates in a.u. (scale by  1.000000000 to convert to a.u.)

  No.       Tag          Charge          X              Y              Z
 ---- ---------------- ---------- -------------- -------------- --------------
    1 H                    1.0000     0.00000000     0.00000000    -4.19434600
    2 H                    1.0000     0.00000000     0.00000000     4.19434600

      Atomic Mass 
      ----------- 

      H                  1.007825


 Effective nuclear repulsion energy (a.u.)       0.1192080959

            Nuclear Dipole moment (a.u.) 
            ----------------------------
        X                 Y               Z
 ---------------- ---------------- ----------------
     0.0000000000     0.0000000000     0.0000000000

      Symmetry information
      --------------------

 Group name             Cs        
 Group number              2
 Group order               2
 No. of unique centers     1

      Symmetry unique atoms

     1


            XYZ format geometry
            -------------------
     2
 geometry
 H                     0.00000000     0.00000000    -2.21955248
 H                     0.00000000     0.00000000     2.21955248

                      Basis "ao basis" -> "" (cartesian)
                      -----
  H (Hydrogen)
  ------------
            Exponent  Coefficients 
       -------------- ---------------------------------------------------------
  1 S  1.87311370E+01  0.033495
  1 S  2.82539370E+00  0.234727
  1 S  6.40121700E-01  0.813757

  2 S  1.61277800E-01  1.000000



 Summary of "ao basis" -> "" (cartesian)
 ------------------------------------------------------------------------------
       Tag                 Description            Shells   Functions and Types
 ---------------- ------------------------------  ------  ---------------------
 H                           6-31g                   2        2   2s



                                NWChem WFN1 Module
                                ------------------



          No. of electrons :     2
           Alpha electrons :     1
            Beta electrons :     1
          Charge           :     0
          Spin multiplicity:     1

 HvD: wfn1_inpdft
 HvD: nquad_task =                     1
 HvD: iangquad   =                     0
 HvD: gridtype   = user      
 HvD: leb        =  T
 HvD: radgrid    = murakn    
 HvD: trunc_neigh=  T
 HvD: lssw       =  T
 HvD: whichssw   = erf1    
 HvD: mxnrad     =                     0
 HvD: mxnang     =                     0
 HVD: wfn1: movecs_in  = atomic                                                                                                                                                                                                                                                          
 HVD: wfn1: movecs_out = ./wfn1_dat.movecs                                                                                                                                                                                                                                               

      Superposition of Atomic Density Guess
      -------------------------------------

 Sum of atomic energies:          -0.99646508

      Non-variational initial energy
      ------------------------------

 Total energy =      -0.682110
 1-e energy   =      -1.234882
 2-e energy   =       0.433564
 HOMO         =      -0.192615
 LUMO         =      -0.189757

 iteration              energy           error
 ---------              ------           -----
         0         -0.87284295        0.080000
         1         -0.87514837        0.080000
         2         -0.87990042        0.080000
         3         -0.88385423        0.080000
         4         -0.89078142        0.080000
         5         -0.89271259        0.080000
         6         -0.89424784        0.080000
         7         -0.89557197        0.080000
         8         -0.89704899        0.080000
         9         -0.90149794        0.080000
        10         -0.90727279        0.080000
        11         -0.90911277        0.080000
        12         -0.91183187        0.080000
        13         -0.91379522        0.080000
        14         -0.91613811        0.080000
        15         -0.92078767        0.080000
        16         -0.92224282        0.080000
        17         -0.92346884        0.080000
        18         -0.92436430        0.080000
        19         -0.92511766        0.080000
        20         -0.92524472        0.080000
        21         -0.92767432        0.080000
        22         -0.92914938        0.080000
        23         -0.92923909        0.080000
        24         -0.92986571        0.080000
        25         -0.93116541        0.080000
        26         -0.93261914        0.080000
        27         -0.93390498        0.080000
        28         -0.93400203        0.080000
        29         -0.93400990        0.080000
        30         -0.93407159        0.080000
        31         -0.93435034        0.080000
        32         -0.93461027        0.080000
        33         -0.93476749        0.080000
        34         -0.93519398        0.080000
        35         -0.93578072        0.080000
        36         -0.93606015        0.080000
        37         -0.93702894        0.080000
        38         -0.93756417        0.080000
        39         -0.93782001        0.080000
        40         -0.93791758        0.080000
        41         -0.93798430        0.080000
        42         -0.93799893        0.080000
        43         -0.93801090        0.080000
        44         -0.93801403        0.080000
        45         -0.93803764        0.080000
        46         -0.93806381        0.080000
        47         -0.93807126        0.080000
        48         -0.93817527        0.080000
        49         -0.93819764        0.063496
        50         -0.93824499        0.063496
        51         -0.93826458        0.050397
        52         -0.93826760        0.050397
        53         -0.93827629        0.050397
        54         -0.93828610        0.050397
        55         -0.93828643        0.040000
        56         -0.93829197        0.040000
        57         -0.93829896        0.040000
        58         -0.93830141        0.040000
        59         -0.93830713        0.040000
        60         -0.93832734        0.040000
        61         -0.93832739        0.040000
        62         -0.93833209        0.040000
        63         -0.93833958        0.040000
        64         -0.93834243        0.040000
        65         -0.93834533        0.040000
        66         -0.93835011        0.031748
        67         -0.93835336        0.031748
        68         -0.93836232        0.031748
        69         -0.93836454        0.020000
        70         -0.93836459        0.020000
        71         -0.93836695        0.020000
        72         -0.93836785        0.012599
        73         -0.93836890        0.012599
        74         -0.93836910        0.012599
        75         -0.93837021        0.012599
        76         -0.93837046        0.012599
        77         -0.93837117        0.010000
        78         -0.93837196        0.010000
        79         -0.93837201        0.006300
        80         -0.93837292        0.006300
        81         -0.93837300        0.006300
        82         -0.93837332        0.006300
        83         -0.93837344        0.005000
        84         -0.93837359        0.005000
        85         -0.93837365        0.005000
        86         -0.93837386        0.003969
        87         -0.93837412        0.003969
        88         -0.93837435        0.003969
        89         -0.93837436        0.003969
        90         -0.93837442        0.003150
        91         -0.93837448        0.003150
        92         -0.93837457        0.003150
        93         -0.93837465        0.003150
        94         -0.93837473        0.003150
        95         -0.93837475        0.002500
        96         -0.93837477        0.002500
        97         -0.93837477        0.000992
        98         -0.93837478        0.000992
        99         -0.93837478        0.000992
       100         -0.93837481        0.000992
       101         -0.93837481        0.000992
       102         -0.93837482        0.000992
       103         -0.93837482        0.000992
       104         -0.93837482        0.000992
       105         -0.93837483        0.000992
       106         -0.93837483        0.000992
       107         -0.93837484        0.000625
       108         -0.93837484        0.000625
       109         -0.93837484        0.000625
       110         -0.93837484        0.000625
       111         -0.93837484        0.000625
       112         -0.93837485        0.000625
       113         -0.93837485        0.000496
       114         -0.93837485        0.000313
       115         -0.93837485        0.000313
       116         -0.93837485        0.000248
       117         -0.93837485        0.000248
       118         -0.93837485        0.000248
       119         -0.93837485        0.000248
       120         -0.93837485        0.000248
       121         -0.93837485        0.000197
       122         -0.93837485        0.000197
       123         -0.93837485        0.000197
       124         -0.93837485        0.000197
       125         -0.93837486        0.000197
       126         -0.93837486        0.000197
       127         -0.93837486        0.000156
       128         -0.93837486        0.000124
       129         -0.93837486        0.000124
       130         -0.93837486        0.000124
       131         -0.93837486        0.000124
       132         -0.93837486        0.000124
       133         -0.93837486        0.000098
       134         -0.93837486        0.000098
       135         -0.93837486        0.000098
       136         -0.93837486        0.000078
       137         -0.93837486        0.000078
       138         -0.93837486        0.000078
       139         -0.93837486        0.000078
       140         -0.93837486        0.000078
       141         -0.93837486        0.000078
       142         -0.93837486        0.000078
       143         -0.93837486        0.000078
       144         -0.93837486        0.000062
       145         -0.93837486        0.000062
       146         -0.93837486        0.000062
       147         -0.93837486        0.000049
       148         -0.93837486        0.000049
       149         -0.93837486        0.000049
       150         -0.93837486        0.000039
       151         -0.93837486        0.000039
       152         -0.93837486        0.000039
       153         -0.93837486        0.000039
       154         -0.93837486        0.000039
       155         -0.93837486        0.000039
       156         -0.93837486        0.000039
       157         -0.93837486        0.000039
       158         -0.93837486        0.000039
       159         -0.93837486        0.000039
       160         -0.93837486        0.000025
       161         -0.93837486        0.000020
       162         -0.93837486        0.000020
       163         -0.93837486        0.000020
       164         -0.93837486        0.000016
       165         -0.93837486        0.000016
       166         -0.93837486        0.000012
       167         -0.93837486        0.000008
       168         -0.93837486        0.000008
       169         -0.93837486        0.000008
       170         -0.93837486        0.000006
       171         -0.93837486        0.000006
       172         -0.93837486        0.000006
       173         -0.93837486        0.000004
       174         -0.93837486        0.000004
       175         -0.93837486        0.000004
       176         -0.93837486        0.000003
       177         -0.93837486        0.000002
       178         -0.93837486        0.000002
       179         -0.93837486        0.000002
       180         -0.93837486        0.000002
       181         -0.93837486        0.000002
       182         -0.93837486        0.000002
       183         -0.93837486        0.000002
       184         -0.93837486        0.000002
       185         -0.93837486        0.000002
       186         -0.93837486        0.000001
       187         -0.93837486        0.000001

 Reached Convergence

 WFN1                     :
 --------------------------
 Total WFN1 energy  =          -0.9383748575
 1-Electron energy  =          -1.1671816583
 2-Electron energy  =           0.3552404086
 Correlation energy =          -0.2456417037
 DFT XC energy      =           0.0000000000
 Entropy energy     =           0.0000000000
 Nuclear energy     =           0.1192080959

 conventional Hartree-Fock:
 --------------------------
 Total SCF energy  =          -0.8644386227
 2-Electron energy =           0.4291766434

                WFN1 Final Natural orbital energies and occupations
                ---------------------------------------------------

              Alpha       Beta            Alpha       Beta  
            --------    --------        --------    --------
       1      0.0000      0.0000          0.4904      0.4904
       2      0.0000      0.0000          0.4770      0.4770
       3      0.0000      0.0000          0.0165      0.0165
       4      0.0000      0.0000          0.0161      0.0161

             WFN1 Final Correlation function energies and occupations
             --------------------------------------------------------

              Alpha       Beta            Alpha       Beta  
            --------    --------        --------    --------
       1      0.0000      0.0000          1.0000      1.0000
       2      0.0000      0.0000          0.0000      0.0000
       3      0.0000      0.0000          0.0000      0.0000
       4      0.0000      0.0000          0.0000      0.0000

                WFN1 Final alpha-alpha 2-matrix occupation numbers
                --------------------------------------------------


 global array: g_momo1[1:4,1:4],  handle: -990 

            1           2           3           4  
       ----------- ----------- ----------- -----------
   1       0.00000     0.00000    -0.00000     0.00000
   2       0.00000     0.00000     0.00000     0.00000
   3       0.00000     0.00000     0.00000     0.00000
   4       0.00000     0.00000     0.00000     0.00000

                 WFN1 Final beta-beta 2-matrix occupation numbers
                 ------------------------------------------------


 global array: g_momo2[1:4,1:4],  handle: -989 

            1           2           3           4  
       ----------- ----------- ----------- -----------
   1       0.00000     0.00000    -0.00000     0.00000
   2       0.00000     0.00000     0.00000     0.00000
   3       0.00000     0.00000     0.00000     0.00000
   4       0.00000     0.00000     0.00000     0.00000

                  WFN1 Final alpha Correlation Function Analysis
                  ----------------------------------------------


 global array: Ca[1:4,1:4],  handle: -977 

                     1                       2                       3                       4  
       ----------------------- ----------------------- ----------------------- -----------------------
   1      -0.01335,    0.70017    -0.03425,    0.70575    -0.02839,    0.09270    -0.01537,   -0.02653
   2      -0.46874,   -0.50726     0.47436,    0.51064    -0.15397,   -0.02331     0.02482,   -0.11108
   3       0.12014,   -0.04513    -0.06257,   -0.01036    -0.68320,    0.13363    -0.68738,    0.14969
   4      -0.02086,    0.12512     0.09944,   -0.03273    -0.41309,   -0.55776     0.40612,    0.57121

                   WFN1 Final beta Correlation Function Analysis
                   ---------------------------------------------


 global array: Cb[1:4,1:4],  handle: -976 

                     1                       2                       3                       4  
       ----------------------- ----------------------- ----------------------- -----------------------
   1      -0.01335,    0.70017    -0.03425,    0.70575    -0.02839,    0.09270    -0.01537,   -0.02653
   2      -0.46874,   -0.50726     0.47436,    0.51064    -0.15397,   -0.02331     0.02482,   -0.11108
   3       0.12014,   -0.04513    -0.06257,   -0.01036    -0.68320,    0.13363    -0.68738,    0.14969
   4      -0.02086,    0.12512     0.09944,   -0.03273    -0.41309,   -0.55776     0.40612,    0.57121

                     WFN1 Final Alpha Natural Orbital Analysis
                     -----------------------------------------

 Vector    1  Occ=4.904097D-01  E= 0.000000D+00
              MO Center=  0.0D+00,  0.0D+00, -2.0D-07, r^2= 5.8D+00
   Bfn.  Coefficient  Atom+Function         Bfn.  Coefficient  Atom+Function  
  ----- ------------  ---------------      ----- ------------  ---------------
     2     -0.515087  1 H  s                  4     -0.515087  2 H  s          
     1     -0.251456  1 H  s                  3     -0.251456  2 H  s          

 Vector    2  Occ=4.770288D-01  E= 0.000000D+00
              MO Center=  0.0D+00,  0.0D+00,  2.0D-07, r^2= 5.8D+00
   Bfn.  Coefficient  Atom+Function         Bfn.  Coefficient  Atom+Function  
  ----- ------------  ---------------      ----- ------------  ---------------
     2      0.512674  1 H  s                  4     -0.512674  2 H  s          
     1      0.255793  1 H  s                  3     -0.255794  2 H  s          

 Vector    3  Occ=1.647106D-02  E= 0.000000D+00
              MO Center=  0.0D+00,  0.0D+00, -9.0D-07, r^2= 6.0D+00
   Bfn.  Coefficient  Atom+Function         Bfn.  Coefficient  Atom+Function  
  ----- ------------  ---------------      ----- ------------  ---------------
     1     -0.903872  1 H  s                  3     -0.903872  2 H  s          
     2      0.782234  1 H  s                  4      0.782233  2 H  s          

 Vector    4  Occ=1.609046D-02  E= 0.000000D+00
              MO Center=  0.0D+00,  0.0D+00,  9.0D-07, r^2= 6.1D+00
   Bfn.  Coefficient  Atom+Function         Bfn.  Coefficient  Atom+Function  
  ----- ------------  ---------------      ----- ------------  ---------------
     1     -0.905060  1 H  s                  3      0.905060  2 H  s          
     2      0.790427  1 H  s                  4     -0.790427  2 H  s          


                     WFN1 Final Beta Natural Orbital Analysis
                     ----------------------------------------

 Vector    1  Occ=4.904097D-01  E= 0.000000D+00
              MO Center=  0.0D+00,  0.0D+00, -2.0D-07, r^2= 5.8D+00
   Bfn.  Coefficient  Atom+Function         Bfn.  Coefficient  Atom+Function  
  ----- ------------  ---------------      ----- ------------  ---------------
     2     -0.515087  1 H  s                  4     -0.515087  2 H  s          
     1     -0.251456  1 H  s                  3     -0.251456  2 H  s          

 Vector    2  Occ=4.770288D-01  E= 0.000000D+00
              MO Center=  0.0D+00,  0.0D+00,  2.0D-07, r^2= 5.8D+00
   Bfn.  Coefficient  Atom+Function         Bfn.  Coefficient  Atom+Function  
  ----- ------------  ---------------      ----- ------------  ---------------
     2      0.512674  1 H  s                  4     -0.512674  2 H  s          
     1      0.255793  1 H  s                  3     -0.255794  2 H  s          

 Vector    3  Occ=1.647106D-02  E= 0.000000D+00
              MO Center=  0.0D+00,  0.0D+00, -9.0D-07, r^2= 6.0D+00
   Bfn.  Coefficient  Atom+Function         Bfn.  Coefficient  Atom+Function  
  ----- ------------  ---------------      ----- ------------  ---------------
     1     -0.903872  1 H  s                  3     -0.903872  2 H  s          
     2      0.782234  1 H  s                  4      0.782233  2 H  s          

 Vector    4  Occ=1.609046D-02  E= 0.000000D+00
              MO Center=  0.0D+00,  0.0D+00,  9.0D-07, r^2= 6.1D+00
   Bfn.  Coefficient  Atom+Function         Bfn.  Coefficient  Atom+Function  
  ----- ------------  ---------------      ----- ------------  ---------------
     1     -0.905060  1 H  s                  3      0.905060  2 H  s          
     2      0.790427  1 H  s                  4     -0.790427  2 H  s          


 Task  times  cpu:        8.3s     wall:       11.2s
 Summary of allocated global arrays
-----------------------------------
  No active global arrays



                         GA Statistics for process    0
                         ------------------------------

       create   destroy   get      put      acc     scatter   gather  read&inc
calls:   44       44     6.49e+06 1.37e+04 1.78e+04    0        0       11     
number of processes/call 1.00e+00 1.00e+00 1.00e+00 0.00e+00 0.00e+00
bytes total:             8.35e+08 2.28e+06 2.84e+06 0.00e+00 0.00e+00 8.80e+01
bytes remote:            0.00e+00 0.00e+00 0.00e+00 0.00e+00 0.00e+00 0.00e+00
Max memory consumed for GA by this process: 10624 bytes
MA_summarize_allocated_blocks: starting scan ...
MA_summarize_allocated_blocks: scan completed: 0 heap blocks, 0 stack blocks
MA usage statistics:

	allocation statistics:
					      heap	     stack
					      ----	     -----
	current number of blocks	         0	         0
	maximum number of blocks	        19	        17
	current total bytes		         0	         0
	maximum total bytes		   3204328	  22508616
	maximum total K-bytes		      3205	     22509
	maximum total M-bytes		         4	        23


                                NWChem Input Module
                                -------------------





                                     CITATION
                                     --------
                Please cite the following reference when publishing
                           results obtained with NWChem:

                 M. Valiev, E.J. Bylaska, N. Govind, K. Kowalski,
              T.P. Straatsma, H.J.J. van Dam, D. Wang, J. Nieplocha,
                        E. Apra, T.L. Windus, W.A. de Jong
                 "NWChem: a comprehensive and scalable open-source
                  solution for large scale molecular simulations"
                      Comput. Phys. Commun. 181, 1477 (2010)
                           doi:10.1016/j.cpc.2010.04.018

                                      AUTHORS
                                      -------
          E. Apra, E. J. Bylaska, W. A. de Jong, N. Govind, K. Kowalski,
       T. P. Straatsma, M. Valiev, H. J. J. van Dam, D. Wang, T. L. Windus,
        J. Hammond, J. Autschbach, K. Bhaskaran-Nair, J. Brabec, K. Lopata,
    S. A. Fischer, S. Krishnamoorthy, M. Jacquelin, W. Ma, M. Klemm, O. Villa,
      Y. Chen, V. Anisimov, F. Aquino, S. Hirata, M. T. Hackler, V. Konjkov,
      T. Risthaus, M. Malagoli, A. Marenich, A. Otero-de-la-Roza, J. Mullin,
        P. Nichols, R. Peverati, J. Pittner, Y. Zhao, P.-D. Fan, A. Fonari,
       M. Williamson, R. J. Harrison, J. R. Rehr, M. Dupuis, D. Silverstein,
    D. M. A. Smith, J. Nieplocha, V. Tipparaju, M. Krishnan, B. E. Van Kuiken,
        A. Vazquez-Mayagoitia, L. Jensen, M. Swart, Q. Wu, T. Van Voorhis,
     A. A. Auer, M. Nooijen, L. D. Crosby, E. Brown, G. Cisneros, G. I. Fann,
   H. Fruchtl, J. Garza, K. Hirao, R. A. Kendall, J. A. Nichols, K. Tsemekhman,
    K. Wolinski, J. Anchell, D. E. Bernholdt, P. Borowski, T. Clark, D. Clerc,
   H. Dachsel, M. J. O. Deegan, K. Dyall, D. Elwood, E. Glendening, M. Gutowski,
   A. C. Hess, J. Jaffe, B. G. Johnson, J. Ju, R. Kobayashi, R. Kutteh, Z. Lin,
   R. Littlefield, X. Long, B. Meng, T. Nakajima, S. Niu, L. Pollack, M. Rosing,
   K. Glaesemann, G. Sandrone, M. Stave, H. Taylor, G. Thomas, J. H. van Lenthe,
                               A. T. Wong, Z. Zhang.

 Total times  cpu:        8.3s     wall:       11.3s
