All connections between all procs tested: SUCCESS
 argument  1 = cosmo_h2o_dft.nw



============================== echo of input deck ==============================
echo
start cosmo_h2o_dft
title "cosmo_h2o_dft"

geometry nocenter noautosym noautoz
  H    0.290  -1.478   2.133
  O   -0.526  -1.642   2.602
  H   -0.729  -0.989   3.278
end

basis noprint
  * library 6-31G
end


dft
  print medium
  xc hfexch
  iterations 200
  noio
  direct
  GRID nodisk
end

cosmo
  minbem 2
  maxbem 3
end

property
  efield
end

set dft:xcreplicated f
set fock:replicated .false.

task dft property
================================================================================


                                         
                                         


              Northwest Computational Chemistry Package (NWChem) 6.3
              ------------------------------------------------------


                    Environmental Molecular Sciences Laboratory
                       Pacific Northwest National Laboratory
                                Richland, WA 99352

                              Copyright (c) 1994-2013
                       Pacific Northwest National Laboratory
                            Battelle Memorial Institute

             NWChem is an open-source computational chemistry package
                        distributed under the terms of the
                      Educational Community License (ECL) 2.0
             A copy of the license is included with this distribution
                              in the LICENSE.TXT file

                                  ACKNOWLEDGMENT
                                  --------------

            This software and its documentation were developed at the
            EMSL at Pacific Northwest National Laboratory, a multiprogram
            national laboratory, operated for the U.S. Department of Energy
            by Battelle under Contract Number DE-AC05-76RL01830. Support
            for this work was provided by the Department of Energy Office
            of Biological and Environmental Research, Office of Basic
            Energy Sciences, and the Office of Advanced Scientific Computing.


           Job information
           ---------------

    hostname        = arcen
    program         = /home/d3y133/nwchem-dev/nwchem-dev-2013-10-16/QA/../bin/LINUX64/nwchem
    date            = Wed Oct 23 14:01:56 2013

    compiled        = Wed_Oct_23_13:57:40_2013
    source          = /home/d3y133/nwchem-dev/nwchem-dev-2013-10-16
    nwchem branch   = Development
    nwchem revision = 24691
    ga revision     = 10432
    input           = cosmo_h2o_dft.nw
    prefix          = cosmo_h2o_dft.
    data base       = /home/d3y133/nwchem-dev/nwchem-dev-2013-10-16/QA/scratchdir/cosmo_h2o_dft.db
    status          = startup
    nproc           =        4
    time left       =     -1s



           Memory information
           ------------------

    heap     =   13107201 doubles =    100.0 Mbytes
    stack    =   13107201 doubles =    100.0 Mbytes
    global   =   26214400 doubles =    200.0 Mbytes (distinct from heap & stack)
    total    =   52428802 doubles =    400.0 Mbytes
    verify   = yes
    hardfail = no 


           Directory information
           ---------------------

  0 permanent = /home/d3y133/nwchem-dev/nwchem-dev-2013-10-16/QA/scratchdir
  0 scratch   = /home/d3y133/nwchem-dev/nwchem-dev-2013-10-16/QA/scratchdir




                                NWChem Input Module
                                -------------------


                                   cosmo_h2o_dft
                                   -------------

 Scaling coordinates for geometry "geometry" by  1.889725989
 (inverse scale =  0.529177249)



                             Geometry "geometry" -> ""
                             -------------------------

 Output coordinates in angstroms (scale by  1.889725989 to convert to a.u.)

  No.       Tag          Charge          X              Y              Z
 ---- ---------------- ---------- -------------- -------------- --------------
    1 H                    1.0000     0.29000000    -1.47800000     2.13300000
    2 O                    8.0000    -0.52600000    -1.64200000     2.60200000
    3 H                    1.0000    -0.72900000    -0.98900000     3.27800000

      Atomic Mass 
      ----------- 

      H                  1.007825
      O                 15.994910


 Effective nuclear repulsion energy (a.u.)       9.1628016539

            Nuclear Dipole moment (a.u.) 
            ----------------------------
        X                 Y               Z
 ---------------- ---------------- ----------------
    -8.7815566689   -29.4853945998    49.5618435025


            XYZ format geometry
            -------------------
     3
 geometry
 H                     0.29000000    -1.47800000     2.13300000
 O                    -0.52600000    -1.64200000     2.60200000
 H                    -0.72900000    -0.98900000     3.27800000

 ==============================================================================
                                internuclear distances
 ------------------------------------------------------------------------------
       center one      |      center two      | atomic units |  angstroms
 ------------------------------------------------------------------------------
    2 O                |   1 H                |     1.80537  |     0.95536
    3 H                |   2 O                |     1.81708  |     0.96156
 ------------------------------------------------------------------------------
                         number of included internuclear distances:          2
 ==============================================================================



 ==============================================================================
                                 internuclear angles
 ------------------------------------------------------------------------------
        center 1       |       center 2       |       center 3       |  degrees
 ------------------------------------------------------------------------------
    1 H                |   2 O                |   3 H                |   114.13
 ------------------------------------------------------------------------------
                            number of included internuclear angles:          1
 ==============================================================================



  library name resolved from: environment
  library file name is: </home/d3y133/nwchem-dev/nwchem-dev-2013-10-16/QA/../src/basis/libraries/>
  
  xc_inp: hfexch multiplicative factor not found.
 Keyword MAXBEM is obsolete and ignored (see York, Karplus, doi:10.1021/jp992097l)
                              NWChem Property Module
                              ----------------------


                                   cosmo_h2o_dft

  itol2e modified to match energy
  convergence criterion.

                                 NWChem DFT Module
                                 -----------------


                                   cosmo_h2o_dft




 Summary of "ao basis" -> "ao basis" (cartesian)
 ------------------------------------------------------------------------------
       Tag                 Description            Shells   Functions and Types
 ---------------- ------------------------------  ------  ---------------------
 H                           6-31G                   2        2   2s
 O                           6-31G                   5        9   3s2p



          ---------------
          -cosmo- solvent
          ---------------
 dielectric constant -eps-     =  78.40
 charge screening approach     =   2
 screen = (eps-1)/(eps    )    =   0.98724
 -lineq- algorithm             =   1
 -bem- low  level              =   2
 -bem- high level              =   3
 -bem- from -octahedral-
 solvent radius (ang.)         =   0.000
 gaussian surface charge width =   0.98000
 degree of switching           =   1.00000
 switching function tolerance  =   0.00010
 atomic radii = 
 --------------
    1  1.000  1.300
    2  8.000  1.720
    3  1.000  1.300

 solvent accessible surface
 --------------------------

 ---------- ATOMIC COORDINATES (A.U.) ------------ VDWR(ANG.) --
     1    0.54802054   -2.79301501    4.03078553     1.300
     2   -0.99399587   -3.10293007    4.91706702     1.720
     3   -1.37761025   -1.86893900    6.19452179     1.300
 number of segments per atom =         32
 number of   points per atom =         32
 atom (   nspa,  nppa )
 ----------------------
    1 (     18,     0 )       0
    2 (     26,     0 )       0
    3 (     17,     0 )       0
 number of -cosmo- surface points =       61
 molecular surface =     42.141 angstrom**2
 molecular volume  =     21.615 angstrom**3
 G(cav/disp)       =      1.071 kcal/mol
 ...... end of -cosmo- initialization ......


  Caching 1-el integrals 
  itol2e modified to match energy
  convergence criterion.

            General Information
            -------------------
          SCF calculation type: DFT
          Wavefunction type:  closed shell.
          No. of atoms     :     3
          No. of electrons :    10
           Alpha electrons :     5
            Beta electrons :     5
          Charge           :     0
          Spin multiplicity:     1
          Use of symmetry is: off; symmetry adaption is: off
          Maximum number of iterations: 200
          This is a Direct SCF calculation.
          AO basis - number of functions:    13
                     number of shells:     9
          Convergence on energy requested: 1.00D-07
          Convergence on density requested: 1.00D-05
          Convergence on gradient requested: 5.00D-04

              XC Information
              --------------
                     Hartree-Fock (Exact) Exchange  1.000          

          Convergence Information
          -----------------------
          Convergence aids based upon iterative change in 
          total energy or number of iterations. 
          Levelshifting, if invoked, occurs when the 
          HOMO/LUMO gap drops below (HL_TOL): 1.00D-02
          DIIS, if invoked, will attempt to extrapolate 
          using up to (NFOCK): 10 stored Fock matrices.

                    Damping( 0%)  Levelshifting(0.5)       DIIS
                  --------------- ------------------- ---------------
          dE  on:    start            ASAP                start   
          dE off:    2 iters        200 iters           200 iters 


      Screening Tolerance Information
      -------------------------------
          Density screening/tol_rho: 1.00D-11
          AO Gaussian exp screening on grid/accAOfunc:  16
          CD Gaussian exp screening on grid/accCDfunc:  20
          XC Gaussian exp screening on grid/accXCfunc:  20
          Schwarz screening/accCoul: 1.00D-08


      Superposition of Atomic Density Guess
      -------------------------------------

 Sum of atomic energies:         -75.75081731

      Non-variational initial energy
      ------------------------------

 Total energy =     -75.908302
 1-e energy   =    -121.677027
 2-e energy   =      36.605923
 HOMO         =      -0.468658
 LUMO         =       0.113391

   Time after variat. SCF:      0.0
   Time prior to 1st pass:      0.0

           Memory utilization after 1st SCF pass: 
           Heap Space remaining (MW):       13.11            13105761
          Stack Space remaining (MW):       13.11            13107011

   convergence    iter        energy       DeltaE   RMS-Dens  Diis-err    time
 ---------------- ----- ----------------- --------- --------- ---------  ------
     COSMO gas phase
 d= 0,ls=0.0,diis     1    -75.9504799104 -8.51D+01  2.93D-02  3.18D-01     0.0
 d= 0,ls=0.0,diis     2    -75.9768470171 -2.64D-02  1.00D-02  9.03D-02     0.0
 d= 0,ls=0.0,diis     3    -75.9847782865 -7.93D-03  1.82D-03  9.54D-04     0.1
 d= 0,ls=0.0,diis     4    -75.9849420290 -1.64D-04  3.64D-04  2.14D-05     0.1
 d= 0,ls=0.0,diis     5    -75.9849470684 -5.04D-06  6.65D-05  4.82D-07     0.1
 d= 0,ls=0.0,diis     6    -75.9849472001 -1.32D-07  6.19D-06  4.10D-09     0.1
 d= 0,ls=0.0,diis     7    -75.9849472013 -1.20D-09  2.02D-06  1.87D-10     0.1

           Memory utilization after 1st SCF pass: 
           Heap Space remaining (MW):       13.11            13105493
          Stack Space remaining (MW):       13.11            13107011

   convergence    iter        energy       DeltaE   RMS-Dens  Diis-err    time
 ---------------- ----- ----------------- --------- --------- ---------  ------
     COSMO solvation phase
 d= 0,ls=0.0,diis     1    -76.0064433487 -2.15D-02  8.24D-03  8.61D-03     0.9
 d= 0,ls=0.0,diis     2    -76.0087824287 -2.34D-03  3.69D-03  1.87D-03     1.3
 d= 0,ls=0.0,diis     3    -76.0091916269 -4.09D-04  1.70D-03  3.37D-04     1.7
 d= 0,ls=0.0,diis     4    -76.0092682837 -7.67D-05  3.65D-04  8.31D-06     2.1
 d= 0,ls=0.0,diis     5    -76.0092710578 -2.77D-06  4.29D-05  1.83D-07     2.4
 d= 0,ls=0.0,diis     6    -76.0092711145 -5.67D-08  7.68D-06  6.17D-09     2.6


         Total DFT energy =      -76.009271114481
      One electron energy =     -123.225236100507
           Coulomb energy =       46.897090906652
    Exchange-Corr. energy =       -8.961155853076
 Nuclear repulsion energy =        9.162801653904

 Numeric. integr. density =        0.000000000000

     Total iterative time =      2.6s


                  COSMO solvation results
                  -----------------------
  
                 gas phase energy =       -75.9849472013
                 sol phase energy =       -76.0092711145
 (electrostatic) solvation energy =         0.0243239132 (   15.26 kcal/mol)

                       DFT Final Molecular Orbital Analysis
                       ------------------------------------

 Vector    1  Occ=2.000000D+00  E=-2.055248D+01
              MO Center= -5.3D-01, -1.6D+00,  2.6D+00, r^2= 1.5D-02
   Bfn.  Coefficient  Atom+Function         Bfn.  Coefficient  Atom+Function  
  ----- ------------  ---------------      ----- ------------  ---------------
     3      0.995760  2 O  s          

 Vector    2  Occ=2.000000D+00  E=-1.342176D+00
              MO Center= -4.4D-01, -1.5D+00,  2.6D+00, r^2= 5.1D-01
   Bfn.  Coefficient  Atom+Function         Bfn.  Coefficient  Atom+Function  
  ----- ------------  ---------------      ----- ------------  ---------------
     8      0.498123  2 O  s                  4      0.471384  2 O  s          
     3     -0.215267  2 O  s          

 Vector    3  Occ=2.000000D+00  E=-7.203637D-01
              MO Center= -4.2D-01, -1.5D+00,  2.6D+00, r^2= 7.7D-01
   Bfn.  Coefficient  Atom+Function         Bfn.  Coefficient  Atom+Function  
  ----- ------------  ---------------      ----- ------------  ---------------
     7      0.363911  2 O  pz                 5     -0.326834  2 O  px         
     1     -0.251328  1 H  s                 12      0.249881  3 H  s          
    11      0.209508  2 O  pz                 9     -0.187988  2 O  px         
     6      0.153064  2 O  py         

 Vector    4  Occ=2.000000D+00  E=-5.572433D-01
              MO Center= -5.9D-01, -1.7D+00,  2.6D+00, r^2= 6.6D-01
   Bfn.  Coefficient  Atom+Function         Bfn.  Coefficient  Atom+Function  
  ----- ------------  ---------------      ----- ------------  ---------------
     6      0.445234  2 O  py                10      0.349849  2 O  py         
     5      0.334418  2 O  px                 9      0.262325  2 O  px         
     8     -0.243036  2 O  s          

 Vector    5  Occ=2.000000D+00  E=-5.043941D-01
              MO Center= -5.3D-01, -1.6D+00,  2.6D+00, r^2= 6.1D-01
   Bfn.  Coefficient  Atom+Function         Bfn.  Coefficient  Atom+Function  
  ----- ------------  ---------------      ----- ------------  ---------------
     7      0.426607  2 O  pz                11      0.351944  2 O  pz         
     6     -0.342783  2 O  py                 5      0.314409  2 O  px         
    10     -0.283404  2 O  py                 9      0.259803  2 O  px         

 Vector    6  Occ=0.000000D+00  E= 2.390654D-01
              MO Center= -1.6D-01, -1.1D+00,  2.7D+00, r^2= 2.6D+00
   Bfn.  Coefficient  Atom+Function         Bfn.  Coefficient  Atom+Function  
  ----- ------------  ---------------      ----- ------------  ---------------
     8      1.181134  2 O  s                 13     -1.005942  3 H  s          
     2     -0.981577  1 H  s                 10      0.341119  2 O  py         
     9      0.249807  2 O  px         

 Vector    7  Occ=0.000000D+00  E= 3.398676D-01
              MO Center= -1.1D-01, -1.1D+00,  2.7D+00, r^2= 2.8D+00
   Bfn.  Coefficient  Atom+Function         Bfn.  Coefficient  Atom+Function  
  ----- ------------  ---------------      ----- ------------  ---------------
     2      1.373153  1 H  s                 13     -1.341680  3 H  s          
    11      0.589660  2 O  pz                 9     -0.529843  2 O  px         
    10      0.247173  2 O  py                 7      0.235487  2 O  pz         
     5     -0.210928  2 O  px         

 Vector    8  Occ=0.000000D+00  E= 1.123062D+00
              MO Center= -5.1D-01, -1.5D+00,  2.7D+00, r^2= 1.5D+00
   Bfn.  Coefficient  Atom+Function         Bfn.  Coefficient  Atom+Function  
  ----- ------------  ---------------      ----- ------------  ---------------
    12      1.084448  3 H  s                  1     -0.921649  1 H  s          
    11     -0.623499  2 O  pz                 9      0.565474  2 O  px         
    13     -0.441404  3 H  s                  2      0.338117  1 H  s          
    10     -0.270879  2 O  py         

 Vector    9  Occ=0.000000D+00  E= 1.154812D+00
              MO Center= -5.3D-01, -1.6D+00,  2.6D+00, r^2= 1.1D+00
   Bfn.  Coefficient  Atom+Function         Bfn.  Coefficient  Atom+Function  
  ----- ------------  ---------------      ----- ------------  ---------------
    11     -0.698784  2 O  pz                 7      0.652009  2 O  pz         
    10      0.569843  2 O  py                 6     -0.530073  2 O  py         
     9     -0.501154  2 O  px                 5      0.480894  2 O  px         

 Vector   10  Occ=0.000000D+00  E= 1.157571D+00
              MO Center= -1.3D-01, -1.2D+00,  2.7D+00, r^2= 1.2D+00
   Bfn.  Coefficient  Atom+Function         Bfn.  Coefficient  Atom+Function  
  ----- ------------  ---------------      ----- ------------  ---------------
     1      1.081012  1 H  s                 12      0.907607  3 H  s          
     2     -0.523395  1 H  s                 13     -0.488774  3 H  s          
     4     -0.269878  2 O  s                  9     -0.243555  2 O  px         
     6     -0.214349  2 O  py                10     -0.186923  2 O  py         

 Vector   11  Occ=0.000000D+00  E= 1.178446D+00
              MO Center= -6.9D-01, -1.9D+00,  2.5D+00, r^2= 1.0D+00
   Bfn.  Coefficient  Atom+Function         Bfn.  Coefficient  Atom+Function  
  ----- ------------  ---------------      ----- ------------  ---------------
    10      0.874798  2 O  py                 6     -0.732403  2 O  py         
     9      0.657058  2 O  px                 5     -0.562851  2 O  px         
     4      0.286796  2 O  s                 11      0.232741  2 O  pz         
     7     -0.186488  2 O  pz         

 Vector   12  Occ=0.000000D+00  E= 1.386756D+00
              MO Center= -4.9D-01, -1.6D+00,  2.6D+00, r^2= 1.4D+00
   Bfn.  Coefficient  Atom+Function         Bfn.  Coefficient  Atom+Function  
  ----- ------------  ---------------      ----- ------------  ---------------
    11      1.129691  2 O  pz                 9     -1.002308  2 O  px         
     2      0.941952  1 H  s                 13     -0.927582  3 H  s          
     7     -0.739935  2 O  pz                 5      0.660043  2 O  px         
    10      0.483266  2 O  py                 6     -0.312935  2 O  py         

 Vector   13  Occ=0.000000D+00  E= 1.675406D+00
              MO Center= -3.4D-01, -1.4D+00,  2.7D+00, r^2= 1.2D+00
   Bfn.  Coefficient  Atom+Function         Bfn.  Coefficient  Atom+Function  
  ----- ------------  ---------------      ----- ------------  ---------------
     8      2.723190  2 O  s                  4     -1.698875  2 O  s          
     2     -0.670297  1 H  s                 13     -0.653959  3 H  s          
    10      0.570147  2 O  py                 9      0.434519  2 O  px         
    12     -0.330732  3 H  s                  1     -0.326384  1 H  s          
     6     -0.164424  2 O  py         


 center of mass
 --------------
 x =  -0.92917465 y =  -3.01653702 z =   4.93895608

 moments of inertia (a.u.)
 ------------------
           3.924693981154           0.096308248243           1.896794114038
           0.096308248243           4.896728093959          -1.277822468465
           1.896794114038          -1.277822468465           3.966077698630

     Multipole analysis of the density
     ---------------------------------

     L   x y z        total         alpha         beta         nuclear
     -   - - -        -----         -----         ----         -------
     0   0 0 0      0.000000     -5.000000     -5.000000     10.000000

     1   1 0 0      0.655937      4.718747      4.718747     -8.781557
     1   0 1 0      0.869838     15.177616     15.177616    -29.485395
     1   0 0 1      0.217950    -24.671947    -24.671947     49.561844

     2   2 0 0     -5.165544     -7.633951     -7.633951     10.102359
     2   1 1 0     -2.918639    -14.318538    -14.318538     25.718437
     2   1 0 1      1.864462     23.644750     23.644750    -45.425038
     2   0 2 0     -9.832898    -49.076082    -49.076082     88.319266
     2   0 1 1      4.388220     74.640985     74.640985   -144.893749
     2   0 0 2     -1.772143   -124.905930   -124.905930    248.039717


          --------------
          Electric field
          --------------

 1 a.u. = 0.171524 10**(-8) dyn/esu 

   Atom       X         Y         Z                        Electric field (a.u.)
                                              X              Y              Z           Field
  ------------------------------------------------------------------------------------------------
    1 H    0.54802  -2.79302   4.03079       0.088768       0.014489      -0.053902       0.104858
    2 O   -0.99400  -3.10293   4.91707      -0.124413      -0.163298      -0.040146       0.209180
    3 H   -1.37761  -1.86894   6.19452      -0.023650       0.064362       0.069445       0.097593

 Task  times  cpu:        2.6s     wall:        2.9s
 Summary of allocated global arrays
-----------------------------------
  No active global arrays



                         GA Statistics for process    0
                         ------------------------------

       create   destroy   get      put      acc     scatter   gather  read&inc
calls:  212      212     1065      275      572        0        0      117     
number of processes/call 1.92e+00 1.29e+00 1.66e+00 0.00e+00 0.00e+00
bytes total:             5.26e+05 1.63e+05 2.68e+05 0.00e+00 0.00e+00 9.36e+02
bytes remote:            1.30e+05 1.62e+04 8.38e+04 0.00e+00 0.00e+00 0.00e+00
Max memory consumed for GA by this process: 39368 bytes
MA_summarize_allocated_blocks: starting scan ...
MA_summarize_allocated_blocks: scan completed: 0 heap blocks, 0 stack blocks
MA usage statistics:

	allocation statistics:
					      heap	     stack
					      ----	     -----
	current number of blocks	         0	         0
	maximum number of blocks	        26	        29
	current total bytes		         0	         0
	maximum total bytes		   3213856	  22510096
	maximum total K-bytes		      3214	     22511
	maximum total M-bytes		         4	        23


                                NWChem Input Module
                                -------------------





                                     CITATION
                                     --------
                Please cite the following reference when publishing
                           results obtained with NWChem:

                 M. Valiev, E.J. Bylaska, N. Govind, K. Kowalski,
              T.P. Straatsma, H.J.J. van Dam, D. Wang, J. Nieplocha,
                        E. Apra, T.L. Windus, W.A. de Jong
                 "NWChem: a comprehensive and scalable open-source
                  solution for large scale molecular simulations"
                      Comput. Phys. Commun. 181, 1477 (2010)
                           doi:10.1016/j.cpc.2010.04.018

                              AUTHORS & CONTRIBUTORS
                              ----------------------
          E. Apra, E. J. Bylaska, W. A. de Jong, N. Govind, K. Kowalski,
       T. P. Straatsma, M. Valiev, H. J. J. van Dam, D. Wang, T. L. Windus,
        J. Hammond, J. Autschbach, K. Bhaskaran-Nair, J. Brabec, K. Lopata,
     F. Aquino, S. Hirata, M. T. Hackler, T. Risthaus, M. Malagoli, J. Mullin,
        P. Nichols, R. Peverati, J. Pittner, Y. Zhao, P.-D. Fan, A. Fonari,
     R. J. Harrison, M. Dupuis, D. Silverstein, D. M. A. Smith, J. Nieplocha,
       V. Tipparaju, M. Krishnan, B. E. Van Kuiken,  A. Vazquez-Mayagoitia,
        L. Jensen, M. Swart, Q. Wu, T. Van Voorhis, A. A. Auer, M. Nooijen,
      L. D. Crosby, E. Brown, G. Cisneros, G. I. Fann, H. Fruchtl, J. Garza,
   K. Hirao, R. Kendall, J. A. Nichols, K. Tsemekhman, K. Wolinski, J. Anchell,
       D. Bernholdt, P. Borowski, T. Clark, D. Clerc, H. Dachsel, M. Deegan,
        K. Dyall, D. Elwood, E. Glendening, M. Gutowski, A. Hess, J. Jaffe,
   B. Johnson, J. Ju, R. Kobayashi, R. Kutteh, Z. Lin, R. Littlefield, X. Long,
        B. Meng,T. Nakajima, S. Niu, L. Pollack, M. Rosing, K. Glaesemann,
      G. Sandrone, M. Stave, H. Taylor, G. Thomas, J. H. van Lenthe, A. Wong,
                                     Z.Zhang.

 Total times  cpu:        2.6s     wall:        3.9s
