 argument  1 = h2o_sicpert.nw
                                         
                                         
 
 
             Northwest Computational Chemistry Package (NWChem) 3.3.1
             --------------------------------------------------------
 
 
                    Environmental Molecular Sciences Laboratory
                       Pacific Northwest National Laboratory
                                Richland, WA 99352
 
                                         
                                         
 
 
                   COPYRIGHT (C) 1994, 1995, 1996, 1997, 1998, 1999
                        Pacific Northwest National Laboratory,
                             Battelle Memorial Institute.
 
                            >>> All Rights Reserved <<<
 
 
                                    DISCLAIMER
                                    ----------

            This material was prepared as an account of work sponsored
            by an agency of the United States Government.  Neither the
            United States Government nor the United States Department
            of Energy, nor Battelle, nor any of their employees, MAKES
            ANY WARRANTY, EXPRESS OR IMPLIED, OR ASSUMES ANY LEGAL
            LIABILITY OR RESPONSIBILITY FOR THE ACCURACY, COMPLETENESS,
            OR USEFULNESS OF ANY INFORMATION, APPARATUS, PRODUCT,
            SOFTWARE, OR PROCESS DISCLOSED, OR REPRESENTS THAT ITS USE
            WOULD NOT INFRINGE PRIVATELY OWNED RIGHTS.


                                    LIMITED USE
                                    -----------

            This software (including any documentation) is being made
            available to you for your internal use only, solely for use
            in performance of work directly for the U.S. Federal
            Government or work under contracts with the U.S. Department
            of Energy or other U.S. Federal Government agencies.  This
            software is a version which has not yet been evaluated and
            cleared for commercialization.  Adherence to this notice
            may be necessary for the author, Battelle Memorial
            Institute, to successfully assert copyright in and
            commercialize this software. This software is not intended
            for duplication or distribution to third parties without
            the permission of the Manager of Software Products at
            Pacific Northwest National Laboratory, Richland,
            Washington, 99352.


                                  ACKNOWLEDGMENT
                                  --------------

            This software and its documentation were produced with
            Government support under Contract Number DE-AC06-76RLO-1830
            awarded by the United States Department of Energy.  The
            Government retains a paid-up non-exclusive, irrevocable
            worldwide license to reproduce, prepare derivative works,
            perform publicly and display publicly by or for the
            Government, including the right to distribute to other
            Government contractors.


           Job information
           ---------------

    hostname      = starbucks
    program       = nwchem
    date          = Fri Jun  9 16:12:31 2000

    compiled      = Fri Jun  9 16:05:30 PDT 2000
    source        = /msrc/home/jolguin/nwchem
    nwchem branch = Development
    input         = h2o_sicpert.nw
    prefix        = h2o_sicpert.
    data base     = /tmp/h2o_sicpert.db
    status        = startup
    nproc         =    1
    time left     =     -1s



           Memory information
           ------------------

    heap      =    8847361 doubles =     70.8 Mbytes
    stack     =    2949121 doubles =     23.6 Mbytes
    global    =   11796491 doubles =     94.4 Mbytes (within heap+stack)
    total     =   11796482 doubles =     94.4 Mbytes
    verify    = yes
    hardfail  = no 


           Directory information
           ---------------------
 
  0 permanent = /tmp
  0 scratch   = /tmp
 
 
 
 
                                NWChem Input Module
                                -------------------
 
 
                                   h2o_sicpert
                                   -----------
 

          ------
          auto-z
          ------
 
 
                             Geometry "geometry" -> ""
                             -------------------------
 
 Output coordinates in a.u. (scale by  1.000000000 to convert to a.u.)
 
  No.       Tag          Charge          X              Y              Z
 ---- ---------------- ---------- -------------- -------------- --------------
    1 O                    8.0000     0.00000000     0.00000000     0.22140000
    2 H                    1.0000     0.00000000     1.43000000    -0.88560000
    3 H                    1.0000     0.00000000    -1.43000000    -0.88560000
 
      Atomic Mass 
      ----------- 
 
      O                 15.994910
      H                  1.007825
 

 Effective nuclear repulsion energy (a.u.)       9.1971984402

            Nuclear Dipole moment (a.u.) 
            ----------------------------
        X                 Y               Z
 ---------------- ---------------- ----------------
     0.0000000000     0.0000000000     0.0000000000
 


                                Z-matrix (autoz)
                                -------- 

 Units are Angstrom for bonds and degrees for angles
 
      Type          Name      I     J     K     L     M      Value
      ----------- --------  ----- ----- ----- ----- ----- ----------
    1 Stretch                  1     2                       0.95697
    2 Stretch                  1     3                       0.95697
    3 Bend                     2     1     3               104.51124
 
 ==============================================================================
                                internuclear distances
 ------------------------------------------------------------------------------
       center one      |      center two      | atomic units |       a.u.
 ------------------------------------------------------------------------------
    2 H                |   1 O                |     1.80841  |     1.80841
    3 H                |   1 O                |     1.80841  |     1.80841
 ------------------------------------------------------------------------------
                         number of included internuclear distances:          2
 ==============================================================================



 ==============================================================================
                                 internuclear angles
 ------------------------------------------------------------------------------
        center 1       |       center 2       |       center 3       |  degrees
 ------------------------------------------------------------------------------
    2 H                |   1 O                |   3 H                |   104.51
 ------------------------------------------------------------------------------
                            number of included internuclear angles:          1
 ==============================================================================



                      Basis "ao basis" -> "" (cartesian)
                      -----
  O (Oxygen)
  ----------
            Exponent  Coefficients 
       -------------- ---------------------------------------------------------
  1 S  5.48467170E+03  0.001831
  1 S  8.25234950E+02  0.013950
  1 S  1.88046960E+02  0.068445
  1 S  5.29645000E+01  0.232714
  1 S  1.68975700E+01  0.470193
  1 S  5.79963530E+00  0.358521
 
  2 S  1.55396160E+01 -0.110778
  2 S  3.59993360E+00 -0.148026
  2 S  1.01376180E+00  1.130767
 
  3 P  1.55396160E+01  0.070874
  3 P  3.59993360E+00  0.339753
  3 P  1.01376180E+00  0.727159
 
  4 S  2.70005800E-01  1.000000
 
  5 P  2.70005800E-01  1.000000
 
  6 D  8.00000000E-01  1.000000
 
  H (Hydrogen)
  ------------
            Exponent  Coefficients 
       -------------- ---------------------------------------------------------
  1 S  1.87311370E+01  0.033495
  1 S  2.82539370E+00  0.234727
  1 S  6.40121700E-01  0.813757
 
  2 S  1.61277800E-01  1.000000
 


 Summary of "ao basis" -> "" (cartesian)
 ------------------------------------------------------------------------------
       Tag                 Description            Shells   Functions and Types
 ---------------- ------------------------------  ------  ---------------------
 O                           6-31g*                  6       15   3s2p1d
 H                           6-31g*                  2        2   2s


                                 NWChem DFT Module
                                 -----------------
 
 
                                    h2o_sicpert
 
 
 
            General Information
            -------------------
          SCF calculation type: DFT
          Wavefunction type:  closed shell.
          No. of atoms     :     3
          No. of electrons :    10
           Alpha electrons :     5
            Beta electrons :     5
          Charge           :     0
          Spin multiplicity:     1
          Use of symmetry is: off; symmetry adaption is: off
          Maximum number of iterations:  30
          AO basis - number of functions:    19
                     number of shells:    10
          Convergence on energy requested: 0.10D-05
          Convergence on density requested: 0.10D-04
          Convergence on gradient requested: 0.50D-03
 
              XC Information
              --------------
                        Slater Exchange Functional   1.00 local    
                      VWN V Correlation Functional   1.00 local    

              SIC perturbative approximation
 
             Grid Information
             ----------------
          Grid used for XC integration:  medium    
          Radial quadrature: Euler-MacLaurin     
          Angular quadrature: Gauss-Legendre. 
          Tag              B.-S. Rad. Rad. Pts. Rad. Cut. Ang. Pts.
          ---              ---------- --------- --------- ---------
          O                   0.60       53         5.0   18 * 36
          H                   0.35       57         6.0   18 * 36
          Grid pruning is: on 
          Number of quadrature shells:   167
          Spatial weights used: Becke
 
          Convergence Information
          -----------------------
          Convergence aids based upon iterative change in 
          total energy or number of iterations. 
          Levelshifting, if invoked, occurs when the 
          HOMO/LUMO gap drops below (HL_TOL): 0.50D-01
          DIIS, if invoked, will attempt to extrapolate 
          using up to (NFOCK): 10 stored Fock matrices.

                    Damping(70%)  Levelshifting(0.5)       DIIS
                  --------------- ------------------- ---------------
          dE  on:    start            ASAP                start   
          dE off:    2 iters         30 iters            30 iters 

 
      Screening Tolerance Information
      -------------------------------
          Density screening/tol_rho: 0.10D-09
          AO Gaussian exp screening on grid/accAOfunc:  14
          CD Gaussian exp screening on grid/accCDfunc:  20
          XC Gaussian exp screening on grid/accXCfunc:  20
          Schwarz screening/accCoul: 0.10D-09
          Spatial weight screening/radius(au): 0.15D+02

  Skipping SCF linear dependence check. 
 
      Superposition of Atomic Density Guess
      -------------------------------------
 
 Sum of atomic energies:         -75.75081731
 
      Non-variational initial energy
      ------------------------------

 Total energy =     -75.919952
 1-e energy   =    -121.737767
 2-e energy   =      36.620616
 HOMO         =      -0.470482
 LUMO         =       0.114886
 
   Time prior to 1st pass:      2.5

 #quartets = 1.540D+03 #integrals = 8.874D+03 #direct =  0.0% #cached =100.0%


 Integral file          = /tmp/h2o_sicpert.aoints.0
 Record size in doubles =  65536        No. of integs per rec  =  43688
 Max. records in memory =      2        Max. records in file   =    309
 No. of bits per label  =      8        No. of bits per value  =     64


           Memory utilization after 1st SCF pass: 
           Heap Space remaining (MW):        8.70             8703685
          Stack Space remaining (MW):        2.95             2948952

   convergence    iter        energy       DeltaE   RMS-Dens  Diis-err    time
 ---------------- ----- ----------------- --------- --------- ---------  ------
 d=70,ls=0.0,diis     1    -75.8064252929 -8.50D+01  4.90D-02  5.71D-01     7.0
 d=70,ls=0.0,diis     2    -75.8203550313 -1.39D-02  1.06D-02  1.44D-01    10.9
 d= 0,ls=0.0,diis     3    -75.8266405804 -6.29D-03  8.68D-03  8.25D-02    14.8
 d= 0,ls=0.0,diis     4    -75.8442884314 -1.76D-02  5.78D-04  4.18D-04    18.7
 d= 0,ls=0.0,diis     5    -75.8443291855 -4.08D-05  3.91D-05  1.67D-06    22.6
 d= 0,ls=0.0,diis     6    -75.8443294471 -2.62D-07  2.90D-06  4.43D-09    26.6
            Foster-Boys orbital localization for the SIC approximation
            ----------------------------------------------------------

           iter   Max. dipole2   Mean dipole2    Converge
           ----   ------------   ------------   ---------
              1       0.17011370       0.06595700    0.00D+00
              2       0.80522090       0.51639769    7.85D-01
              3       0.76888243       0.52386427    1.01D-01
              4       0.77701161       0.52431422    2.12D-02
              5       0.77610275       0.52433029    3.86D-03
              6       0.77607064       0.52433111    1.05D-03
              7       0.77603888       0.52433114    2.03D-04
              8       0.77603473       0.52433114    4.36D-05
              9       0.77603383       0.52433114    9.12D-06
             10       0.77603370       0.52433114    2.04D-06
             11       0.77603368       0.52433114    4.74D-07
             12       0.77603368       0.52433114    1.15D-07
             13       0.77603368       0.52433114    2.84D-08
             14       0.77603368       0.52433114    7.45D-09
 
    5     1( 0.68)     3( 0.33)     2(-0.01)
    4     1( 1.02)     3(-0.01)     2(-0.01)
    3     1( 0.68)     2( 0.33)     3(-0.01)
    2     1( 1.02)     3(-0.01)     2(-0.01)
    1     1( 1.00)


         Total DFT energy =    -76.619618578935
      One electron energy =   -123.070773419426
           Coulomb energy =     46.799674601682
    Exchange-Corr. energy =     -9.545718201388
 Nuclear repulsion energy =      9.197198440198

 Numeric. integr. density =      9.999998998298

     Total iterative time =     57.4s


 
                       DFT Final Molecular Orbital Analysis
                       ------------------------------------
 
 Vector    2  Occ=2.000000D+00  E=-9.033287D-01
              MO Center=  2.7D-01, -3.0D-10,  2.7D-01, r^2= 4.8D-01
   Bfn.  Coefficient  Atom+Function         Bfn.  Coefficient  Atom+Function  
  ----- ------------  ---------------      ----- ------------  ---------------
     3     -0.452319  1 O  px                 6     -0.413831  1 O  s          
     7     -0.361508  1 O  px                 5     -0.281295  1 O  pz         
     2     -0.276420  1 O  s                  9     -0.203685  1 O  pz         
 
 Vector    3  Occ=2.000000D+00  E=-4.676997D-01
              MO Center= -7.2D-10,  4.1D-01, -2.2D-01, r^2= 4.8D-01
   Bfn.  Coefficient  Atom+Function         Bfn.  Coefficient  Atom+Function  
  ----- ------------  ---------------      ----- ------------  ---------------
     4      0.370082  1 O  py                16      0.298811  2 H  s          
     5     -0.288546  1 O  pz                 2      0.211431  1 O  s          
     8      0.188840  1 O  py                 9     -0.178157  1 O  pz         
 
 Vector    4  Occ=2.000000D+00  E=-3.107463D-01
              MO Center= -2.7D-01, -6.3D-11,  2.7D-01, r^2= 4.8D-01
   Bfn.  Coefficient  Atom+Function         Bfn.  Coefficient  Atom+Function  
  ----- ------------  ---------------      ----- ------------  ---------------
     3      0.452319  1 O  px                 6     -0.413831  1 O  s          
     7      0.361508  1 O  px                 5     -0.281295  1 O  pz         
     2     -0.276420  1 O  s                  9     -0.203685  1 O  pz         
 
 Vector    5  Occ=2.000000D+00  E=-2.310755D-01
              MO Center= -1.0D-09, -4.1D-01, -2.2D-01, r^2= 4.8D-01
   Bfn.  Coefficient  Atom+Function         Bfn.  Coefficient  Atom+Function  
  ----- ------------  ---------------      ----- ------------  ---------------
     4      0.370082  1 O  py                18     -0.298811  3 H  s          
     5      0.288546  1 O  pz                 2     -0.211431  1 O  s          
     8      0.188840  1 O  py                 9      0.178157  1 O  pz         
 
 Vector    6  Occ=0.000000D+00  E= 4.307279D-02
              MO Center=  5.6D-16,  1.7D-13, -6.1D-01, r^2= 2.4D+00
   Bfn.  Coefficient  Atom+Function         Bfn.  Coefficient  Atom+Function  
  ----- ------------  ---------------      ----- ------------  ---------------
     6     -1.225274  1 O  s                 17      0.958356  2 H  s          
    19      0.958356  3 H  s                  9      0.450994  1 O  pz         
     5      0.290188  1 O  pz         
 
 Vector    7  Occ=0.000000D+00  E= 1.268042D-01
              MO Center= -3.6D-17, -2.1D-13, -5.5D-01, r^2= 2.4D+00
   Bfn.  Coefficient  Atom+Function         Bfn.  Coefficient  Atom+Function  
  ----- ------------  ---------------      ----- ------------  ---------------
    19      1.267589  3 H  s                 17     -1.267589  2 H  s          
     8      0.737670  1 O  py                 4      0.434737  1 O  py         
 
 Vector    8  Occ=0.000000D+00  E= 7.441809D-01
              MO Center= -1.2D-16,  1.5D-13, -1.3D-01, r^2= 1.6D+00
   Bfn.  Coefficient  Atom+Function         Bfn.  Coefficient  Atom+Function  
  ----- ------------  ---------------      ----- ------------  ---------------
    16      0.836553  2 H  s                 18     -0.836553  3 H  s          
    19      0.637350  3 H  s                 17     -0.637350  2 H  s          
     8     -0.461450  1 O  py                14     -0.354794  1 O  dyz        
     4     -0.153144  1 O  py         
 
 Vector    9  Occ=0.000000D+00  E= 8.119760D-01
              MO Center=  1.6D-15, -1.4D-13,  1.9D-01, r^2= 1.2D+00
   Bfn.  Coefficient  Atom+Function         Bfn.  Coefficient  Atom+Function  
  ----- ------------  ---------------      ----- ------------  ---------------
     5      0.873245  1 O  pz                 9     -0.703782  1 O  pz         
    18      0.468279  3 H  s                 16      0.468279  2 H  s          
    19     -0.395474  3 H  s                 17     -0.395474  2 H  s          
     6     -0.303479  1 O  s                 13      0.191802  1 O  dyy        
     2      0.154848  1 O  s          
 
 Vector   10  Occ=0.000000D+00  E= 8.285023D-01
              MO Center=  3.2D-15,  1.8D-15,  1.1D-01, r^2= 1.1D+00
   Bfn.  Coefficient  Atom+Function         Bfn.  Coefficient  Atom+Function  
  ----- ------------  ---------------      ----- ------------  ---------------
     7      1.036006  1 O  px                 3     -0.962706  1 O  px         
 
 Vector   11  Occ=0.000000D+00  E= 8.536424D-01
              MO Center= -2.4D-15,  5.6D-13, -9.5D-02, r^2= 1.6D+00
   Bfn.  Coefficient  Atom+Function         Bfn.  Coefficient  Atom+Function  
  ----- ------------  ---------------      ----- ------------  ---------------
     6      1.203938  1 O  s                  2     -0.773782  1 O  s          
    16      0.716494  2 H  s                 18      0.716494  3 H  s          
     9      0.658428  1 O  pz                17     -0.527307  2 H  s          
    19     -0.527307  3 H  s                 10     -0.334912  1 O  dxx        
     5     -0.265486  1 O  pz                15     -0.238903  1 O  dzz        
 
 Vector   12  Occ=0.000000D+00  E= 9.992156D-01
              MO Center=  4.1D-17, -7.2D-13,  7.5D-02, r^2= 1.6D+00
   Bfn.  Coefficient  Atom+Function         Bfn.  Coefficient  Atom+Function  
  ----- ------------  ---------------      ----- ------------  ---------------
     8      1.654834  1 O  py                19      0.986285  3 H  s          
    17     -0.986285  2 H  s                  4     -0.982196  1 O  py         
 
 Vector   13  Occ=0.000000D+00  E= 1.136704D+00
              MO Center= -3.4D-15,  1.5D-13, -3.6D-01, r^2= 1.5D+00
   Bfn.  Coefficient  Atom+Function         Bfn.  Coefficient  Atom+Function  
  ----- ------------  ---------------      ----- ------------  ---------------
     6      3.688570  1 O  s                  2     -1.498677  1 O  s          
     9     -1.063690  1 O  pz                17     -0.813591  2 H  s          
    19     -0.813591  3 H  s                 13     -0.662793  1 O  dyy        
    15     -0.387511  1 O  dzz                5      0.363889  1 O  pz         
    18     -0.330566  3 H  s                 16     -0.330566  2 H  s          
 
 Vector   14  Occ=0.000000D+00  E= 1.658912D+00
              MO Center= -1.5D-16,  6.7D-15,  1.7D-01, r^2= 6.2D-01
   Bfn.  Coefficient  Atom+Function         Bfn.  Coefficient  Atom+Function  
  ----- ------------  ---------------      ----- ------------  ---------------
    15     -1.010085  1 O  dzz               13      0.579930  1 O  dyy        
    10      0.358378  1 O  dxx                6      0.280321  1 O  s          
     9     -0.155855  1 O  pz         
 
 Vector   15  Occ=0.000000D+00  E= 1.673460D+00
              MO Center=  1.8D-16,  5.8D-15,  1.2D-01, r^2= 6.1D-01
   Bfn.  Coefficient  Atom+Function         Bfn.  Coefficient  Atom+Function  
  ----- ------------  ---------------      ----- ------------  ---------------
    11      1.732051  1 O  dxy        
 
 
     Multipole analysis of the density
     ---------------------------------
 
     L   x y z        total         alpha         beta         nuclear
     -   - - -        -----         -----         ----         -------
     0   0 0 0      0.000000     -5.000000     -5.000000     10.000000
 
     1   1 0 0      0.000000      0.000000      0.000000      0.000000
     1   0 1 0      0.000000      0.000000      0.000000      0.000000
     1   0 0 1     -0.836392     -0.418196     -0.418196      0.000000
 
     2   2 0 0     -5.383471     -2.691735     -2.691735      0.000000
     2   1 1 0      0.000000      0.000000      0.000000      0.000000
     2   1 0 1      0.000000      0.000000      0.000000      0.000000
     2   0 2 0     -3.178112     -3.633956     -3.633956      4.089800
     2   0 1 1      0.000000      0.000000      0.000000      0.000000
     2   0 0 2     -4.494251     -3.227485     -3.227485      1.960718
 

 Parallel integral file used       1 records with       0 large values


 Task  times  cpu:       58.7s     wall:       59.2s
 
 
                                NWChem Input Module
                                -------------------
 
 
 Summary of allocated global arrays
-----------------------------------
  No active global arrays



                         GA Statistics for process    0
                         ------------------------------

       create   destroy   get      put      acc     scatter   gather  read&inc
calls:   84       84     1.62e+04 3019     2.26e+04    0        0        0     
bytes total:             7.26e+06 6.04e+05 7.30e+06 0.00e+00 0.00e+00 0.00e+00
bytes remote:            0.00e+00 0.00e+00 0.00e+00 0.00e+00 0.00e+00 0.00e+00
Max memory consumed for GA by this process: 106856 bytes
 
MA_summarize_allocated_blocks: starting scan ...
MA_summarize_allocated_blocks: scan completed: 0 heap blocks, 0 stack blocks
MA usage statistics:

	allocation statistics:
					      heap	     stack
					      ----	     -----
	current number of blocks	         0	         0
	maximum number of blocks	        56	        38
	current total bytes		         0	         0
	maximum total bytes		   1166920	   3876476
	maximum total K-bytes		      1167	      3877
	maximum total M-bytes		         2	         4



                                  ACKNOWLEDGEMENT
                                  ---------------

            Please use the following acknowledgement where appropriate 
            for results obtained with NWChem:

            High Performance Computational Chemistry Group, "NWChem, A
            Computational Chemistry Package for Parallel Computers, 
            Version 3.3.1" (1999), Pacific Northwest National Laboratory,
            Richland, Washington 99352-0999, USA.


                                     CITATION
                                     --------

            Please use the following citation when publishing results
            obtained with NWChem:

            Anchell, J.; Apra, E.; Bernholdt, D.; Borowski, P.; Bylaska, E.; 
            Clark, T.; Clerc, D.; Dachsel, H.; de Jong, W.A.; Deegan, M.; 
            Dupuis, M.; Dyall, K.; Elwood, D.; Fann, G.; Fruchtl, H.; 
            Glendenning, E.; Gutowski, M.; Harrison, R.; Hess, A.; 
            Jaffe, J.; Johnson, B.; Ju, J.; Kendall, R.; Kobayashi, R.; 
            Kutteh, R.; Lin, Z.; Littlefield, R.; Long, X.; Meng, B.; 
            Nichols, J.; Nieplocha, J.; Rendall, A.; Rosing, M.;Sandrone, G; 
            Stave, M.; Straatsma, T.;Taylor, H.; Thomas, G.; van Lenthe, J.; 
            Windus, T; Wolinski, K.; Wong, A.; Zhang, Z.; "NWChem, A 
            Computational Chemistry Package for Parallel Computers, 
            Version 3.3.1" (1999),
                      Pacific Northwest National Laboratory,
                      Richland, Washington 99352-0999, USA.


                                    REFERENCES
                                    ----------

            Where appropriate, please cite the following reference(s) 
            when publishing results obtained with NWChem:


     1. D. E. Bernholdt, E. Apra, H. A. Fruchtl, M.F. Guest, R. J. Harrison, 
        R. A. Kendall, R. A. Kutteh, X. Long, J. B. Nicholas, J. A. Nichols, 
        H. L. Taylor, A. T. Wong, G. I. Fann, R. J. Littlefield and J. Nieplocha,
        "Parallel Computational Chemistry Made Easier: The Development of NWChem,"
        Int. J. Quantum Chem. Symposium  29, 475-483 (1995).



 Total times  cpu:       60.1s     wall:       60.8s
