 argument  1 = /home/hvandam/nwchem-1-wfn1/QA/tests/wfn1-h2-6-31g-wfn1c14e/input-wf-6-31g-7.888692.nw



============================== echo of input deck ==============================
echo
start wfn1_dat
geometry units au noautoz
  H 0 0 -3.94434600000000000000
  H 0 0  3.94434600000000000000
  symmetry cs
end
basis
  H library 6-31g
end
set wfn1:input_vectors "atomic"
set wfn1:solver "monte-carlo"
set wfn1:print_error F
set wfn1:t_initial 0.1
#set wfn1:corr_expr "wfn1_mx"
set wfn1:corr_expr "wfn1c14"
#
set wfn1:fcd00  0.198826
set wfn1:fcd01  0.294438
set wfn1:fcd11  0.247007
set wfn1:fcd05  0.020225
set wfn1:fcd51  -0.098842
set wfn1:fcd55  -0.201236
#
set wfn1:rcd00  0.884548
set wfn1:rcd01  1.211432
set wfn1:rcd11  0.255064
set wfn1:rcd05  0.988291
set wfn1:rcd51  0.535281
set wfn1:rcd55  0.701049
#
set wfn1:fco00  -0.005884
set wfn1:fco01  0.063203
set wfn1:fco11  0.357171
set wfn1:fco05  0.019518
set wfn1:fco51  0.871725
set wfn1:fco55  1.051801
#
set wfn1:rco00  1.033050
set wfn1:rco01  0.850461
set wfn1:rco11  0.110139
set wfn1:rco05  0.985630
set wfn1:rco51  0.139729
set wfn1:rco55  0.918333
#
set wfn1:t_bath 0.0
set wfn1:maxit  20000
task wfn1 energy
================================================================================


                                         
                                         


              Northwest Computational Chemistry Package (NWChem) 6.8
              ------------------------------------------------------


                    Environmental Molecular Sciences Laboratory
                       Pacific Northwest National Laboratory
                                Richland, WA 99352

                              Copyright (c) 1994-2015
                       Pacific Northwest National Laboratory
                            Battelle Memorial Institute

             NWChem is an open-source computational chemistry package
                        distributed under the terms of the
                      Educational Community License (ECL) 2.0
             A copy of the license is included with this distribution
                              in the LICENSE.TXT file

                                  ACKNOWLEDGMENT
                                  --------------

            This software and its documentation were developed at the
            EMSL at Pacific Northwest National Laboratory, a multiprogram
            national laboratory, operated for the U.S. Department of Energy
            by Battelle under Contract Number DE-AC05-76RL01830. Support
            for this work was provided by the Department of Energy Office
            of Biological and Environmental Research, Office of Basic
            Energy Sciences, and the Office of Advanced Scientific Computing.


           Job information
           ---------------

    hostname        = node023
    program         = /home/hvandam/nwchem-1-wfn1/bin/LINUX64/nwchem
    date            = Thu Jun 17 23:51:08 2021

    compiled        = Sun_Jun_13_23:38:55_2021
    source          = /home/hvandam/nwchem-1-wfn1
    nwchem branch   = Development
    nwchem revision = nwchem_on_git-124-gad72d19fff205e319ffbbf2bca37a04ded6ad57b
    ga revision     = nwchem_on_git-124-gad72d19
    use scalapack   = F
    input           = /home/hvandam/nwchem-1-wfn1/QA/tests/wfn1-h2-6-31g-wfn1c14e/input-wf-6-31g-7.888692.nw
    prefix          = wfn1_dat.
    data base       = ./wfn1_dat.db
    status          = startup
    nproc           =        1
    time left       =     -1s



           Memory information
           ------------------

    heap     =   13107194 doubles =    100.0 Mbytes
    stack    =   13107199 doubles =    100.0 Mbytes
    global   =   26214400 doubles =    200.0 Mbytes (distinct from heap & stack)
    total    =   52428793 doubles =    400.0 Mbytes
    verify   = yes
    hardfail = no 


           Directory information
           ---------------------

  0 permanent = .
  0 scratch   = .




                                NWChem Input Module
                                -------------------


 Turning off AUTOSYM since
 SYMMETRY directive was detected!



                             Geometry "geometry" -> ""
                             -------------------------

 Output coordinates in a.u. (scale by  1.000000000 to convert to a.u.)

  No.       Tag          Charge          X              Y              Z
 ---- ---------------- ---------- -------------- -------------- --------------
    1 H                    1.0000     0.00000000     0.00000000    -3.94434600
    2 H                    1.0000     0.00000000     0.00000000     3.94434600

      Atomic Mass 
      ----------- 

      H                  1.007825


 Effective nuclear repulsion energy (a.u.)       0.1267637271

            Nuclear Dipole moment (a.u.) 
            ----------------------------
        X                 Y               Z
 ---------------- ---------------- ----------------
     0.0000000000     0.0000000000     0.0000000000

      Symmetry information
      --------------------

 Group name             Cs        
 Group number              2
 Group order               2
 No. of unique centers     1

      Symmetry unique atoms

     1


            XYZ format geometry
            -------------------
     2
 geometry
 H                     0.00000000     0.00000000    -2.08725817
 H                     0.00000000     0.00000000     2.08725817

                      Basis "ao basis" -> "" (cartesian)
                      -----
  H (Hydrogen)
  ------------
            Exponent  Coefficients 
       -------------- ---------------------------------------------------------
  1 S  1.87311370E+01  0.033495
  1 S  2.82539370E+00  0.234727
  1 S  6.40121700E-01  0.813757

  2 S  1.61277800E-01  1.000000



 Summary of "ao basis" -> "" (cartesian)
 ------------------------------------------------------------------------------
       Tag                 Description            Shells   Functions and Types
 ---------------- ------------------------------  ------  ---------------------
 H                           6-31g                   2        2   2s



                                NWChem WFN1 Module
                                ------------------



          No. of electrons :     2
           Alpha electrons :     1
            Beta electrons :     1
          Charge           :     0
          Spin multiplicity:     1

 HvD: wfn1_inpdft
 HvD: nquad_task =                     1
 HvD: iangquad   =                     0
 HvD: gridtype   = user      
 HvD: leb        =  T
 HvD: radgrid    = murakn    
 HvD: trunc_neigh=  T
 HvD: lssw       =  T
 HvD: whichssw   = erf1    
 HvD: mxnrad     =                     0
 HvD: mxnang     =                     0
 HVD: wfn1: movecs_in  = atomic                                                                                                                                                                                                                                                          
 HVD: wfn1: movecs_out = ./wfn1_dat.movecs                                                                                                                                                                                                                                               

      Superposition of Atomic Density Guess
      -------------------------------------

 Sum of atomic energies:          -0.99646508

      Non-variational initial energy
      ------------------------------

 Total energy =      -0.682112
 1-e energy   =      -1.249993
 2-e energy   =       0.441117
 HOMO         =      -0.193645
 LUMO         =      -0.188723

 iteration              energy           error
 ---------              ------           -----
         0         -0.98425055        0.020000
         1         -0.98488285        0.020000
         2         -0.98546676        0.020000
         3         -0.98573511        0.020000
         4         -0.98627004        0.020000
         5         -0.98637946        0.020000
         6         -0.98767478        0.020000
         7         -0.98935656        0.020000
         8         -0.99093210        0.020000
         9         -0.99194364        0.020000
        10         -0.99228211        0.020000
        11         -0.99261129        0.020000
        12         -0.99317141        0.020000
        13         -0.99349508        0.020000
        14         -0.99418260        0.020000
        15         -0.99457196        0.020000
        16         -0.99457812        0.020000
        17         -0.99488787        0.020000
        18         -0.99491381        0.020000
        19         -0.99495574        0.020000
        20         -0.99501419        0.020000
        21         -0.99520853        0.020000
        22         -0.99532700        0.020000
        23         -0.99533076        0.020000
        24         -0.99551600        0.020000
        25         -0.99562694        0.020000
        26         -0.99587711        0.020000
        27         -0.99591123        0.020000
        28         -0.99594262        0.019871
        29         -0.99602507        0.019871
        30         -0.99614730        0.019492
        31         -0.99617972        0.019059
        32         -0.99618411        0.019059
        33         -0.99619421        0.017533
        34         -0.99620922        0.016656
        35         -0.99624364        0.016656
        36         -0.99624814        0.016233
        37         -0.99627384        0.014982
        38         -0.99629243        0.014186
        39         -0.99631039        0.012679
        40         -0.99631059        0.009258
        41         -0.99631099        0.005522
        42         -0.99631417        0.005229
        43         -0.99631436        0.004952
        44         -0.99631689        0.004555
        45         -0.99631714        0.003733
        46         -0.99631730        0.002973
        47         -0.99631790        0.002815
        48         -0.99631793        0.002665
        49         -0.99631847        0.002524
        50         -0.99631851        0.002524
        51         -0.99631855        0.002129
        52         -0.99631891        0.001652
        53         -0.99631897        0.001652
        54         -0.99631904        0.001610
        55         -0.99631926        0.001530
        56         -0.99631930        0.001491
        57         -0.99631939        0.001453
        58         -0.99631956        0.001453
        59         -0.99631958        0.001299
        60         -0.99631958        0.000979
        61         -0.99631962        0.000826
        62         -0.99631967        0.000760
        63         -0.99631971        0.000741
        64         -0.99631971        0.000681
        65         -0.99631971        0.000609
        66         -0.99631971        0.000560
        67         -0.99631971        0.000515
        68         -0.99631973        0.000502
        69         -0.99631974        0.000490
        70         -0.99631974        0.000490
        71         -0.99631974        0.000425
        72         -0.99631975        0.000330
        73         -0.99631976        0.000322
        74         -0.99631976        0.000296
        75         -0.99631977        0.000272
        76         -0.99631977        0.000230
        77         -0.99631977        0.000188
        78         -0.99631977        0.000154
        79         -0.99631977        0.000126
        80         -0.99631977        0.000101
        81         -0.99631977        0.000093
        82         -0.99631977        0.000085
        83         -0.99631977        0.000081
        84         -0.99631977        0.000057
        85         -0.99631977        0.000056
        86         -0.99631977        0.000035
        87         -0.99631977        0.000025
        88         -0.99631977        0.000020
        89         -0.99631977        0.000020
        90         -0.99631977        0.000015
        91         -0.99631977        0.000015
        92         -0.99631977        0.000013
        93         -0.99631977        0.000011
        94         -0.99631977        0.000011
        95         -0.99631977        0.000010
        96         -0.99631977        0.000010
        97         -0.99631977        0.000007
        98         -0.99631977        0.000007
        99         -0.99631977        0.000006
       100         -0.99631977        0.000006
       101         -0.99631977        0.000006
       102         -0.99631977        0.000005
       103         -0.99631977        0.000005
       104         -0.99631977        0.000004
       105         -0.99631977        0.000003
       106         -0.99631977        0.000003
       107         -0.99631977        0.000003
       108         -0.99631977        0.000003
       109         -0.99631977        0.000003
       110         -0.99631977        0.000002
       111         -0.99631977        0.000002
       112         -0.99631977        0.000001
       113         -0.99631977        0.000001
       114         -0.99631977        0.000001
       115         -0.99631977        0.000001
       116         -0.99631977        0.000001
       117         -0.99631977        0.000001

 Reached Convergence

 WFN1                     :
 --------------------------
 Total WFN1 energy  =          -0.9963197702
 1-Electron energy  =          -1.2500180384
 2-Electron energy  =           0.3780872767
 Correlation energy =          -0.2511527356
 DFT XC energy      =           0.0000000000
 Entropy energy     =           0.0000000000
 Nuclear energy     =           0.1267637271

 conventional Hartree-Fock:
 --------------------------
 Total SCF energy  =          -0.9329420878
 2-Electron energy =           0.4414649591

                WFN1 Final Natural orbital energies and occupations
                ---------------------------------------------------

              Alpha       Beta            Alpha       Beta  
            --------    --------        --------    --------
       1      0.0000      0.0000          0.5045      0.5045
       2      0.0000      0.0000          0.4955      0.4955
       3      0.0000      0.0000          0.0000      0.0000
       4      0.0000      0.0000          0.0000      0.0000

             WFN1 Final Correlation function energies and occupations
             --------------------------------------------------------

              Alpha       Beta            Alpha       Beta  
            --------    --------        --------    --------
       1      0.0000      0.0000          1.0000      1.0000
       2      0.0000      0.0000          0.0000      0.0000
       3      0.0000      0.0000          0.0000      0.0000
       4      0.0000      0.0000          0.0000      0.0000

                WFN1 Final alpha-alpha 2-matrix occupation numbers
                --------------------------------------------------


 global array: g_momo1[1:4,1:4],  handle: -990 

            1           2           3           4  
       ----------- ----------- ----------- -----------
   1      -0.00000     0.00000     0.00000     0.00000
   2      -0.00000    -0.00000    -0.00000     0.00000
   3      -0.00000     0.00000    -0.00000     0.00000
   4      -0.00000     0.00000    -0.00000     0.00000

                 WFN1 Final beta-beta 2-matrix occupation numbers
                 ------------------------------------------------


 global array: g_momo2[1:4,1:4],  handle: -989 

            1           2           3           4  
       ----------- ----------- ----------- -----------
   1      -0.00000     0.00000     0.00000     0.00000
   2      -0.00000    -0.00000    -0.00000     0.00000
   3      -0.00000     0.00000    -0.00000     0.00000
   4      -0.00000     0.00000    -0.00000     0.00000

                  WFN1 Final alpha Correlation Function Analysis
                  ----------------------------------------------


 global array: Ca[1:4,1:4],  handle: -972 

                     1                       2                       3                       4  
       ----------------------- ----------------------- ----------------------- -----------------------
   1      -0.04818,   -0.70863    -0.04724,   -0.69976    -0.02144,    0.03227     0.00749,   -0.04537
   2       0.35265,   -0.60923    -0.35482,    0.61231     0.03628,   -0.01482    -0.03172,    0.03362
   3       0.00011,   -0.00007     0.00531,    0.01754    -0.67752,   -0.27243    -0.63426,   -0.25323
   4      -0.00006,    0.00010     0.03457,    0.07588     0.00645,    0.68093    -0.00650,   -0.72753

                   WFN1 Final beta Correlation Function Analysis
                   ---------------------------------------------


 global array: Cb[1:4,1:4],  handle: -971 

                     1                       2                       3                       4  
       ----------------------- ----------------------- ----------------------- -----------------------
   1      -0.04818,   -0.70863    -0.04724,   -0.69976    -0.02144,    0.03227     0.00749,   -0.04537
   2       0.35265,   -0.60923    -0.35482,    0.61231     0.03628,   -0.01482    -0.03172,    0.03362
   3       0.00011,   -0.00007     0.00531,    0.01754    -0.67752,   -0.27243    -0.63426,   -0.25323
   4      -0.00006,    0.00010     0.03457,    0.07588     0.00645,    0.68093    -0.00650,   -0.72753

                     WFN1 Final Alpha Natural Orbital Analysis
                     -----------------------------------------

 Vector    1  Occ=5.044849D-01  E= 0.000000D+00
              MO Center=  0.0D+00,  0.0D+00, -2.4D-07, r^2= 5.1D+00
   Bfn.  Coefficient  Atom+Function         Bfn.  Coefficient  Atom+Function  
  ----- ------------  ---------------      ----- ------------  ---------------
     2     -0.470259  1 H  s                  4     -0.470259  2 H  s          
     1     -0.301308  1 H  s                  3     -0.301309  2 H  s          

 Vector    2  Occ=4.955151D-01  E= 0.000000D+00
              MO Center=  0.0D+00,  0.0D+00,  2.4D-07, r^2= 5.2D+00
   Bfn.  Coefficient  Atom+Function         Bfn.  Coefficient  Atom+Function  
  ----- ------------  ---------------      ----- ------------  ---------------
     2      0.469243  1 H  s                  4     -0.469243  2 H  s          
     1      0.304895  1 H  s                  3     -0.304896  2 H  s          

 Vector    3  Occ=1.675273D-08  E= 0.000000D+00
              MO Center=  0.0D+00,  0.0D+00,  3.3D-02, r^2= 5.5D+00
   Bfn.  Coefficient  Atom+Function         Bfn.  Coefficient  Atom+Function  
  ----- ------------  ---------------      ----- ------------  ---------------
     3     -0.894422  2 H  s                  1     -0.880434  1 H  s          
     4      0.813535  2 H  s                  2      0.800661  1 H  s          

 Vector    4  Occ=1.368932D-08  E= 0.000000D+00
              MO Center=  0.0D+00,  0.0D+00, -3.3D-02, r^2= 5.6D+00
   Bfn.  Coefficient  Atom+Function         Bfn.  Coefficient  Atom+Function  
  ----- ------------  ---------------      ----- ------------  ---------------
     1     -0.897737  1 H  s                  3      0.883802  2 H  s          
     2      0.826187  1 H  s                  4     -0.813513  2 H  s          


                     WFN1 Final Beta Natural Orbital Analysis
                     ----------------------------------------

 Vector    1  Occ=5.044849D-01  E= 0.000000D+00
              MO Center=  0.0D+00,  0.0D+00, -2.4D-07, r^2= 5.1D+00
   Bfn.  Coefficient  Atom+Function         Bfn.  Coefficient  Atom+Function  
  ----- ------------  ---------------      ----- ------------  ---------------
     2     -0.470259  1 H  s                  4     -0.470259  2 H  s          
     1     -0.301308  1 H  s                  3     -0.301309  2 H  s          

 Vector    2  Occ=4.955151D-01  E= 0.000000D+00
              MO Center=  0.0D+00,  0.0D+00,  2.4D-07, r^2= 5.2D+00
   Bfn.  Coefficient  Atom+Function         Bfn.  Coefficient  Atom+Function  
  ----- ------------  ---------------      ----- ------------  ---------------
     2      0.469243  1 H  s                  4     -0.469243  2 H  s          
     1      0.304895  1 H  s                  3     -0.304896  2 H  s          

 Vector    3  Occ=1.675273D-08  E= 0.000000D+00
              MO Center=  0.0D+00,  0.0D+00,  3.3D-02, r^2= 5.5D+00
   Bfn.  Coefficient  Atom+Function         Bfn.  Coefficient  Atom+Function  
  ----- ------------  ---------------      ----- ------------  ---------------
     3     -0.894422  2 H  s                  1     -0.880434  1 H  s          
     4      0.813535  2 H  s                  2      0.800661  1 H  s          

 Vector    4  Occ=1.368932D-08  E= 0.000000D+00
              MO Center=  0.0D+00,  0.0D+00, -3.3D-02, r^2= 5.6D+00
   Bfn.  Coefficient  Atom+Function         Bfn.  Coefficient  Atom+Function  
  ----- ------------  ---------------      ----- ------------  ---------------
     1     -0.897737  1 H  s                  3      0.883802  2 H  s          
     2      0.826187  1 H  s                  4     -0.813513  2 H  s          


 Task  times  cpu:      186.7s     wall:      211.1s
 Summary of allocated global arrays
-----------------------------------
  No active global arrays



                         GA Statistics for process    0
                         ------------------------------

       create   destroy   get      put      acc     scatter   gather  read&inc
calls:   61       61     4.83e+07 2.14e+05 1.64e+05    0        0       11     
number of processes/call 1.00e+00 1.00e+00 1.00e+00 0.00e+00 0.00e+00
bytes total:             6.22e+09 3.89e+07 2.74e+07 0.00e+00 0.00e+00 8.80e+01
bytes remote:            0.00e+00 0.00e+00 0.00e+00 0.00e+00 0.00e+00 0.00e+00
Max memory consumed for GA by this process: 12160 bytes
MA_summarize_allocated_blocks: starting scan ...
MA_summarize_allocated_blocks: scan completed: 0 heap blocks, 0 stack blocks
MA usage statistics:

	allocation statistics:
					      heap	     stack
					      ----	     -----
	current number of blocks	         0	         0
	maximum number of blocks	        19	        17
	current total bytes		         0	         0
	maximum total bytes		   3204376	  22508632
	maximum total K-bytes		      3205	     22509
	maximum total M-bytes		         4	        23


                                NWChem Input Module
                                -------------------





                                     CITATION
                                     --------
                Please cite the following reference when publishing
                           results obtained with NWChem:

                 M. Valiev, E.J. Bylaska, N. Govind, K. Kowalski,
              T.P. Straatsma, H.J.J. van Dam, D. Wang, J. Nieplocha,
                        E. Apra, T.L. Windus, W.A. de Jong
                 "NWChem: a comprehensive and scalable open-source
                  solution for large scale molecular simulations"
                      Comput. Phys. Commun. 181, 1477 (2010)
                           doi:10.1016/j.cpc.2010.04.018

                                      AUTHORS
                                      -------
          E. Apra, E. J. Bylaska, W. A. de Jong, N. Govind, K. Kowalski,
       T. P. Straatsma, M. Valiev, H. J. J. van Dam, D. Wang, T. L. Windus,
        J. Hammond, J. Autschbach, K. Bhaskaran-Nair, J. Brabec, K. Lopata,
    S. A. Fischer, S. Krishnamoorthy, M. Jacquelin, W. Ma, M. Klemm, O. Villa,
      Y. Chen, V. Anisimov, F. Aquino, S. Hirata, M. T. Hackler, V. Konjkov,
      T. Risthaus, M. Malagoli, A. Marenich, A. Otero-de-la-Roza, J. Mullin,
        P. Nichols, R. Peverati, J. Pittner, Y. Zhao, P.-D. Fan, A. Fonari,
       M. Williamson, R. J. Harrison, J. R. Rehr, M. Dupuis, D. Silverstein,
    D. M. A. Smith, J. Nieplocha, V. Tipparaju, M. Krishnan, B. E. Van Kuiken,
        A. Vazquez-Mayagoitia, L. Jensen, M. Swart, Q. Wu, T. Van Voorhis,
     A. A. Auer, M. Nooijen, L. D. Crosby, E. Brown, G. Cisneros, G. I. Fann,
   H. Fruchtl, J. Garza, K. Hirao, R. A. Kendall, J. A. Nichols, K. Tsemekhman,
    K. Wolinski, J. Anchell, D. E. Bernholdt, P. Borowski, T. Clark, D. Clerc,
   H. Dachsel, M. J. O. Deegan, K. Dyall, D. Elwood, E. Glendening, M. Gutowski,
   A. C. Hess, J. Jaffe, B. G. Johnson, J. Ju, R. Kobayashi, R. Kutteh, Z. Lin,
   R. Littlefield, X. Long, B. Meng, T. Nakajima, S. Niu, L. Pollack, M. Rosing,
   K. Glaesemann, G. Sandrone, M. Stave, H. Taylor, G. Thomas, J. H. van Lenthe,
                               A. T. Wong, Z. Zhang.

 Total times  cpu:      186.7s     wall:      211.2s
        0.504485        0.495515        0.000000        0.000000        0.504485        0.495515        0.000000        0.000000