 argument  1 = /home/hvandam/nwchem-1-wfn1/QA/tests/wfn1-h2-6-31g-wfn1c14e/input-wf-6-31g-1.888692.nw



============================== echo of input deck ==============================
echo
start wfn1_dat
geometry units au noautoz
  H 0 0 -.94434600000000000000
  H 0 0  .94434600000000000000
  symmetry cs
end
basis
  H library 6-31g
end
set wfn1:input_vectors "atomic"
set wfn1:solver "monte-carlo"
set wfn1:print_error F
set wfn1:t_initial 0.1
#set wfn1:corr_expr "wfn1_mx"
set wfn1:corr_expr "wfn1c14"
#
set wfn1:fcd00  0.198826
set wfn1:fcd01  0.294438
set wfn1:fcd11  0.247007
set wfn1:fcd05  0.020225
set wfn1:fcd51  -0.098842
set wfn1:fcd55  -0.201236
#
set wfn1:rcd00  0.884548
set wfn1:rcd01  1.211432
set wfn1:rcd11  0.255064
set wfn1:rcd05  0.988291
set wfn1:rcd51  0.535281
set wfn1:rcd55  0.701049
#
set wfn1:fco00  -0.005884
set wfn1:fco01  0.063203
set wfn1:fco11  0.357171
set wfn1:fco05  0.019518
set wfn1:fco51  0.871725
set wfn1:fco55  1.051801
#
set wfn1:rco00  1.033050
set wfn1:rco01  0.850461
set wfn1:rco11  0.110139
set wfn1:rco05  0.985630
set wfn1:rco51  0.139729
set wfn1:rco55  0.918333
#
set wfn1:t_bath 0.0
set wfn1:maxit  20000
task wfn1 energy
================================================================================


                                         
                                         


              Northwest Computational Chemistry Package (NWChem) 6.8
              ------------------------------------------------------


                    Environmental Molecular Sciences Laboratory
                       Pacific Northwest National Laboratory
                                Richland, WA 99352

                              Copyright (c) 1994-2015
                       Pacific Northwest National Laboratory
                            Battelle Memorial Institute

             NWChem is an open-source computational chemistry package
                        distributed under the terms of the
                      Educational Community License (ECL) 2.0
             A copy of the license is included with this distribution
                              in the LICENSE.TXT file

                                  ACKNOWLEDGMENT
                                  --------------

            This software and its documentation were developed at the
            EMSL at Pacific Northwest National Laboratory, a multiprogram
            national laboratory, operated for the U.S. Department of Energy
            by Battelle under Contract Number DE-AC05-76RL01830. Support
            for this work was provided by the Department of Energy Office
            of Biological and Environmental Research, Office of Basic
            Energy Sciences, and the Office of Advanced Scientific Computing.


           Job information
           ---------------

    hostname        = node023
    program         = /home/hvandam/nwchem-1-wfn1/bin/LINUX64/nwchem
    date            = Thu Jun 17 23:47:25 2021

    compiled        = Sun_Jun_13_23:38:55_2021
    source          = /home/hvandam/nwchem-1-wfn1
    nwchem branch   = Development
    nwchem revision = nwchem_on_git-124-gad72d19fff205e319ffbbf2bca37a04ded6ad57b
    ga revision     = nwchem_on_git-124-gad72d19
    use scalapack   = F
    input           = /home/hvandam/nwchem-1-wfn1/QA/tests/wfn1-h2-6-31g-wfn1c14e/input-wf-6-31g-1.888692.nw
    prefix          = wfn1_dat.
    data base       = ./wfn1_dat.db
    status          = startup
    nproc           =        1
    time left       =     -1s



           Memory information
           ------------------

    heap     =   13107200 doubles =    100.0 Mbytes
    stack    =   13107197 doubles =    100.0 Mbytes
    global   =   26214400 doubles =    200.0 Mbytes (distinct from heap & stack)
    total    =   52428797 doubles =    400.0 Mbytes
    verify   = yes
    hardfail = no 


           Directory information
           ---------------------

  0 permanent = .
  0 scratch   = .




                                NWChem Input Module
                                -------------------


 Turning off AUTOSYM since
 SYMMETRY directive was detected!



                             Geometry "geometry" -> ""
                             -------------------------

 Output coordinates in a.u. (scale by  1.000000000 to convert to a.u.)

  No.       Tag          Charge          X              Y              Z
 ---- ---------------- ---------- -------------- -------------- --------------
    1 H                    1.0000     0.00000000     0.00000000    -0.94434600
    2 H                    1.0000     0.00000000     0.00000000     0.94434600

      Atomic Mass 
      ----------- 

      H                  1.007825


 Effective nuclear repulsion energy (a.u.)       0.5294669538

            Nuclear Dipole moment (a.u.) 
            ----------------------------
        X                 Y               Z
 ---------------- ---------------- ----------------
     0.0000000000     0.0000000000     0.0000000000

      Symmetry information
      --------------------

 Group name             Cs        
 Group number              2
 Group order               2
 No. of unique centers     1

      Symmetry unique atoms

     1


            XYZ format geometry
            -------------------
     2
 geometry
 H                     0.00000000     0.00000000    -0.49972642
 H                     0.00000000     0.00000000     0.49972642

                      Basis "ao basis" -> "" (cartesian)
                      -----
  H (Hydrogen)
  ------------
            Exponent  Coefficients 
       -------------- ---------------------------------------------------------
  1 S  1.87311370E+01  0.033495
  1 S  2.82539370E+00  0.234727
  1 S  6.40121700E-01  0.813757

  2 S  1.61277800E-01  1.000000



 Summary of "ao basis" -> "" (cartesian)
 ------------------------------------------------------------------------------
       Tag                 Description            Shells   Functions and Types
 ---------------- ------------------------------  ------  ---------------------
 H                           6-31g                   2        2   2s



                                NWChem WFN1 Module
                                ------------------



          No. of electrons :     2
           Alpha electrons :     1
            Beta electrons :     1
          Charge           :     0
          Spin multiplicity:     1

 HvD: wfn1_inpdft
 HvD: nquad_task =                     1
 HvD: iangquad   =                     0
 HvD: gridtype   = user      
 HvD: leb        =  T
 HvD: radgrid    = murakn    
 HvD: trunc_neigh=  T
 HvD: lssw       =  T
 HvD: whichssw   = erf1    
 HvD: mxnrad     =                     0
 HvD: mxnang     =                     0
 HVD: wfn1: movecs_in  = atomic                                                                                                                                                                                                                                                          
 HVD: wfn1: movecs_out = ./wfn1_dat.movecs                                                                                                                                                                                                                                               

      Superposition of Atomic Density Guess
      -------------------------------------

 Sum of atomic energies:          -0.99646508

      Non-variational initial energy
      ------------------------------

 Total energy =      -0.805883
 1-e energy   =      -1.988547
 2-e energy   =       0.653198
 HOMO         =      -0.470643
 LUMO         =       0.100065

 iteration              energy           error
 ---------              ------           -----
         0         -1.10747856        0.020000
         1         -1.10865099        0.020000
         2         -1.10870347        0.020000
         3         -1.10929513        0.020000
         4         -1.10952445        0.020000
         5         -1.11084308        0.020000
         6         -1.11241463        0.020000
         7         -1.11344735        0.020000
         8         -1.11522890        0.020000
         9         -1.11532661        0.020000
        10         -1.11576398        0.020000
        11         -1.11605220        0.020000
        12         -1.11747013        0.020000
        13         -1.11814373        0.020000
        14         -1.11854025        0.020000
        15         -1.11961517        0.020000
        16         -1.12031929        0.020000
        17         -1.12069336        0.020000
        18         -1.12087197        0.020000
        19         -1.12121151        0.020000
        20         -1.12156166        0.020000
        21         -1.12243241        0.020000
        22         -1.12285797        0.020000
        23         -1.12355241        0.020000
        24         -1.12363654        0.020000
        25         -1.12369192        0.020000
        26         -1.12376868        0.020000
        27         -1.12382058        0.020000
        28         -1.12414715        0.020000
        29         -1.12470760        0.020000
        30         -1.12477204        0.020000
        31         -1.12487333        0.020000
        32         -1.12519346        0.020000
        33         -1.12528421        0.020000
        34         -1.12548768        0.020000
        35         -1.12561947        0.020000
        36         -1.12572363        0.020000
        37         -1.12577537        0.020000
        38         -1.12611167        0.020000
        39         -1.12611841        0.019934
        40         -1.12616790        0.017477
        41         -1.12622011        0.017477
        42         -1.12628332        0.017477
        43         -1.12636041        0.017477
        44         -1.12636861        0.016549
        45         -1.12638329        0.011515
        46         -1.12638488        0.010904
        47         -1.12640823        0.010904
        48         -1.12641290        0.010325
        49         -1.12641996        0.009529
        50         -1.12642126        0.008274
        51         -1.12642133        0.006980
        52         -1.12642355        0.006980
        53         -1.12642708        0.006803
        54         -1.12642749        0.006463
        55         -1.12643305        0.006299
        56         -1.12643497        0.005795
        57         -1.12643648        0.005648
        58         -1.12643762        0.005648
        59         -1.12643771        0.004764
        60         -1.12643835        0.003391
        61         -1.12643894        0.003391
        62         -1.12643933        0.003391
        63         -1.12643958        0.002944
        64         -1.12643977        0.002648
        65         -1.12644020        0.002300
        66         -1.12644100        0.002300
        67         -1.12644150        0.002300
        68         -1.12644165        0.002055
        69         -1.12644209        0.002016
        70         -1.12644210        0.001909
        71         -1.12644213        0.000697
        72         -1.12644214        0.000641
        73         -1.12644215        0.000607
        74         -1.12644215        0.000527
        75         -1.12644217        0.000499
        76         -1.12644217        0.000499
        77         -1.12644217        0.000499
        78         -1.12644219        0.000499
        79         -1.12644223        0.000433
        80         -1.12644224        0.000427
        81         -1.12644224        0.000330
        82         -1.12644224        0.000203
        83         -1.12644224        0.000203
        84         -1.12644224        0.000203
        85         -1.12644225        0.000176
        86         -1.12644225        0.000163
        87         -1.12644225        0.000159
        88         -1.12644225        0.000126
        89         -1.12644225        0.000101
        90         -1.12644225        0.000093
        91         -1.12644225        0.000090
        92         -1.12644225        0.000090
        93         -1.12644225        0.000090
        94         -1.12644225        0.000072
        95         -1.12644225        0.000072
        96         -1.12644225        0.000065
        97         -1.12644225        0.000063
        98         -1.12644225        0.000062
        99         -1.12644225        0.000050
       100         -1.12644225        0.000050
       101         -1.12644225        0.000041
       102         -1.12644225        0.000032
       103         -1.12644225        0.000032
       104         -1.12644225        0.000028
       105         -1.12644225        0.000022
       106         -1.12644225        0.000022
       107         -1.12644225        0.000022
       108         -1.12644225        0.000019
       109         -1.12644225        0.000019
       110         -1.12644225        0.000018
       111         -1.12644225        0.000018
       112         -1.12644225        0.000018
       113         -1.12644225        0.000015
       114         -1.12644225        0.000014
       115         -1.12644225        0.000014
       116         -1.12644225        0.000012
       117         -1.12644225        0.000008
       118         -1.12644225        0.000008
       119         -1.12644225        0.000007
       120         -1.12644225        0.000007
       121         -1.12644225        0.000007
       122         -1.12644225        0.000006
       123         -1.12644225        0.000005
       124         -1.12644225        0.000002
       125         -1.12644225        0.000002
       126         -1.12644225        0.000002
       127         -1.12644225        0.000002
       128         -1.12644225        0.000002
       129         -1.12644225        0.000001
       130         -1.12644225        0.000001
       131         -1.12644225        0.000001
       132         -1.12644225        0.000001
       133         -1.12644225        0.000001
       134         -1.12644225        0.000001
       135         -1.12644225        0.000001
       136         -1.12644225        0.000001
       137         -1.12644225        0.000001
       138         -1.12644225        0.000001
       139         -1.12644225        0.000001
       140         -1.12644225        0.000001
       141         -1.12644225        0.000001

 Reached Convergence

 WFN1                     :
 --------------------------
 Total WFN1 energy  =          -1.1264422508
 1-Electron energy  =          -2.1508727644
 2-Electron energy  =           0.5684262515
 Correlation energy =          -0.0734626917
 DFT XC energy      =           0.0000000000
 Entropy energy     =           0.0000000000
 Nuclear energy     =           0.5294669538

 conventional Hartree-Fock:
 --------------------------
 Total SCF energy  =          -1.0885708416
 2-Electron energy =           0.6062976607

                WFN1 Final Natural orbital energies and occupations
                ---------------------------------------------------

              Alpha       Beta            Alpha       Beta  
            --------    --------        --------    --------
       1      0.0000      0.0000          0.9445      0.9445
       2      0.0000      0.0000          0.0555      0.0555
       3      0.0000      0.0000          0.0000      0.0000
       4      0.0000      0.0000          0.0000      0.0000

             WFN1 Final Correlation function energies and occupations
             --------------------------------------------------------

              Alpha       Beta            Alpha       Beta  
            --------    --------        --------    --------
       1      0.0000      0.0000          1.0000      1.0000
       2      0.0000      0.0000          0.0000      0.0000
       3      0.0000      0.0000          0.0000      0.0000
       4      0.0000      0.0000          0.0000      0.0000

                WFN1 Final alpha-alpha 2-matrix occupation numbers
                --------------------------------------------------


 global array: g_momo1[1:4,1:4],  handle: -990 

            1           2           3           4  
       ----------- ----------- ----------- -----------
   1       0.00000     0.00000    -0.00000     0.00000
   2      -0.00000     0.00000     0.00000     0.00000
   3       0.00000     0.00000    -0.00000     0.00000
   4      -0.00000     0.00000     0.00000     0.00000

                 WFN1 Final beta-beta 2-matrix occupation numbers
                 ------------------------------------------------


 global array: g_momo2[1:4,1:4],  handle: -989 

            1           2           3           4  
       ----------- ----------- ----------- -----------
   1       0.00000     0.00000    -0.00000     0.00000
   2      -0.00000     0.00000     0.00000     0.00000
   3       0.00000     0.00000    -0.00000     0.00000
   4      -0.00000     0.00000     0.00000     0.00000

                  WFN1 Final alpha Correlation Function Analysis
                  ----------------------------------------------


 global array: Ca[1:4,1:4],  handle: -972 

                     1                       2                       3                       4  
       ----------------------- ----------------------- ----------------------- -----------------------
   1      -0.95809,    0.16299     0.19723,    0.11789     0.01080,   -0.00779     0.04590,    0.02056
   2       0.23558,    0.00199     0.71529,    0.62194     0.04952,   -0.02387     0.17141,    0.11683
   3      -0.00002,   -0.00000    -0.01245,   -0.05034     0.54971,   -0.79105    -0.17092,    0.20038
   4      -0.00000,    0.00001     0.06309,   -0.20516    -0.01639,    0.26189    -0.11416,    0.93383

                   WFN1 Final beta Correlation Function Analysis
                   ---------------------------------------------


 global array: Cb[1:4,1:4],  handle: -971 

                     1                       2                       3                       4  
       ----------------------- ----------------------- ----------------------- -----------------------
   1      -0.95809,    0.16299     0.19723,    0.11789     0.01080,   -0.00779     0.04590,    0.02056
   2       0.23558,    0.00199     0.71529,    0.62194     0.04952,   -0.02387     0.17141,    0.11683
   3      -0.00002,   -0.00000    -0.01245,   -0.05034     0.54971,   -0.79105    -0.17092,    0.20038
   4      -0.00000,    0.00001     0.06309,   -0.20516    -0.01639,    0.26189    -0.11416,    0.93383

                     WFN1 Final Alpha Natural Orbital Analysis
                     -----------------------------------------

 Vector    1  Occ=9.444960D-01  E= 0.000000D+00
              MO Center=  0.0D+00,  0.0D+00,  8.1D-08, r^2= 9.1D-01
   Bfn.  Coefficient  Atom+Function         Bfn.  Coefficient  Atom+Function  
  ----- ------------  ---------------      ----- ------------  ---------------
     2     -0.321578  1 H  s                  4     -0.321578  2 H  s          
     1     -0.299792  1 H  s                  3     -0.299792  2 H  s          

 Vector    2  Occ=5.550400D-02  E= 0.000000D+00
              MO Center=  0.0D+00,  0.0D+00, -8.3D-07, r^2= 1.5D+00
   Bfn.  Coefficient  Atom+Function         Bfn.  Coefficient  Atom+Function  
  ----- ------------  ---------------      ----- ------------  ---------------
     2     -0.972573  1 H  s                  4      0.972571  2 H  s          
     1     -0.354375  1 H  s                  3      0.354378  2 H  s          

 Vector    3  Occ=2.564955D-10  E= 0.000000D+00
              MO Center=  0.0D+00,  0.0D+00,  6.0D-02, r^2= 1.6D+00
   Bfn.  Coefficient  Atom+Function         Bfn.  Coefficient  Atom+Function  
  ----- ------------  ---------------      ----- ------------  ---------------
     3     -0.901225  2 H  s                  1     -0.823081  1 H  s          
     4      0.762120  2 H  s                  2      0.642901  1 H  s          

 Vector    4  Occ=6.439040D-11  E= 0.000000D+00
              MO Center=  0.0D+00,  0.0D+00, -6.0D-02, r^2= 1.8D+00
   Bfn.  Coefficient  Atom+Function         Bfn.  Coefficient  Atom+Function  
  ----- ------------  ---------------      ----- ------------  ---------------
     2      1.449066  1 H  s                  4     -1.390069  2 H  s          
     1     -0.966714  1 H  s                  3      0.894309  2 H  s          


                     WFN1 Final Beta Natural Orbital Analysis
                     ----------------------------------------

 Vector    1  Occ=9.444960D-01  E= 0.000000D+00
              MO Center=  0.0D+00,  0.0D+00,  8.1D-08, r^2= 9.1D-01
   Bfn.  Coefficient  Atom+Function         Bfn.  Coefficient  Atom+Function  
  ----- ------------  ---------------      ----- ------------  ---------------
     2     -0.321578  1 H  s                  4     -0.321578  2 H  s          
     1     -0.299792  1 H  s                  3     -0.299792  2 H  s          

 Vector    2  Occ=5.550400D-02  E= 0.000000D+00
              MO Center=  0.0D+00,  0.0D+00, -8.3D-07, r^2= 1.5D+00
   Bfn.  Coefficient  Atom+Function         Bfn.  Coefficient  Atom+Function  
  ----- ------------  ---------------      ----- ------------  ---------------
     2     -0.972573  1 H  s                  4      0.972571  2 H  s          
     1     -0.354375  1 H  s                  3      0.354378  2 H  s          

 Vector    3  Occ=2.564955D-10  E= 0.000000D+00
              MO Center=  0.0D+00,  0.0D+00,  6.0D-02, r^2= 1.6D+00
   Bfn.  Coefficient  Atom+Function         Bfn.  Coefficient  Atom+Function  
  ----- ------------  ---------------      ----- ------------  ---------------
     3     -0.901225  2 H  s                  1     -0.823081  1 H  s          
     4      0.762120  2 H  s                  2      0.642901  1 H  s          

 Vector    4  Occ=6.439040D-11  E= 0.000000D+00
              MO Center=  0.0D+00,  0.0D+00, -6.0D-02, r^2= 1.8D+00
   Bfn.  Coefficient  Atom+Function         Bfn.  Coefficient  Atom+Function  
  ----- ------------  ---------------      ----- ------------  ---------------
     2      1.449066  1 H  s                  4     -1.390069  2 H  s          
     1     -0.966714  1 H  s                  3      0.894309  2 H  s          


 Task  times  cpu:      198.9s     wall:      224.1s
 Summary of allocated global arrays
-----------------------------------
  No active global arrays



                         GA Statistics for process    0
                         ------------------------------

       create   destroy   get      put      acc     scatter   gather  read&inc
calls:   61       61     4.87e+07 2.15e+05 1.66e+05    0        0       11     
number of processes/call 1.00e+00 1.00e+00 1.00e+00 0.00e+00 0.00e+00
bytes total:             6.27e+09 3.92e+07 2.76e+07 0.00e+00 0.00e+00 8.80e+01
bytes remote:            0.00e+00 0.00e+00 0.00e+00 0.00e+00 0.00e+00 0.00e+00
Max memory consumed for GA by this process: 12160 bytes
MA_summarize_allocated_blocks: starting scan ...
MA_summarize_allocated_blocks: scan completed: 0 heap blocks, 0 stack blocks
MA usage statistics:

	allocation statistics:
					      heap	     stack
					      ----	     -----
	current number of blocks	         0	         0
	maximum number of blocks	        19	        17
	current total bytes		         0	         0
	maximum total bytes		   3204328	  22508616
	maximum total K-bytes		      3205	     22509
	maximum total M-bytes		         4	        23


                                NWChem Input Module
                                -------------------





                                     CITATION
                                     --------
                Please cite the following reference when publishing
                           results obtained with NWChem:

                 M. Valiev, E.J. Bylaska, N. Govind, K. Kowalski,
              T.P. Straatsma, H.J.J. van Dam, D. Wang, J. Nieplocha,
                        E. Apra, T.L. Windus, W.A. de Jong
                 "NWChem: a comprehensive and scalable open-source
                  solution for large scale molecular simulations"
                      Comput. Phys. Commun. 181, 1477 (2010)
                           doi:10.1016/j.cpc.2010.04.018

                                      AUTHORS
                                      -------
          E. Apra, E. J. Bylaska, W. A. de Jong, N. Govind, K. Kowalski,
       T. P. Straatsma, M. Valiev, H. J. J. van Dam, D. Wang, T. L. Windus,
        J. Hammond, J. Autschbach, K. Bhaskaran-Nair, J. Brabec, K. Lopata,
    S. A. Fischer, S. Krishnamoorthy, M. Jacquelin, W. Ma, M. Klemm, O. Villa,
      Y. Chen, V. Anisimov, F. Aquino, S. Hirata, M. T. Hackler, V. Konjkov,
      T. Risthaus, M. Malagoli, A. Marenich, A. Otero-de-la-Roza, J. Mullin,
        P. Nichols, R. Peverati, J. Pittner, Y. Zhao, P.-D. Fan, A. Fonari,
       M. Williamson, R. J. Harrison, J. R. Rehr, M. Dupuis, D. Silverstein,
    D. M. A. Smith, J. Nieplocha, V. Tipparaju, M. Krishnan, B. E. Van Kuiken,
        A. Vazquez-Mayagoitia, L. Jensen, M. Swart, Q. Wu, T. Van Voorhis,
     A. A. Auer, M. Nooijen, L. D. Crosby, E. Brown, G. Cisneros, G. I. Fann,
   H. Fruchtl, J. Garza, K. Hirao, R. A. Kendall, J. A. Nichols, K. Tsemekhman,
    K. Wolinski, J. Anchell, D. E. Bernholdt, P. Borowski, T. Clark, D. Clerc,
   H. Dachsel, M. J. O. Deegan, K. Dyall, D. Elwood, E. Glendening, M. Gutowski,
   A. C. Hess, J. Jaffe, B. G. Johnson, J. Ju, R. Kobayashi, R. Kutteh, Z. Lin,
   R. Littlefield, X. Long, B. Meng, T. Nakajima, S. Niu, L. Pollack, M. Rosing,
   K. Glaesemann, G. Sandrone, M. Stave, H. Taylor, G. Thomas, J. H. van Lenthe,
                               A. T. Wong, Z. Zhang.

 Total times  cpu:      198.9s     wall:      224.1s
        0.944496        0.055504        0.000000        0.000000        0.944496        0.055504        0.000000        0.000000