 argument  1 = /home/hvandam/nwchem-1-wfn1/QA/tests/wfn1-h2-6-31g-wfn1c14e/input-wf-6-31g-2.888692.nw



============================== echo of input deck ==============================
echo
start wfn1_dat
geometry units au noautoz
  H 0 0 -1.44434600000000000000
  H 0 0  1.44434600000000000000
  symmetry cs
end
basis
  H library 6-31g
end
set wfn1:input_vectors "atomic"
set wfn1:solver "monte-carlo"
set wfn1:print_error F
set wfn1:t_initial 0.1
#set wfn1:corr_expr "wfn1_mx"
set wfn1:corr_expr "wfn1c14"
#
set wfn1:fcd00  0.198826
set wfn1:fcd01  0.294438
set wfn1:fcd11  0.247007
set wfn1:fcd05  0.020225
set wfn1:fcd51  -0.098842
set wfn1:fcd55  -0.201236
#
set wfn1:rcd00  0.884548
set wfn1:rcd01  1.211432
set wfn1:rcd11  0.255064
set wfn1:rcd05  0.988291
set wfn1:rcd51  0.535281
set wfn1:rcd55  0.701049
#
set wfn1:fco00  -0.005884
set wfn1:fco01  0.063203
set wfn1:fco11  0.357171
set wfn1:fco05  0.019518
set wfn1:fco51  0.871725
set wfn1:fco55  1.051801
#
set wfn1:rco00  1.033050
set wfn1:rco01  0.850461
set wfn1:rco11  0.110139
set wfn1:rco05  0.985630
set wfn1:rco51  0.139729
set wfn1:rco55  0.918333
#
set wfn1:t_bath 0.0
set wfn1:maxit  20000
task wfn1 energy
================================================================================


                                         
                                         


              Northwest Computational Chemistry Package (NWChem) 6.8
              ------------------------------------------------------


                    Environmental Molecular Sciences Laboratory
                       Pacific Northwest National Laboratory
                                Richland, WA 99352

                              Copyright (c) 1994-2015
                       Pacific Northwest National Laboratory
                            Battelle Memorial Institute

             NWChem is an open-source computational chemistry package
                        distributed under the terms of the
                      Educational Community License (ECL) 2.0
             A copy of the license is included with this distribution
                              in the LICENSE.TXT file

                                  ACKNOWLEDGMENT
                                  --------------

            This software and its documentation were developed at the
            EMSL at Pacific Northwest National Laboratory, a multiprogram
            national laboratory, operated for the U.S. Department of Energy
            by Battelle under Contract Number DE-AC05-76RL01830. Support
            for this work was provided by the Department of Energy Office
            of Biological and Environmental Research, Office of Basic
            Energy Sciences, and the Office of Advanced Scientific Computing.


           Job information
           ---------------

    hostname        = node023
    program         = /home/hvandam/nwchem-1-wfn1/bin/LINUX64/nwchem
    date            = Thu Jun 17 23:47:25 2021

    compiled        = Sun_Jun_13_23:38:55_2021
    source          = /home/hvandam/nwchem-1-wfn1
    nwchem branch   = Development
    nwchem revision = nwchem_on_git-124-gad72d19fff205e319ffbbf2bca37a04ded6ad57b
    ga revision     = nwchem_on_git-124-gad72d19
    use scalapack   = F
    input           = /home/hvandam/nwchem-1-wfn1/QA/tests/wfn1-h2-6-31g-wfn1c14e/input-wf-6-31g-2.888692.nw
    prefix          = wfn1_dat.
    data base       = ./wfn1_dat.db
    status          = startup
    nproc           =        1
    time left       =     -1s



           Memory information
           ------------------

    heap     =   13107196 doubles =    100.0 Mbytes
    stack    =   13107201 doubles =    100.0 Mbytes
    global   =   26214400 doubles =    200.0 Mbytes (distinct from heap & stack)
    total    =   52428797 doubles =    400.0 Mbytes
    verify   = yes
    hardfail = no 


           Directory information
           ---------------------

  0 permanent = .
  0 scratch   = .




                                NWChem Input Module
                                -------------------


 Turning off AUTOSYM since
 SYMMETRY directive was detected!



                             Geometry "geometry" -> ""
                             -------------------------

 Output coordinates in a.u. (scale by  1.000000000 to convert to a.u.)

  No.       Tag          Charge          X              Y              Z
 ---- ---------------- ---------- -------------- -------------- --------------
    1 H                    1.0000     0.00000000     0.00000000    -1.44434600
    2 H                    1.0000     0.00000000     0.00000000     1.44434600

      Atomic Mass 
      ----------- 

      H                  1.007825


 Effective nuclear repulsion energy (a.u.)       0.3461774395

            Nuclear Dipole moment (a.u.) 
            ----------------------------
        X                 Y               Z
 ---------------- ---------------- ----------------
     0.0000000000     0.0000000000     0.0000000000

      Symmetry information
      --------------------

 Group name             Cs        
 Group number              2
 Group order               2
 No. of unique centers     1

      Symmetry unique atoms

     1


            XYZ format geometry
            -------------------
     2
 geometry
 H                     0.00000000     0.00000000    -0.76431504
 H                     0.00000000     0.00000000     0.76431504

                      Basis "ao basis" -> "" (cartesian)
                      -----
  H (Hydrogen)
  ------------
            Exponent  Coefficients 
       -------------- ---------------------------------------------------------
  1 S  1.87311370E+01  0.033495
  1 S  2.82539370E+00  0.234727
  1 S  6.40121700E-01  0.813757

  2 S  1.61277800E-01  1.000000



 Summary of "ao basis" -> "" (cartesian)
 ------------------------------------------------------------------------------
       Tag                 Description            Shells   Functions and Types
 ---------------- ------------------------------  ------  ---------------------
 H                           6-31g                   2        2   2s



                                NWChem WFN1 Module
                                ------------------



          No. of electrons :     2
           Alpha electrons :     1
            Beta electrons :     1
          Charge           :     0
          Spin multiplicity:     1

 HvD: wfn1_inpdft
 HvD: nquad_task =                     1
 HvD: iangquad   =                     0
 HvD: gridtype   = user      
 HvD: leb        =  T
 HvD: radgrid    = murakn    
 HvD: trunc_neigh=  T
 HvD: lssw       =  T
 HvD: whichssw   = erf1    
 HvD: mxnrad     =                     0
 HvD: mxnang     =                     0
 HVD: wfn1: movecs_in  = atomic                                                                                                                                                                                                                                                          
 HVD: wfn1: movecs_out = ./wfn1_dat.movecs                                                                                                                                                                                                                                               

      Superposition of Atomic Density Guess
      -------------------------------------

 Sum of atomic energies:          -0.99646508

      Non-variational initial energy
      ------------------------------

 Total energy =      -0.723490
 1-e energy   =      -1.682528
 2-e energy   =       0.612860
 HOMO         =      -0.332986
 LUMO         =      -0.032404

 iteration              energy           error
 ---------              ------           -----
         0         -1.03244745        0.020000
         1         -1.03262650        0.020000
         2         -1.03377200        0.020000
         3         -1.03466207        0.020000
         4         -1.03519213        0.020000
         5         -1.03530094        0.020000
         6         -1.03684564        0.020000
         7         -1.03813828        0.020000
         8         -1.03820790        0.020000
         9         -1.03894185        0.020000
        10         -1.03967204        0.020000
        11         -1.04018881        0.020000
        12         -1.04084872        0.020000
        13         -1.04172018        0.020000
        14         -1.04315575        0.020000
        15         -1.04354265        0.020000
        16         -1.04360829        0.020000
        17         -1.04481253        0.020000
        18         -1.04522702        0.020000
        19         -1.04527055        0.020000
        20         -1.04616480        0.020000
        21         -1.04625340        0.020000
        22         -1.04669041        0.020000
        23         -1.04783363        0.020000
        24         -1.04786345        0.020000
        25         -1.04858544        0.020000
        26         -1.04905770        0.020000
        27         -1.04912714        0.020000
        28         -1.04999943        0.020000
        29         -1.05013805        0.020000
        30         -1.05053768        0.020000
        31         -1.05112166        0.020000
        32         -1.05150123        0.020000
        33         -1.05208331        0.020000
        34         -1.05220759        0.020000
        35         -1.05268669        0.020000
        36         -1.05320455        0.020000
        37         -1.05390931        0.020000
        38         -1.05391631        0.020000
        39         -1.05411019        0.020000
        40         -1.05431821        0.020000
        41         -1.05460417        0.020000
        42         -1.05461035        0.020000
        43         -1.05465228        0.020000
        44         -1.05466973        0.020000
        45         -1.05497238        0.020000
        46         -1.05499129        0.020000
        47         -1.05518455        0.020000
        48         -1.05531743        0.020000
        49         -1.05554574        0.020000
        50         -1.05569728        0.020000
        51         -1.05570906        0.020000
        52         -1.05571887        0.020000
        53         -1.05574140        0.020000
        54         -1.05578423        0.020000
        55         -1.05595252        0.020000
        56         -1.05595958        0.020000
        57         -1.05600323        0.019553
        58         -1.05601831        0.016978
        59         -1.05602365        0.016978
        60         -1.05603229        0.016548
        61         -1.05604425        0.014837
        62         -1.05606646        0.014050
        63         -1.05606794        0.012557
        64         -1.05606807        0.009714
        65         -1.05607780        0.008195
        66         -1.05608027        0.007539
        67         -1.05608172        0.005196
        68         -1.05608196        0.004511
        69         -1.05608297        0.003490
        70         -1.05608324        0.003401
        71         -1.05608425        0.003221
        72         -1.05608426        0.003139
        73         -1.05608566        0.003139
        74         -1.05608647        0.003139
        75         -1.05608649        0.002973
        76         -1.05608649        0.002973
        77         -1.05608672        0.002973
        78         -1.05608676        0.001837
        79         -1.05608681        0.001802
        80         -1.05608684        0.001706
        81         -1.05608709        0.001481
        82         -1.05608725        0.001363
        83         -1.05608726        0.001363
        84         -1.05608730        0.001291
        85         -1.05608730        0.001061
        86         -1.05608731        0.001061
        87         -1.05608735        0.001061
        88         -1.05608735        0.000845
        89         -1.05608736        0.000717
        90         -1.05608742        0.000641
        91         -1.05608743        0.000557
        92         -1.05608743        0.000456
        93         -1.05608743        0.000456
        94         -1.05608744        0.000456
        95         -1.05608745        0.000333
        96         -1.05608745        0.000327
        97         -1.05608745        0.000319
        98         -1.05608745        0.000285
        99         -1.05608745        0.000285
       100         -1.05608746        0.000285
       101         -1.05608746        0.000285
       102         -1.05608746        0.000214
       103         -1.05608746        0.000214
       104         -1.05608746        0.000172
       105         -1.05608746        0.000150
       106         -1.05608746        0.000146
       107         -1.05608746        0.000146
       108         -1.05608746        0.000142
       109         -1.05608746        0.000076
       110         -1.05608746        0.000076
       111         -1.05608746        0.000076
       112         -1.05608746        0.000072
       113         -1.05608746        0.000072
       114         -1.05608746        0.000072
       115         -1.05608746        0.000072
       116         -1.05608746        0.000063
       117         -1.05608746        0.000050
       118         -1.05608746        0.000049
       119         -1.05608746        0.000045
       120         -1.05608746        0.000030
       121         -1.05608746        0.000028
       122         -1.05608746        0.000023
       123         -1.05608746        0.000022
       124         -1.05608746        0.000022
       125         -1.05608746        0.000018
       126         -1.05608746        0.000018
       127         -1.05608746        0.000008
       128         -1.05608746        0.000006
       129         -1.05608746        0.000005
       130         -1.05608746        0.000005
       131         -1.05608746        0.000005
       132         -1.05608746        0.000005
       133         -1.05608746        0.000005
       134         -1.05608746        0.000004
       135         -1.05608746        0.000004
       136         -1.05608746        0.000003
       137         -1.05608746        0.000003
       138         -1.05608746        0.000003
       139         -1.05608746        0.000002
       140         -1.05608746        0.000002
       141         -1.05608746        0.000002
       142         -1.05608746        0.000002
       143         -1.05608746        0.000002
       144         -1.05608746        0.000001
       145         -1.05608746        0.000001
       146         -1.05608746        0.000001
       147         -1.05608746        0.000001
       148         -1.05608746        0.000001

 Reached Convergence

 WFN1                     :
 --------------------------
 Total WFN1 energy  =          -1.0560874612
 1-Electron energy  =          -1.7508848788
 2-Electron energy  =           0.4792529357
 Correlation energy =          -0.1306329576
 DFT XC energy      =           0.0000000000
 Entropy energy     =           0.0000000000
 Nuclear energy     =           0.3461774395

 conventional Hartree-Fock:
 --------------------------
 Total SCF energy  =          -0.9749651923
 2-Electron energy =           0.5603752046

                WFN1 Final Natural orbital energies and occupations
                ---------------------------------------------------

              Alpha       Beta            Alpha       Beta  
            --------    --------        --------    --------
       1      0.0000      0.0000          0.8415      0.8415
       2      0.0000      0.0000          0.1585      0.1585
       3      0.0000      0.0000          0.0000      0.0000
       4      0.0000      0.0000          0.0000      0.0000

             WFN1 Final Correlation function energies and occupations
             --------------------------------------------------------

              Alpha       Beta            Alpha       Beta  
            --------    --------        --------    --------
       1      0.0000      0.0000          1.0000      1.0000
       2      0.0000      0.0000          0.0000      0.0000
       3      0.0000      0.0000          0.0000      0.0000
       4      0.0000      0.0000          0.0000      0.0000

                WFN1 Final alpha-alpha 2-matrix occupation numbers
                --------------------------------------------------


 global array: g_momo1[1:4,1:4],  handle: -990 

            1           2           3           4  
       ----------- ----------- ----------- -----------
   1       0.00000     0.00000    -0.00000     0.00000
   2       0.00000     0.00000     0.00000     0.00000
   3       0.00000     0.00000     0.00000     0.00000
   4       0.00000     0.00000     0.00000     0.00000

                 WFN1 Final beta-beta 2-matrix occupation numbers
                 ------------------------------------------------


 global array: g_momo2[1:4,1:4],  handle: -989 

            1           2           3           4  
       ----------- ----------- ----------- -----------
   1       0.00000     0.00000    -0.00000     0.00000
   2       0.00000     0.00000     0.00000     0.00000
   3       0.00000     0.00000     0.00000     0.00000
   4       0.00000     0.00000     0.00000     0.00000

                  WFN1 Final alpha Correlation Function Analysis
                  ----------------------------------------------


 global array: Ca[1:4,1:4],  handle: -976 

                     1                       2                       3                       4  
       ----------------------- ----------------------- ----------------------- -----------------------
   1      -0.76813,   -0.50145     0.38134,    0.07784    -0.01227,   -0.08277     0.00196,    0.00682
   2      -0.28902,    0.27386    -0.37815,    0.81304     0.19208,    0.01664    -0.01624,    0.00102
   3       0.00007,    0.00002     0.05958,    0.09717    -0.37422,    0.46528    -0.43076,    0.66703
   4       0.00001,    0.00009     0.14408,   -0.10362     0.64074,    0.43445    -0.53548,   -0.28716

                   WFN1 Final beta Correlation Function Analysis
                   ---------------------------------------------


 global array: Cb[1:4,1:4],  handle: -975 

                     1                       2                       3                       4  
       ----------------------- ----------------------- ----------------------- -----------------------
   1      -0.76813,   -0.50145     0.38134,    0.07784    -0.01227,   -0.08277     0.00196,    0.00682
   2      -0.28902,    0.27386    -0.37815,    0.81304     0.19208,    0.01664    -0.01624,    0.00102
   3       0.00007,    0.00002     0.05958,    0.09717    -0.37422,    0.46528    -0.43076,    0.66703
   4       0.00001,    0.00009     0.14408,   -0.10362     0.64074,    0.43445    -0.53548,   -0.28716

                     WFN1 Final Alpha Natural Orbital Analysis
                     -----------------------------------------

 Vector    1  Occ=8.414726D-01  E= 0.000000D+00
              MO Center=  0.0D+00,  0.0D+00,  4.9D-08, r^2= 1.3D+00
   Bfn.  Coefficient  Atom+Function         Bfn.  Coefficient  Atom+Function  
  ----- ------------  ---------------      ----- ------------  ---------------
     2      0.403707  1 H  s                  4      0.403707  2 H  s          
     1      0.258833  1 H  s                  3      0.258832  2 H  s          

 Vector    2  Occ=1.585274D-01  E= 0.000000D+00
              MO Center=  0.0D+00,  0.0D+00, -3.5D-09, r^2= 1.6D+00
   Bfn.  Coefficient  Atom+Function         Bfn.  Coefficient  Atom+Function  
  ----- ------------  ---------------      ----- ------------  ---------------
     2     -0.600119  1 H  s                  4      0.600120  2 H  s          
     1     -0.369071  1 H  s                  3      0.369070  2 H  s          

 Vector    3  Occ=5.728114D-09  E= 0.000000D+00
              MO Center=  0.0D+00,  0.0D+00, -9.4D-02, r^2= 2.4D+00
   Bfn.  Coefficient  Atom+Function         Bfn.  Coefficient  Atom+Function  
  ----- ------------  ---------------      ----- ------------  ---------------
     2      1.209138  1 H  s                  4     -1.134461  2 H  s          
     1     -0.919689  1 H  s                  3      0.819866  2 H  s          

 Vector    4  Occ=9.088971D-09  E= 0.000000D+00
              MO Center=  0.0D+00,  0.0D+00,  9.4D-02, r^2= 1.7D+00
   Bfn.  Coefficient  Atom+Function         Bfn.  Coefficient  Atom+Function  
  ----- ------------  ---------------      ----- ------------  ---------------
     3     -0.973807  2 H  s                  1     -0.880143  1 H  s          
     4      0.756560  2 H  s                  2      0.630374  1 H  s          


                     WFN1 Final Beta Natural Orbital Analysis
                     ----------------------------------------

 Vector    1  Occ=8.414726D-01  E= 0.000000D+00
              MO Center=  0.0D+00,  0.0D+00,  4.9D-08, r^2= 1.3D+00
   Bfn.  Coefficient  Atom+Function         Bfn.  Coefficient  Atom+Function  
  ----- ------------  ---------------      ----- ------------  ---------------
     2      0.403707  1 H  s                  4      0.403707  2 H  s          
     1      0.258833  1 H  s                  3      0.258832  2 H  s          

 Vector    2  Occ=1.585274D-01  E= 0.000000D+00
              MO Center=  0.0D+00,  0.0D+00, -3.5D-09, r^2= 1.6D+00
   Bfn.  Coefficient  Atom+Function         Bfn.  Coefficient  Atom+Function  
  ----- ------------  ---------------      ----- ------------  ---------------
     2     -0.600119  1 H  s                  4      0.600120  2 H  s          
     1     -0.369071  1 H  s                  3      0.369070  2 H  s          

 Vector    3  Occ=5.728114D-09  E= 0.000000D+00
              MO Center=  0.0D+00,  0.0D+00, -9.4D-02, r^2= 2.4D+00
   Bfn.  Coefficient  Atom+Function         Bfn.  Coefficient  Atom+Function  
  ----- ------------  ---------------      ----- ------------  ---------------
     2      1.209138  1 H  s                  4     -1.134461  2 H  s          
     1     -0.919689  1 H  s                  3      0.819866  2 H  s          

 Vector    4  Occ=9.088971D-09  E= 0.000000D+00
              MO Center=  0.0D+00,  0.0D+00,  9.4D-02, r^2= 1.7D+00
   Bfn.  Coefficient  Atom+Function         Bfn.  Coefficient  Atom+Function  
  ----- ------------  ---------------      ----- ------------  ---------------
     3     -0.973807  2 H  s                  1     -0.880143  1 H  s          
     4      0.756560  2 H  s                  2      0.630374  1 H  s          


 Task  times  cpu:      198.7s     wall:      223.3s
 Summary of allocated global arrays
-----------------------------------
  No active global arrays



                         GA Statistics for process    0
                         ------------------------------

       create   destroy   get      put      acc     scatter   gather  read&inc
calls:   61       61     4.89e+07 2.16e+05 1.66e+05    0        0       11     
number of processes/call 1.00e+00 1.00e+00 1.00e+00 0.00e+00 0.00e+00
bytes total:             6.30e+09 3.94e+07 2.77e+07 0.00e+00 0.00e+00 8.80e+01
bytes remote:            0.00e+00 0.00e+00 0.00e+00 0.00e+00 0.00e+00 0.00e+00
Max memory consumed for GA by this process: 12160 bytes
MA_summarize_allocated_blocks: starting scan ...
MA_summarize_allocated_blocks: scan completed: 0 heap blocks, 0 stack blocks
MA usage statistics:

	allocation statistics:
					      heap	     stack
					      ----	     -----
	current number of blocks	         0	         0
	maximum number of blocks	        19	        17
	current total bytes		         0	         0
	maximum total bytes		   3204360	  22508648
	maximum total K-bytes		      3205	     22509
	maximum total M-bytes		         4	        23


                                NWChem Input Module
                                -------------------





                                     CITATION
                                     --------
                Please cite the following reference when publishing
                           results obtained with NWChem:

                 M. Valiev, E.J. Bylaska, N. Govind, K. Kowalski,
              T.P. Straatsma, H.J.J. van Dam, D. Wang, J. Nieplocha,
                        E. Apra, T.L. Windus, W.A. de Jong
                 "NWChem: a comprehensive and scalable open-source
                  solution for large scale molecular simulations"
                      Comput. Phys. Commun. 181, 1477 (2010)
                           doi:10.1016/j.cpc.2010.04.018

                                      AUTHORS
                                      -------
          E. Apra, E. J. Bylaska, W. A. de Jong, N. Govind, K. Kowalski,
       T. P. Straatsma, M. Valiev, H. J. J. van Dam, D. Wang, T. L. Windus,
        J. Hammond, J. Autschbach, K. Bhaskaran-Nair, J. Brabec, K. Lopata,
    S. A. Fischer, S. Krishnamoorthy, M. Jacquelin, W. Ma, M. Klemm, O. Villa,
      Y. Chen, V. Anisimov, F. Aquino, S. Hirata, M. T. Hackler, V. Konjkov,
      T. Risthaus, M. Malagoli, A. Marenich, A. Otero-de-la-Roza, J. Mullin,
        P. Nichols, R. Peverati, J. Pittner, Y. Zhao, P.-D. Fan, A. Fonari,
       M. Williamson, R. J. Harrison, J. R. Rehr, M. Dupuis, D. Silverstein,
    D. M. A. Smith, J. Nieplocha, V. Tipparaju, M. Krishnan, B. E. Van Kuiken,
        A. Vazquez-Mayagoitia, L. Jensen, M. Swart, Q. Wu, T. Van Voorhis,
     A. A. Auer, M. Nooijen, L. D. Crosby, E. Brown, G. Cisneros, G. I. Fann,
   H. Fruchtl, J. Garza, K. Hirao, R. A. Kendall, J. A. Nichols, K. Tsemekhman,
    K. Wolinski, J. Anchell, D. E. Bernholdt, P. Borowski, T. Clark, D. Clerc,
   H. Dachsel, M. J. O. Deegan, K. Dyall, D. Elwood, E. Glendening, M. Gutowski,
   A. C. Hess, J. Jaffe, B. G. Johnson, J. Ju, R. Kobayashi, R. Kutteh, Z. Lin,
   R. Littlefield, X. Long, B. Meng, T. Nakajima, S. Niu, L. Pollack, M. Rosing,
   K. Glaesemann, G. Sandrone, M. Stave, H. Taylor, G. Thomas, J. H. van Lenthe,
                               A. T. Wong, Z. Zhang.

 Total times  cpu:      198.7s     wall:      223.4s
        0.841473        0.158527        0.000000        0.000000        0.841473        0.158527        0.000000        0.000000