 argument  1 = /home/hvandam/nwchem-1-wfn1/QA/tests/wfn1-h2-6-31g-wfn1c14e/input-wf-6-31g-6.888692.nw



============================== echo of input deck ==============================
echo
start wfn1_dat
geometry units au noautoz
  H 0 0 -3.44434600000000000000
  H 0 0  3.44434600000000000000
  symmetry cs
end
basis
  H library 6-31g
end
set wfn1:input_vectors "atomic"
set wfn1:solver "monte-carlo"
set wfn1:print_error F
set wfn1:t_initial 0.1
#set wfn1:corr_expr "wfn1_mx"
set wfn1:corr_expr "wfn1c14"
#
set wfn1:fcd00  0.198826
set wfn1:fcd01  0.294438
set wfn1:fcd11  0.247007
set wfn1:fcd05  0.020225
set wfn1:fcd51  -0.098842
set wfn1:fcd55  -0.201236
#
set wfn1:rcd00  0.884548
set wfn1:rcd01  1.211432
set wfn1:rcd11  0.255064
set wfn1:rcd05  0.988291
set wfn1:rcd51  0.535281
set wfn1:rcd55  0.701049
#
set wfn1:fco00  -0.005884
set wfn1:fco01  0.063203
set wfn1:fco11  0.357171
set wfn1:fco05  0.019518
set wfn1:fco51  0.871725
set wfn1:fco55  1.051801
#
set wfn1:rco00  1.033050
set wfn1:rco01  0.850461
set wfn1:rco11  0.110139
set wfn1:rco05  0.985630
set wfn1:rco51  0.139729
set wfn1:rco55  0.918333
#
set wfn1:t_bath 0.0
set wfn1:maxit  20000
task wfn1 energy
================================================================================


                                         
                                         


              Northwest Computational Chemistry Package (NWChem) 6.8
              ------------------------------------------------------


                    Environmental Molecular Sciences Laboratory
                       Pacific Northwest National Laboratory
                                Richland, WA 99352

                              Copyright (c) 1994-2015
                       Pacific Northwest National Laboratory
                            Battelle Memorial Institute

             NWChem is an open-source computational chemistry package
                        distributed under the terms of the
                      Educational Community License (ECL) 2.0
             A copy of the license is included with this distribution
                              in the LICENSE.TXT file

                                  ACKNOWLEDGMENT
                                  --------------

            This software and its documentation were developed at the
            EMSL at Pacific Northwest National Laboratory, a multiprogram
            national laboratory, operated for the U.S. Department of Energy
            by Battelle under Contract Number DE-AC05-76RL01830. Support
            for this work was provided by the Department of Energy Office
            of Biological and Environmental Research, Office of Basic
            Energy Sciences, and the Office of Advanced Scientific Computing.


           Job information
           ---------------

    hostname        = node023
    program         = /home/hvandam/nwchem-1-wfn1/bin/LINUX64/nwchem
    date            = Thu Jun 17 23:51:00 2021

    compiled        = Sun_Jun_13_23:38:55_2021
    source          = /home/hvandam/nwchem-1-wfn1
    nwchem branch   = Development
    nwchem revision = nwchem_on_git-124-gad72d19fff205e319ffbbf2bca37a04ded6ad57b
    ga revision     = nwchem_on_git-124-gad72d19
    use scalapack   = F
    input           = /home/hvandam/nwchem-1-wfn1/QA/tests/wfn1-h2-6-31g-wfn1c14e/input-wf-6-31g-6.888692.nw
    prefix          = wfn1_dat.
    data base       = ./wfn1_dat.db
    status          = startup
    nproc           =        1
    time left       =     -1s



           Memory information
           ------------------

    heap     =   13107194 doubles =    100.0 Mbytes
    stack    =   13107199 doubles =    100.0 Mbytes
    global   =   26214400 doubles =    200.0 Mbytes (distinct from heap & stack)
    total    =   52428793 doubles =    400.0 Mbytes
    verify   = yes
    hardfail = no 


           Directory information
           ---------------------

  0 permanent = .
  0 scratch   = .




                                NWChem Input Module
                                -------------------


 Turning off AUTOSYM since
 SYMMETRY directive was detected!



                             Geometry "geometry" -> ""
                             -------------------------

 Output coordinates in a.u. (scale by  1.000000000 to convert to a.u.)

  No.       Tag          Charge          X              Y              Z
 ---- ---------------- ---------- -------------- -------------- --------------
    1 H                    1.0000     0.00000000     0.00000000    -3.44434600
    2 H                    1.0000     0.00000000     0.00000000     3.44434600

      Atomic Mass 
      ----------- 

      H                  1.007825


 Effective nuclear repulsion energy (a.u.)       0.1451654392

            Nuclear Dipole moment (a.u.) 
            ----------------------------
        X                 Y               Z
 ---------------- ---------------- ----------------
     0.0000000000     0.0000000000     0.0000000000

      Symmetry information
      --------------------

 Group name             Cs        
 Group number              2
 Group order               2
 No. of unique centers     1

      Symmetry unique atoms

     1


            XYZ format geometry
            -------------------
     2
 geometry
 H                     0.00000000     0.00000000    -1.82266954
 H                     0.00000000     0.00000000     1.82266954

                      Basis "ao basis" -> "" (cartesian)
                      -----
  H (Hydrogen)
  ------------
            Exponent  Coefficients 
       -------------- ---------------------------------------------------------
  1 S  1.87311370E+01  0.033495
  1 S  2.82539370E+00  0.234727
  1 S  6.40121700E-01  0.813757

  2 S  1.61277800E-01  1.000000



 Summary of "ao basis" -> "" (cartesian)
 ------------------------------------------------------------------------------
       Tag                 Description            Shells   Functions and Types
 ---------------- ------------------------------  ------  ---------------------
 H                           6-31g                   2        2   2s



                                NWChem WFN1 Module
                                ------------------



          No. of electrons :     2
           Alpha electrons :     1
            Beta electrons :     1
          Charge           :     0
          Spin multiplicity:     1

 HvD: wfn1_inpdft
 HvD: nquad_task =                     1
 HvD: iangquad   =                     0
 HvD: gridtype   = user      
 HvD: leb        =  T
 HvD: radgrid    = murakn    
 HvD: trunc_neigh=  T
 HvD: lssw       =  T
 HvD: whichssw   = erf1    
 HvD: mxnrad     =                     0
 HvD: mxnang     =                     0
 HVD: wfn1: movecs_in  = atomic                                                                                                                                                                                                                                                          
 HVD: wfn1: movecs_out = ./wfn1_dat.movecs                                                                                                                                                                                                                                               

      Superposition of Atomic Density Guess
      -------------------------------------

 Sum of atomic energies:          -0.99646508

      Non-variational initial energy
      ------------------------------

 Total energy =      -0.682137
 1-e energy   =      -1.286797
 2-e energy   =       0.459494
 HOMO         =      -0.197737
 LUMO         =      -0.184568

 iteration              energy           error
 ---------              ------           -----
         0         -0.98369680        0.020000
         1         -0.98370539        0.020000
         2         -0.98498351        0.020000
         3         -0.98514429        0.020000
         4         -0.98520597        0.020000
         5         -0.98523559        0.020000
         6         -0.98548327        0.020000
         7         -0.98605870        0.020000
         8         -0.98624738        0.020000
         9         -0.98684637        0.020000
        10         -0.98703638        0.020000
        11         -0.98743985        0.020000
        12         -0.98790636        0.020000
        13         -0.98790678        0.020000
        14         -0.98863766        0.020000
        15         -0.98878046        0.020000
        16         -0.98979485        0.020000
        17         -0.99006480        0.020000
        18         -0.99041497        0.020000
        19         -0.99149865        0.020000
        20         -0.99215023        0.020000
        21         -0.99236793        0.020000
        22         -0.99284026        0.020000
        23         -0.99355451        0.020000
        24         -0.99439864        0.020000
        25         -0.99440430        0.020000
        26         -0.99444984        0.020000
        27         -0.99456615        0.020000
        28         -0.99491355        0.020000
        29         -0.99518792        0.020000
        30         -0.99530223        0.020000
        31         -0.99537697        0.020000
        32         -0.99540696        0.020000
        33         -0.99559025        0.020000
        34         -0.99564993        0.020000
        35         -0.99569084        0.020000
        36         -0.99572967        0.019934
        37         -0.99574416        0.019429
        38         -0.99576135        0.019429
        39         -0.99581559        0.019429
        40         -0.99582411        0.018937
        41         -0.99584832        0.016549
        42         -0.99584906        0.013960
        43         -0.99587085        0.012477
        44         -0.99588625        0.012161
        45         -0.99589185        0.008880
        46         -0.99589252        0.005776
        47         -0.99589309        0.003446
        48         -0.99589337        0.003170
        49         -0.99589350        0.002185
        50         -0.99589378        0.002010
        51         -0.99589396        0.002010
        52         -0.99589409        0.001467
        53         -0.99589409        0.001316
        54         -0.99589410        0.001210
        55         -0.99589411        0.000859
        56         -0.99589412        0.000837
        57         -0.99589415        0.000837
        58         -0.99589415        0.000770
        59         -0.99589416        0.000770
        60         -0.99589416        0.000690
        61         -0.99589418        0.000675
        62         -0.99589418        0.000675
        63         -0.99589421        0.000675
        64         -0.99589422        0.000658
        65         -0.99589423        0.000658
        66         -0.99589425        0.000543
        67         -0.99589425        0.000515
        68         -0.99589426        0.000448
        69         -0.99589426        0.000424
        70         -0.99589426        0.000424
        71         -0.99589427        0.000379
        72         -0.99589427        0.000379
        73         -0.99589427        0.000277
        74         -0.99589428        0.000277
        75         -0.99589428        0.000271
        76         -0.99589428        0.000172
        77         -0.99589428        0.000163
        78         -0.99589428        0.000126
        79         -0.99589428        0.000123
        80         -0.99589428        0.000095
        81         -0.99589428        0.000095
        82         -0.99589428        0.000073
        83         -0.99589428        0.000073
        84         -0.99589428        0.000070
        85         -0.99589428        0.000059
        86         -0.99589428        0.000044
        87         -0.99589428        0.000043
        88         -0.99589428        0.000040
        89         -0.99589428        0.000040
        90         -0.99589428        0.000031
        91         -0.99589428        0.000030
        92         -0.99589428        0.000015
        93         -0.99589428        0.000015
        94         -0.99589428        0.000009
        95         -0.99589428        0.000009
        96         -0.99589428        0.000008
        97         -0.99589428        0.000008
        98         -0.99589428        0.000006
        99         -0.99589428        0.000006
       100         -0.99589428        0.000004
       101         -0.99589428        0.000003
       102         -0.99589428        0.000002
       103         -0.99589428        0.000002
       104         -0.99589428        0.000002
       105         -0.99589428        0.000002
       106         -0.99589428        0.000002
       107         -0.99589428        0.000001
       108         -0.99589428        0.000001
       109         -0.99589428        0.000001
       110         -0.99589428        0.000001

 Reached Convergence

 WFN1                     :
 --------------------------
 Total WFN1 energy  =          -0.9958942821
 1-Electron energy  =          -1.2869606223
 2-Electron energy  =           0.3872136849
 Correlation energy =          -0.2413127839
 DFT XC energy      =           0.0000000000
 Entropy energy     =           0.0000000000
 Nuclear energy     =           0.1451654392

 conventional Hartree-Fock:
 --------------------------
 Total SCF energy  =          -0.9233646074
 2-Electron energy =           0.4597433596

                WFN1 Final Natural orbital energies and occupations
                ---------------------------------------------------

              Alpha       Beta            Alpha       Beta  
            --------    --------        --------    --------
       1      0.0000      0.0000          0.5131      0.5131
       2      0.0000      0.0000          0.4869      0.4869
       3      0.0000      0.0000          0.0000      0.0000
       4      0.0000      0.0000          0.0000      0.0000

             WFN1 Final Correlation function energies and occupations
             --------------------------------------------------------

              Alpha       Beta            Alpha       Beta  
            --------    --------        --------    --------
       1      0.0000      0.0000          1.0000      1.0000
       2      0.0000      0.0000          0.0000      0.0000
       3      0.0000      0.0000          0.0000      0.0000
       4      0.0000      0.0000          0.0000      0.0000

                WFN1 Final alpha-alpha 2-matrix occupation numbers
                --------------------------------------------------


 global array: g_momo1[1:4,1:4],  handle: -990 

            1           2           3           4  
       ----------- ----------- ----------- -----------
   1       0.00000     0.00000     0.00000     0.00000
   2       0.00000     0.00000    -0.00000     0.00000
   3       0.00000    -0.00000    -0.00000     0.00000
   4       0.00000     0.00000    -0.00000     0.00000

                 WFN1 Final beta-beta 2-matrix occupation numbers
                 ------------------------------------------------


 global array: g_momo2[1:4,1:4],  handle: -989 

            1           2           3           4  
       ----------- ----------- ----------- -----------
   1       0.00000     0.00000     0.00000     0.00000
   2       0.00000     0.00000    -0.00000     0.00000
   3       0.00000    -0.00000    -0.00000     0.00000
   4       0.00000     0.00000    -0.00000     0.00000

                  WFN1 Final alpha Correlation Function Analysis
                  ----------------------------------------------


 global array: Ca[1:4,1:4],  handle: -976 

                     1                       2                       3                       4  
       ----------------------- ----------------------- ----------------------- -----------------------
   1      -0.50000,    0.51292    -0.49376,    0.48668    -0.01941,   -0.01123     0.07212,   -0.02312
   2      -0.55518,   -0.42271     0.55755,    0.44238    -0.00885,    0.02112    -0.03243,   -0.07043
   3       0.00011,   -0.00011     0.01482,   -0.04950     0.30302,   -0.73809     0.22517,   -0.55681
   4       0.00010,    0.00007     0.06805,    0.07399    -0.07932,   -0.59673     0.10432,    0.78526

                   WFN1 Final beta Correlation Function Analysis
                   ---------------------------------------------


 global array: Cb[1:4,1:4],  handle: -975 

                     1                       2                       3                       4  
       ----------------------- ----------------------- ----------------------- -----------------------
   1      -0.50000,    0.51292    -0.49376,    0.48668    -0.01941,   -0.01123     0.07212,   -0.02312
   2      -0.55518,   -0.42271     0.55755,    0.44238    -0.00885,    0.02112    -0.03243,   -0.07043
   3       0.00011,   -0.00011     0.01482,   -0.04950     0.30302,   -0.73809     0.22517,   -0.55681
   4       0.00010,    0.00007     0.06805,    0.07399    -0.07932,   -0.59673     0.10432,    0.78526

                     WFN1 Final Alpha Natural Orbital Analysis
                     -----------------------------------------

 Vector    1  Occ=5.130960D-01  E= 0.000000D+00
              MO Center=  0.0D+00,  0.0D+00,  1.3D-07, r^2= 4.1D+00
   Bfn.  Coefficient  Atom+Function         Bfn.  Coefficient  Atom+Function  
  ----- ------------  ---------------      ----- ------------  ---------------
     2     -0.469738  1 H  s                  4     -0.469738  2 H  s          
     1     -0.298872  1 H  s                  3     -0.298872  2 H  s          

 Vector    2  Occ=4.869039D-01  E= 0.000000D+00
              MO Center=  0.0D+00,  0.0D+00, -1.1D-07, r^2= 4.1D+00
   Bfn.  Coefficient  Atom+Function         Bfn.  Coefficient  Atom+Function  
  ----- ------------  ---------------      ----- ------------  ---------------
     2      0.469796  1 H  s                  4     -0.469796  2 H  s          
     1      0.307285  1 H  s                  3     -0.307285  2 H  s          

 Vector    3  Occ=2.514380D-08  E= 0.000000D+00
              MO Center=  0.0D+00,  0.0D+00, -4.8D-02, r^2= 4.4D+00
   Bfn.  Coefficient  Atom+Function         Bfn.  Coefficient  Atom+Function  
  ----- ------------  ---------------      ----- ------------  ---------------
     1     -0.895821  1 H  s                  3     -0.872098  2 H  s          
     2      0.805725  1 H  s                  4      0.783636  2 H  s          

 Vector    4  Occ=1.476981D-08  E= 0.000000D+00
              MO Center=  0.0D+00,  0.0D+00,  4.8D-02, r^2= 4.6D+00
   Bfn.  Coefficient  Atom+Function         Bfn.  Coefficient  Atom+Function  
  ----- ------------  ---------------      ----- ------------  ---------------
     3      0.906255  2 H  s                  1     -0.882813  1 H  s          
     4     -0.843514  2 H  s                  2      0.822439  1 H  s          


                     WFN1 Final Beta Natural Orbital Analysis
                     ----------------------------------------

 Vector    1  Occ=5.130960D-01  E= 0.000000D+00
              MO Center=  0.0D+00,  0.0D+00,  1.3D-07, r^2= 4.1D+00
   Bfn.  Coefficient  Atom+Function         Bfn.  Coefficient  Atom+Function  
  ----- ------------  ---------------      ----- ------------  ---------------
     2     -0.469738  1 H  s                  4     -0.469738  2 H  s          
     1     -0.298872  1 H  s                  3     -0.298872  2 H  s          

 Vector    2  Occ=4.869039D-01  E= 0.000000D+00
              MO Center=  0.0D+00,  0.0D+00, -1.1D-07, r^2= 4.1D+00
   Bfn.  Coefficient  Atom+Function         Bfn.  Coefficient  Atom+Function  
  ----- ------------  ---------------      ----- ------------  ---------------
     2      0.469796  1 H  s                  4     -0.469796  2 H  s          
     1      0.307285  1 H  s                  3     -0.307285  2 H  s          

 Vector    3  Occ=2.514380D-08  E= 0.000000D+00
              MO Center=  0.0D+00,  0.0D+00, -4.8D-02, r^2= 4.4D+00
   Bfn.  Coefficient  Atom+Function         Bfn.  Coefficient  Atom+Function  
  ----- ------------  ---------------      ----- ------------  ---------------
     1     -0.895821  1 H  s                  3     -0.872098  2 H  s          
     2      0.805725  1 H  s                  4      0.783636  2 H  s          

 Vector    4  Occ=1.476981D-08  E= 0.000000D+00
              MO Center=  0.0D+00,  0.0D+00,  4.8D-02, r^2= 4.6D+00
   Bfn.  Coefficient  Atom+Function         Bfn.  Coefficient  Atom+Function  
  ----- ------------  ---------------      ----- ------------  ---------------
     3      0.906255  2 H  s                  1     -0.882813  1 H  s          
     4     -0.843514  2 H  s                  2      0.822439  1 H  s          


 Task  times  cpu:      187.7s     wall:      212.0s
 Summary of allocated global arrays
-----------------------------------
  No active global arrays



                         GA Statistics for process    0
                         ------------------------------

       create   destroy   get      put      acc     scatter   gather  read&inc
calls:   61       61     4.74e+07 2.10e+05 1.61e+05    0        0       11     
number of processes/call 1.00e+00 1.00e+00 1.00e+00 0.00e+00 0.00e+00
bytes total:             6.10e+09 3.81e+07 2.68e+07 0.00e+00 0.00e+00 8.80e+01
bytes remote:            0.00e+00 0.00e+00 0.00e+00 0.00e+00 0.00e+00 0.00e+00
Max memory consumed for GA by this process: 12160 bytes
MA_summarize_allocated_blocks: starting scan ...
MA_summarize_allocated_blocks: scan completed: 0 heap blocks, 0 stack blocks
MA usage statistics:

	allocation statistics:
					      heap	     stack
					      ----	     -----
	current number of blocks	         0	         0
	maximum number of blocks	        19	        17
	current total bytes		         0	         0
	maximum total bytes		   3204376	  22508632
	maximum total K-bytes		      3205	     22509
	maximum total M-bytes		         4	        23


                                NWChem Input Module
                                -------------------





                                     CITATION
                                     --------
                Please cite the following reference when publishing
                           results obtained with NWChem:

                 M. Valiev, E.J. Bylaska, N. Govind, K. Kowalski,
              T.P. Straatsma, H.J.J. van Dam, D. Wang, J. Nieplocha,
                        E. Apra, T.L. Windus, W.A. de Jong
                 "NWChem: a comprehensive and scalable open-source
                  solution for large scale molecular simulations"
                      Comput. Phys. Commun. 181, 1477 (2010)
                           doi:10.1016/j.cpc.2010.04.018

                                      AUTHORS
                                      -------
          E. Apra, E. J. Bylaska, W. A. de Jong, N. Govind, K. Kowalski,
       T. P. Straatsma, M. Valiev, H. J. J. van Dam, D. Wang, T. L. Windus,
        J. Hammond, J. Autschbach, K. Bhaskaran-Nair, J. Brabec, K. Lopata,
    S. A. Fischer, S. Krishnamoorthy, M. Jacquelin, W. Ma, M. Klemm, O. Villa,
      Y. Chen, V. Anisimov, F. Aquino, S. Hirata, M. T. Hackler, V. Konjkov,
      T. Risthaus, M. Malagoli, A. Marenich, A. Otero-de-la-Roza, J. Mullin,
        P. Nichols, R. Peverati, J. Pittner, Y. Zhao, P.-D. Fan, A. Fonari,
       M. Williamson, R. J. Harrison, J. R. Rehr, M. Dupuis, D. Silverstein,
    D. M. A. Smith, J. Nieplocha, V. Tipparaju, M. Krishnan, B. E. Van Kuiken,
        A. Vazquez-Mayagoitia, L. Jensen, M. Swart, Q. Wu, T. Van Voorhis,
     A. A. Auer, M. Nooijen, L. D. Crosby, E. Brown, G. Cisneros, G. I. Fann,
   H. Fruchtl, J. Garza, K. Hirao, R. A. Kendall, J. A. Nichols, K. Tsemekhman,
    K. Wolinski, J. Anchell, D. E. Bernholdt, P. Borowski, T. Clark, D. Clerc,
   H. Dachsel, M. J. O. Deegan, K. Dyall, D. Elwood, E. Glendening, M. Gutowski,
   A. C. Hess, J. Jaffe, B. G. Johnson, J. Ju, R. Kobayashi, R. Kutteh, Z. Lin,
   R. Littlefield, X. Long, B. Meng, T. Nakajima, S. Niu, L. Pollack, M. Rosing,
   K. Glaesemann, G. Sandrone, M. Stave, H. Taylor, G. Thomas, J. H. van Lenthe,
                               A. T. Wong, Z. Zhang.

 Total times  cpu:      187.7s     wall:      212.0s
        0.513096        0.486904        0.000000        0.000000        0.513096        0.486904        0.000000        0.000000