 argument  1 = /home/hvandam/nwchem-1-wfn1/QA/tests/wfn1-h2-6-31g-wfn1c14e/input-wf-6-31g-4.138692.nw



============================== echo of input deck ==============================
echo
start wfn1_dat
geometry units au noautoz
  H 0 0 -2.06934600000000000000
  H 0 0  2.06934600000000000000
  symmetry cs
end
basis
  H library 6-31g
end
set wfn1:input_vectors "atomic"
set wfn1:solver "monte-carlo"
set wfn1:print_error F
set wfn1:t_initial 0.1
#set wfn1:corr_expr "wfn1_mx"
set wfn1:corr_expr "wfn1c14"
#
set wfn1:fcd00  0.198826
set wfn1:fcd01  0.294438
set wfn1:fcd11  0.247007
set wfn1:fcd05  0.020225
set wfn1:fcd51  -0.098842
set wfn1:fcd55  -0.201236
#
set wfn1:rcd00  0.884548
set wfn1:rcd01  1.211432
set wfn1:rcd11  0.255064
set wfn1:rcd05  0.988291
set wfn1:rcd51  0.535281
set wfn1:rcd55  0.701049
#
set wfn1:fco00  -0.005884
set wfn1:fco01  0.063203
set wfn1:fco11  0.357171
set wfn1:fco05  0.019518
set wfn1:fco51  0.871725
set wfn1:fco55  1.051801
#
set wfn1:rco00  1.033050
set wfn1:rco01  0.850461
set wfn1:rco11  0.110139
set wfn1:rco05  0.985630
set wfn1:rco51  0.139729
set wfn1:rco55  0.918333
#
set wfn1:t_bath 0.0
set wfn1:maxit  20000
task wfn1 energy
================================================================================


                                         
                                         


              Northwest Computational Chemistry Package (NWChem) 6.8
              ------------------------------------------------------


                    Environmental Molecular Sciences Laboratory
                       Pacific Northwest National Laboratory
                                Richland, WA 99352

                              Copyright (c) 1994-2015
                       Pacific Northwest National Laboratory
                            Battelle Memorial Institute

             NWChem is an open-source computational chemistry package
                        distributed under the terms of the
                      Educational Community License (ECL) 2.0
             A copy of the license is included with this distribution
                              in the LICENSE.TXT file

                                  ACKNOWLEDGMENT
                                  --------------

            This software and its documentation were developed at the
            EMSL at Pacific Northwest National Laboratory, a multiprogram
            national laboratory, operated for the U.S. Department of Energy
            by Battelle under Contract Number DE-AC05-76RL01830. Support
            for this work was provided by the Department of Energy Office
            of Biological and Environmental Research, Office of Basic
            Energy Sciences, and the Office of Advanced Scientific Computing.


           Job information
           ---------------

    hostname        = node023
    program         = /home/hvandam/nwchem-1-wfn1/bin/LINUX64/nwchem
    date            = Thu Jun 17 23:47:25 2021

    compiled        = Sun_Jun_13_23:38:55_2021
    source          = /home/hvandam/nwchem-1-wfn1
    nwchem branch   = Development
    nwchem revision = nwchem_on_git-124-gad72d19fff205e319ffbbf2bca37a04ded6ad57b
    ga revision     = nwchem_on_git-124-gad72d19
    use scalapack   = F
    input           = /home/hvandam/nwchem-1-wfn1/QA/tests/wfn1-h2-6-31g-wfn1c14e/input-wf-6-31g-4.138692.nw
    prefix          = wfn1_dat.
    data base       = ./wfn1_dat.db
    status          = startup
    nproc           =        1
    time left       =     -1s



           Memory information
           ------------------

    heap     =   13107200 doubles =    100.0 Mbytes
    stack    =   13107197 doubles =    100.0 Mbytes
    global   =   26214400 doubles =    200.0 Mbytes (distinct from heap & stack)
    total    =   52428797 doubles =    400.0 Mbytes
    verify   = yes
    hardfail = no 


           Directory information
           ---------------------

  0 permanent = .
  0 scratch   = .




                                NWChem Input Module
                                -------------------


 Turning off AUTOSYM since
 SYMMETRY directive was detected!



                             Geometry "geometry" -> ""
                             -------------------------

 Output coordinates in a.u. (scale by  1.000000000 to convert to a.u.)

  No.       Tag          Charge          X              Y              Z
 ---- ---------------- ---------- -------------- -------------- --------------
    1 H                    1.0000     0.00000000     0.00000000    -2.06934600
    2 H                    1.0000     0.00000000     0.00000000     2.06934600

      Atomic Mass 
      ----------- 

      H                  1.007825


 Effective nuclear repulsion energy (a.u.)       0.2416222323

            Nuclear Dipole moment (a.u.) 
            ----------------------------
        X                 Y               Z
 ---------------- ---------------- ----------------
     0.0000000000     0.0000000000     0.0000000000

      Symmetry information
      --------------------

 Group name             Cs        
 Group number              2
 Group order               2
 No. of unique centers     1

      Symmetry unique atoms

     1


            XYZ format geometry
            -------------------
     2
 geometry
 H                     0.00000000     0.00000000    -1.09505082
 H                     0.00000000     0.00000000     1.09505082

                      Basis "ao basis" -> "" (cartesian)
                      -----
  H (Hydrogen)
  ------------
            Exponent  Coefficients 
       -------------- ---------------------------------------------------------
  1 S  1.87311370E+01  0.033495
  1 S  2.82539370E+00  0.234727
  1 S  6.40121700E-01  0.813757

  2 S  1.61277800E-01  1.000000



 Summary of "ao basis" -> "" (cartesian)
 ------------------------------------------------------------------------------
       Tag                 Description            Shells   Functions and Types
 ---------------- ------------------------------  ------  ---------------------
 H                           6-31g                   2        2   2s



                                NWChem WFN1 Module
                                ------------------



          No. of electrons :     2
           Alpha electrons :     1
            Beta electrons :     1
          Charge           :     0
          Spin multiplicity:     1

 HvD: wfn1_inpdft
 HvD: nquad_task =                     1
 HvD: iangquad   =                     0
 HvD: gridtype   = user      
 HvD: leb        =  T
 HvD: radgrid    = murakn    
 HvD: trunc_neigh=  T
 HvD: lssw       =  T
 HvD: whichssw   = erf1    
 HvD: mxnrad     =                     0
 HvD: mxnang     =                     0
 HVD: wfn1: movecs_in  = atomic                                                                                                                                                                                                                                                          
 HVD: wfn1: movecs_out = ./wfn1_dat.movecs                                                                                                                                                                                                                                               

      Superposition of Atomic Density Guess
      -------------------------------------

 Sum of atomic energies:          -0.99646508

      Non-variational initial energy
      ------------------------------

 Total energy =      -0.688695
 1-e energy   =      -1.479520
 2-e energy   =       0.549203
 HOMO         =      -0.250147
 LUMO         =      -0.126117

 iteration              energy           error
 ---------              ------           -----
         0         -0.99657597        0.020000
         1         -0.99713469        0.020000
         2         -0.99800417        0.020000
         3         -0.99866643        0.020000
         4         -0.99953543        0.020000
         5         -1.00035552        0.020000
         6         -1.00090197        0.020000
         7         -1.00109681        0.020000
         8         -1.00114022        0.020000
         9         -1.00207144        0.020000
        10         -1.00242061        0.020000
        11         -1.00261755        0.020000
        12         -1.00294334        0.020000
        13         -1.00297337        0.020000
        14         -1.00309528        0.020000
        15         -1.00314461        0.020000
        16         -1.00316004        0.020000
        17         -1.00387089        0.020000
        18         -1.00476693        0.020000
        19         -1.00517970        0.020000
        20         -1.00557350        0.020000
        21         -1.00569739        0.020000
        22         -1.00584082        0.020000
        23         -1.00587425        0.020000
        24         -1.00639497        0.020000
        25         -1.00656303        0.020000
        26         -1.00661635        0.020000
        27         -1.00662786        0.020000
        28         -1.00675242        0.020000
        29         -1.00677101        0.020000
        30         -1.00678401        0.020000
        31         -1.00682586        0.016496
        32         -1.00684929        0.016078
        33         -1.00685182        0.013177
        34         -1.00685519        0.008572
        35         -1.00686236        0.008355
        36         -1.00686542        0.007048
        37         -1.00686780        0.006120
        38         -1.00686797        0.005630
        39         -1.00687001        0.004749
        40         -1.00687076        0.004369
        41         -1.00687246        0.004019
        42         -1.00687247        0.003592
        43         -1.00687287        0.002860
        44         -1.00687305        0.002413
        45         -1.00687368        0.001814
        46         -1.00687369        0.001621
        47         -1.00687379        0.000939
        48         -1.00687381        0.000916
        49         -1.00687381        0.000596
        50         -1.00687381        0.000488
        51         -1.00687383        0.000488
        52         -1.00687383        0.000412
        53         -1.00687384        0.000320
        54         -1.00687384        0.000320
        55         -1.00687384        0.000303
        56         -1.00687384        0.000303
        57         -1.00687384        0.000264
        58         -1.00687384        0.000236
        59         -1.00687385        0.000178
        60         -1.00687385        0.000168
        61         -1.00687385        0.000109
        62         -1.00687385        0.000075
        63         -1.00687385        0.000065
        64         -1.00687385        0.000059
        65         -1.00687385        0.000059
        66         -1.00687385        0.000048
        67         -1.00687385        0.000031
        68         -1.00687385        0.000029
        69         -1.00687385        0.000029
        70         -1.00687385        0.000019
        71         -1.00687385        0.000017
        72         -1.00687385        0.000017
        73         -1.00687385        0.000012
        74         -1.00687385        0.000008
        75         -1.00687385        0.000007
        76         -1.00687385        0.000007
        77         -1.00687385        0.000007
        78         -1.00687385        0.000006
        79         -1.00687385        0.000006
        80         -1.00687385        0.000006
        81         -1.00687385        0.000004
        82         -1.00687385        0.000004
        83         -1.00687385        0.000003
        84         -1.00687385        0.000003
        85         -1.00687385        0.000002
        86         -1.00687385        0.000002
        87         -1.00687385        0.000002
        88         -1.00687385        0.000002
        89         -1.00687385        0.000002
        90         -1.00687385        0.000002
        91         -1.00687385        0.000001
        92         -1.00687385        0.000001
        93         -1.00687385        0.000001
        94         -1.00687385        0.000001
        95         -1.00687385        0.000001
        96         -1.00687385        0.000001
        97         -1.00687385        0.000001

 Reached Convergence

 WFN1                     :
 --------------------------
 Total WFN1 energy  =          -1.0068738480
 1-Electron energy  =          -1.5017042704
 2-Electron energy  =           0.4286798092
 Correlation energy =          -0.1754716191
 DFT XC energy      =           0.0000000000
 Entropy energy     =           0.0000000000
 Nuclear energy     =           0.2416222323

 conventional Hartree-Fock:
 --------------------------
 Total SCF energy  =          -0.9099400960
 2-Electron energy =           0.5256135613

                WFN1 Final Natural orbital energies and occupations
                ---------------------------------------------------

              Alpha       Beta            Alpha       Beta  
            --------    --------        --------    --------
       1      0.0000      0.0000          0.7110      0.7110
       2      0.0000      0.0000          0.2890      0.2890
       3      0.0000      0.0000          0.0000      0.0000
       4      0.0000      0.0000          0.0000      0.0000

             WFN1 Final Correlation function energies and occupations
             --------------------------------------------------------

              Alpha       Beta            Alpha       Beta  
            --------    --------        --------    --------
       1      0.0000      0.0000          1.0000      1.0000
       2      0.0000      0.0000          0.0000      0.0000
       3      0.0000      0.0000          0.0000      0.0000
       4      0.0000      0.0000          0.0000      0.0000

                WFN1 Final alpha-alpha 2-matrix occupation numbers
                --------------------------------------------------


 global array: g_momo1[1:4,1:4],  handle: -990 

            1           2           3           4  
       ----------- ----------- ----------- -----------
   1       0.00000     0.00000     0.00000     0.00000
   2       0.00000     0.00000     0.00000     0.00000
   3       0.00000     0.00000     0.00000     0.00000
   4       0.00000     0.00000    -0.00000     0.00000

                 WFN1 Final beta-beta 2-matrix occupation numbers
                 ------------------------------------------------


 global array: g_momo2[1:4,1:4],  handle: -989 

            1           2           3           4  
       ----------- ----------- ----------- -----------
   1       0.00000     0.00000     0.00000     0.00000
   2       0.00000     0.00000     0.00000     0.00000
   3       0.00000     0.00000     0.00000     0.00000
   4       0.00000     0.00000    -0.00000     0.00000

                  WFN1 Final alpha Correlation Function Analysis
                  ----------------------------------------------


 global array: Ca[1:4,1:4],  handle: -972 

                     1                       2                       3                       4  
       ----------------------- ----------------------- ----------------------- -----------------------
   1       0.84305,   -0.01547    -0.53138,    0.02035    -0.03810,   -0.00883     0.06529,   -0.02118
   2      -0.40525,   -0.35326    -0.63947,   -0.53538    -0.03484,   -0.05024     0.09863,    0.04417
   3       0.00001,   -0.00023     0.02629,   -0.02570    -0.20664,   -0.77722    -0.18654,   -0.56309
   4       0.00004,   -0.00011    -0.00084,   -0.14250     0.05119,    0.58765    -0.10912,   -0.78729

                   WFN1 Final beta Correlation Function Analysis
                   ---------------------------------------------


 global array: Cb[1:4,1:4],  handle: -971 

                     1                       2                       3                       4  
       ----------------------- ----------------------- ----------------------- -----------------------
   1       0.84305,   -0.01547    -0.53138,    0.02035    -0.03810,   -0.00883     0.06529,   -0.02118
   2      -0.40525,   -0.35326    -0.63947,   -0.53538    -0.03484,   -0.05024     0.09863,    0.04417
   3       0.00001,   -0.00023     0.02629,   -0.02570    -0.20664,   -0.77722    -0.18654,   -0.56309
   4       0.00004,   -0.00011    -0.00084,   -0.14250     0.05119,    0.58765    -0.10912,   -0.78729

                     WFN1 Final Alpha Natural Orbital Analysis
                     -----------------------------------------

 Vector    1  Occ=7.109782D-01  E= 0.000000D+00
              MO Center=  0.0D+00,  0.0D+00, -5.6D-07, r^2= 1.9D+00
   Bfn.  Coefficient  Atom+Function         Bfn.  Coefficient  Atom+Function  
  ----- ------------  ---------------      ----- ------------  ---------------
     2     -0.453159  1 H  s                  4     -0.453159  2 H  s          
     1     -0.263132  1 H  s                  3     -0.263132  2 H  s          

 Vector    2  Occ=2.890218D-01  E= 0.000000D+00
              MO Center=  0.0D+00,  0.0D+00,  4.3D-07, r^2= 2.1D+00
   Bfn.  Coefficient  Atom+Function         Bfn.  Coefficient  Atom+Function  
  ----- ------------  ---------------      ----- ------------  ---------------
     2      0.500437  1 H  s                  4     -0.500438  2 H  s          
     1      0.337566  1 H  s                  3     -0.337566  2 H  s          

 Vector    3  Occ=5.403420D-08  E= 0.000000D+00
              MO Center=  0.0D+00,  0.0D+00,  2.6D-01, r^2= 2.1D+00
   Bfn.  Coefficient  Atom+Function         Bfn.  Coefficient  Atom+Function  
  ----- ------------  ---------------      ----- ------------  ---------------
     3      0.991537  2 H  s                  4     -0.810036  2 H  s          
     1      0.778207  1 H  s                  2     -0.575204  1 H  s          

 Vector    4  Occ=1.332683D-08  E= 0.000000D+00
              MO Center=  0.0D+00,  0.0D+00, -2.6D-01, r^2= 2.9D+00
   Bfn.  Coefficient  Atom+Function         Bfn.  Coefficient  Atom+Function  
  ----- ------------  ---------------      ----- ------------  ---------------
     2      1.072829  1 H  s                  1     -1.004899  1 H  s          
     4     -0.908661  2 H  s                  3      0.795162  2 H  s          


                     WFN1 Final Beta Natural Orbital Analysis
                     ----------------------------------------

 Vector    1  Occ=7.109782D-01  E= 0.000000D+00
              MO Center=  0.0D+00,  0.0D+00, -5.6D-07, r^2= 1.9D+00
   Bfn.  Coefficient  Atom+Function         Bfn.  Coefficient  Atom+Function  
  ----- ------------  ---------------      ----- ------------  ---------------
     2     -0.453159  1 H  s                  4     -0.453159  2 H  s          
     1     -0.263132  1 H  s                  3     -0.263132  2 H  s          

 Vector    2  Occ=2.890218D-01  E= 0.000000D+00
              MO Center=  0.0D+00,  0.0D+00,  4.3D-07, r^2= 2.1D+00
   Bfn.  Coefficient  Atom+Function         Bfn.  Coefficient  Atom+Function  
  ----- ------------  ---------------      ----- ------------  ---------------
     2      0.500437  1 H  s                  4     -0.500438  2 H  s          
     1      0.337566  1 H  s                  3     -0.337566  2 H  s          

 Vector    3  Occ=5.403420D-08  E= 0.000000D+00
              MO Center=  0.0D+00,  0.0D+00,  2.6D-01, r^2= 2.1D+00
   Bfn.  Coefficient  Atom+Function         Bfn.  Coefficient  Atom+Function  
  ----- ------------  ---------------      ----- ------------  ---------------
     3      0.991537  2 H  s                  4     -0.810036  2 H  s          
     1      0.778207  1 H  s                  2     -0.575204  1 H  s          

 Vector    4  Occ=1.332683D-08  E= 0.000000D+00
              MO Center=  0.0D+00,  0.0D+00, -2.6D-01, r^2= 2.9D+00
   Bfn.  Coefficient  Atom+Function         Bfn.  Coefficient  Atom+Function  
  ----- ------------  ---------------      ----- ------------  ---------------
     2      1.072829  1 H  s                  1     -1.004899  1 H  s          
     4     -0.908661  2 H  s                  3      0.795162  2 H  s          


 Task  times  cpu:      187.5s     wall:      211.5s
 Summary of allocated global arrays
-----------------------------------
  No active global arrays



                         GA Statistics for process    0
                         ------------------------------

       create   destroy   get      put      acc     scatter   gather  read&inc
calls:   61       61     4.62e+07 2.05e+05 1.57e+05    0        0       11     
number of processes/call 1.00e+00 1.00e+00 1.00e+00 0.00e+00 0.00e+00
bytes total:             5.95e+09 3.72e+07 2.62e+07 0.00e+00 0.00e+00 8.80e+01
bytes remote:            0.00e+00 0.00e+00 0.00e+00 0.00e+00 0.00e+00 0.00e+00
Max memory consumed for GA by this process: 12160 bytes
MA_summarize_allocated_blocks: starting scan ...
MA_summarize_allocated_blocks: scan completed: 0 heap blocks, 0 stack blocks
MA usage statistics:

	allocation statistics:
					      heap	     stack
					      ----	     -----
	current number of blocks	         0	         0
	maximum number of blocks	        19	        17
	current total bytes		         0	         0
	maximum total bytes		   3204328	  22508616
	maximum total K-bytes		      3205	     22509
	maximum total M-bytes		         4	        23


                                NWChem Input Module
                                -------------------





                                     CITATION
                                     --------
                Please cite the following reference when publishing
                           results obtained with NWChem:

                 M. Valiev, E.J. Bylaska, N. Govind, K. Kowalski,
              T.P. Straatsma, H.J.J. van Dam, D. Wang, J. Nieplocha,
                        E. Apra, T.L. Windus, W.A. de Jong
                 "NWChem: a comprehensive and scalable open-source
                  solution for large scale molecular simulations"
                      Comput. Phys. Commun. 181, 1477 (2010)
                           doi:10.1016/j.cpc.2010.04.018

                                      AUTHORS
                                      -------
          E. Apra, E. J. Bylaska, W. A. de Jong, N. Govind, K. Kowalski,
       T. P. Straatsma, M. Valiev, H. J. J. van Dam, D. Wang, T. L. Windus,
        J. Hammond, J. Autschbach, K. Bhaskaran-Nair, J. Brabec, K. Lopata,
    S. A. Fischer, S. Krishnamoorthy, M. Jacquelin, W. Ma, M. Klemm, O. Villa,
      Y. Chen, V. Anisimov, F. Aquino, S. Hirata, M. T. Hackler, V. Konjkov,
      T. Risthaus, M. Malagoli, A. Marenich, A. Otero-de-la-Roza, J. Mullin,
        P. Nichols, R. Peverati, J. Pittner, Y. Zhao, P.-D. Fan, A. Fonari,
       M. Williamson, R. J. Harrison, J. R. Rehr, M. Dupuis, D. Silverstein,
    D. M. A. Smith, J. Nieplocha, V. Tipparaju, M. Krishnan, B. E. Van Kuiken,
        A. Vazquez-Mayagoitia, L. Jensen, M. Swart, Q. Wu, T. Van Voorhis,
     A. A. Auer, M. Nooijen, L. D. Crosby, E. Brown, G. Cisneros, G. I. Fann,
   H. Fruchtl, J. Garza, K. Hirao, R. A. Kendall, J. A. Nichols, K. Tsemekhman,
    K. Wolinski, J. Anchell, D. E. Bernholdt, P. Borowski, T. Clark, D. Clerc,
   H. Dachsel, M. J. O. Deegan, K. Dyall, D. Elwood, E. Glendening, M. Gutowski,
   A. C. Hess, J. Jaffe, B. G. Johnson, J. Ju, R. Kobayashi, R. Kutteh, Z. Lin,
   R. Littlefield, X. Long, B. Meng, T. Nakajima, S. Niu, L. Pollack, M. Rosing,
   K. Glaesemann, G. Sandrone, M. Stave, H. Taylor, G. Thomas, J. H. van Lenthe,
                               A. T. Wong, Z. Zhang.

 Total times  cpu:      187.5s     wall:      211.5s
        0.710978        0.289022        0.000000        0.000000        0.710978        0.289022        0.000000        0.000000